
> logbook@1.0.2 test
> vitest run


[1m[30m[46m RUN [49m[39m[22m [36mv4.1.11 [39m[90mC:/Users/gerar/Documents/GitHub/logbook[39m

[90mstderr[2m | tests/ui_alignments_r3_r4.test.tsx
[22m[39mChiave reCAPTCHA v3 (VITE_RECAPTCHA_V3_SITE_KEY) non configurata. App Check non inizializzato.

[90mstderr[2m | tests/challenger_state_resilience.test.tsx
[22m[39mChiave reCAPTCHA v3 (VITE_RECAPTCHA_V3_SITE_KEY) non configurata. App Check non inizializzato.

[90mstderr[2m | tests/e2e_requirements_r1_r6.test.tsx
[22m[39mChiave reCAPTCHA v3 (VITE_RECAPTCHA_V3_SITE_KEY) non configurata. App Check non inizializzato.

[90mstderr[2m | tests/challenger_react_hooks_memo_stress.test.tsx
[22m[39mChiave reCAPTCHA v3 (VITE_RECAPTCHA_V3_SITE_KEY) non configurata. App Check non inizializzato.

[90mstderr[2m | tests/analytics_components.test.tsx
[22m[39mChiave reCAPTCHA v3 (VITE_RECAPTCHA_V3_SITE_KEY) non configurata. App Check non inizializzato.

[90mstderr[2m | src/views/HomeView.analytics.test.tsx
[22m[39mChiave reCAPTCHA v3 (VITE_RECAPTCHA_V3_SITE_KEY) non configurata. App Check non inizializzato.

[90mstderr[2m | tests/nutrition_style_refactor.test.tsx
[22m[39mChiave reCAPTCHA v3 (VITE_RECAPTCHA_V3_SITE_KEY) non configurata. App Check non inizializzato.

[90mstderr[2m | tests/challenger_stress_r1_r6.test.tsx
[22m[39mChiave reCAPTCHA v3 (VITE_RECAPTCHA_V3_SITE_KEY) non configurata. App Check non inizializzato.

[90mstderr[2m | tests/render.test.tsx
[22m[39mChiave reCAPTCHA v3 (VITE_RECAPTCHA_V3_SITE_KEY) non configurata. App Check non inizializzato.

[90mstderr[2m | tests/training_planning.test.tsx
[22m[39mChiave reCAPTCHA v3 (VITE_RECAPTCHA_V3_SITE_KEY) non configurata. App Check non inizializzato.

[90mstderr[2m | tests/sync_indicator_and_toast.test.tsx
[22m[39mChiave reCAPTCHA v3 (VITE_RECAPTCHA_V3_SITE_KEY) non configurata. App Check non inizializzato.

(node:13176) ExperimentalWarning: localStorage is not available because --localstorage-file was not provided.
(Use `node --trace-warnings ...` to show where the warning was created)
(node:22376) ExperimentalWarning: localStorage is not available because --localstorage-file was not provided.
(Use `node --trace-warnings ...` to show where the warning was created)
(node:14016) ExperimentalWarning: localStorage is not available because --localstorage-file was not provided.
(Use `node --trace-warnings ...` to show where the warning was created)
(node:16344) ExperimentalWarning: localStorage is not available because --localstorage-file was not provided.
(Use `node --trace-warnings ...` to show where the warning was created)
(node:22980) ExperimentalWarning: localStorage is not available because --localstorage-file was not provided.
(Use `node --trace-warnings ...` to show where the warning was created)
(node:17492) ExperimentalWarning: localStorage is not available because --localstorage-file was not provided.
(Use `node --trace-warnings ...` to show where the warning was created)
(node:23540) ExperimentalWarning: localStorage is not available because --localstorage-file was not provided.
(Use `node --trace-warnings ...` to show where the warning was created)
(node:22976) ExperimentalWarning: localStorage is not available because --localstorage-file was not provided.
(Use `node --trace-warnings ...` to show where the warning was created)
(node:22996) ExperimentalWarning: localStorage is not available because --localstorage-file was not provided.
(Use `node --trace-warnings ...` to show where the warning was created)
(node:22576) ExperimentalWarning: localStorage is not available because --localstorage-file was not provided.
(Use `node --trace-warnings ...` to show where the warning was created)
(node:18580) ExperimentalWarning: localStorage is not available because --localstorage-file was not provided.
(Use `node --trace-warnings ...` to show where the warning was created)
[90mstderr[2m | tests/challenger_state_resilience.test.tsx[2m > [22m[2mChallenger 2: Adversarial State Management, Schemas, Guest Merge & UI Resilience[2m > [22m[2m4. Zustand Store Persistence, Error Rejection & Storage Tiering Stress[2m > [22m[2m4.1 saveUserData rejects Promise and sets saveError if DB.saveUserData throws
[22m[39m[SyncSlice] Errore durante il salvataggio: {
  code: [32m'ERR_FIRESTORE_UNAVAILABLE'[39m,
  rawCode: [32m'Error'[39m,
  category: [32m'network'[39m,
  title: [32m'Connessione non disponibile'[39m,
  message: [32m'I dati sono stati salvati con successo sul dispositivo. La sincronizzazione con il cloud riprenderà automaticamente al ripristino della connessione.'[39m,
  isOfflineSafe: [33mtrue[39m,
  canRetry: [33mtrue[39m
}

[90mstderr[2m | tests/challenger_stress_r1_r6.test.tsx[2m > [22m[2mEMPIRICAL CHALLENGER: Adversarial Stress Test Suite (Requirements R1 - R6)[2m > [22m[2mR5: DOMS Muscle Pain Tracking & Fuzzy Search Matrix[2m > [22m[2mHomeView displays Panoramica di oggi with activePains without crash
[22m[39mAn update to HomeView inside a test was not wrapped in act(...).

When testing, code that causes React state updates should be wrapped into act(...):

act(() => {
  /* fire events that update state */
});
/* assert on the output */

This ensures that you're testing the behavior the user would see in the browser. Learn more at https://react.dev/link/wrap-tests-with-act
An update to HomeView inside a test was not wrapped in act(...).

When testing, code that causes React state updates should be wrapped into act(...):

act(() => {
  /* fire events that update state */
});
/* assert on the output */

This ensures that you're testing the behavior the user would see in the browser. Learn more at https://react.dev/link/wrap-tests-with-act
An update to HomeView inside a test was not wrapped in act(...).

When testing, code that causes React state updates should be wrapped into act(...):

act(() => {
  /* fire events that update state */
});
/* assert on the output */

This ensures that you're testing the behavior the user would see in the browser. Learn more at https://react.dev/link/wrap-tests-with-act
An update to HomeView inside a test was not wrapped in act(...).

When testing, code that causes React state updates should be wrapped into act(...):

act(() => {
  /* fire events that update state */
});
/* assert on the output */

This ensures that you're testing the behavior the user would see in the browser. Learn more at https://react.dev/link/wrap-tests-with-act
An update to HomeView inside a test was not wrapped in act(...).

When testing, code that causes React state updates should be wrapped into act(...):

act(() => {
  /* fire events that update state */
});
/* assert on the output */

This ensures that you're testing the behavior the user would see in the browser. Learn more at https://react.dev/link/wrap-tests-with-act
An update to HomeView inside a test was not wrapped in act(...).

When testing, code that causes React state updates should be wrapped into act(...):

act(() => {
  /* fire events that update state */
});
/* assert on the output */

This ensures that you're testing the behavior the user would see in the browser. Learn more at https://react.dev/link/wrap-tests-with-act
An update to HomeView inside a test was not wrapped in act(...).

When testing, code that causes React state updates should be wrapped into act(...):

act(() => {
  /* fire events that update state */
});
/* assert on the output */

This ensures that you're testing the behavior the user would see in the browser. Learn more at https://react.dev/link/wrap-tests-with-act

 [31m❯[39m tests/challenger_stress_r1_r6.test.tsx [2m([22m[2m38 tests[22m[2m | [22m[31m1 failed[39m[2m)[22m[33m 3536[2mms[22m[39m
         [32m✓[39m returns fallback 80 when nutrition is null, undefined, empty object or invalid[32m 5[2mms[22m[39m
         [32m✓[39m correctly uses nutritionPlanning.weight when nutrition history has no valid weights[32m 1[2mms[22m[39m
         [32m✓[39m extracts latest chronological date even if object keys are out of order or contain leap days[32m 1[2mms[22m[39m
         [32m✓[39m skips invalid, zero, negative, and non-numeric weight entries in history to find real latest[32m 1[2mms[22m[39m
         [32m✓[39m standard exercise: ignores userWeight and equipmentWeight when not set[32m 1[2mms[22m[39m
         [32m✓[39m bodyweight exercise: sums ballast + userWeight (0 kg ballast => userWeight)[32m 1[2mms[22m[39m
         [32m✓[39m equipment exercise: sums plate weight + equipment base weight[32m 1[2mms[22m[39m
         [32m✓[39m combined bodyweight + equipment weight (e.g. dip station with dip belt base + bodyweight + added plates)[32m 1[2mms[22m[39m
         [32m✓[39m negative numbers and extreme inputs (e.g. assisted chin-up machine ballast of -20kg)[32m 1[2mms[22m[39m
         [32m✓[39m calculates volume across 0 ballast bodyweight sets: (0 + 75) * 12 = 900[32m 1[2mms[22m[39m
         [32m✓[39m correctly aggregates volume for sets with multiple chained dropsets and mixed types[32m 1[2mms[22m[39m
         [32m✓[39m calculateWorkoutVolume handles corrupt sessions, missing exercises, and nulls safely[32m 1[2mms[22m[39m
         [32m✓[39m ExerciseSchema validates isBodyweight and equipmentWeight boundaries[32m 10[2mms[22m[39m
       [32m✓[39m adheres precisely to the formula: 10g C, 10g P, 10g F = 170 kcal[32m 1[2mms[22m[39m
       [32m✓[39m handles boundary zeroes, empty strings, commas, and decimals correctly[32m 1[2mms[22m[39m
       [32m✓[39m handles non-numeric strings, negative numbers, and extreme macro values[32m 1[2mms[22m[39m
       [32m✓[39m FoodSchema parses and sanitizes food items without NaN or schema failure[32m 3[2mms[22m[39m
       [32m✓[39m CustomFoodForm allows updating macros and triggers save[32m 191[2mms[22m[39m
       [32m✓[39m getLocalDateString returns YYYY-MM-DD in local time and prevents UTC drift[32m 3[2mms[22m[39m
       [32m✓[39m formatItalianDate correctly formats leap years, month boundaries, and future dates[32m 3[2mms[22m[39m
       [32m✓[39m parseDateInput parses Italian date strings and ISO strings robustly[32m 1[2mms[22m[39m
       [33m[2m✓[22m[39m DataMeasurements renders date selector and measurement inputs at top [33m 335[2mms[22m[39m
       [33m[2m✓[22m[39m renders set label S1 and accessible "+" button with proper ARIA label [33m 584[2mms[22m[39m
       [32m✓[39m expands special set menu and allows adding dropset or isometry[32m 100[2mms[22m[39m
       [32m✓[39m renders nested dropsets and isometrics rows with proper change callbacks[32m 144[2mms[22m[39m
       [32m✓[39m searchMuscles correctly stems Italian plural/singular and matches muscles[32m 180[2mms[22m[39m
       [32m✓[39m searchMuscles handles typos, partial strings, and case insensitivity[32m 5[2mms[22m[39m
       [32m✓[39m searchExerciseLibrary finds exercises across names, stemmed names, muscles and notes[32m 3[2mms[22m[39m
       [32m✓[39m MuscleModel renders interactive mannequin and highlights DOMS active pains in danger color[32m 258[2mms[22m[39m
       [32m✓[39m SessionRatings renders DOMS rating and evaluation fields[32m 128[2mms[22m[39m
[31m       [31m×[31m HomeView displays Panoramica di oggi with activePains without crash[39m[33m 1558[2mms[22m[39m
       [32m✓[39m heals single trained primary muscle if not re-selected in session pains[32m 1[2mms[22m[39m
       [32m✓[39m preserves trained muscle if explicitly re-selected in session pains[32m 2[2mms[22m[39m
       [32m✓[39m adds newly reported session pains and merges with preserved pains[32m 1[2mms[22m[39m
       [32m✓[39m resolves bilateral and unilateral symmetry: training base muscle heals lateral pain if not re-selected[32m 1[2mms[22m[39m
       [32m✓[39m resolves inverse symmetry: training unilateral muscle heals base pain if not re-selected[32m 1[2mms[22m[39m
       [32m✓[39m multi-muscle compound exercises auto-heal all trained primary muscles[32m 1[2mms[22m[39m
       [32m✓[39m handles boundary conditions: empty active pains, empty library, corrupt entries[32m 1[2mms[22m[39m
[90mstderr[2m | tests/e2e_requirements_r1_r6.test.tsx[2m > [22m[2mLogBook 4-Tier Automated Test Suite (Requirements R1 - R6)[2m > [22m[2mTier 1: Feature Coverage[2m > [22m[2mR5: DOMS Muscle Pain Tracking UI[2m > [22m[2mT1.5.6: HomeView renders without crash when activePains are present in store
[22m[39mAn update to HomeView inside a test was not wrapped in act(...).

When testing, code that causes React state updates should be wrapped into act(...):

act(() => {
  /* fire events that update state */
});
/* assert on the output */

This ensures that you're testing the behavior the user would see in the browser. Learn more at https://react.dev/link/wrap-tests-with-act
An update to HomeView inside a test was not wrapped in act(...).

When testing, code that causes React state updates should be wrapped into act(...):

act(() => {
  /* fire events that update state */
});
/* assert on the output */

This ensures that you're testing the behavior the user would see in the browser. Learn more at https://react.dev/link/wrap-tests-with-act
An update to HomeView inside a test was not wrapped in act(...).

When testing, code that causes React state updates should be wrapped into act(...):

act(() => {
  /* fire events that update state */
});
/* assert on the output */

This ensures that you're testing the behavior the user would see in the browser. Learn more at https://react.dev/link/wrap-tests-with-act
An update to HomeView inside a test was not wrapped in act(...).

When testing, code that causes React state updates should be wrapped into act(...):

act(() => {
  /* fire events that update state */
});
/* assert on the output */

This ensures that you're testing the behavior the user would see in the browser. Learn more at https://react.dev/link/wrap-tests-with-act
An update to HomeView inside a test was not wrapped in act(...).

When testing, code that causes React state updates should be wrapped into act(...):

act(() => {
  /* fire events that update state */
});
/* assert on the output */

This ensures that you're testing the behavior the user would see in the browser. Learn more at https://react.dev/link/wrap-tests-with-act
An update to HomeView inside a test was not wrapped in act(...).

When testing, code that causes React state updates should be wrapped into act(...):

act(() => {
  /* fire events that update state */
});
/* assert on the output */

This ensures that you're testing the behavior the user would see in the browser. Learn more at https://react.dev/link/wrap-tests-with-act
An update to HomeView inside a test was not wrapped in act(...).

When testing, code that causes React state updates should be wrapped into act(...):

act(() => {
  /* fire events that update state */
});
/* assert on the output */

This ensures that you're testing the behavior the user would see in the browser. Learn more at https://react.dev/link/wrap-tests-with-act

 [31m❯[39m tests/ui_alignments_r3_r4.test.tsx [2m([22m[2m6 tests[22m[2m | [22m[31m1 failed[39m[2m)[22m[33m 2809[2mms[22m[39m
       [33m[2m✓[22m[39m renders Date Navigator with Prec, Succ, and Italian date when setSelectedDate is provided [33m 668[2mms[22m[39m
[31m       [31m×[31m allows navigating forward when viewing a past date and shows "Modifica misurazione" when existing data is present[39m[33m 416[2mms[22m[39m
       [33m[2m✓[22m[39m DataView integrates selectedDate and renders DataMeasurements properly [33m 554[2mms[22m[39m
       [32m✓[39m useNutritionMeasurements hook loads past day values when selectedDate is provided[32m 8[2mms[22m[39m
       [33m[2m✓[22m[39m useNutritionMeasurements saves to selectedDate in userData.nutrition [33m 1053[2mms[22m[39m
       [32m✓[39m renders input flex container with alignItems: center and circular + button with inline-flex alignment styles[32m 102[2mms[22m[39m
[90mstderr[2m | tests/challenger_react_hooks_memo_stress.test.tsx[2m > [22m[2mEmpirical Challenger: React Hooks, Memoization & Re-render Loop Stress Suite[2m > [22m[2m1. useNutritionPlanning Empirical Stress & Reactive Invariants[2m > [22m[2m1.5 handleSave Sanitization and Error Rejection Handling
[22m[39m[SyncSlice] Errore durante il salvataggio: {
  code: [32m'ERR_FIRESTORE_UNAVAILABLE'[39m,
  rawCode: [32m'Error'[39m,
  category: [32m'network'[39m,
  title: [32m'Connessione non disponibile'[39m,
  message: [32m'I dati sono stati salvati con successo sul dispositivo. La sincronizzazione con il cloud riprenderà automaticamente al ripristino della connessione.'[39m,
  isOfflineSafe: [33mtrue[39m,
  canRetry: [33mtrue[39m
}

 [31m❯[39m tests/challenger_state_resilience.test.tsx [2m([22m[2m20 tests[22m[2m | [22m[31m1 failed[39m[2m)[22m[33m 4903[2mms[22m[39m
       [32m✓[39m 1.1 UserDataSchema sanitizes corrupted activePains, library, and nested fields without crashing[32m 21[2mms[22m[39m
       [32m✓[39m 1.2 ExerciseSchema correctly validates and coerces isBodyweight and equipmentWeight variations[32m 3[2mms[22m[39m
       [32m✓[39m 1.3 DomainParsers.parseActivePains cleanly filters corrupt values and whitespace[32m 99[2mms[22m[39m
       [32m✓[39m 1.4 DomainParsers.parseLibrary preserves valid records with defensive fallbacks[32m 3[2mms[22m[39m
       [32m✓[39m 2.1 mergeUserData correctly performs union and deduplication of activePains[32m 6[2mms[22m[39m
       [32m✓[39m 2.2 mergeUserData preserves guest priority on library collisions with isBodyweight & equipmentWeight[32m 2[2mms[22m[39m
       [32m✓[39m 2.3 hasUserData returns true when only activePains or bodyweight exercises exist[32m 1[2mms[22m[39m
       [32m✓[39m 2.4 High volume stress merge: merges 500 conflicting items rapidly without error[32m 97[2mms[22m[39m
       [32m✓[39m 3.1 calculateEffectiveSetWeight properly handles bodyweight, equipment, ballasts, and string commas[32m 19[2mms[22m[39m
       [32m✓[39m 3.2 calculateWorkoutVolume correctly computes total volume for mixed regular, bodyweight, and equipment sets[32m 1[2mms[22m[39m
       [32m✓[39m 3.3 getLatestUserWeight correctly prioritizes latest nutrition day weight -> planning weight -> 80 default[32m 1[2mms[22m[39m
       [32m✓[39m 3.4 autoHealPains: Lateral variant, base variant, and secondary muscle auto-healing rules[32m 2[2mms[22m[39m
       [32m✓[39m 3.5 searchMuscles and getMuscleName handle lateral and accented muscle searches[32m 75[2mms[22m[39m
       [33m[2m✓[22m[39m 4.1 saveUserData rejects Promise and sets saveError if DB.saveUserData throws [33m 1010[2mms[22m[39m
       [32m✓[39m 4.2 setUserData shields active localWorkout from remote network overwrites[32m 1[2mms[22m[39m
       [32m✓[39m 4.3 visibilitychange to hidden immediately flushes localWorkout to localStorage synchronously[32m 1[2mms[22m[39m
       [33m[2m✓[22m[39m 5.1 CustomFoodForm calculates kcal in real time (4*C + 4*P + 9*F) on macro inputs [33m 744[2mms[22m[39m
       [32m✓[39m 5.2 CustomFoodForm handles decimal macro inputs and updates kcal accurately[32m 134[2mms[22m[39m
[31m       [31m×[31m 5.3 HomeView renders active DOMS card and displays active muscles without error[39m[33m 1206[2mms[22m[39m
       [33m[2m✓[22m[39m 5.4 SessionRatings renders interactive DOMS pain selector button and collapsible container [33m 1467[2mms[22m[39m
 [31m❯[39m tests/nutrition_style_refactor.test.tsx [2m([22m[2m10 tests[22m[2m | [22m[31m1 failed[39m[2m)[22m[33m 3967[2mms[22m[39m
       [33m[2m✓[22m[39m renders title with var(--text-main) [33m 1318[2mms[22m[39m
       [33m[2m✓[22m[39m renders food name with var(--text-main) and title with var(--text-main) [33m 344[2mms[22m[39m
       [32m✓[39m renders all 4 macro preview values with var(--text-main) and labels with var(--text-muted)[32m 68[2mms[22m[39m
       [32m✓[39m renders macro labels in var(--text-muted) and numeric values in var(--text-main)[32m 255[2mms[22m[39m
       [33m[2m✓[22m[39m renders TDEE target, search title, and macro header labels without bright text colors [33m 663[2mms[22m[39m
       [33m[2m✓[22m[39m renders titles and macro labels in Dark Glassmorphism text hierarchy [33m 359[2mms[22m[39m
       [32m✓[39m renders supplements library headings with var(--text-main)[32m 87[2mms[22m[39m
       [32m✓[39m renders FoodArchive title with var(--text-main)[32m 136[2mms[22m[39m
       [32m✓[39m renders FoodItemRow kcal with var(--text-main)[32m 94[2mms[22m[39m
[31m       [31m×[31m renders heading and macro labels in var(--text-muted) and target in var(--text-main)[39m[33m 603[2mms[22m[39m
 [31m❯[39m tests/e2e_requirements_r1_r6.test.tsx [2m([22m[2m95 tests[22m[2m | [22m[31m2 failed[39m[2m)[22m[33m 4853[2mms[22m[39m
         [32m✓[39m T1.1.1: calculates effective weight for bodyweight exercise summing ballast and user weight[32m 5[2mms[22m[39m
         [32m✓[39m T1.1.2: calculates bodyweight set volume with 0 kg ballast as (userWeight * reps)[32m 2[2mms[22m[39m
         [32m✓[39m T1.1.3: calculates equipment weight addition for fixed barbell or machine base weight[32m 3[2mms[22m[39m
         [32m✓[39m T1.1.4: calculates volume for exercise with BOTH isBodyweight and equipmentWeight (e.g. weighted belt base)[32m 1[2mms[22m[39m
         [32m✓[39m T1.1.5: calculates total workout volume across bodyweight, equipment, and standard sets[32m 1[2mms[22m[39m
         [32m✓[39m T1.1.6: getLatestUserWeight finds the most recent weight from nutrition history or planning[32m 1[2mms[22m[39m
         [32m✓[39m T1.1.7: ExerciseSchema validates isBodyweight and equipmentWeight cleanly[32m 6[2mms[22m[39m
         [32m✓[39m T1.2.1: calculates 170 kcal for 10g Carbs, 10g Protein, 10g Fat (ORIGINAL_REQUEST verification formula)[32m 1[2mms[22m[39m
         [32m✓[39m T1.2.2: calculates pure protein source (0g C, 25g P, 0g F) to 100 kcal[32m 1[2mms[22m[39m
         [32m✓[39m T1.2.3: calculates pure fat source (0g C, 0g P, 14g F) to 126 kcal[32m 1[2mms[22m[39m
         [32m✓[39m T1.2.4: calculates pure carbohydrate source (50g C, 0g P, 0g F) to 200 kcal[32m 1[2mms[22m[39m
         [32m✓[39m T1.2.5: calculates mixed macros with decimals and rounds to nearest integer[32m 1[2mms[22m[39m
         [32m✓[39m T1.2.6: CustomFoodForm renders input fields for macros and kcal[32m 263[2mms[22m[39m
         [32m✓[39m T1.2.7: FoodSchema sanitizes and validates food macros and calorie numbers[32m 30[2mms[22m[39m
         [32m✓[39m T1.3.1: DataMeasurements renders main measurement card with weight and circumference inputs[32m 187[2mms[22m[39m
         [32m✓[39m T1.3.2: useNutritionMeasurements initializes and exposes measurement state[32m 13[2mms[22m[39m
         [32m✓[39m T1.3.3: saving measurements on a specific date writes to userData.nutrition[date][32m 3[2mms[22m[39m
[31m         [31m×[31m T1.3.4: switching to edit mode changes title to "✏️ Modifica misurazione"[39m[33m 397[2mms[22m[39m
         [32m✓[39m T1.3.5: female profile conditionally displays hip measurement input[32m 183[2mms[22m[39m
         [32m✓[39m T1.3.6: NutritionDaySchema validates weight, BF and circumference numbers[32m 14[2mms[22m[39m
         [32m✓[39m T1.3.7: formatItalianDate displays canonical Italian sentence date[32m 2[2mms[22m[39m
         [33m[2m✓[22m[39m T1.4.1: SessionSetRow renders S1 set index and circular "+" button with centered flex alignment [33m 607[2mms[22m[39m
         [32m✓[39m T1.4.2: clicking circular "+" button triggers onToggleMenu to open menu[32m 122[2mms[22m[39m
         [32m✓[39m T1.4.3: when isOpenMenu is true, special menu shows "+ Dropset" and "+ Isometria" options[32m 26[2mms[22m[39m
         [32m✓[39m T1.4.4: renders Dropset rows beneath the parent set with kg and reps inputs[32m 94[2mms[22m[39m
         [32m✓[39m T1.4.5: renders Isometria rows beneath parent set with kg and sec inputs[32m 61[2mms[22m[39m
         [32m✓[39m T1.4.6: supports time trackingType rendering time input placeholder[32m 35[2mms[22m[39m
         [32m✓[39m T1.4.7: typing into weight input invokes onUpdateSet with "kg" field and value[32m 65[2mms[22m[39m
         [32m✓[39m T1.5.1: UserDataSchema validates activePains array[32m 8[2mms[22m[39m
         [33m[2m✓[22m[39m T1.5.2: MuscleModel renders SVG mannequin with muscle paths [33m 467[2mms[22m[39m
         [32m✓[39m T1.5.3: MuscleModel applies custom muscleColors for DOMS danger coloring[32m 222[2mms[22m[39m
         [32m✓[39m T1.5.4: clicking muscle path in interactive mode invokes onToggleMuscle callback[32m 41[2mms[22m[39m
         [32m✓[39m T1.5.5: SessionRatings renders post-workout rating fields (mood, pump, fatigue, water)[32m 105[2mms[22m[39m
[31m         [31m×[31m T1.5.6: HomeView renders without crash when activePains are present in store[39m[33m 828[2mms[22m[39m
         [32m✓[39m T1.5.7: toggling muscle adds it if absent, removes it if present in activePains state[32m 1[2mms[22m[39m
         [32m✓[39m T1.6.1: auto-heals and removes trained primary muscle when not re-selected in session pains[32m 1[2mms[22m[39m
         [32m✓[39m T1.6.2: preserves active pain if user explicitly re-selects it in session ratings[32m 1[2mms[22m[39m
         [32m✓[39m T1.6.3: leaves unrelated untrained active pains intact[32m 1[2mms[22m[39m
         [32m✓[39m T1.6.4: adds brand new pains selected during workout session evaluation[32m 2[2mms[22m[39m
         [32m✓[39m T1.6.5: multi-exercise session auto-heals multiple trained primary muscles if unselected[32m 1[2mms[22m[39m
         [32m✓[39m T1.6.6: WorkoutSessionSchema validates pains array on workout session history[32m 45[2mms[22m[39m
         [32m✓[39m T1.6.7: completing session without active pains simply adopts any newly added session pains[32m 1[2mms[22m[39m
         [32m✓[39m T2.1.1: 0 kg ballast on bodyweight chin-ups with 75 kg user weight returns 75 * reps, not 0 or NaN[32m 1[2mms[22m[39m
         [32m✓[39m T2.1.2: missing or undefined user weight falls back to 0 without throwing error[32m 1[2mms[22m[39m
         [32m✓[39m T2.1.3: negative ballast on assisted pull-up machine (e.g. -20 kg counterweight)[32m 1[2mms[22m[39m
         [32m✓[39m T2.1.4: handles string inputs with spaces or decimals in set kg and equipment weight[32m 1[2mms[22m[39m
         [32m✓[39m T2.1.5: exercise with isBodyweight false and equipmentWeight 0 behaves identically to standard weight_reps[32m 1[2mms[22m[39m
         [32m✓[39m T2.1.6: zero reps produces zero volume regardless of bodyweight or equipment weight[32m 1[2mms[22m[39m
         [32m✓[39m T2.1.7: empty exercises array in workout volume returns 0[32m 1[2mms[22m[39m
         [32m✓[39m T2.2.1: empty string inputs evaluate safely to 0 kcal without NaN[32m 1[2mms[22m[39m
         [32m✓[39m T2.2.2: null and undefined inputs evaluate safely to 0 kcal[32m 0[2mms[22m[39m
         [32m✓[39m T2.2.3: extreme high macro values calculate correctly without overflow[32m 5[2mms[22m[39m
         [32m✓[39m T2.2.4: non-numeric string values (e.g. "abc") default safely to 0 kcal[32m 2[2mms[22m[39m
         [32m✓[39m T2.2.5: decimal inputs with comma notation calculate accurately[32m 1[2mms[22m[39m
         [32m✓[39m T2.2.6: negative macro values clamp or evaluate mathematically without crash[32m 1[2mms[22m[39m
         [32m✓[39m T2.2.7: fractional rounding boundary (e.g. 0.125g macros)[32m 1[2mms[22m[39m
         [32m✓[39m T2.3.1: month boundary navigation: subtracting 1 day from 2026-08-01 gives 2026-07-31[32m 1[2mms[22m[39m
         [32m✓[39m T2.3.2: year boundary navigation: subtracting 1 day from 2026-01-01 gives 2025-12-31[32m 1[2mms[22m[39m
         [32m✓[39m T2.3.3: leap year boundary: adding 1 day to 2024-02-28 gives 2024-02-29[32m 0[2mms[22m[39m
         [32m✓[39m T2.3.4: logging measurements on a past date preserves existing meals in nutrition record[32m 1[2mms[22m[39m
         [32m✓[39m T2.3.5: saving measurements with all optional circumferences left blank saves cleanly[32m 1[2mms[22m[39m
         [32m✓[39m T2.3.6: parseDateInput handles YYYY-MM-DD, DD/MM/YYYY, and single digit dates[32m 52[2mms[22m[39m
         [32m✓[39m T2.3.7: getCalendarMonthGrid creates calendar matrix with valid week structure[32m 5[2mms[22m[39m
         [32m✓[39m T2.4.1: rapid menu toggles in SessionSetRow do not throw or lose component state[32m 75[2mms[22m[39m
         [32m✓[39m T2.4.2: multiple dropsets display sequential labels "↳ Dropset 1", "↳ Dropset 2"[32m 19[2mms[22m[39m
         [32m✓[39m T2.4.3: multiple isometrics display sequential labels "↳ Isometria 1", "↳ Isometria 2"[32m 15[2mms[22m[39m
         [32m✓[39m T2.4.4: combining both dropset and isometry on the same set[32m 18[2mms[22m[39m
         [32m✓[39m T2.4.5: clicking remove button on dropset invokes onRemoveSpecialSet[32m 199[2mms[22m[39m
         [32m✓[39m T2.4.6: SessionSetRow handles empty string kg and reps without throwing[32m 70[2mms[22m[39m
         [32m✓[39m T2.4.7: delete set button aria-label includes set number for accessibility[32m 167[2mms[22m[39m
         [32m✓[39m T2.5.1: empty activePains array in UserData parses safely[32m 40[2mms[22m[39m
         [32m✓[39m T2.5.2: undefined activePains field in legacy UserData defaults gracefully[32m 1[2mms[22m[39m
         [32m✓[39m T2.5.3: MuscleModel handles non-existent or unknown muscle IDs without throwing[32m 69[2mms[22m[39m
         [32m✓[39m T2.5.4: duplicate muscle IDs in activePains list are handled safely[32m 13[2mms[22m[39m
         [32m✓[39m T2.5.5: all muscle groups active simultaneously renders full mannequin in danger state[32m 218[2mms[22m[39m
         [32m✓[39m T2.5.6: validateWorkoutRatings validates numeric bounds (1-10)[32m 1[2mms[22m[39m
         [32m✓[39m T2.5.7: validateWorkoutRatings accepts null or empty optional ratings[32m 1[2mms[22m[39m
         [32m✓[39m T2.6.1: exercise without muscles array defined does not cause errors or clear unrelated pains[32m 1[2mms[22m[39m
         [32m✓[39m T2.6.2: empty session with 0 completed exercises does not alter activePains[32m 1[2mms[22m[39m
         [32m✓[39m T2.6.3: when all active pains are trained and none are reselected, returns empty array[32m 1[2mms[22m[39m
         [32m✓[39m T2.6.4: exercise with multiple primary muscles heals all of them if not reselected[32m 0[2mms[22m[39m
         [32m✓[39m T2.6.5: session exercise pointing to non-existent library ID fails safely without throwing[32m 1[2mms[22m[39m
         [32m✓[39m T2.6.6: session ratings where user selects multiple new pains deduplicates gracefully[32m 1[2mms[22m[39m
         [32m✓[39m T2.6.7: autoHealPains contract handles null/undefined arguments without throwing[32m 1[2mms[22m[39m
       [32m✓[39m T3.1: Bodyweight Chin-ups with Dropsets & Equipment Weight (R1 + R4)[32m 1[2mms[22m[39m
       [32m✓[39m T3.2: Custom Food Auto-Kcal creation -> Logged into Daily Meals -> Nutrition Day verification (R2 + R3)[32m 1[2mms[22m[39m
       [32m✓[39m T3.3: DOMS Pain Tracking in Home -> Workout Session with Muscle -> Auto-healing on Completion -> State Updated (R5 + R6)[32m 1[2mms[22m[39m
       [32m✓[39m T3.4: Past Date Measurement Logging -> Affects Bodyweight Workout Volume Calculation for Past Workout (R1 + R3)[32m 1[2mms[22m[39m
       [32m✓[39m T3.5: DOMS Selection in Session Ratings with Auto-Calculated Volume and Custom Food Post-Workout Snack (R1 + R2 + R5 + R6)[32m 1[2mms[22m[39m
       [32m✓[39m T3.6: Multi-Muscle Complex Session with Equipment Base + Bodyweight Ballast + DOMS Partial Auto-Healing (R1 + R4 + R5 + R6)[32m 1[2mms[22m[39m
       [32m✓[39m T4.1: Scenario 1 — "The Calisthenics & Weighted Street Workout Progression"[32m 1[2mms[22m[39m
       [32m✓[39m T4.2: Scenario 2 — "The Bodybuilder Meal Prep & Macro Auto-Balancing"[32m 1[2mms[22m[39m
       [32m✓[39m T4.3: Scenario 3 — "Leg Day Recovery & DOMS Auto-Healing Life Cycle"[32m 1[2mms[22m[39m
       [32m✓[39m T4.4: Scenario 4 — "Athlete Multi-Day Training, Recovery & Nutrition Integration"[32m 1[2mms[22m[39m
       [32m✓[39m T4.5: Scenario 5 — "Rehabilitation & Pain Recovery Tracking through Deload Week"[32m 1[2mms[22m[39m
 [31m❯[39m tests/challenger_react_hooks_memo_stress.test.tsx [2m([22m[2m10 tests[22m[2m | [22m[31m1 failed[39m[2m)[22m[33m 8322[2mms[22m[39m
       [32m✓[39m 1.1 Frozen Store State: Does NOT throw or mutate frozen store objects in-place[32m 41[2mms[22m[39m
       [32m✓[39m 1.2 Rapid Typing in avgMacros & onBoost: Handles intermediate empty strings and floats cleanly[32m 10[2mms[22m[39m
       [32m✓[39m 1.3 Boundary Condition: onDaysCount = 0 and onDaysCount = 7[32m 5[2mms[22m[39m
       [32m✓[39m 1.4 TDEE Calculation Isolation: local typing does NOT trigger TDEE recomputations[32m 10[2mms[22m[39m
       [33m[2m✓[22m[39m 1.5 handleSave Sanitization and Error Rejection Handling [33m 2068[2mms[22m[39m
       [33m[2m✓[22m[39m 2.1 GlobalTimer & WorkoutTimer Isolation: Timer ticks do NOT cause TrainingSession or Cards to re-render [33m 3858[2mms[22m[39m
       [33m[2m✓[22m[39m 2.2 SessionExerciseCard React.memo: Typing in Exercise 0 does NOT re-render Exercise 1 [33m 1118[2mms[22m[39m
       [32m✓[39m 2.3 SessionSetRow React.memo: Typing into Set 0 does NOT re-render Set 1 or Set 2[32m 176[2mms[22m[39m
       [33m[2m✓[22m[39m 2.4 EMPTY_HISTORY_ARRAY Reference Stability: Empty history does not break React.memo equality [33m 544[2mms[22m[39m
[31m       [31m×[31m 2.5 Full Live Workout Session Lifecycle (Start -> Update Sets -> Special Sets -> End)[39m[33m 486[2mms[22m[39m
 [31m❯[39m tests/sync_indicator_and_toast.test.tsx [2m([22m[2m42 tests[22m[2m | [22m[31m42 failed[39m[2m)[22m[33m 7415[2mms[22m[39m
[31m         [31m×[31m T1.1_R1: #sync-overlay is absent from DOM when syncing is false[39m[33m 817[2mms[22m[39m
[31m         [31m×[31m T1.2_R1: #sync-overlay is completely absent from DOM when syncing is true[39m[32m 186[2mms[22m[39m
[31m         [31m×[31m T1.3_R1: No fixed full-screen blocking backdrop covers the viewport during active sync[39m[32m 296[2mms[22m[39m
[31m         [31m×[31m T1.4_R1: Main application container remains visible and accessible during syncing[39m[32m 177[2mms[22m[39m
[31m         [31m×[31m T1.5_R1: Bottom navigation remains rendered and interactive during syncing[39m[32m 178[2mms[22m[39m
[31m         [31m×[31m T1.6_R2: .sync-indicator does not render when syncing is false[39m[32m 211[2mms[22m[39m
[31m         [31m×[31m T1.7_R2: .sync-indicator renders when syncing is true[39m[32m 205[2mms[22m[39m
[31m         [31m×[31m T1.8_R2: .sync-indicator contains Italian sentence case text "Salvataggio in corso..."[39m[32m 196[2mms[22m[39m
[31m         [31m×[31m T1.9_R2: .sync-indicator contains a spinner element[39m[32m 185[2mms[22m[39m
[31m         [31m×[31m T1.10_R2: .sync-indicator cleanly unmounts when syncing transitions back to false[39m[32m 164[2mms[22m[39m
[31m         [31m×[31m T1.11_R3: .sync-error-toast is not visible when saveError is null[39m[32m 105[2mms[22m[39m
[31m         [31m×[31m T1.12_R3: .sync-error-toast renders with error message when saveError is set[39m[32m 123[2mms[22m[39m
[31m         [31m×[31m T1.13_R3: .sync-error-toast renders with danger/error styling class[39m[32m 114[2mms[22m[39m
[31m         [31m×[31m T1.14_R3: .sync-error-toast contains manual close button[39m[32m 108[2mms[22m[39m
[31m         [31m×[31m T1.15_R3: .sync-error-toast unmounts when saveError is reset to null[39m[32m 138[2mms[22m[39m
[31m         [31m×[31m T2.1_R1: Rapid toggling of syncing never renders #sync-overlay[39m[32m 182[2mms[22m[39m
[31m         [31m×[31m T2.2_R1: Viewport resize events during sync do not produce layout blocking artifacts[39m[32m 49[2mms[22m[39m
[31m         [31m×[31m T2.3_R1: Rapid store state mutations do not spawn modal backdrops[39m[32m 104[2mms[22m[39m
[31m         [31m×[31m T2.4_R1: High-frequency sync state changes resolve cleanly in DOM[39m[32m 140[2mms[22m[39m
[31m         [31m×[31m T2.5_R1: User data mutations during syncing do not trigger blocking overlays[39m[32m 46[2mms[22m[39m
[31m         [31m×[31m T2.6_R2: Rapid toggling (true -> false -> true) handles mount/unmount safely[39m[32m 59[2mms[22m[39m
[31m         [31m×[31m T2.7_R2: Sync indicator has appropriate accessibility role or attributes[39m[32m 174[2mms[22m[39m
[31m         [31m×[31m T2.8_R2: Coexistence of syncing === true AND saveError !== null without DOM collisions[39m[32m 175[2mms[22m[39m
[31m         [31m×[31m T2.9_R2: Sync indicator remains a singleton in DOM under repeated true states[39m[32m 127[2mms[22m[39m
[31m         [31m×[31m T2.10_R2: Unmounting App during active sync cleans up without throwing errors[39m[32m 157[2mms[22m[39m
[31m         [31m×[31m T2.11_R3: Auto-dismissal after 5000ms clears saveError in store and unmounts toast[39m[32m 36[2mms[22m[39m
[31m         [31m×[31m T2.12_R3: Rapid updates to saveError reset the 5000ms auto-dismiss timer[39m[33m 303[2mms[22m[39m
[31m         [31m×[31m T2.13_R3: Manual dismissal via ✕ button immediately clears saveError and cancels timer[39m[32m 42[2mms[22m[39m
[31m         [31m×[31m T2.14_R3: Network online event clears saveError immediately[39m[32m 148[2mms[22m[39m
[31m         [31m×[31m T2.15_R3: Component unmount while auto-dismiss timer is running cleans up timer safely[39m[32m 168[2mms[22m[39m
[31m         [31m×[31m T2.16_R3: Handles empty string saveError and multiline messages gracefully[39m[33m 485[2mms[22m[39m
[31m       [31m×[31m T3.1_cross: User can interact with active workout while syncing is true without UI lock[39m[32m 40[2mms[22m[39m
[31m       [31m×[31m T3.2_cross: Tab navigation works instantly and preserves .sync-indicator across tab switches[39m[32m 226[2mms[22m[39m
[31m       [31m×[31m T3.3_cross: PWA ReloadPrompt banner and background sync indicator coexist seamlessly[39m[32m 184[2mms[22m[39m
[31m       [31m×[31m T3.4_cross: Guest mode banner, sync indicator, and error toast stack cleanly[39m[33m 306[2mms[22m[39m
[31m       [31m×[31m T3.5_cross: GlobalDialog modal and background sync operate independently[39m[32m 180[2mms[22m[39m
[31m       [31m×[31m T3.6_cross: Concurrent save error during active workout does not interrupt set input[39m[32m 90[2mms[22m[39m
[31m       [31m×[31m T4.1_workload: Underground gym workout with spotty connection and auto-dismiss error recovery[39m[32m 94[2mms[22m[39m
[31m       [31m×[31m T4.2_workload: Rapid nutrition multi-item logging with debounced batch sync[39m[32m 234[2mms[22m[39m
[31m       [31m×[31m T4.3_workload: Workout completion while background sync runs with zero UI interruption[39m[32m 47[2mms[22m[39m
[31m       [31m×[31m T4.4_workload: Multi-tab routine editor and manual error dismissal workflow[39m[32m 157[2mms[22m[39m
[31m       [31m×[31m T4.5_workload: Offline draft survival and online auto-recovery workflow[39m[32m 247[2mms[22m[39m
[90mstderr[2m | tests/challenger_viewport_overflow_adversarial.test.tsx
[22m[39mChiave reCAPTCHA v3 (VITE_RECAPTCHA_V3_SITE_KEY) non configurata. App Check non inizializzato.

[90mstderr[2m | tests/reload_prompt.test.tsx
[22m[39mChiave reCAPTCHA v3 (VITE_RECAPTCHA_V3_SITE_KEY) non configurata. App Check non inizializzato.

[90mstderr[2m | tests/challenger_m1_layout_a11y_lifecycle.test.tsx
[22m[39mChiave reCAPTCHA v3 (VITE_RECAPTCHA_V3_SITE_KEY) non configurata. App Check non inizializzato.

[90mstderr[2m | tests/cycle_end_date.test.tsx
[22m[39mChiave reCAPTCHA v3 (VITE_RECAPTCHA_V3_SITE_KEY) non configurata. App Check non inizializzato.

[90mstderr[2m | tests/challenger_m1_adversarial_sleep.test.ts
[22m[39mChiave reCAPTCHA v3 (VITE_RECAPTCHA_V3_SITE_KEY) non configurata. App Check non inizializzato.

[90mstderr[2m | tests/analytics_components.test.tsx[2m > [22m[2mAnalytics UI Components & Dashboard Integration[2m > [22m[2mHomeView Analytics Integration[2m > [22m[2mrenders HomeView with analytics section and existing widgets
[22m[39mA suspended resource finished loading inside a test, but the event was not wrapped in act(...).

When testing, code that resolves suspended data should be wrapped into act(...):

act(() => {
  /* finish loading suspended data */
});
/* assert on the output */

This ensures that you're testing the behavior the user would see in the browser. Learn more at https://react.dev/link/wrap-tests-with-act
A suspended resource finished loading inside a test, but the event was not wrapped in act(...).

When testing, code that resolves suspended data should be wrapped into act(...):

act(() => {
  /* finish loading suspended data */
});
/* assert on the output */

This ensures that you're testing the behavior the user would see in the browser. Learn more at https://react.dev/link/wrap-tests-with-act
A suspended resource finished loading inside a test, but the event was not wrapped in act(...).

When testing, code that resolves suspended data should be wrapped into act(...):

act(() => {
  /* finish loading suspended data */
});
/* assert on the output */

This ensures that you're testing the behavior the user would see in the browser. Learn more at https://react.dev/link/wrap-tests-with-act
A suspended resource finished loading inside a test, but the event was not wrapped in act(...).

When testing, code that resolves suspended data should be wrapped into act(...):

act(() => {
  /* finish loading suspended data */
});
/* assert on the output */

This ensures that you're testing the behavior the user would see in the browser. Learn more at https://react.dev/link/wrap-tests-with-act

 [31m❯[39m tests/analytics_components.test.tsx [2m([22m[2m6 tests[22m[2m | [22m[31m1 failed[39m[2m)[22m[33m 3976[2mms[22m[39m
       [33m[2m✓[22m[39m renders chart card header in sentence case [33m 1296[2mms[22m[39m
       [33m[2m✓[22m[39m renders period buttons and toggles active state on click [33m 605[2mms[22m[39m
       [32m✓[39m renders empty state when history is empty[32m 125[2mms[22m[39m
       [33m[2m✓[22m[39m renders correlation chart header in sentence case [33m 446[2mms[22m[39m
       [32m✓[39m renders empty state when no workouts or calories exist[32m 30[2mms[22m[39m
[31m       [31m×[31m renders HomeView with analytics section and existing widgets[39m[33m 1466[2mms[22m[39m
[90mstderr[2m | tests/render.test.tsx[2m > [22m[2mRender Test Suite - Zero Crash Verification[2m > [22m[2mrenders full App without crashing when authenticated
[22m[39mA suspended resource finished loading inside a test, but the event was not wrapped in act(...).

When testing, code that resolves suspended data should be wrapped into act(...):

act(() => {
  /* finish loading suspended data */
});
/* assert on the output */

This ensures that you're testing the behavior the user would see in the browser. Learn more at https://react.dev/link/wrap-tests-with-act

 [31m❯[39m tests/render.test.tsx [2m([22m[2m20 tests[22m[2m | [22m[31m2 failed[39m[2m)[22m[33m 5250[2mms[22m[39m
[31m     [31m×[31m renders full App without crashing when authenticated[39m[33m 1247[2mms[22m[39m
[31m     [31m×[31m renders HomeView without crashing[39m[33m 877[2mms[22m[39m
     [32m✓[39m renders TrainingView with session subtab[32m 142[2mms[22m[39m
     [32m✓[39m renders TrainingView with routines subtab[32m 297[2mms[22m[39m
     [32m✓[39m renders TrainingView with history subtab[32m 167[2mms[22m[39m
     [33m[2m✓[22m[39m renders TrainingView with exercises subtab [33m 449[2mms[22m[39m
     [32m✓[39m renders TrainingSession with no active workout[32m 8[2mms[22m[39m
     [32m✓[39m renders TrainingSession with active workout[32m 197[2mms[22m[39m
     [32m✓[39m renders TrainingRoutines without crashing[32m 202[2mms[22m[39m
     [32m✓[39m renders TrainingHistory / HistoryView without crashing[32m 197[2mms[22m[39m
     [32m✓[39m renders TrainingExercises without crashing[32m 210[2mms[22m[39m
     [32m✓[39m renders NutritionView with meals subtab[32m 154[2mms[22m[39m
     [32m✓[39m renders NutritionMeals without crashing[32m 23[2mms[22m[39m
     [32m✓[39m renders NutritionPlanning without crashing[32m 211[2mms[22m[39m
     [32m✓[39m renders NutritionMeasurements without crashing[32m 46[2mms[22m[39m
     [32m✓[39m renders CustomFoodForm without crashing[32m 121[2mms[22m[39m
     [32m✓[39m renders SettingsView without crashing[32m 132[2mms[22m[39m
     [32m✓[39m renders DataView without crashing[32m 167[2mms[22m[39m
     [32m✓[39m renders WorkoutTimer without crashing[32m 6[2mms[22m[39m
     [33m[2m✓[22m[39m renders MuscleModel without crashing [33m 391[2mms[22m[39m
[90mstderr[2m | tests/challenger_m1_sync_adversarial.test.tsx
[22m[39mChiave reCAPTCHA v3 (VITE_RECAPTCHA_V3_SITE_KEY) non configurata. App Check non inizializzato.

(node:10944) ExperimentalWarning: localStorage is not available because --localstorage-file was not provided.
(Use `node --trace-warnings ...` to show where the warning was created)
(node:21444) ExperimentalWarning: localStorage is not available because --localstorage-file was not provided.
(Use `node --trace-warnings ...` to show where the warning was created)
(node:15444) ExperimentalWarning: localStorage is not available because --localstorage-file was not provided.
(Use `node --trace-warnings ...` to show where the warning was created)
 [31m❯[39m tests/training_planning.test.tsx [2m([22m[2m13 tests[22m[2m | [22m[31m6 failed[39m[2m)[22m[33m 8006[2mms[22m[39m
     [32m✓[39m getDetailedMuscleCategory correctly classifies muscles[32m 4[2mms[22m[39m
     [32m✓[39m calculateCycleVolume returns 0 for empty or invalid cycle[32m 2[2mms[22m[39m
     [32m✓[39m calculateCycleVolume gracefully handles deleted routines and exercises[32m 1[2mms[22m[39m
     [32m✓[39m calculateCycleVolume correctly calculates weekly sets for multiple routines with frequencies[32m 4[2mms[22m[39m
       [33m[2m✓[22m[39m renders active cycle, MuscleModel, and weekly volume list [33m 3732[2mms[22m[39m
[31m       [31m×[31m allows opening cycle editor and creating a new cycle[39m[33m 862[2mms[22m[39m
       [33m[2m✓[22m[39m supports duplicating and deleting a cycle [33m 745[2mms[22m[39m
[31m       [31m×[31m scrolls to top and opens editor when clicking Modifica on a cycle[39m[33m 669[2mms[22m[39m
[31m       [31m×[31m supports activating and deactivating a training cycle[39m[33m 499[2mms[22m[39m
[31m       [31m×[31m renders "Avvia sessione pianificata" in TrainingSession and starts planned routine[39m[33m 487[2mms[22m[39m
[31m       [31m×[31m allows selecting another routine from the rotation dropdown and starting it[39m[33m 485[2mms[22m[39m
[31m       [31m×[31m shows message and navigation to planning when no active cycle is set[39m[32m 208[2mms[22m[39m
       [32m✓[39m integrates seamlessly inside TrainingView under subTab planning[32m 300[2mms[22m[39m
(node:18048) ExperimentalWarning: localStorage is not available because --localstorage-file was not provided.
(Use `node --trace-warnings ...` to show where the warning was created)
 [31m❯[39m src/views/HomeView.analytics.test.tsx [2m([22m[2m8 tests[22m[2m | [22m[31m1 failed[39m[2m)[22m[33m 24589[2mms[22m[39m
     [33m[2m✓[22m[39m renders WeeklyVolumeChart card within HomeView with sentence case header [33m 11068[2mms[22m[39m
     [33m[2m✓[22m[39m renders VolumeCaloriesCorrelationChart card within HomeView with sentence case header [33m 1088[2mms[22m[39m
     [33m[2m✓[22m[39m renders period selection buttons in WeeklyVolumeChart and toggles period selection [33m 798[2mms[22m[39m
     [33m[2m✓[22m[39m renders period selection buttons in VolumeCaloriesCorrelationChart and toggles period selection [33m 489[2mms[22m[39m
     [33m[2m✓[22m[39m displays empty state fallback in Italian sentence case when history is empty [33m 420[2mms[22m[39m
     [32m✓[39m displays empty state fallback in Italian sentence case when nutrition is empty[32m 272[2mms[22m[39m
     [32m✓[39m renders correlation insight text in Italian sentence case for progressive overload data[32m 269[2mms[22m[39m
[31m     [31m×[31m maintains non-interference with existing HomeView widgets and dashboard cards[39m[33m 10179[2mms[22m[39m
(node:11120) ExperimentalWarning: localStorage is not available because --localstorage-file was not provided.
(Use `node --trace-warnings ...` to show where the warning was created)
[90mstderr[2m | tests/challenger_m1_2_adversarial.test.tsx
[22m[39mChiave reCAPTCHA v3 (VITE_RECAPTCHA_V3_SITE_KEY) non configurata. App Check non inizializzato.

 [31m❯[39m tests/challenger_m1_adversarial_sleep.test.ts [2m([22m[2m16 tests[22m[2m | [22m[31m1 failed[39m[2m)[22m[33m 2828[2mms[22m[39m
       [32m✓[39m handles boundary numbers [0, 24] and float precision[32m 4[2mms[22m[39m
       [32m✓[39m rejects out-of-bounds numbers and special float values[32m 1[2mms[22m[39m
       [32m✓[39m handles valid time strings in various formats[32m 1[2mms[22m[39m
       [32m✓[39m handles legacy numeric strings with decimals, commas, and "h" suffix[32m 1[2mms[22m[39m
       [32m✓[39m rejects malformed string attack vectors[32m 1[2mms[22m[39m
       [32m✓[39m rejects non-string/non-number types safely without throwing[32m 1[2mms[22m[39m
       [32m✓[39m parseSleepInput returns canonical HH:MM or null[32m 1[2mms[22m[39m
       [32m✓[39m isSleepTimeValid returns boolean strictly[32m 1[2mms[22m[39m
       [32m✓[39m sanitizes mixed valid, legacy, and malformed sleep fields without dropping valid data[32m 93[2mms[22m[39m
       [32m✓[39m handles boundary values in NutritionDaySchema[32m 113[2mms[22m[39m
       [32m✓[39m survives empty/nullish sleep properties in full UserDataSchema[32m 71[2mms[22m[39m
       [33m[2m✓[22m[39m exports correctly formatted sleep columns with sentence case headers [33m 735[2mms[22m[39m
       [32m✓[39m initializes from legacy number sleep data and formats to HH:MM in UI state[32m 44[2mms[22m[39m
       [32m✓[39m blocks invalid inputs with alert without corrupting state[32m 11[2mms[22m[39m
       [32m✓[39m successfully saves valid sleep data in canonical HH:MM format[32m 7[2mms[22m[39m
[31m       [31m×[31m renders all input fields with type="time" and compliant sentence case labels[39m[33m 1736[2mms[22m[39m
[90mstdout[2m | tests/reload_prompt.test.tsx[2m > [22m[2mService Worker Update Lifecycle (ReloadPrompt) Suite[2m > [22m[2mEdge Case: Periodic timer handles SW registration update rejection gracefully
[22m[39mSW periodic update error: Error: Network error during periodic update
    at C:/Users/gerar/Documents/GitHub/logbook/tests/reload_prompt.test.tsx:363:41
    at [90mfile:///C:/Users/gerar/Documents/GitHub/logbook/[39mnode_modules/[4m@vitest/runner[24m/dist/chunk-artifact.js:302:11
    at [90mfile:///C:/Users/gerar/Documents/GitHub/logbook/[39mnode_modules/[4m@vitest/runner[24m/dist/chunk-artifact.js:1903:26
    at [90mfile:///C:/Users/gerar/Documents/GitHub/logbook/[39mnode_modules/[4m@vitest/runner[24m/dist/chunk-artifact.js:2326:20
    at new Promise (<anonymous>)
    at runWithCancel [90m(file:///C:/Users/gerar/Documents/GitHub/logbook/[39mnode_modules/[4m@vitest/runner[24m/dist/chunk-artifact.js:2323:10[90m)[39m
    at [90mfile:///C:/Users/gerar/Documents/GitHub/logbook/[39mnode_modules/[4m@vitest/runner[24m/dist/chunk-artifact.js:2305:20
    at new Promise (<anonymous>)
    at runWithTimeout [90m(file:///C:/Users/gerar/Documents/GitHub/logbook/[39mnode_modules/[4m@vitest/runner[24m/dist/chunk-artifact.js:2272:10[90m)[39m
    at [90mfile:///C:/Users/gerar/Documents/GitHub/logbook/[39mnode_modules/[4m@vitest/runner[24m/dist/chunk-artifact.js:2956:64

 [31m❯[39m tests/cycle_end_date.test.tsx [2m([22m[2m12 tests[22m[2m | [22m[31m1 failed[39m[2m)[22m[33m 5418[2mms[22m[39m
       [32m✓[39m validates and preserves endDate in TrainingCycleSchema[32m 8[2mms[22m[39m
       [32m✓[39m handles missing or undefined endDate gracefully in TrainingCycleSchema[32m 1[2mms[22m[39m
       [32m✓[39m sanitizes non-string or corrupted endDate to undefined[32m 2[2mms[22m[39m
       [32m✓[39m DomainParsers.parseTrainingCycles preserves endDate across arrays of cycles[32m 4[2mms[22m[39m
       [32m✓[39m calculateCycleTimeline calculates correct endDate from startDate and durationWeeks when endDate is omitted[32m 5[2mms[22m[39m
       [32m✓[39m calculateCycleTimeline respects explicitly provided cycle.endDate[32m 1[2mms[22m[39m
       [32m✓[39m calculateCycleSchedule generates weekly schedules matching totalWeeks[32m 2[2mms[22m[39m
       [33m[2m✓[22m[39m renders Data di inizio and Data di fine with Italian sentence case labels [33m 2105[2mms[22m[39m
       [33m[2m✓[22m[39m two-way binding: changing durationWeeks updates endDate automatically [33m 1431[2mms[22m[39m
       [33m[2m✓[22m[39m two-way binding: changing endDate updates durationWeeks automatically [33m 911[2mms[22m[39m
       [33m[2m✓[22m[39m two-way binding: changing startDate updates endDate preserving durationWeeks [33m 441[2mms[22m[39m
[31m       [31m×[31m submits cycle with both startDate and endDate on save[39m[33m 501[2mms[22m[39m
 [31m❯[39m tests/reload_prompt.test.tsx [2m([22m[2m17 tests[22m[2m | [22m[31m2 failed[39m[2m)[22m[33m 4113[2mms[22m[39m
     [32m✓[39m R1: ReloadPrompt does not render anything when needRefresh is false[32m 210[2mms[22m[39m
     [33m[2m✓[22m[39m R1 & R2: ReloadPrompt renders non-invasive dark glassmorphic banner when needRefresh is true [33m 1515[2mms[22m[39m
     [33m[2m✓[22m[39m R2: Clicking "Aggiorna" button triggers updateServiceWorker(true) [33m 504[2mms[22m[39m
     [32m✓[39m R2: Clicking "Chiudi" button dismisses prompt via setNeedRefresh(false)[32m 26[2mms[22m[39m
     [32m✓[39m R1: Checks for service worker update when tab visibility changes to visible[32m 84[2mms[22m[39m
     [32m✓[39m R1 Edge Case: Does NOT trigger update when visibility changes to hidden[32m 96[2mms[22m[39m
     [32m✓[39m R1 Edge Case: Safely handles environment without navigator.serviceWorker[32m 4[2mms[22m[39m
     [32m✓[39m R1: onRegistered configures periodic timer and onRegisterError handles errors gracefully[32m 188[2mms[22m[39m
[31m     [31m×[31m R3: ReloadPrompt is mounted globally in App and renders update banner when needRefresh is true[39m[33m 442[2mms[22m[39m
[31m     [31m×[31m Rule 8 & UX: Active workout session state and input responsiveness are not interrupted when ReloadPrompt appears[39m[32m 250[2mms[22m[39m
     [32m✓[39m Edge Case: Handles updateServiceWorker rejection gracefully without crashing[32m 248[2mms[22m[39m
     [32m✓[39m Edge Case: Handles navigator.serviceWorker.getRegistration() promise rejection on visibilitychange[32m 3[2mms[22m[39m
     [32m✓[39m Edge Case: Periodic timer handles SW registration update rejection gracefully[32m 14[2mms[22m[39m
     [32m✓[39m Mobile Accessibility: Verifies accessibility, aria-labels and aria-live announcements[32m 231[2mms[22m[39m
     [32m✓[39m Edge Case: Handles synchronous exception thrown by r.update() in periodic timer[32m 19[2mms[22m[39m
     [32m✓[39m Edge Case: Handles synchronous exception thrown by reg.update() on visibilitychange[32m 118[2mms[22m[39m
     [32m✓[39m Edge Case: Handles synchronous exception in updateServiceWorker invocation on click[32m 151[2mms[22m[39m
 [31m❯[39m tests/challenger_m1_layout_a11y_lifecycle.test.tsx [2m([22m[2m13 tests[22m[2m | [22m[31m10 failed[39m[2m)[22m[33m 5453[2mms[22m[39m
       [32m✓[39m verifies .sync-indicator has pointer-events: none in CSS[32m 26[2mms[22m[39m
[31m       [31m×[31m verifies #sync-overlay is completely absent from CSS and App markup[39m[33m 2411[2mms[22m[39m
[31m       [31m×[31m allows clicks on interactive buttons when syncing is actively true[39m[32m 152[2mms[22m[39m
       [32m✓[39m verifies exact z-index values in CSS and component definitions[32m 158[2mms[22m[39m
[31m       [31m×[31m verifies .sync-indicator has role="status", aria-live="polite" and aria-label[39m[33m 322[2mms[22m[39m
[31m       [31m×[31m verifies .sync-error-toast has role="alert", aria-live="assertive" and accessible close button[39m[32m 258[2mms[22m[39m
[31m       [31m×[31m clears saveError immediately when browser fires "online" event[39m[33m 335[2mms[22m[39m
[31m       [31m×[31m auto-dismisses save error toast after exactly 5000ms timer[39m[33m 545[2mms[22m[39m
[31m       [31m×[31m resets the 5000ms timer if a new saveError arrives before dismissal[39m[33m 330[2mms[22m[39m
[31m       [31m×[31m dismisses toast immediately on manual close button click[39m[32m 184[2mms[22m[39m
[31m       [31m×[31m handles multiple rapid online/offline/error transitions without unhandled rejections or crashes[39m[32m 289[2mms[22m[39m
       [32m✓[39m verifies safe-area-inset and bottom positioning above bottom-nav[32m 13[2mms[22m[39m
[31m       [31m×[31m verifies Italian sentence case in App and store notifications[39m[32m 235[2mms[22m[39m
(node:3200) ExperimentalWarning: localStorage is not available because --localstorage-file was not provided.
(Use `node --trace-warnings ...` to show where the warning was created)
 [31m❯[39m tests/challenger_viewport_overflow_adversarial.test.tsx [2m([22m[2m24 tests[22m[2m | [22m[31m3 failed[39m[2m)[22m[33m 6390[2mms[22m[39m
       [32m✓[39m 1.1: #app-container enforces overflow-x: clip, max-width: 600px, and margin: 0 auto[32m 6[2mms[22m[39m
       [32m✓[39m 1.2: .grid-2 has display: grid, grid-template-columns: 1fr 1fr, min-width: 0 and responsive media query at <= 360px[32m 2[2mms[22m[39m
       [32m✓[39m 1.3: .section-divider and .section-divider-last are defined with proper border, padding and margin[32m 1[2mms[22m[39m
       [32m✓[39m 1.4: Universal utility flex classes enforce min-width: 0 to prevent flexbox mobile blowouts[32m 62[2mms[22m[39m
       [32m✓[39m 1.5: Input, select, and textarea rules enforce font-size: 16px !important for Safari iOS zoom defense[32m 1[2mms[22m[39m
       [33m[2m✓[22m[39m 2.1: SessionRatings mood, pump, fatigue columns all have flex: 1 and minWidth: 0 [33m 851[2mms[22m[39m
       [32m✓[39m 2.2: NutritionSupplements form fields row has flex: 1 and minWidth: 0 on all 3 columns[32m 247[2mms[22m[39m
[31m       [31m×[31m 2.3: HomeNutritionWidget macro boxes (CARBO, PRO, GRASSI) all have flex: 1 and minWidth: 0[39m[33m 508[2mms[22m[39m
[31m       [31m×[31m 2.4: HomeView stats cards (Massa grassa, Streak, Totale sessioni) all have flex: 1 and minWidth: 0[39m[33m 1797[2mms[22m[39m
       [32m✓[39m 2.5: SessionSetRow inputs row has minWidth: 0 on inputs container and flex inputs[32m 179[2mms[22m[39m
[31m       [31m×[31m 2.6: DataMeasurements and DataSleep multi-input rows enforce minWidth: 0[39m[33m 447[2mms[22m[39m
       [33m[2m✓[22m[39m 3.1: FoodItemRow quick-add buttons container explicitly declares flexWrap: wrap [33m 510[2mms[22m[39m
       [32m✓[39m 3.2: FoodItemRow macro details and title containers declare flexWrap: wrap to prevent horizontal blowouts on long names[32m 147[2mms[22m[39m
       [32m✓[39m 3.3: 320px viewport simulation: layout contracts smoothly without horizontal overflow[32m 96[2mms[22m[39m
       [33m[2m✓[22m[39m 4.1: CycleEditor uses .grid-2 for responsive dual-column inputs with minWidth: 0 [33m 393[2mms[22m[39m
       [32m✓[39m 4.2: Static CSS evaluation confirms media query switches .grid-2 to 1fr at <= 360px[32m 1[2mms[22m[39m
       [32m✓[39m 5.x: Viewport 320px (Ultra-Narrow Mobile (iPhone SE 1st gen)) renders core interactive forms without syntax or layout blowouts[32m 86[2mms[22m[39m
       [32m✓[39m 5.x: Viewport 375px (Compact Mobile (iPhone SE 2nd/3rd gen, 13 mini)) renders core interactive forms without syntax or layout blowouts[32m 34[2mms[22m[39m
       [33m[2m✓[22m[39m 5.x: Viewport 390px (Standard iOS/Android (iPhone 14/15/16)) renders core interactive forms without syntax or layout blowouts [33m 385[2mms[22m[39m
       [32m✓[39m 5.x: Viewport 430px (Large Pro Max (iPhone 16 Pro Max, Pixel 8 Pro)) renders core interactive forms without syntax or layout blowouts[32m 195[2mms[22m[39m
       [32m✓[39m 5.x: Viewport 1024px (Desktop Centered (1024px, 1440px)) renders core interactive forms without syntax or layout blowouts[32m 223[2mms[22m[39m
       [32m✓[39m 6.1: All spacing and border utility classes exist in global.css[32m 1[2mms[22m[39m
       [32m✓[39m 6.2: .section-divider is actively used in all refactored views[32m 5[2mms[22m[39m
       [32m✓[39m 6.3: No input/select/textarea in src/components declares an inline fontSize < 16px[32m 201[2mms[22m[39m
(node:14492) ExperimentalWarning: localStorage is not available because --localstorage-file was not provided.
(Use `node --trace-warnings ...` to show where the warning was created)
[90mstderr[2m | tests/error_boundary.test.tsx
[22m[39mChiave reCAPTCHA v3 (VITE_RECAPTCHA_V3_SITE_KEY) non configurata. App Check non inizializzato.

[90mstderr[2m | tests/challenger_m4_adversarial.test.ts
[22m[39mChiave reCAPTCHA v3 (VITE_RECAPTCHA_V3_SITE_KEY) non configurata. App Check non inizializzato.

 [31m❯[39m tests/challenger_m1_2_adversarial.test.tsx [2m([22m[2m19 tests[22m[2m | [22m[31m4 failed[39m[2m)[22m[33m 1023[2mms[22m[39m
       [32m✓[39m handles primitive string schema with length and regex constraints[32m 49[2mms[22m[39m
       [32m✓[39m handles primitive number schema with positive and integer constraints[32m 11[2mms[22m[39m
       [32m✓[39m handles complex nested object schema with UUIDs, dates, and enums[32m 71[2mms[22m[39m
       [32m✓[39m handles array schemas with non-empty and element constraints[32m 70[2mms[22m[39m
       [32m✓[39m handles discriminated union schemas for polymorphic workout tracking types[32m 14[2mms[22m[39m
       [32m✓[39m handles strict schemas rejecting unexpected extra properties[32m 44[2mms[22m[39m
       [32m✓[39m handles custom refinement and piped transform schemas[32m 8[2mms[22m[39m
       [32m✓[39m safely recovers from malformed and unparseable JSON tokens[32m 44[2mms[22m[39m
       [32m✓[39m safely handles primitive string stored when object schema expected[32m 6[2mms[22m[39m
       [32m✓[39m safely handles null in localStorage when nullable is not allowed[32m 8[2mms[22m[39m
       [32m✓[39m preserves full backward compatibility when no schema is provided[32m 6[2mms[22m[39m
       [32m✓[39m does not throw when localStorage.setItem throws QuotaExceededError[32m 4[2mms[22m[39m
       [32m✓[39m renders children smoothly when no error is thrown[32m 87[2mms[22m[39m
[31m       [31m×[31m catches fatal exception, mounts GlobalDialog, and renders fallback UI[39m[33m 383[2mms[22m[39m
[31m       [31m×[31m reloads page when "Ricarica pagina" button is clicked[39m[32m 118[2mms[22m[39m
[31m       [31m×[31m triggers useDialogStore showConfirm and performs Hard Reset when confirmed[39m[32m 27[2mms[22m[39m
[31m       [31m×[31m triggers useDialogStore showConfirm and aborts Hard Reset when cancelled[39m[32m 60[2mms[22m[39m
       [32m✓[39m evaluates base path defaulting logic for all environment variations[32m 1[2mms[22m[39m
       [32m✓[39m ensures start_url, scope, and base are uniformly aligned in manifest configuration[32m 1[2mms[22m[39m
[90mstderr[2m | tests/firestore_security_rules.test.ts
[22m[39mChiave reCAPTCHA v3 (VITE_RECAPTCHA_V3_SITE_KEY) non configurata. App Check non inizializzato.

[90mstderr[2m | src/lib/__tests__/integration.test.ts
[22m[39mChiave reCAPTCHA v3 (VITE_RECAPTCHA_V3_SITE_KEY) non configurata. App Check non inizializzato.

 [31m❯[39m tests/challenger_m1_sync_adversarial.test.tsx [2m([22m[2m11 tests[22m[2m | [22m[31m11 failed[39m[2m)[22m[33m 4669[2mms[22m[39m
[31m       [31m×[31m 100 rapid synchronous syncing toggles maintains DOM integrity with zero overlay leaks[39m[33m 1288[2mms[22m[39m
[31m       [31m×[31m 10 rapid asynchronous microtask syncing churn resolves to correct final state[39m[32m 255[2mms[22m[39m
[31m       [31m×[31m Concurrent high-volume store state mutations during rapid syncing[39m[33m 538[2mms[22m[39m
[31m       [31m×[31m 50 successive saveError mutations spaced by 100ms keep toast alive for 5000ms past LAST mutation[39m[32m 73[2mms[22m[39m
[31m       [31m×[31m Rapid manual close during high-frequency error burst immediately cancels all timers[39m[33m 716[2mms[22m[39m
[31m       [31m×[31m User can switch tabs and interact with views while syncing is true without UI locks[39m[33m 449[2mms[22m[39m
[31m       [31m×[31m Indicator and Toast coexist without overlapping or blocking each other[39m[32m 169[2mms[22m[39m
[31m       [31m×[31m 50 rapid mount/unmount cycles of App with active timers causes zero leaks or unhandled errors[39m[33m 369[2mms[22m[39m
[31m       [31m×[31m Calling resetStore clears sync slice and pending save timers cleanly[39m[33m 306[2mms[22m[39m
[31m       [31m×[31m Sync indicator adheres to accessibility contract: role="status", aria-live="polite"[39m[32m 163[2mms[22m[39m
[31m       [31m×[31m Error toast adheres to accessibility contract: role="alert", aria-live="assertive"[39m[32m 274[2mms[22m[39m
(node:15540) ExperimentalWarning: localStorage is not available because --localstorage-file was not provided.
(Use `node --trace-warnings ...` to show where the warning was created)
(node:11416) ExperimentalWarning: localStorage is not available because --localstorage-file was not provided.
(Use `node --trace-warnings ...` to show where the warning was created)
[90mstderr[2m | tests/e2e_enhancements_r1_r6.test.tsx
[22m[39mChiave reCAPTCHA v3 (VITE_RECAPTCHA_V3_SITE_KEY) non configurata. App Check non inizializzato.

 [31m❯[39m tests/error_boundary.test.tsx [2m([22m[2m6 tests[22m[2m | [22m[31m5 failed[39m[2m)[22m[33m 924[2mms[22m[39m
     [32m✓[39m renders children when no uncaught error occurs[32m 245[2mms[22m[39m
[31m     [31m×[31m renders fallback error UI when a child throws[39m[33m 318[2mms[22m[39m
[31m     [31m×[31m reloads page when "Ricarica pagina" button is clicked[39m[32m 100[2mms[22m[39m
[31m     [31m×[31m triggers useDialogStore.getState().showConfirm when "Hard reset" button is clicked[39m[32m 100[2mms[22m[39m
[31m     [31m×[31m clears localStorage and reloads when user confirms hard reset dialog[39m[32m 91[2mms[22m[39m
[31m     [31m×[31m does NOT clear localStorage or reload when user cancels hard reset dialog[39m[32m 59[2mms[22m[39m
[90mstderr[2m | tests/doms_r5_r6_integration.test.tsx
[22m[39mChiave reCAPTCHA v3 (VITE_RECAPTCHA_V3_SITE_KEY) non configurata. App Check non inizializzato.

[90mstdout[2m | tests/challenger_m4_adversarial.test.ts[2m > [22m[2mEmpirical Challenger: Architectural Hardening Stress Suite[2m > [22m[2mScope 1: Save Amnesia & Offline Diffing Resilience[2m > [22m[2mdoes NOT update lastSavedStateStr when batch.commit fails with timeout, and re-attempts on next save
[22m[39mSincronizzazione DB completata.

[90mstderr[2m | tests/challenger_m4_adversarial.test.ts[2m > [22m[2mEmpirical Challenger: Architectural Hardening Stress Suite[2m > [22m[2mScope 1: Save Amnesia & Offline Diffing Resilience[2m > [22m[2mdoes NOT update lastSavedStateStr when batch.commit fails with timeout, and re-attempts on next save
[22m[39mScrittura archiviata nella cache locale Firestore (offline): Error: Timeout sincronizzazione Firestore
    at C:/Users/gerar/Documents/GitHub/logbook/tests/challenger_m4_adversarial.test.ts:66:52
[90m    at processTicksAndRejections (node:internal/process/task_queues:104:5)[39m
    at [90mfile:///C:/Users/gerar/Documents/GitHub/logbook/[39mnode_modules/[4m@vitest/runner[24m/dist/chunk-artifact.js:1903:20
Errore durante la registrazione del Background Sync: TypeError: user.getIdToken is not a function
    at Object.saveUserData (C:/Users/gerar/Documents/GitHub/logbook/src/lib/db.ts:375:54)
[90m    at processTicksAndRejections (node:internal/process/task_queues:104:5)[39m
    at C:/Users/gerar/Documents/GitHub/logbook/tests/challenger_m4_adversarial.test.ts:69:13
    at [90mfile:///C:/Users/gerar/Documents/GitHub/logbook/[39mnode_modules/[4m@vitest/runner[24m/dist/chunk-artifact.js:1903:20

[90mstdout[2m | tests/challenger_m4_adversarial.test.ts[2m > [22m[2mEmpirical Challenger: Architectural Hardening Stress Suite[2m > [22m[2mScope 1: Save Amnesia & Offline Diffing Resilience[2m > [22m[2mdoes NOT update lastSavedStateStr when batch.commit fails with timeout, and re-attempts on next save
[22m[39mSincronizzazione DB completata.

[90mstderr[2m | tests/challenger_m4_adversarial.test.ts[2m > [22m[2mEmpirical Challenger: Architectural Hardening Stress Suite[2m > [22m[2mScope 1: Save Amnesia & Offline Diffing Resilience[2m > [22m[2mdoes NOT update lastSavedStateStr and re-throws when batch.commit fails with non-offline critical error
[22m[39mErrore critico durante il salvataggio Firestore: Error: Missing or insufficient permissions
    at C:/Users/gerar/Documents/GitHub/logbook/tests/challenger_m4_adversarial.test.ts:108:36
    at [90mfile:///C:/Users/gerar/Documents/GitHub/logbook/[39mnode_modules/[4m@vitest/runner[24m/dist/chunk-artifact.js:302:11
    at [90mfile:///C:/Users/gerar/Documents/GitHub/logbook/[39mnode_modules/[4m@vitest/runner[24m/dist/chunk-artifact.js:1903:26
    at [90mfile:///C:/Users/gerar/Documents/GitHub/logbook/[39mnode_modules/[4m@vitest/runner[24m/dist/chunk-artifact.js:2326:20
    at new Promise (<anonymous>)
    at runWithCancel [90m(file:///C:/Users/gerar/Documents/GitHub/logbook/[39mnode_modules/[4m@vitest/runner[24m/dist/chunk-artifact.js:2323:10[90m)[39m
    at [90mfile:///C:/Users/gerar/Documents/GitHub/logbook/[39mnode_modules/[4m@vitest/runner[24m/dist/chunk-artifact.js:2305:20
    at new Promise (<anonymous>)
    at runWithTimeout [90m(file:///C:/Users/gerar/Documents/GitHub/logbook/[39mnode_modules/[4m@vitest/runner[24m/dist/chunk-artifact.js:2272:10[90m)[39m
    at [90mfile:///C:/Users/gerar/Documents/GitHub/logbook/[39mnode_modules/[4m@vitest/runner[24m/dist/chunk-artifact.js:2956:64 {
  code: [32m'permission-denied'[39m
}
Errore durante il salvataggio: Error: Missing or insufficient permissions
    at C:/Users/gerar/Documents/GitHub/logbook/tests/challenger_m4_adversarial.test.ts:108:36
    at [90mfile:///C:/Users/gerar/Documents/GitHub/logbook/[39mnode_modules/[4m@vitest/runner[24m/dist/chunk-artifact.js:302:11
    at [90mfile:///C:/Users/gerar/Documents/GitHub/logbook/[39mnode_modules/[4m@vitest/runner[24m/dist/chunk-artifact.js:1903:26
    at [90mfile:///C:/Users/gerar/Documents/GitHub/logbook/[39mnode_modules/[4m@vitest/runner[24m/dist/chunk-artifact.js:2326:20
    at new Promise (<anonymous>)
    at runWithCancel [90m(file:///C:/Users/gerar/Documents/GitHub/logbook/[39mnode_modules/[4m@vitest/runner[24m/dist/chunk-artifact.js:2323:10[90m)[39m
    at [90mfile:///C:/Users/gerar/Documents/GitHub/logbook/[39mnode_modules/[4m@vitest/runner[24m/dist/chunk-artifact.js:2305:20
    at new Promise (<anonymous>)
    at runWithTimeout [90m(file:///C:/Users/gerar/Documents/GitHub/logbook/[39mnode_modules/[4m@vitest/runner[24m/dist/chunk-artifact.js:2272:10[90m)[39m
    at [90mfile:///C:/Users/gerar/Documents/GitHub/logbook/[39mnode_modules/[4m@vitest/runner[24m/dist/chunk-artifact.js:2956:64 {
  code: [32m'permission-denied'[39m
}

[90mstdout[2m | tests/challenger_m4_adversarial.test.ts[2m > [22m[2mEmpirical Challenger: Architectural Hardening Stress Suite[2m > [22m[2mScope 1: Save Amnesia & Offline Diffing Resilience[2m > [22m[2mdoes NOT update lastSavedStateStr and re-throws when batch.commit fails with non-offline critical error
[22m[39mSincronizzazione DB completata.

[90mstderr[2m | tests/challenger_m4_adversarial.test.ts[2m > [22m[2mEmpirical Challenger: Architectural Hardening Stress Suite[2m > [22m[2mScope 1: Save Amnesia & Offline Diffing Resilience[2m > [22m[2mhandles monthly history and nutrition diffing correctly after failure recovery
[22m[39mScrittura archiviata nella cache locale Firestore (offline): Error: Firebase offline error
    at C:/Users/gerar/Documents/GitHub/logbook/tests/challenger_m4_adversarial.test.ts:143:39
    at [90mfile:///C:/Users/gerar/Documents/GitHub/logbook/[39mnode_modules/[4m@vitest/runner[24m/dist/chunk-artifact.js:302:11
    at [90mfile:///C:/Users/gerar/Documents/GitHub/logbook/[39mnode_modules/[4m@vitest/runner[24m/dist/chunk-artifact.js:1903:26
    at [90mfile:///C:/Users/gerar/Documents/GitHub/logbook/[39mnode_modules/[4m@vitest/runner[24m/dist/chunk-artifact.js:2326:20
    at new Promise (<anonymous>)
    at runWithCancel [90m(file:///C:/Users/gerar/Documents/GitHub/logbook/[39mnode_modules/[4m@vitest/runner[24m/dist/chunk-artifact.js:2323:10[90m)[39m
    at [90mfile:///C:/Users/gerar/Documents/GitHub/logbook/[39mnode_modules/[4m@vitest/runner[24m/dist/chunk-artifact.js:2305:20
    at new Promise (<anonymous>)
    at runWithTimeout [90m(file:///C:/Users/gerar/Documents/GitHub/logbook/[39mnode_modules/[4m@vitest/runner[24m/dist/chunk-artifact.js:2272:10[90m)[39m
    at [90mfile:///C:/Users/gerar/Documents/GitHub/logbook/[39mnode_modules/[4m@vitest/runner[24m/dist/chunk-artifact.js:2956:64 {
  code: [32m'unavailable'[39m
}
Errore durante la registrazione del Background Sync: TypeError: user.getIdToken is not a function
    at Object.saveUserData (C:/Users/gerar/Documents/GitHub/logbook/src/lib/db.ts:375:54)
[90m    at processTicksAndRejections (node:internal/process/task_queues:104:5)[39m
    at C:/Users/gerar/Documents/GitHub/logbook/tests/challenger_m4_adversarial.test.ts:146:13
    at [90mfile:///C:/Users/gerar/Documents/GitHub/logbook/[39mnode_modules/[4m@vitest/runner[24m/dist/chunk-artifact.js:1903:20

[90mstdout[2m | tests/challenger_m4_adversarial.test.ts[2m > [22m[2mEmpirical Challenger: Architectural Hardening Stress Suite[2m > [22m[2mScope 1: Save Amnesia & Offline Diffing Resilience[2m > [22m[2mhandles monthly history and nutrition diffing correctly after failure recovery
[22m[39mSincronizzazione DB completata.

[90mstdout[2m | tests/challenger_m4_adversarial.test.ts[2m > [22m[2mEmpirical Challenger: Architectural Hardening Stress Suite[2m > [22m[2mScope 4: Security Rules Regex & Schema Whitelist Hardening[2m > [22m[2mverifies DB.saveUserData writes strictly conforming userDocData with exactly the 11 whitelisted keys
[22m[39mSincronizzazione DB completata.

[90mstdout[2m | tests/challenger_m4_adversarial.test.ts[2m > [22m[2mEmpirical Challenger: Architectural Hardening Stress Suite[2m > [22m[2mScope 6: Windowed Load & Batched Deletion Limits[2m > [22m[2mDB.deleteAccount breaks large reference sets into chunks of <= 400
[22m[39mAccount e relative subcollection eliminati con successo.

 [31m❯[39m tests/challenger_m4_adversarial.test.ts [2m([22m[2m13 tests[22m[2m | [22m[31m2 failed[39m[2m)[22m[33m 337[2mms[22m[39m
       [32m✓[39m does NOT update lastSavedStateStr when batch.commit fails with timeout, and re-attempts on next save[32m 20[2mms[22m[39m
       [32m✓[39m does NOT update lastSavedStateStr and re-throws when batch.commit fails with non-offline critical error[32m 6[2mms[22m[39m
       [32m✓[39m handles monthly history and nutrition diffing correctly after failure recovery[32m 86[2mms[22m[39m
       [32m✓[39m preserves local uncommitted nutrition and customFoods when cloudData returns during sync[32m 66[2mms[22m[39m
       [32m✓[39m handles collision deterministically with local mutation priority[32m 4[2mms[22m[39m
       [32m✓[39m verifies EMPTY_HISTORY_ARRAY in TrainingSession preserves strict reference equality (===) for multiple exercises without history[32m 3[2mms[22m[39m
       [32m✓[39m verifies SessionExerciseCard memoization comparator returns true when pastWorkouts is stable[32m 1[2mms[22m[39m
[31m       [31m×[31m verifies firestore.rules whitelists all 11 root document keys and disallows wildcards[39m[32m 127[2mms[22m[39m
[31m       [31m×[31m verifies DB.saveUserData writes strictly conforming userDocData with exactly the 11 whitelisted keys[39m[32m 3[2mms[22m[39m
       [32m✓[39m empirically stress-tests isValidMonthId regex from firestore.rules against boundary and hostile inputs[32m 2[2mms[22m[39m
       [32m✓[39m exports DomainParsers for fine-grained validation and rejects corrupted sub-trees gracefully[32m 2[2mms[22m[39m
       [32m✓[39m DB.loadUserData queries only 3 months window[32m 5[2mms[22m[39m
       [32m✓[39m DB.deleteAccount breaks large reference sets into chunks of <= 400[32m 5[2mms[22m[39m
[90mstderr[2m | tests/challenger_m2_pwa_workout_adversarial.test.tsx
[22m[39mChiave reCAPTCHA v3 (VITE_RECAPTCHA_V3_SITE_KEY) non configurata. App Check non inizializzato.

[90mstderr[2m | tests/challenger_ui_ux_responsive_stress.test.tsx
[22m[39mChiave reCAPTCHA v3 (VITE_RECAPTCHA_V3_SITE_KEY) non configurata. App Check non inizializzato.

[90mstderr[2m | tests/telemetry_hub.test.ts
[22m[39mChiave reCAPTCHA v3 (VITE_RECAPTCHA_V3_SITE_KEY) non configurata. App Check non inizializzato.

(node:9188) ExperimentalWarning: localStorage is not available because --localstorage-file was not provided.
(Use `node --trace-warnings ...` to show where the warning was created)
 [31m❯[39m tests/firestore_security_rules.test.ts [2m([22m[2m7 tests[22m[2m | [22m[31m1 failed[39m[2m)[22m[32m 111[2mms[22m[39m
     [32m✓[39m rules file exists and specifies rules_version = 2[32m 4[2mms[22m[39m
     [32m✓[39m contains global_catalog public read rule[32m 1[2mms[22m[39m
     [32m✓[39m allows owner to delete on history_months and nutrition_months subcollections[32m 1[2mms[22m[39m
[31m     [31m×[31m users/{userId} whitelist contains all root UserData payload keys including catalogOverrides[39m[32m 17[2mms[22m[39m
     [32m✓[39m simulates security rules whitelist evaluation on valid userDocData[32m 75[2mms[22m[39m
     [32m✓[39m telemetry_anomalies whitelist contains all privacy-minimized payload keys[32m 4[2mms[22m[39m
     [32m✓[39m telemetry_errors and telemetry_events whitelist verification when configured in rules[32m 2[2mms[22m[39m
[90mstderr[2m | tests/pwa_offline_telemetry.test.ts
[22m[39mChiave reCAPTCHA v3 (VITE_RECAPTCHA_V3_SITE_KEY) non configurata. App Check non inizializzato.

(node:12828) ExperimentalWarning: localStorage is not available because --localstorage-file was not provided.
(Use `node --trace-warnings ...` to show where the warning was created)
 [32m✓[39m src/lib/__tests__/integration.test.ts [2m([22m[2m1 test[22m[2m)[22m[32m 75[2mms[22m[39m
[90mstderr[2m | tests/worker_m2_library_and_food_ui.test.tsx
[22m[39mChiave reCAPTCHA v3 (VITE_RECAPTCHA_V3_SITE_KEY) non configurata. App Check non inizializzato.

(node:4436) ExperimentalWarning: localStorage is not available because --localstorage-file was not provided.
(Use `node --trace-warnings ...` to show where the warning was created)
(node:11612) ExperimentalWarning: localStorage is not available because --localstorage-file was not provided.
(Use `node --trace-warnings ...` to show where the warning was created)
 [31m❯[39m tests/doms_r5_r6_integration.test.tsx [2m([22m[2m0 test[22m[2m)[22m
(node:19112) ExperimentalWarning: localStorage is not available because --localstorage-file was not provided.
(Use `node --trace-warnings ...` to show where the warning was created)
(node:16780) ExperimentalWarning: localStorage is not available because --localstorage-file was not provided.
(Use `node --trace-warnings ...` to show where the warning was created)
[90mstderr[2m | tests/challenger_m2_pwa_workout_adversarial.test.tsx[2m > [22m[2mMilestone 2 Challenger Suite: PWA Analytics & Offline Workout Tracking Stress Tests[2m > [22m[2m1. PWA Install Funnel Stress & Unusual Events[2m > [22m[2mhandles beforeinstallprompt event where prompt() throws synchronously
[22m[39mInstallazione PWA non disponibile: Error: Immediate DOMException
    at Event.<anonymous> (C:/Users/gerar/Documents/GitHub/logbook/tests/challenger_m2_pwa_workout_adversarial.test.tsx:60:17)
    at Event.Mock [as prompt] [90m(file:///C:/Users/gerar/Documents/GitHub/logbook/[39mnode_modules/[4m@vitest/spy[24m/dist/index.js:332:34[90m)[39m
    at Object.promptInstall (C:/Users/gerar/Documents/GitHub/logbook/src/hooks/usePWAInstall.ts:58:20)
    at C:/Users/gerar/Documents/GitHub/logbook/tests/challenger_m2_pwa_workout_adversarial.test.tsx:72:37
    at [90mC:\Users\gerar\Documents\GitHub\logbook\[39mnode_modules\[4m@testing-library\react[24m\dist\act-compat.js:47:24
    at process.env.NODE_ENV.exports.act [90m(C:\Users\gerar\Documents\GitHub\logbook\[39mnode_modules\[4mreact[24m\cjs\react.development.js:814:22[90m)[39m
    at [90mC:\Users\gerar\Documents\GitHub\logbook\[39mnode_modules\[4m@testing-library\react[24m\dist\act-compat.js:46:25
    at C:/Users/gerar/Documents/GitHub/logbook/tests/challenger_m2_pwa_workout_adversarial.test.tsx:71:13
    at [90mfile:///C:/Users/gerar/Documents/GitHub/logbook/[39mnode_modules/[4m@vitest/runner[24m/dist/chunk-artifact.js:302:11
    at [90mfile:///C:/Users/gerar/Documents/GitHub/logbook/[39mnode_modules/[4m@vitest/runner[24m/dist/chunk-artifact.js:1903:26

[90mstdout[2m | tests/challenger_m2_pwa_workout_adversarial.test.tsx[2m > [22m[2mMilestone 2 Challenger Suite: PWA Analytics & Offline Workout Tracking Stress Tests[2m > [22m[2m1. PWA Install Funnel Stress & Unusual Events[2m > [22m[2mhandles fast double-clicks on promptInstall without firing prompt() twice
[22m[39mUtente ha accettato l'installazione PWA

[90mstdout[2m | tests/challenger_m2_pwa_workout_adversarial.test.tsx[2m > [22m[2mMilestone 2 Challenger Suite: PWA Analytics & Offline Workout Tracking Stress Tests[2m > [22m[2m1. PWA Install Funnel Stress & Unusual Events[2m > [22m[2mhandles userChoice resolving to null, undefined, or unexpected shapes gracefully
[22m[39mUtente ha rifiutato l'installazione PWA

(node:17588) ExperimentalWarning: localStorage is not available because --localstorage-file was not provided.
(Use `node --trace-warnings ...` to show where the warning was created)
[90mstderr[2m | tests/e2e_enhancements_r1_r6.test.tsx[2m > [22m[2mLogBook PWA Enhancements E2E Suite (Requirements R1 - R6)[2m > [22m[2mTier 1: Feature Coverage[2m > [22m[2mR1: Formato Sonno in HH:MM[2m > [22m[2mT1.1.1: useSleepMeasurements sets and persists sleep duration into userData.nutrition[date] in canonical HH:MM format
[22m[39mAn update to TestComponent inside a test was not wrapped in act(...).

When testing, code that causes React state updates should be wrapped into act(...):

act(() => {
  /* fire events that update state */
});
/* assert on the output */

This ensures that you're testing the behavior the user would see in the browser. Learn more at https://react.dev/link/wrap-tests-with-act

[90mstderr[2m | tests/e2e_enhancements_r1_r6.test.tsx[2m > [22m[2mLogBook PWA Enhancements E2E Suite (Requirements R1 - R6)[2m > [22m[2mTier 1: Feature Coverage[2m > [22m[2mR1: Formato Sonno in HH:MM[2m > [22m[2mT1.1.1: useSleepMeasurements sets and persists sleep duration into userData.nutrition[date] in canonical HH:MM format
[22m[39mAn update to TestComponent inside a test was not wrapped in act(...).

When testing, code that causes React state updates should be wrapped into act(...):

act(() => {
  /* fire events that update state */
});
/* assert on the output */

This ensures that you're testing the behavior the user would see in the browser. Learn more at https://react.dev/link/wrap-tests-with-act
An update to TestComponent inside a test was not wrapped in act(...).

When testing, code that causes React state updates should be wrapped into act(...):

act(() => {
  /* fire events that update state */
});
/* assert on the output */

This ensures that you're testing the behavior the user would see in the browser. Learn more at https://react.dev/link/wrap-tests-with-act
An update to TestComponent inside a test was not wrapped in act(...).

When testing, code that causes React state updates should be wrapped into act(...):

act(() => {
  /* fire events that update state */
});
/* assert on the output */

This ensures that you're testing the behavior the user would see in the browser. Learn more at https://react.dev/link/wrap-tests-with-act
An update to TestComponent inside a test was not wrapped in act(...).

When testing, code that causes React state updates should be wrapped into act(...):

act(() => {
  /* fire events that update state */
});
/* assert on the output */

This ensures that you're testing the behavior the user would see in the browser. Learn more at https://react.dev/link/wrap-tests-with-act
An update to TestComponent inside a test was not wrapped in act(...).

When testing, code that causes React state updates should be wrapped into act(...):

act(() => {
  /* fire events that update state */
});
/* assert on the output */

This ensures that you're testing the behavior the user would see in the browser. Learn more at https://react.dev/link/wrap-tests-with-act

(node:20088) ExperimentalWarning: localStorage is not available because --localstorage-file was not provided.
(Use `node --trace-warnings ...` to show where the warning was created)
[90mstderr[2m | tests/challenger_svg_scaling_stress.test.tsx
[22m[39mChiave reCAPTCHA v3 (VITE_RECAPTCHA_V3_SITE_KEY) non configurata. App Check non inizializzato.

[90mstderr[2m | tests/routine_editor_fuzzy_search.test.tsx
[22m[39mChiave reCAPTCHA v3 (VITE_RECAPTCHA_V3_SITE_KEY) non configurata. App Check non inizializzato.

[90mstdout[2m | tests/pwa_offline_telemetry.test.ts[2m > [22m[2mMilestone 2: PWA Analytics & Offline Workout Usage Suite[2m > [22m[2m1. PWA Install Funnel Analytics[2m > [22m[2mtracks promptInstall click and accepted user choice outcome
[22m[39mUtente ha accettato l'installazione PWA

[90mstdout[2m | tests/pwa_offline_telemetry.test.ts[2m > [22m[2mMilestone 2: PWA Analytics & Offline Workout Usage Suite[2m > [22m[2m1. PWA Install Funnel Analytics[2m > [22m[2mtracks promptInstall click and dismissed user choice outcome
[22m[39mUtente ha rifiutato l'installazione PWA

[90mstdout[2m | tests/pwa_offline_telemetry.test.ts[2m > [22m[2mMilestone 2: PWA Analytics & Offline Workout Usage Suite[2m > [22m[2m1. PWA Install Funnel Analytics[2m > [22m[2mprevents duplicate prompt calls and telemetry emissions on rapid consecutive promptInstall invocations before userChoice settles
[22m[39mUtente ha accettato l'installazione PWA

[90mstderr[2m | tests/e2e_enhancements_r1_r6.test.tsx[2m > [22m[2mLogBook PWA Enhancements E2E Suite (Requirements R1 - R6)[2m > [22m[2mTier 1: Feature Coverage[2m > [22m[2mR3: Sincronizzazione in Tempo Reale Esercizi[2m > [22m[2mT1.3.1: TrainingSession resolves exercise name dynamically from userData.library via exId
[22m[39mAn update to TrainingSession inside a test was not wrapped in act(...).

When testing, code that causes React state updates should be wrapped into act(...):

act(() => {
  /* fire events that update state */
});
/* assert on the output */

This ensures that you're testing the behavior the user would see in the browser. Learn more at https://react.dev/link/wrap-tests-with-act
An update to TrainingSession inside a test was not wrapped in act(...).

When testing, code that causes React state updates should be wrapped into act(...):

act(() => {
  /* fire events that update state */
});
/* assert on the output */

This ensures that you're testing the behavior the user would see in the browser. Learn more at https://react.dev/link/wrap-tests-with-act
An update to TrainingSession inside a test was not wrapped in act(...).

When testing, code that causes React state updates should be wrapped into act(...):

act(() => {
  /* fire events that update state */
});
/* assert on the output */

This ensures that you're testing the behavior the user would see in the browser. Learn more at https://react.dev/link/wrap-tests-with-act
An update to TrainingSession inside a test was not wrapped in act(...).

When testing, code that causes React state updates should be wrapped into act(...):

act(() => {
  /* fire events that update state */
});
/* assert on the output */

This ensures that you're testing the behavior the user would see in the browser. Learn more at https://react.dev/link/wrap-tests-with-act
An update to TrainingSession inside a test was not wrapped in act(...).

When testing, code that causes React state updates should be wrapped into act(...):

act(() => {
  /* fire events that update state */
});
/* assert on the output */

This ensures that you're testing the behavior the user would see in the browser. Learn more at https://react.dev/link/wrap-tests-with-act
An update to TrainingSession inside a test was not wrapped in act(...).

When testing, code that causes React state updates should be wrapped into act(...):

act(() => {
  /* fire events that update state */
});
/* assert on the output */

This ensures that you're testing the behavior the user would see in the browser. Learn more at https://react.dev/link/wrap-tests-with-act

[90mstderr[2m | tests/pwa_offline_telemetry.test.ts[2m > [22m[2mMilestone 2: PWA Analytics & Offline Workout Usage Suite[2m > [22m[2m1. PWA Install Funnel Analytics[2m > [22m[2mhandles prompt error gracefully and clears deferredPrompt
[22m[39mInstallazione PWA non disponibile: Error: NotAllowedError
    at Event.<anonymous> (C:/Users/gerar/Documents/GitHub/logbook/tests/pwa_offline_telemetry.test.ts:215:17)
    at Event.Mock [as prompt] [90m(file:///C:/Users/gerar/Documents/GitHub/logbook/[39mnode_modules/[4m@vitest/spy[24m/dist/index.js:332:34[90m)[39m
    at Object.promptInstall (C:/Users/gerar/Documents/GitHub/logbook/src/hooks/usePWAInstall.ts:58:20)
    at C:/Users/gerar/Documents/GitHub/logbook/tests/pwa_offline_telemetry.test.ts:227:37
    at [90mC:\Users\gerar\Documents\GitHub\logbook\[39mnode_modules\[4m@testing-library\react[24m\dist\act-compat.js:47:24
    at process.env.NODE_ENV.exports.act [90m(C:\Users\gerar\Documents\GitHub\logbook\[39mnode_modules\[4mreact[24m\cjs\react.development.js:814:22[90m)[39m
    at [90mC:\Users\gerar\Documents\GitHub\logbook\[39mnode_modules\[4m@testing-library\react[24m\dist\act-compat.js:46:25
    at C:/Users/gerar/Documents/GitHub/logbook/tests/pwa_offline_telemetry.test.ts:226:13
    at [90mfile:///C:/Users/gerar/Documents/GitHub/logbook/[39mnode_modules/[4m@vitest/runner[24m/dist/chunk-artifact.js:302:11
    at [90mfile:///C:/Users/gerar/Documents/GitHub/logbook/[39mnode_modules/[4m@vitest/runner[24m/dist/chunk-artifact.js:1903:26

[90mstderr[2m | tests/e2e_enhancements_r1_r6.test.tsx[2m > [22m[2mLogBook PWA Enhancements E2E Suite (Requirements R1 - R6)[2m > [22m[2mTier 1: Feature Coverage[2m > [22m[2mR3: Sincronizzazione in Tempo Reale Esercizi[2m > [22m[2mT1.3.2: Updating library exercise name in store immediately reflects in active workout UI
[22m[39mAn update to TrainingSession inside a test was not wrapped in act(...).

When testing, code that causes React state updates should be wrapped into act(...):

act(() => {
  /* fire events that update state */
});
/* assert on the output */

This ensures that you're testing the behavior the user would see in the browser. Learn more at https://react.dev/link/wrap-tests-with-act
An update to TrainingSession inside a test was not wrapped in act(...).

When testing, code that causes React state updates should be wrapped into act(...):

act(() => {
  /* fire events that update state */
});
/* assert on the output */

This ensures that you're testing the behavior the user would see in the browser. Learn more at https://react.dev/link/wrap-tests-with-act
An update to TrainingSession inside a test was not wrapped in act(...).

When testing, code that causes React state updates should be wrapped into act(...):

act(() => {
  /* fire events that update state */
});
/* assert on the output */

This ensures that you're testing the behavior the user would see in the browser. Learn more at https://react.dev/link/wrap-tests-with-act
An update to TrainingSession inside a test was not wrapped in act(...).

When testing, code that causes React state updates should be wrapped into act(...):

act(() => {
  /* fire events that update state */
});
/* assert on the output */

This ensures that you're testing the behavior the user would see in the browser. Learn more at https://react.dev/link/wrap-tests-with-act
An update to TrainingSession inside a test was not wrapped in act(...).

When testing, code that causes React state updates should be wrapped into act(...):

act(() => {
  /* fire events that update state */
});
/* assert on the output */

This ensures that you're testing the behavior the user would see in the browser. Learn more at https://react.dev/link/wrap-tests-with-act
An update to TrainingSession inside a test was not wrapped in act(...).

When testing, code that causes React state updates should be wrapped into act(...):

act(() => {
  /* fire events that update state */
});
/* assert on the output */

This ensures that you're testing the behavior the user would see in the browser. Learn more at https://react.dev/link/wrap-tests-with-act

[90mstderr[2m | tests/pwa_offline_telemetry_stress.test.ts
[22m[39mChiave reCAPTCHA v3 (VITE_RECAPTCHA_V3_SITE_KEY) non configurata. App Check non inizializzato.

[90mstderr[2m | tests/e2e_enhancements_r1_r6.test.tsx[2m > [22m[2mLogBook PWA Enhancements E2E Suite (Requirements R1 - R6)[2m > [22m[2mTier 1: Feature Coverage[2m > [22m[2mR3: Sincronizzazione in Tempo Reale Esercizi[2m > [22m[2mT1.3.5: Multiple exercises in workout each independently resolve from library mapping
[22m[39mAn update to TrainingSession inside a test was not wrapped in act(...).

When testing, code that causes React state updates should be wrapped into act(...):

act(() => {
  /* fire events that update state */
});
/* assert on the output */

This ensures that you're testing the behavior the user would see in the browser. Learn more at https://react.dev/link/wrap-tests-with-act
An update to TrainingSession inside a test was not wrapped in act(...).

When testing, code that causes React state updates should be wrapped into act(...):

act(() => {
  /* fire events that update state */
});
/* assert on the output */

This ensures that you're testing the behavior the user would see in the browser. Learn more at https://react.dev/link/wrap-tests-with-act
An update to TrainingSession inside a test was not wrapped in act(...).

When testing, code that causes React state updates should be wrapped into act(...):

act(() => {
  /* fire events that update state */
});
/* assert on the output */

This ensures that you're testing the behavior the user would see in the browser. Learn more at https://react.dev/link/wrap-tests-with-act
An update to TrainingSession inside a test was not wrapped in act(...).

When testing, code that causes React state updates should be wrapped into act(...):

act(() => {
  /* fire events that update state */
});
/* assert on the output */

This ensures that you're testing the behavior the user would see in the browser. Learn more at https://react.dev/link/wrap-tests-with-act
An update to TrainingSession inside a test was not wrapped in act(...).

When testing, code that causes React state updates should be wrapped into act(...):

act(() => {
  /* fire events that update state */
});
/* assert on the output */

This ensures that you're testing the behavior the user would see in the browser. Learn more at https://react.dev/link/wrap-tests-with-act
An update to TrainingSession inside a test was not wrapped in act(...).

When testing, code that causes React state updates should be wrapped into act(...):

act(() => {
  /* fire events that update state */
});
/* assert on the output */

This ensures that you're testing the behavior the user would see in the browser. Learn more at https://react.dev/link/wrap-tests-with-act

[90mstderr[2m | tests/challenger_m1_sleep_stress.test.tsx
[22m[39mChiave reCAPTCHA v3 (VITE_RECAPTCHA_V3_SITE_KEY) non configurata. App Check non inizializzato.

(node:12832) ExperimentalWarning: localStorage is not available because --localstorage-file was not provided.
(Use `node --trace-warnings ...` to show where the warning was created)
[90mstdout[2m | tests/pwa_offline_telemetry.test.ts[2m > [22m[2mMilestone 2: PWA Analytics & Offline Workout Usage Suite[2m > [22m[2m1. PWA Install Funnel Analytics[2m > [22m[2mSettingsView renders install button and triggers promptInstall on click
[22m[39mUtente ha accettato l'installazione PWA

[90mstderr[2m | tests/challenger_m2_pwa_workout_adversarial.test.tsx[2m > [22m[2mMilestone 2 Challenger Suite: PWA Analytics & Offline Workout Tracking Stress Tests[2m > [22m[2m3. Historical Workout Editing & Pain Auto-Healing Stress[2m > [22m[2mhandles saveHistoryEdit when localWorkout has no originalHistoryId or corrupted data
[22m[39mAn update to TestComponent inside a test was not wrapped in act(...).

When testing, code that causes React state updates should be wrapped into act(...):

act(() => {
  /* fire events that update state */
});
/* assert on the output */

This ensures that you're testing the behavior the user would see in the browser. Learn more at https://react.dev/link/wrap-tests-with-act
An update to TestComponent inside a test was not wrapped in act(...).

When testing, code that causes React state updates should be wrapped into act(...):

act(() => {
  /* fire events that update state */
});
/* assert on the output */

This ensures that you're testing the behavior the user would see in the browser. Learn more at https://react.dev/link/wrap-tests-with-act
An update to TestComponent inside a test was not wrapped in act(...).

When testing, code that causes React state updates should be wrapped into act(...):

act(() => {
  /* fire events that update state */
});
/* assert on the output */

This ensures that you're testing the behavior the user would see in the browser. Learn more at https://react.dev/link/wrap-tests-with-act
An update to TestComponent inside a test was not wrapped in act(...).

When testing, code that causes React state updates should be wrapped into act(...):

act(() => {
  /* fire events that update state */
});
/* assert on the output */

This ensures that you're testing the behavior the user would see in the browser. Learn more at https://react.dev/link/wrap-tests-with-act

[90mstderr[2m | tests/worker_m2_library_and_food_ui.test.tsx[2m > [22m[2mWorker M2: Exercise Library UI & Food Form Real-Time Calorie Calculation[2m > [22m[2museTrainingExercises Hook[2m > [22m[2mhandleSaveExercise creates new exercise with isBodyweight and equipmentWeight
[22m[39mAn update to TestComponent inside a test was not wrapped in act(...).

When testing, code that causes React state updates should be wrapped into act(...):

act(() => {
  /* fire events that update state */
});
/* assert on the output */

This ensures that you're testing the behavior the user would see in the browser. Learn more at https://react.dev/link/wrap-tests-with-act
An update to TestComponent inside a test was not wrapped in act(...).

When testing, code that causes React state updates should be wrapped into act(...):

act(() => {
  /* fire events that update state */
});
/* assert on the output */

This ensures that you're testing the behavior the user would see in the browser. Learn more at https://react.dev/link/wrap-tests-with-act

[90mstderr[2m | tests/workout_reorder_and_live_sync_r2_r3.test.tsx
[22m[39mChiave reCAPTCHA v3 (VITE_RECAPTCHA_V3_SITE_KEY) non configurata. App Check non inizializzato.

[90mstderr[2m | tests/e2e_enhancements_r1_r6.test.tsx[2m > [22m[2mLogBook PWA Enhancements E2E Suite (Requirements R1 - R6)[2m > [22m[2mTier 1: Feature Coverage[2m > [22m[2mR6: Esercizi Ad-Hoc in Sessione[2m > [22m[2mT1.6.4: Completing workout (endWorkout) saves ad-hoc exercises into history
[22m[39mAn update to TestComponent inside a test was not wrapped in act(...).

When testing, code that causes React state updates should be wrapped into act(...):

act(() => {
  /* fire events that update state */
});
/* assert on the output */

This ensures that you're testing the behavior the user would see in the browser. Learn more at https://react.dev/link/wrap-tests-with-act
An update to TestComponent inside a test was not wrapped in act(...).

When testing, code that causes React state updates should be wrapped into act(...):

act(() => {
  /* fire events that update state */
});
/* assert on the output */

This ensures that you're testing the behavior the user would see in the browser. Learn more at https://react.dev/link/wrap-tests-with-act
An update to TestComponent inside a test was not wrapped in act(...).

When testing, code that causes React state updates should be wrapped into act(...):

act(() => {
  /* fire events that update state */
});
/* assert on the output */

This ensures that you're testing the behavior the user would see in the browser. Learn more at https://react.dev/link/wrap-tests-with-act

[90mstderr[2m | tests/telemetry_hub.test.ts[2m > [22m[2mTelemetry Sanitizer & Telemetry Hub Unit & Integration Suite[2m > [22m[2m7. Non-Blocking Firestore Dispatch & Timeout Resilience[2m > [22m[2mhandles Firestore network timeouts gracefully within 5000ms timeout
[22m[39m[TelemetryHub] dispatchErrorToFirestore failed non-blockingly: Error: Telemetry error dispatch timeout
    at Timeout._onTimeout (C:/Users/gerar/Documents/GitHub/logbook/src/lib/telemetryHub.ts:901:33)
[90m    at listOnTimeout (node:internal/timers:605:17)[39m
[90m    at processTimers (node:internal/timers:541:7)[39m

[90mstderr[2m | tests/telemetry_hub.test.ts[2m > [22m[2mTelemetry Sanitizer & Telemetry Hub Unit & Integration Suite[2m > [22m[2m7. Non-Blocking Firestore Dispatch & Timeout Resilience[2m > [22m[2msuppresses Firestore permission-denied errors without throwing to UI
[22m[39m[TelemetryHub] dispatchErrorToFirestore failed non-blockingly: Error: FirebaseError: [code=permission-denied]
    at C:/Users/gerar/Documents/GitHub/logbook/tests/telemetry_hub.test.ts:502:36
    at [90mfile:///C:/Users/gerar/Documents/GitHub/logbook/[39mnode_modules/[4m@vitest/runner[24m/dist/chunk-artifact.js:302:11
    at [90mfile:///C:/Users/gerar/Documents/GitHub/logbook/[39mnode_modules/[4m@vitest/runner[24m/dist/chunk-artifact.js:1903:26
    at [90mfile:///C:/Users/gerar/Documents/GitHub/logbook/[39mnode_modules/[4m@vitest/runner[24m/dist/chunk-artifact.js:2326:20
    at new Promise (<anonymous>)
    at runWithCancel [90m(file:///C:/Users/gerar/Documents/GitHub/logbook/[39mnode_modules/[4m@vitest/runner[24m/dist/chunk-artifact.js:2323:10[90m)[39m
    at [90mfile:///C:/Users/gerar/Documents/GitHub/logbook/[39mnode_modules/[4m@vitest/runner[24m/dist/chunk-artifact.js:2305:20
    at new Promise (<anonymous>)
    at runWithTimeout [90m(file:///C:/Users/gerar/Documents/GitHub/logbook/[39mnode_modules/[4m@vitest/runner[24m/dist/chunk-artifact.js:2272:10[90m)[39m
    at [90mfile:///C:/Users/gerar/Documents/GitHub/logbook/[39mnode_modules/[4m@vitest/runner[24m/dist/chunk-artifact.js:2956:64
[TelemetryHub] dispatchEventToFirestore failed non-blockingly: Error: FirebaseError: [code=permission-denied]
    at C:/Users/gerar/Documents/GitHub/logbook/tests/telemetry_hub.test.ts:502:36
    at [90mfile:///C:/Users/gerar/Documents/GitHub/logbook/[39mnode_modules/[4m@vitest/runner[24m/dist/chunk-artifact.js:302:11
    at [90mfile:///C:/Users/gerar/Documents/GitHub/logbook/[39mnode_modules/[4m@vitest/runner[24m/dist/chunk-artifact.js:1903:26
    at [90mfile:///C:/Users/gerar/Documents/GitHub/logbook/[39mnode_modules/[4m@vitest/runner[24m/dist/chunk-artifact.js:2326:20
    at new Promise (<anonymous>)
    at runWithCancel [90m(file:///C:/Users/gerar/Documents/GitHub/logbook/[39mnode_modules/[4m@vitest/runner[24m/dist/chunk-artifact.js:2323:10[90m)[39m
    at [90mfile:///C:/Users/gerar/Documents/GitHub/logbook/[39mnode_modules/[4m@vitest/runner[24m/dist/chunk-artifact.js:2305:20
    at new Promise (<anonymous>)
    at runWithTimeout [90m(file:///C:/Users/gerar/Documents/GitHub/logbook/[39mnode_modules/[4m@vitest/runner[24m/dist/chunk-artifact.js:2272:10[90m)[39m
    at [90mfile:///C:/Users/gerar/Documents/GitHub/logbook/[39mnode_modules/[4m@vitest/runner[24m/dist/chunk-artifact.js:2956:64

 [32m✓[39m tests/telemetry_hub.test.ts [2m([22m[2m39 tests[22m[2m)[22m[33m 5390[2mms[22m[39m
       [33m[2m✓[22m[39m handles Firestore network timeouts gracefully within 5000ms timeout [33m 5019[2mms[22m[39m
[90mstderr[2m | tests/worker_m2_library_and_food_ui.test.tsx[2m > [22m[2mWorker M2: Exercise Library UI & Food Form Real-Time Calorie Calculation[2m > [22m[2museTrainingExercises Hook[2m > [22m[2mhandleSaveExercise updates existing exercise and preserves isBodyweight & equipmentWeight
[22m[39mAn update to TestComponent inside a test was not wrapped in act(...).

When testing, code that causes React state updates should be wrapped into act(...):

act(() => {
  /* fire events that update state */
});
/* assert on the output */

This ensures that you're testing the behavior the user would see in the browser. Learn more at https://react.dev/link/wrap-tests-with-act
An update to TestComponent inside a test was not wrapped in act(...).

When testing, code that causes React state updates should be wrapped into act(...):

act(() => {
  /* fire events that update state */
});
/* assert on the output */

This ensures that you're testing the behavior the user would see in the browser. Learn more at https://react.dev/link/wrap-tests-with-act

[90mstderr[2m | tests/e2e_enhancements_r1_r6.test.tsx[2m > [22m[2mLogBook PWA Enhancements E2E Suite (Requirements R1 - R6)[2m > [22m[2mTier 1: Feature Coverage[2m > [22m[2mR6: Esercizi Ad-Hoc in Sessione[2m > [22m[2mT1.6.5: Original routine blueprint in userData.routines remains strictly unchanged after session ends with ad-hoc exercises
[22m[39mAn update to TestComponent inside a test was not wrapped in act(...).

When testing, code that causes React state updates should be wrapped into act(...):

act(() => {
  /* fire events that update state */
});
/* assert on the output */

This ensures that you're testing the behavior the user would see in the browser. Learn more at https://react.dev/link/wrap-tests-with-act
An update to TestComponent inside a test was not wrapped in act(...).

When testing, code that causes React state updates should be wrapped into act(...):

act(() => {
  /* fire events that update state */
});
/* assert on the output */

This ensures that you're testing the behavior the user would see in the browser. Learn more at https://react.dev/link/wrap-tests-with-act
An update to TestComponent inside a test was not wrapped in act(...).

When testing, code that causes React state updates should be wrapped into act(...):

act(() => {
  /* fire events that update state */
});
/* assert on the output */

This ensures that you're testing the behavior the user would see in the browser. Learn more at https://react.dev/link/wrap-tests-with-act

[90mstderr[2m | tests/e2e_enhancements_r1_r6.test.tsx[2m > [22m[2mLogBook PWA Enhancements E2E Suite (Requirements R1 - R6)[2m > [22m[2mTier 2: Boundary & Corner Cases[2m > [22m[2mR1 Boundaries (Sleep Formats & Edge Values)[2m > [22m[2mT2.1.1: Zero and empty sleep strings handle cleanly without throwing NaN
[22m[39mAn update to TestComponent inside a test was not wrapped in act(...).

When testing, code that causes React state updates should be wrapped into act(...):

act(() => {
  /* fire events that update state */
});
/* assert on the output */

This ensures that you're testing the behavior the user would see in the browser. Learn more at https://react.dev/link/wrap-tests-with-act

[90mstderr[2m | tests/e2e_enhancements_r1_r6.test.tsx[2m > [22m[2mLogBook PWA Enhancements E2E Suite (Requirements R1 - R6)[2m > [22m[2mTier 2: Boundary & Corner Cases[2m > [22m[2mR1 Boundaries (Sleep Formats & Edge Values)[2m > [22m[2mT2.1.1: Zero and empty sleep strings handle cleanly without throwing NaN
[22m[39mAn update to TestComponent inside a test was not wrapped in act(...).

When testing, code that causes React state updates should be wrapped into act(...):

act(() => {
  /* fire events that update state */
});
/* assert on the output */

This ensures that you're testing the behavior the user would see in the browser. Learn more at https://react.dev/link/wrap-tests-with-act
An update to TestComponent inside a test was not wrapped in act(...).

When testing, code that causes React state updates should be wrapped into act(...):

act(() => {
  /* fire events that update state */
});
/* assert on the output */

This ensures that you're testing the behavior the user would see in the browser. Learn more at https://react.dev/link/wrap-tests-with-act
An update to TestComponent inside a test was not wrapped in act(...).

When testing, code that causes React state updates should be wrapped into act(...):

act(() => {
  /* fire events that update state */
});
/* assert on the output */

This ensures that you're testing the behavior the user would see in the browser. Learn more at https://react.dev/link/wrap-tests-with-act
An update to TestComponent inside a test was not wrapped in act(...).

When testing, code that causes React state updates should be wrapped into act(...):

act(() => {
  /* fire events that update state */
});
/* assert on the output */

This ensures that you're testing the behavior the user would see in the browser. Learn more at https://react.dev/link/wrap-tests-with-act
An update to TestComponent inside a test was not wrapped in act(...).

When testing, code that causes React state updates should be wrapped into act(...):

act(() => {
  /* fire events that update state */
});
/* assert on the output */

This ensures that you're testing the behavior the user would see in the browser. Learn more at https://react.dev/link/wrap-tests-with-act

(node:19916) ExperimentalWarning: localStorage is not available because --localstorage-file was not provided.
(Use `node --trace-warnings ...` to show where the warning was created)
(node:12008) ExperimentalWarning: localStorage is not available because --localstorage-file was not provided.
(Use `node --trace-warnings ...` to show where the warning was created)
[90mstderr[2m | tests/worker_m2_library_and_food_ui.test.tsx[2m > [22m[2mWorker M2: Exercise Library UI & Food Form Real-Time Calorie Calculation[2m > [22m[2mTrainingExercises Component UI[2m > [22m[2mrenders isBodyweight checkbox and equipmentWeight input when trackingType is weight_reps
[22m[39mAn update to TrainingExercises inside a test was not wrapped in act(...).

When testing, code that causes React state updates should be wrapped into act(...):

act(() => {
  /* fire events that update state */
});
/* assert on the output */

This ensures that you're testing the behavior the user would see in the browser. Learn more at https://react.dev/link/wrap-tests-with-act
An update to TrainingExercises inside a test was not wrapped in act(...).

When testing, code that causes React state updates should be wrapped into act(...):

act(() => {
  /* fire events that update state */
});
/* assert on the output */

This ensures that you're testing the behavior the user would see in the browser. Learn more at https://react.dev/link/wrap-tests-with-act

 [32m✓[39m tests/challenger_m2_pwa_workout_adversarial.test.tsx [2m([22m[2m14 tests[22m[2m)[22m[33m 6917[2mms[22m[39m
       [33m[2m✓[22m[39m handles starting and saving a workout with 0 exercises without throwing or crashing [33m 1159[2mms[22m[39m
       [33m[2m✓[22m[39m handles ending a workout with corrupted/missing exercises array (null/undefined) [33m 1068[2mms[22m[39m
       [33m[2m✓[22m[39m handles workout with invalid ratings and non-numeric water values safely [33m 1056[2mms[22m[39m
       [33m[2m✓[22m[39m guarantees workout saving never hangs even if telemetryHub.trackEvent throws synchronously [33m 1049[2mms[22m[39m
       [33m[2m✓[22m[39m handles saveHistoryEdit when localWorkout has no originalHistoryId or corrupted data [33m 1015[2mms[22m[39m
       [33m[2m✓[22m[39m handles rapid clicking on privacy, analytics toggle, and check update [33m 1282[2mms[22m[39m
[90mstderr[2m | tests/pwa_offline_telemetry.test.ts[2m > [22m[2mMilestone 2: PWA Analytics & Offline Workout Usage Suite[2m > [22m[2m2. Offline Workout Lifecycle Analytics[2m > [22m[2mensures workout saving is never interrupted if telemetry dispatch throws or times out
[22m[39m[TelemetryHub] dispatchEventToFirestore failed non-blockingly: Error: Firestore network failure
    at C:/Users/gerar/Documents/GitHub/logbook/tests/pwa_offline_telemetry.test.ts:455:36
    at [90mfile:///C:/Users/gerar/Documents/GitHub/logbook/[39mnode_modules/[4m@vitest/runner[24m/dist/chunk-artifact.js:302:11
    at [90mfile:///C:/Users/gerar/Documents/GitHub/logbook/[39mnode_modules/[4m@vitest/runner[24m/dist/chunk-artifact.js:1903:26
    at [90mfile:///C:/Users/gerar/Documents/GitHub/logbook/[39mnode_modules/[4m@vitest/runner[24m/dist/chunk-artifact.js:2326:20
    at new Promise (<anonymous>)
    at runWithCancel [90m(file:///C:/Users/gerar/Documents/GitHub/logbook/[39mnode_modules/[4m@vitest/runner[24m/dist/chunk-artifact.js:2323:10[90m)[39m
    at [90mfile:///C:/Users/gerar/Documents/GitHub/logbook/[39mnode_modules/[4m@vitest/runner[24m/dist/chunk-artifact.js:2305:20
    at new Promise (<anonymous>)
    at runWithTimeout [90m(file:///C:/Users/gerar/Documents/GitHub/logbook/[39mnode_modules/[4m@vitest/runner[24m/dist/chunk-artifact.js:2272:10[90m)[39m
    at [90mfile:///C:/Users/gerar/Documents/GitHub/logbook/[39mnode_modules/[4m@vitest/runner[24m/dist/chunk-artifact.js:2956:64

[90mstderr[2m | tests/pwa_offline_telemetry.test.ts[2m > [22m[2mMilestone 2: PWA Analytics & Offline Workout Usage Suite[2m > [22m[2m3. Offline Queueing & Auto-Replay Engine[2m > [22m[2mretains failing items in queue if Firestore write fails during flush
[22m[39m[TelemetryHub] dispatchEventToFirestore failed non-blockingly: Error: Network drop during replay
    at C:/Users/gerar/Documents/GitHub/logbook/tests/pwa_offline_telemetry.test.ts:619:40
    at [90mfile:///C:/Users/gerar/Documents/GitHub/logbook/[39mnode_modules/[4m@vitest/runner[24m/dist/chunk-artifact.js:302:11
    at [90mfile:///C:/Users/gerar/Documents/GitHub/logbook/[39mnode_modules/[4m@vitest/runner[24m/dist/chunk-artifact.js:1903:26
    at [90mfile:///C:/Users/gerar/Documents/GitHub/logbook/[39mnode_modules/[4m@vitest/runner[24m/dist/chunk-artifact.js:2326:20
    at new Promise (<anonymous>)
    at runWithCancel [90m(file:///C:/Users/gerar/Documents/GitHub/logbook/[39mnode_modules/[4m@vitest/runner[24m/dist/chunk-artifact.js:2323:10[90m)[39m
    at [90mfile:///C:/Users/gerar/Documents/GitHub/logbook/[39mnode_modules/[4m@vitest/runner[24m/dist/chunk-artifact.js:2305:20
    at new Promise (<anonymous>)
    at runWithTimeout [90m(file:///C:/Users/gerar/Documents/GitHub/logbook/[39mnode_modules/[4m@vitest/runner[24m/dist/chunk-artifact.js:2272:10[90m)[39m
    at [90mfile:///C:/Users/gerar/Documents/GitHub/logbook/[39mnode_modules/[4m@vitest/runner[24m/dist/chunk-artifact.js:2956:64

[90mstderr[2m | tests/e2e_enhancements_r1_r6.test.tsx[2m > [22m[2mLogBook PWA Enhancements E2E Suite (Requirements R1 - R6)[2m > [22m[2mTier 2: Boundary & Corner Cases[2m > [22m[2mR1 Boundaries (Sleep Formats & Edge Values)[2m > [22m[2mT2.1.4: Incomplete sleep phase inputs (only total sleep provided, phases empty) save cleanly
[22m[39mAn update to TestComponent inside a test was not wrapped in act(...).

When testing, code that causes React state updates should be wrapped into act(...):

act(() => {
  /* fire events that update state */
});
/* assert on the output */

This ensures that you're testing the behavior the user would see in the browser. Learn more at https://react.dev/link/wrap-tests-with-act

[90mstderr[2m | tests/e2e_enhancements_r1_r6.test.tsx[2m > [22m[2mLogBook PWA Enhancements E2E Suite (Requirements R1 - R6)[2m > [22m[2mTier 2: Boundary & Corner Cases[2m > [22m[2mR1 Boundaries (Sleep Formats & Edge Values)[2m > [22m[2mT2.1.4: Incomplete sleep phase inputs (only total sleep provided, phases empty) save cleanly
[22m[39mAn update to TestComponent inside a test was not wrapped in act(...).

When testing, code that causes React state updates should be wrapped into act(...):

act(() => {
  /* fire events that update state */
});
/* assert on the output */

This ensures that you're testing the behavior the user would see in the browser. Learn more at https://react.dev/link/wrap-tests-with-act
An update to TestComponent inside a test was not wrapped in act(...).

When testing, code that causes React state updates should be wrapped into act(...):

act(() => {
  /* fire events that update state */
});
/* assert on the output */

This ensures that you're testing the behavior the user would see in the browser. Learn more at https://react.dev/link/wrap-tests-with-act
An update to TestComponent inside a test was not wrapped in act(...).

When testing, code that causes React state updates should be wrapped into act(...):

act(() => {
  /* fire events that update state */
});
/* assert on the output */

This ensures that you're testing the behavior the user would see in the browser. Learn more at https://react.dev/link/wrap-tests-with-act
An update to TestComponent inside a test was not wrapped in act(...).

When testing, code that causes React state updates should be wrapped into act(...):

act(() => {
  /* fire events that update state */
});
/* assert on the output */

This ensures that you're testing the behavior the user would see in the browser. Learn more at https://react.dev/link/wrap-tests-with-act
An update to TestComponent inside a test was not wrapped in act(...).

When testing, code that causes React state updates should be wrapped into act(...):

act(() => {
  /* fire events that update state */
});
/* assert on the output */

This ensures that you're testing the behavior the user would see in the browser. Learn more at https://react.dev/link/wrap-tests-with-act

[90mstderr[2m | tests/worker_m2_library_and_food_ui.test.tsx[2m > [22m[2mWorker M2: Exercise Library UI & Food Form Real-Time Calorie Calculation[2m > [22m[2mTrainingExercises Component UI[2m > [22m[2mdisplays badges in the exercise list for isBodyweight and equipmentWeight
[22m[39mAn update to TrainingExercises inside a test was not wrapped in act(...).

When testing, code that causes React state updates should be wrapped into act(...):

act(() => {
  /* fire events that update state */
});
/* assert on the output */

This ensures that you're testing the behavior the user would see in the browser. Learn more at https://react.dev/link/wrap-tests-with-act
An update to TrainingExercises inside a test was not wrapped in act(...).

When testing, code that causes React state updates should be wrapped into act(...):

act(() => {
  /* fire events that update state */
});
/* assert on the output */

This ensures that you're testing the behavior the user would see in the browser. Learn more at https://react.dev/link/wrap-tests-with-act

(node:15544) ExperimentalWarning: localStorage is not available because --localstorage-file was not provided.
(Use `node --trace-warnings ...` to show where the warning was created)
 [32m✓[39m tests/pwa_offline_telemetry.test.ts [2m([22m[2m21 tests[22m[2m)[22m[33m 5420[2mms[22m[39m
       [33m[2m✓[22m[39m SettingsView renders install button and triggers promptInstall on click [33m 1326[2mms[22m[39m
       [33m[2m✓[22m[39m tracks workout_saved event with offline: false, duration, and exerciseCount when online [33m 1085[2mms[22m[39m
       [33m[2m✓[22m[39m tracks workout_saved event with offline: true and buffers in localStorage when offline [33m 1042[2mms[22m[39m
       [33m[2m✓[22m[39m ensures workout saving is never interrupted if telemetry dispatch throws or times out [33m 1040[2mms[22m[39m
(node:9680) ExperimentalWarning: localStorage is not available because --localstorage-file was not provided.
(Use `node --trace-warnings ...` to show where the warning was created)
[90mstderr[2m | tests/worker_m2_library_and_food_ui.test.tsx[2m > [22m[2mWorker M2: Exercise Library UI & Food Form Real-Time Calorie Calculation[2m > [22m[2mTrainingExercises Component UI[2m > [22m[2mshows expanded exercise details for bodyweight and equipment weight
[22m[39mAn update to TrainingExercises inside a test was not wrapped in act(...).

When testing, code that causes React state updates should be wrapped into act(...):

act(() => {
  /* fire events that update state */
});
/* assert on the output */

This ensures that you're testing the behavior the user would see in the browser. Learn more at https://react.dev/link/wrap-tests-with-act
An update to TrainingExercises inside a test was not wrapped in act(...).

When testing, code that causes React state updates should be wrapped into act(...):

act(() => {
  /* fire events that update state */
});
/* assert on the output */

This ensures that you're testing the behavior the user would see in the browser. Learn more at https://react.dev/link/wrap-tests-with-act

[90mstderr[2m | tests/e2e_enhancements_r1_r6.test.tsx[2m > [22m[2mLogBook PWA Enhancements E2E Suite (Requirements R1 - R6)[2m > [22m[2mTier 2: Boundary & Corner Cases[2m > [22m[2mR3 Boundaries (Library Synchronization Edge Cases)[2m > [22m[2mT2.3.1: Library item with special characters and quotes renders safely without DOM break
[22m[39mAn update to TrainingSession inside a test was not wrapped in act(...).

When testing, code that causes React state updates should be wrapped into act(...):

act(() => {
  /* fire events that update state */
});
/* assert on the output */

This ensures that you're testing the behavior the user would see in the browser. Learn more at https://react.dev/link/wrap-tests-with-act
An update to TrainingSession inside a test was not wrapped in act(...).

When testing, code that causes React state updates should be wrapped into act(...):

act(() => {
  /* fire events that update state */
});
/* assert on the output */

This ensures that you're testing the behavior the user would see in the browser. Learn more at https://react.dev/link/wrap-tests-with-act
An update to TrainingSession inside a test was not wrapped in act(...).

When testing, code that causes React state updates should be wrapped into act(...):

act(() => {
  /* fire events that update state */
});
/* assert on the output */

This ensures that you're testing the behavior the user would see in the browser. Learn more at https://react.dev/link/wrap-tests-with-act
An update to TrainingSession inside a test was not wrapped in act(...).

When testing, code that causes React state updates should be wrapped into act(...):

act(() => {
  /* fire events that update state */
});
/* assert on the output */

This ensures that you're testing the behavior the user would see in the browser. Learn more at https://react.dev/link/wrap-tests-with-act
An update to TrainingSession inside a test was not wrapped in act(...).

When testing, code that causes React state updates should be wrapped into act(...):

act(() => {
  /* fire events that update state */
});
/* assert on the output */

This ensures that you're testing the behavior the user would see in the browser. Learn more at https://react.dev/link/wrap-tests-with-act
An update to TrainingSession inside a test was not wrapped in act(...).

When testing, code that causes React state updates should be wrapped into act(...):

act(() => {
  /* fire events that update state */
});
/* assert on the output */

This ensures that you're testing the behavior the user would see in the browser. Learn more at https://react.dev/link/wrap-tests-with-act

[90mstderr[2m | tests/e2e_enhancements_r1_r6.test.tsx[2m > [22m[2mLogBook PWA Enhancements E2E Suite (Requirements R1 - R6)[2m > [22m[2mTier 2: Boundary & Corner Cases[2m > [22m[2mR3 Boundaries (Library Synchronization Edge Cases)[2m > [22m[2mT2.3.2: Library item with undefined notes and muscles renders smoothly
[22m[39mAn update to TrainingSession inside a test was not wrapped in act(...).

When testing, code that causes React state updates should be wrapped into act(...):

act(() => {
  /* fire events that update state */
});
/* assert on the output */

This ensures that you're testing the behavior the user would see in the browser. Learn more at https://react.dev/link/wrap-tests-with-act
An update to TrainingSession inside a test was not wrapped in act(...).

When testing, code that causes React state updates should be wrapped into act(...):

act(() => {
  /* fire events that update state */
});
/* assert on the output */

This ensures that you're testing the behavior the user would see in the browser. Learn more at https://react.dev/link/wrap-tests-with-act
An update to TrainingSession inside a test was not wrapped in act(...).

When testing, code that causes React state updates should be wrapped into act(...):

act(() => {
  /* fire events that update state */
});
/* assert on the output */

This ensures that you're testing the behavior the user would see in the browser. Learn more at https://react.dev/link/wrap-tests-with-act
An update to TrainingSession inside a test was not wrapped in act(...).

When testing, code that causes React state updates should be wrapped into act(...):

act(() => {
  /* fire events that update state */
});
/* assert on the output */

This ensures that you're testing the behavior the user would see in the browser. Learn more at https://react.dev/link/wrap-tests-with-act
An update to TrainingSession inside a test was not wrapped in act(...).

When testing, code that causes React state updates should be wrapped into act(...):

act(() => {
  /* fire events that update state */
});
/* assert on the output */

This ensures that you're testing the behavior the user would see in the browser. Learn more at https://react.dev/link/wrap-tests-with-act
An update to TrainingSession inside a test was not wrapped in act(...).

When testing, code that causes React state updates should be wrapped into act(...):

act(() => {
  /* fire events that update state */
});
/* assert on the output */

This ensures that you're testing the behavior the user would see in the browser. Learn more at https://react.dev/link/wrap-tests-with-act

[90mstderr[2m | tests/e2e_enhancements_r1_r6.test.tsx[2m > [22m[2mLogBook PWA Enhancements E2E Suite (Requirements R1 - R6)[2m > [22m[2mTier 2: Boundary & Corner Cases[2m > [22m[2mR3 Boundaries (Library Synchronization Edge Cases)[2m > [22m[2mT2.3.3: Bulk library rename simultaneously updates all corresponding active session cards
[22m[39mAn update to TrainingSession inside a test was not wrapped in act(...).

When testing, code that causes React state updates should be wrapped into act(...):

act(() => {
  /* fire events that update state */
});
/* assert on the output */

This ensures that you're testing the behavior the user would see in the browser. Learn more at https://react.dev/link/wrap-tests-with-act
An update to TrainingSession inside a test was not wrapped in act(...).

When testing, code that causes React state updates should be wrapped into act(...):

act(() => {
  /* fire events that update state */
});
/* assert on the output */

This ensures that you're testing the behavior the user would see in the browser. Learn more at https://react.dev/link/wrap-tests-with-act
An update to TrainingSession inside a test was not wrapped in act(...).

When testing, code that causes React state updates should be wrapped into act(...):

act(() => {
  /* fire events that update state */
});
/* assert on the output */

This ensures that you're testing the behavior the user would see in the browser. Learn more at https://react.dev/link/wrap-tests-with-act
An update to TrainingSession inside a test was not wrapped in act(...).

When testing, code that causes React state updates should be wrapped into act(...):

act(() => {
  /* fire events that update state */
});
/* assert on the output */

This ensures that you're testing the behavior the user would see in the browser. Learn more at https://react.dev/link/wrap-tests-with-act
An update to TrainingSession inside a test was not wrapped in act(...).

When testing, code that causes React state updates should be wrapped into act(...):

act(() => {
  /* fire events that update state */
});
/* assert on the output */

This ensures that you're testing the behavior the user would see in the browser. Learn more at https://react.dev/link/wrap-tests-with-act
An update to TrainingSession inside a test was not wrapped in act(...).

When testing, code that causes React state updates should be wrapped into act(...):

act(() => {
  /* fire events that update state */
});
/* assert on the output */

This ensures that you're testing the behavior the user would see in the browser. Learn more at https://react.dev/link/wrap-tests-with-act

 [32m✓[39m tests/worker_m2_library_and_food_ui.test.tsx [2m([22m[2m14 tests[22m[2m)[22m[33m 4434[2mms[22m[39m
       [33m[2m✓[22m[39m handleSaveExercise creates new exercise with isBodyweight and equipmentWeight [33m 1020[2mms[22m[39m
       [33m[2m✓[22m[39m handleSaveExercise updates existing exercise and preserves isBodyweight & equipmentWeight [33m 1010[2mms[22m[39m
       [33m[2m✓[22m[39m renders isBodyweight checkbox and equipmentWeight input when trackingType is weight_reps [33m 835[2mms[22m[39m
       [33m[2m✓[22m[39m displays badges in the exercise list for isBodyweight and equipmentWeight [33m 596[2mms[22m[39m
[90mstdout[2m | tests/challenger_svg_scaling_stress.test.tsx[2m > [22m[2mEmpirical Challenger: SVG Width Scaling & Horizontal Overflow Stress Suite[2m > [22m[2mMuscleModel SVG width ratio >= 90% for container width 280px
[22m[39m[STRESS TEST] Container Width: 280px -> Computed SVG Width: 280px (Ratio: 100.0%)

[90mstderr[2m | tests/e2e_enhancements_r1_r6.test.tsx[2m > [22m[2mLogBook PWA Enhancements E2E Suite (Requirements R1 - R6)[2m > [22m[2mTier 2: Boundary & Corner Cases[2m > [22m[2mR3 Boundaries (Library Synchronization Edge Cases)[2m > [22m[2mT2.3.4: Library lookup resolves exact ID match in exercise card title even when IDs share prefixes
[22m[39mAn update to TrainingSession inside a test was not wrapped in act(...).

When testing, code that causes React state updates should be wrapped into act(...):

act(() => {
  /* fire events that update state */
});
/* assert on the output */

This ensures that you're testing the behavior the user would see in the browser. Learn more at https://react.dev/link/wrap-tests-with-act
An update to TrainingSession inside a test was not wrapped in act(...).

When testing, code that causes React state updates should be wrapped into act(...):

act(() => {
  /* fire events that update state */
});
/* assert on the output */

This ensures that you're testing the behavior the user would see in the browser. Learn more at https://react.dev/link/wrap-tests-with-act
An update to TrainingSession inside a test was not wrapped in act(...).

When testing, code that causes React state updates should be wrapped into act(...):

act(() => {
  /* fire events that update state */
});
/* assert on the output */

This ensures that you're testing the behavior the user would see in the browser. Learn more at https://react.dev/link/wrap-tests-with-act
An update to TrainingSession inside a test was not wrapped in act(...).

When testing, code that causes React state updates should be wrapped into act(...):

act(() => {
  /* fire events that update state */
});
/* assert on the output */

This ensures that you're testing the behavior the user would see in the browser. Learn more at https://react.dev/link/wrap-tests-with-act
An update to TrainingSession inside a test was not wrapped in act(...).

When testing, code that causes React state updates should be wrapped into act(...):

act(() => {
  /* fire events that update state */
});
/* assert on the output */

This ensures that you're testing the behavior the user would see in the browser. Learn more at https://react.dev/link/wrap-tests-with-act
An update to TrainingSession inside a test was not wrapped in act(...).

When testing, code that causes React state updates should be wrapped into act(...):

act(() => {
  /* fire events that update state */
});
/* assert on the output */

This ensures that you're testing the behavior the user would see in the browser. Learn more at https://react.dev/link/wrap-tests-with-act

[90mstderr[2m | tests/challenger_m1_sleep_stress.test.tsx[2m > [22m[2mEmpirical Challenger: Sleep Format in HH:MM & State Integration Stress Suite[2m > [22m[2m1. UI Component Re-renders & Form State Synchronization[2m > [22m[2mrenders DataSleep and synchronizes inputs via fireEvent across all 5 fields
[22m[39mAn update to SleepIntegratedView inside a test was not wrapped in act(...).

When testing, code that causes React state updates should be wrapped into act(...):

act(() => {
  /* fire events that update state */
});
/* assert on the output */

This ensures that you're testing the behavior the user would see in the browser. Learn more at https://react.dev/link/wrap-tests-with-act
An update to SleepIntegratedView inside a test was not wrapped in act(...).

When testing, code that causes React state updates should be wrapped into act(...):

act(() => {
  /* fire events that update state */
});
/* assert on the output */

This ensures that you're testing the behavior the user would see in the browser. Learn more at https://react.dev/link/wrap-tests-with-act
An update to SleepIntegratedView inside a test was not wrapped in act(...).

When testing, code that causes React state updates should be wrapped into act(...):

act(() => {
  /* fire events that update state */
});
/* assert on the output */

This ensures that you're testing the behavior the user would see in the browser. Learn more at https://react.dev/link/wrap-tests-with-act
An update to SleepIntegratedView inside a test was not wrapped in act(...).

When testing, code that causes React state updates should be wrapped into act(...):

act(() => {
  /* fire events that update state */
});
/* assert on the output */

This ensures that you're testing the behavior the user would see in the browser. Learn more at https://react.dev/link/wrap-tests-with-act
An update to SleepIntegratedView inside a test was not wrapped in act(...).

When testing, code that causes React state updates should be wrapped into act(...):

act(() => {
  /* fire events that update state */
});
/* assert on the output */

This ensures that you're testing the behavior the user would see in the browser. Learn more at https://react.dev/link/wrap-tests-with-act
An update to SleepIntegratedView inside a test was not wrapped in act(...).

When testing, code that causes React state updates should be wrapped into act(...):

act(() => {
  /* fire events that update state */
});
/* assert on the output */

This ensures that you're testing the behavior the user would see in the browser. Learn more at https://react.dev/link/wrap-tests-with-act
An update to SleepIntegratedView inside a test was not wrapped in act(...).

When testing, code that causes React state updates should be wrapped into act(...):

act(() => {
  /* fire events that update state */
});
/* assert on the output */

This ensures that you're testing the behavior the user would see in the browser. Learn more at https://react.dev/link/wrap-tests-with-act

[90mstdout[2m | tests/challenger_svg_scaling_stress.test.tsx[2m > [22m[2mEmpirical Challenger: SVG Width Scaling & Horizontal Overflow Stress Suite[2m > [22m[2mMuscleModel SVG width ratio >= 90% for container width 320px
[22m[39m[STRESS TEST] Container Width: 320px -> Computed SVG Width: 320px (Ratio: 100.0%)

[90mstderr[2m | tests/e2e_enhancements_r1_r6.test.tsx[2m > [22m[2mLogBook PWA Enhancements E2E Suite (Requirements R1 - R6)[2m > [22m[2mTier 2: Boundary & Corner Cases[2m > [22m[2mR6 Boundaries (Ad-Hoc Session Modifications)[2m > [22m[2mT2.6.5: Cancelling history edit (cancelHistoryEdit) discards ad-hoc edits cleanly
[22m[39mAn update to TestComponent inside a test was not wrapped in act(...).

When testing, code that causes React state updates should be wrapped into act(...):

act(() => {
  /* fire events that update state */
});
/* assert on the output */

This ensures that you're testing the behavior the user would see in the browser. Learn more at https://react.dev/link/wrap-tests-with-act
An update to TestComponent inside a test was not wrapped in act(...).

When testing, code that causes React state updates should be wrapped into act(...):

act(() => {
  /* fire events that update state */
});
/* assert on the output */

This ensures that you're testing the behavior the user would see in the browser. Learn more at https://react.dev/link/wrap-tests-with-act
An update to TestComponent inside a test was not wrapped in act(...).

When testing, code that causes React state updates should be wrapped into act(...):

act(() => {
  /* fire events that update state */
});
/* assert on the output */

This ensures that you're testing the behavior the user would see in the browser. Learn more at https://react.dev/link/wrap-tests-with-act

[90mstdout[2m | tests/challenger_svg_scaling_stress.test.tsx[2m > [22m[2mEmpirical Challenger: SVG Width Scaling & Horizontal Overflow Stress Suite[2m > [22m[2mMuscleModel SVG width ratio >= 90% for container width 375px
[22m[39m[STRESS TEST] Container Width: 375px -> Computed SVG Width: 375px (Ratio: 100.0%)

[90mstderr[2m | tests/e2e_enhancements_r1_r6.test.tsx[2m > [22m[2mLogBook PWA Enhancements E2E Suite (Requirements R1 - R6)[2m > [22m[2mTier 3: Cross-Feature Interactions & Combinations[2m > [22m[2mT3.1: Ad-Hoc Exercise Addition + Live Reordering + Real-Time Library Sync
[22m[39mAn update to TrainingSession inside a test was not wrapped in act(...).

When testing, code that causes React state updates should be wrapped into act(...):

act(() => {
  /* fire events that update state */
});
/* assert on the output */

This ensures that you're testing the behavior the user would see in the browser. Learn more at https://react.dev/link/wrap-tests-with-act
An update to TrainingSession inside a test was not wrapped in act(...).

When testing, code that causes React state updates should be wrapped into act(...):

act(() => {
  /* fire events that update state */
});
/* assert on the output */

This ensures that you're testing the behavior the user would see in the browser. Learn more at https://react.dev/link/wrap-tests-with-act
An update to TrainingSession inside a test was not wrapped in act(...).

When testing, code that causes React state updates should be wrapped into act(...):

act(() => {
  /* fire events that update state */
});
/* assert on the output */

This ensures that you're testing the behavior the user would see in the browser. Learn more at https://react.dev/link/wrap-tests-with-act
An update to TrainingSession inside a test was not wrapped in act(...).

When testing, code that causes React state updates should be wrapped into act(...):

act(() => {
  /* fire events that update state */
});
/* assert on the output */

This ensures that you're testing the behavior the user would see in the browser. Learn more at https://react.dev/link/wrap-tests-with-act
An update to TrainingSession inside a test was not wrapped in act(...).

When testing, code that causes React state updates should be wrapped into act(...):

act(() => {
  /* fire events that update state */
});
/* assert on the output */

This ensures that you're testing the behavior the user would see in the browser. Learn more at https://react.dev/link/wrap-tests-with-act
An update to TrainingSession inside a test was not wrapped in act(...).

When testing, code that causes React state updates should be wrapped into act(...):

act(() => {
  /* fire events that update state */
});
/* assert on the output */

This ensures that you're testing the behavior the user would see in the browser. Learn more at https://react.dev/link/wrap-tests-with-act

[90mstderr[2m | tests/challenger_m1_sleep_stress.test.tsx[2m > [22m[2mEmpirical Challenger: Sleep Format in HH:MM & State Integration Stress Suite[2m > [22m[2m1. UI Component Re-renders & Form State Synchronization[2m > [22m[2mswitches between dates dynamically and synchronizes form values without stale data
[22m[39mAn update to SleepIntegratedView inside a test was not wrapped in act(...).

When testing, code that causes React state updates should be wrapped into act(...):

act(() => {
  /* fire events that update state */
});
/* assert on the output */

This ensures that you're testing the behavior the user would see in the browser. Learn more at https://react.dev/link/wrap-tests-with-act
An update to SleepIntegratedView inside a test was not wrapped in act(...).

When testing, code that causes React state updates should be wrapped into act(...):

act(() => {
  /* fire events that update state */
});
/* assert on the output */

This ensures that you're testing the behavior the user would see in the browser. Learn more at https://react.dev/link/wrap-tests-with-act
An update to SleepIntegratedView inside a test was not wrapped in act(...).

When testing, code that causes React state updates should be wrapped into act(...):

act(() => {
  /* fire events that update state */
});
/* assert on the output */

This ensures that you're testing the behavior the user would see in the browser. Learn more at https://react.dev/link/wrap-tests-with-act
An update to SleepIntegratedView inside a test was not wrapped in act(...).

When testing, code that causes React state updates should be wrapped into act(...):

act(() => {
  /* fire events that update state */
});
/* assert on the output */

This ensures that you're testing the behavior the user would see in the browser. Learn more at https://react.dev/link/wrap-tests-with-act
An update to SleepIntegratedView inside a test was not wrapped in act(...).

When testing, code that causes React state updates should be wrapped into act(...):

act(() => {
  /* fire events that update state */
});
/* assert on the output */

This ensures that you're testing the behavior the user would see in the browser. Learn more at https://react.dev/link/wrap-tests-with-act
An update to SleepIntegratedView inside a test was not wrapped in act(...).

When testing, code that causes React state updates should be wrapped into act(...):

act(() => {
  /* fire events that update state */
});
/* assert on the output */

This ensures that you're testing the behavior the user would see in the browser. Learn more at https://react.dev/link/wrap-tests-with-act
An update to SleepIntegratedView inside a test was not wrapped in act(...).

When testing, code that causes React state updates should be wrapped into act(...):

act(() => {
  /* fire events that update state */
});
/* assert on the output */

This ensures that you're testing the behavior the user would see in the browser. Learn more at https://react.dev/link/wrap-tests-with-act

[90mstderr[2m | tests/challenger_m1_sleep_stress.test.tsx[2m > [22m[2mEmpirical Challenger: Sleep Format in HH:MM & State Integration Stress Suite[2m > [22m[2m2. Hydration from Stored State (Legacy & Modern Formats)[2m > [22m[2mhydrates legacy decimal numbers (e.g. 7.5, 1.5) into HH:MM in form inputs
[22m[39mAn update to SleepIntegratedView inside a test was not wrapped in act(...).

When testing, code that causes React state updates should be wrapped into act(...):

act(() => {
  /* fire events that update state */
});
/* assert on the output */

This ensures that you're testing the behavior the user would see in the browser. Learn more at https://react.dev/link/wrap-tests-with-act
An update to SleepIntegratedView inside a test was not wrapped in act(...).

When testing, code that causes React state updates should be wrapped into act(...):

act(() => {
  /* fire events that update state */
});
/* assert on the output */

This ensures that you're testing the behavior the user would see in the browser. Learn more at https://react.dev/link/wrap-tests-with-act
An update to SleepIntegratedView inside a test was not wrapped in act(...).

When testing, code that causes React state updates should be wrapped into act(...):

act(() => {
  /* fire events that update state */
});
/* assert on the output */

This ensures that you're testing the behavior the user would see in the browser. Learn more at https://react.dev/link/wrap-tests-with-act
An update to SleepIntegratedView inside a test was not wrapped in act(...).

When testing, code that causes React state updates should be wrapped into act(...):

act(() => {
  /* fire events that update state */
});
/* assert on the output */

This ensures that you're testing the behavior the user would see in the browser. Learn more at https://react.dev/link/wrap-tests-with-act
An update to SleepIntegratedView inside a test was not wrapped in act(...).

When testing, code that causes React state updates should be wrapped into act(...):

act(() => {
  /* fire events that update state */
});
/* assert on the output */

This ensures that you're testing the behavior the user would see in the browser. Learn more at https://react.dev/link/wrap-tests-with-act
An update to SleepIntegratedView inside a test was not wrapped in act(...).

When testing, code that causes React state updates should be wrapped into act(...):

act(() => {
  /* fire events that update state */
});
/* assert on the output */

This ensures that you're testing the behavior the user would see in the browser. Learn more at https://react.dev/link/wrap-tests-with-act
An update to SleepIntegratedView inside a test was not wrapped in act(...).

When testing, code that causes React state updates should be wrapped into act(...):

act(() => {
  /* fire events that update state */
});
/* assert on the output */

This ensures that you're testing the behavior the user would see in the browser. Learn more at https://react.dev/link/wrap-tests-with-act

[90mstdout[2m | tests/challenger_svg_scaling_stress.test.tsx[2m > [22m[2mEmpirical Challenger: SVG Width Scaling & Horizontal Overflow Stress Suite[2m > [22m[2mMuscleModel SVG width ratio >= 90% for container width 414px
[22m[39m[STRESS TEST] Container Width: 414px -> Computed SVG Width: 414px (Ratio: 100.0%)

(node:2480) ExperimentalWarning: localStorage is not available because --localstorage-file was not provided.
(Use `node --trace-warnings ...` to show where the warning was created)
[90mstderr[2m | tests/challenger_m1_sleep_stress.test.tsx[2m > [22m[2mEmpirical Challenger: Sleep Format in HH:MM & State Integration Stress Suite[2m > [22m[2m2. Hydration from Stored State (Legacy & Modern Formats)[2m > [22m[2mhydrates legacy decimal strings and shorthand formats into canonical HH:MM
[22m[39mAn update to SleepIntegratedView inside a test was not wrapped in act(...).

When testing, code that causes React state updates should be wrapped into act(...):

act(() => {
  /* fire events that update state */
});
/* assert on the output */

This ensures that you're testing the behavior the user would see in the browser. Learn more at https://react.dev/link/wrap-tests-with-act
An update to SleepIntegratedView inside a test was not wrapped in act(...).

When testing, code that causes React state updates should be wrapped into act(...):

act(() => {
  /* fire events that update state */
});
/* assert on the output */

This ensures that you're testing the behavior the user would see in the browser. Learn more at https://react.dev/link/wrap-tests-with-act
An update to SleepIntegratedView inside a test was not wrapped in act(...).

When testing, code that causes React state updates should be wrapped into act(...):

act(() => {
  /* fire events that update state */
});
/* assert on the output */

This ensures that you're testing the behavior the user would see in the browser. Learn more at https://react.dev/link/wrap-tests-with-act
An update to SleepIntegratedView inside a test was not wrapped in act(...).

When testing, code that causes React state updates should be wrapped into act(...):

act(() => {
  /* fire events that update state */
});
/* assert on the output */

This ensures that you're testing the behavior the user would see in the browser. Learn more at https://react.dev/link/wrap-tests-with-act
An update to SleepIntegratedView inside a test was not wrapped in act(...).

When testing, code that causes React state updates should be wrapped into act(...):

act(() => {
  /* fire events that update state */
});
/* assert on the output */

This ensures that you're testing the behavior the user would see in the browser. Learn more at https://react.dev/link/wrap-tests-with-act
An update to SleepIntegratedView inside a test was not wrapped in act(...).

When testing, code that causes React state updates should be wrapped into act(...):

act(() => {
  /* fire events that update state */
});
/* assert on the output */

This ensures that you're testing the behavior the user would see in the browser. Learn more at https://react.dev/link/wrap-tests-with-act
An update to SleepIntegratedView inside a test was not wrapped in act(...).

When testing, code that causes React state updates should be wrapped into act(...):

act(() => {
  /* fire events that update state */
});
/* assert on the output */

This ensures that you're testing the behavior the user would see in the browser. Learn more at https://react.dev/link/wrap-tests-with-act

[90mstdout[2m | tests/challenger_svg_scaling_stress.test.tsx[2m > [22m[2mEmpirical Challenger: SVG Width Scaling & Horizontal Overflow Stress Suite[2m > [22m[2mMuscleModel SVG width ratio >= 90% for container width 480px
[22m[39m[STRESS TEST] Container Width: 480px -> Computed SVG Width: 480px (Ratio: 100.0%)

[90mstderr[2m | tests/challenger_m1_sleep_stress.test.tsx[2m > [22m[2mEmpirical Challenger: Sleep Format in HH:MM & State Integration Stress Suite[2m > [22m[2m2. Hydration from Stored State (Legacy & Modern Formats)[2m > [22m[2mhydrates corrupt / out-of-range values gracefully into empty strings without crash
[22m[39mAn update to SleepIntegratedView inside a test was not wrapped in act(...).

When testing, code that causes React state updates should be wrapped into act(...):

act(() => {
  /* fire events that update state */
});
/* assert on the output */

This ensures that you're testing the behavior the user would see in the browser. Learn more at https://react.dev/link/wrap-tests-with-act
An update to SleepIntegratedView inside a test was not wrapped in act(...).

When testing, code that causes React state updates should be wrapped into act(...):

act(() => {
  /* fire events that update state */
});
/* assert on the output */

This ensures that you're testing the behavior the user would see in the browser. Learn more at https://react.dev/link/wrap-tests-with-act
An update to SleepIntegratedView inside a test was not wrapped in act(...).

When testing, code that causes React state updates should be wrapped into act(...):

act(() => {
  /* fire events that update state */
});
/* assert on the output */

This ensures that you're testing the behavior the user would see in the browser. Learn more at https://react.dev/link/wrap-tests-with-act
An update to SleepIntegratedView inside a test was not wrapped in act(...).

When testing, code that causes React state updates should be wrapped into act(...):

act(() => {
  /* fire events that update state */
});
/* assert on the output */

This ensures that you're testing the behavior the user would see in the browser. Learn more at https://react.dev/link/wrap-tests-with-act
An update to SleepIntegratedView inside a test was not wrapped in act(...).

When testing, code that causes React state updates should be wrapped into act(...):

act(() => {
  /* fire events that update state */
});
/* assert on the output */

This ensures that you're testing the behavior the user would see in the browser. Learn more at https://react.dev/link/wrap-tests-with-act
An update to SleepIntegratedView inside a test was not wrapped in act(...).

When testing, code that causes React state updates should be wrapped into act(...):

act(() => {
  /* fire events that update state */
});
/* assert on the output */

This ensures that you're testing the behavior the user would see in the browser. Learn more at https://react.dev/link/wrap-tests-with-act
An update to SleepIntegratedView inside a test was not wrapped in act(...).

When testing, code that causes React state updates should be wrapped into act(...):

act(() => {
  /* fire events that update state */
});
/* assert on the output */

This ensures that you're testing the behavior the user would see in the browser. Learn more at https://react.dev/link/wrap-tests-with-act

[90mstdout[2m | tests/challenger_svg_scaling_stress.test.tsx[2m > [22m[2mEmpirical Challenger: SVG Width Scaling & Horizontal Overflow Stress Suite[2m > [22m[2mMuscleModel SVG width ratio >= 90% for container width 600px
[22m[39m[STRESS TEST] Container Width: 600px -> Computed SVG Width: 600px (Ratio: 100.0%)

[90mstderr[2m | tests/challenger_m1_sleep_stress.test.tsx[2m > [22m[2mEmpirical Challenger: Sleep Format in HH:MM & State Integration Stress Suite[2m > [22m[2m3. Clearing Optional Sleep Phases[2m > [22m[2mclears all optional sleep phases when user deletes them, leaving them undefined in store
[22m[39mAn update to SleepIntegratedView inside a test was not wrapped in act(...).

When testing, code that causes React state updates should be wrapped into act(...):

act(() => {
  /* fire events that update state */
});
/* assert on the output */

This ensures that you're testing the behavior the user would see in the browser. Learn more at https://react.dev/link/wrap-tests-with-act
An update to SleepIntegratedView inside a test was not wrapped in act(...).

When testing, code that causes React state updates should be wrapped into act(...):

act(() => {
  /* fire events that update state */
});
/* assert on the output */

This ensures that you're testing the behavior the user would see in the browser. Learn more at https://react.dev/link/wrap-tests-with-act
An update to SleepIntegratedView inside a test was not wrapped in act(...).

When testing, code that causes React state updates should be wrapped into act(...):

act(() => {
  /* fire events that update state */
});
/* assert on the output */

This ensures that you're testing the behavior the user would see in the browser. Learn more at https://react.dev/link/wrap-tests-with-act
An update to SleepIntegratedView inside a test was not wrapped in act(...).

When testing, code that causes React state updates should be wrapped into act(...):

act(() => {
  /* fire events that update state */
});
/* assert on the output */

This ensures that you're testing the behavior the user would see in the browser. Learn more at https://react.dev/link/wrap-tests-with-act
An update to SleepIntegratedView inside a test was not wrapped in act(...).

When testing, code that causes React state updates should be wrapped into act(...):

act(() => {
  /* fire events that update state */
});
/* assert on the output */

This ensures that you're testing the behavior the user would see in the browser. Learn more at https://react.dev/link/wrap-tests-with-act
An update to SleepIntegratedView inside a test was not wrapped in act(...).

When testing, code that causes React state updates should be wrapped into act(...):

act(() => {
  /* fire events that update state */
});
/* assert on the output */

This ensures that you're testing the behavior the user would see in the browser. Learn more at https://react.dev/link/wrap-tests-with-act
An update to SleepIntegratedView inside a test was not wrapped in act(...).

When testing, code that causes React state updates should be wrapped into act(...):

act(() => {
  /* fire events that update state */
});
/* assert on the output */

This ensures that you're testing the behavior the user would see in the browser. Learn more at https://react.dev/link/wrap-tests-with-act

[90mstderr[2m | tests/challenger_m1_sleep_stress.test.tsx[2m > [22m[2mEmpirical Challenger: Sleep Format in HH:MM & State Integration Stress Suite[2m > [22m[2m3. Clearing Optional Sleep Phases[2m > [22m[2mallows partial clearing of optional phases (e.g. keeping deep and light, clearing rem and awake)
[22m[39mAn update to SleepIntegratedView inside a test was not wrapped in act(...).

When testing, code that causes React state updates should be wrapped into act(...):

act(() => {
  /* fire events that update state */
});
/* assert on the output */

This ensures that you're testing the behavior the user would see in the browser. Learn more at https://react.dev/link/wrap-tests-with-act
An update to SleepIntegratedView inside a test was not wrapped in act(...).

When testing, code that causes React state updates should be wrapped into act(...):

act(() => {
  /* fire events that update state */
});
/* assert on the output */

This ensures that you're testing the behavior the user would see in the browser. Learn more at https://react.dev/link/wrap-tests-with-act
An update to SleepIntegratedView inside a test was not wrapped in act(...).

When testing, code that causes React state updates should be wrapped into act(...):

act(() => {
  /* fire events that update state */
});
/* assert on the output */

This ensures that you're testing the behavior the user would see in the browser. Learn more at https://react.dev/link/wrap-tests-with-act
An update to SleepIntegratedView inside a test was not wrapped in act(...).

When testing, code that causes React state updates should be wrapped into act(...):

act(() => {
  /* fire events that update state */
});
/* assert on the output */

This ensures that you're testing the behavior the user would see in the browser. Learn more at https://react.dev/link/wrap-tests-with-act
An update to SleepIntegratedView inside a test was not wrapped in act(...).

When testing, code that causes React state updates should be wrapped into act(...):

act(() => {
  /* fire events that update state */
});
/* assert on the output */

This ensures that you're testing the behavior the user would see in the browser. Learn more at https://react.dev/link/wrap-tests-with-act
An update to SleepIntegratedView inside a test was not wrapped in act(...).

When testing, code that causes React state updates should be wrapped into act(...):

act(() => {
  /* fire events that update state */
});
/* assert on the output */

This ensures that you're testing the behavior the user would see in the browser. Learn more at https://react.dev/link/wrap-tests-with-act
An update to SleepIntegratedView inside a test was not wrapped in act(...).

When testing, code that causes React state updates should be wrapped into act(...):

act(() => {
  /* fire events that update state */
});
/* assert on the output */

This ensures that you're testing the behavior the user would see in the browser. Learn more at https://react.dev/link/wrap-tests-with-act

[90mstdout[2m | tests/challenger_svg_scaling_stress.test.tsx[2m > [22m[2mEmpirical Challenger: SVG Width Scaling & Horizontal Overflow Stress Suite[2m > [22m[2mMuscleModel SVG width ratio >= 90% for container width 768px
[22m[39m[STRESS TEST] Container Width: 768px -> Computed SVG Width: 768px (Ratio: 100.0%)

[90mstderr[2m | tests/challenger_m1_sleep_stress.test.tsx[2m > [22m[2mEmpirical Challenger: Sleep Format in HH:MM & State Integration Stress Suite[2m > [22m[2m4. Saving Total Sleep Validation & Alerts[2m > [22m[2mblocks save and shows alert when sleepHours is empty
[22m[39mAn update to SleepIntegratedView inside a test was not wrapped in act(...).

When testing, code that causes React state updates should be wrapped into act(...):

act(() => {
  /* fire events that update state */
});
/* assert on the output */

This ensures that you're testing the behavior the user would see in the browser. Learn more at https://react.dev/link/wrap-tests-with-act
An update to SleepIntegratedView inside a test was not wrapped in act(...).

When testing, code that causes React state updates should be wrapped into act(...):

act(() => {
  /* fire events that update state */
});
/* assert on the output */

This ensures that you're testing the behavior the user would see in the browser. Learn more at https://react.dev/link/wrap-tests-with-act
An update to SleepIntegratedView inside a test was not wrapped in act(...).

When testing, code that causes React state updates should be wrapped into act(...):

act(() => {
  /* fire events that update state */
});
/* assert on the output */

This ensures that you're testing the behavior the user would see in the browser. Learn more at https://react.dev/link/wrap-tests-with-act
An update to SleepIntegratedView inside a test was not wrapped in act(...).

When testing, code that causes React state updates should be wrapped into act(...):

act(() => {
  /* fire events that update state */
});
/* assert on the output */

This ensures that you're testing the behavior the user would see in the browser. Learn more at https://react.dev/link/wrap-tests-with-act
An update to SleepIntegratedView inside a test was not wrapped in act(...).

When testing, code that causes React state updates should be wrapped into act(...):

act(() => {
  /* fire events that update state */
});
/* assert on the output */

This ensures that you're testing the behavior the user would see in the browser. Learn more at https://react.dev/link/wrap-tests-with-act
An update to SleepIntegratedView inside a test was not wrapped in act(...).

When testing, code that causes React state updates should be wrapped into act(...):

act(() => {
  /* fire events that update state */
});
/* assert on the output */

This ensures that you're testing the behavior the user would see in the browser. Learn more at https://react.dev/link/wrap-tests-with-act
An update to SleepIntegratedView inside a test was not wrapped in act(...).

When testing, code that causes React state updates should be wrapped into act(...):

act(() => {
  /* fire events that update state */
});
/* assert on the output */

This ensures that you're testing the behavior the user would see in the browser. Learn more at https://react.dev/link/wrap-tests-with-act

[90mstderr[2m | tests/challenger_m1_sleep_stress.test.tsx[2m > [22m[2mEmpirical Challenger: Sleep Format in HH:MM & State Integration Stress Suite[2m > [22m[2m4. Saving Total Sleep Validation & Alerts[2m > [22m[2mblocks save and shows alert when sleepHours is invalid (e.g. 25:00 or random text)
[22m[39mAn update to SleepIntegratedView inside a test was not wrapped in act(...).

When testing, code that causes React state updates should be wrapped into act(...):

act(() => {
  /* fire events that update state */
});
/* assert on the output */

This ensures that you're testing the behavior the user would see in the browser. Learn more at https://react.dev/link/wrap-tests-with-act
An update to SleepIntegratedView inside a test was not wrapped in act(...).

When testing, code that causes React state updates should be wrapped into act(...):

act(() => {
  /* fire events that update state */
});
/* assert on the output */

This ensures that you're testing the behavior the user would see in the browser. Learn more at https://react.dev/link/wrap-tests-with-act
An update to SleepIntegratedView inside a test was not wrapped in act(...).

When testing, code that causes React state updates should be wrapped into act(...):

act(() => {
  /* fire events that update state */
});
/* assert on the output */

This ensures that you're testing the behavior the user would see in the browser. Learn more at https://react.dev/link/wrap-tests-with-act
An update to SleepIntegratedView inside a test was not wrapped in act(...).

When testing, code that causes React state updates should be wrapped into act(...):

act(() => {
  /* fire events that update state */
});
/* assert on the output */

This ensures that you're testing the behavior the user would see in the browser. Learn more at https://react.dev/link/wrap-tests-with-act
An update to SleepIntegratedView inside a test was not wrapped in act(...).

When testing, code that causes React state updates should be wrapped into act(...):

act(() => {
  /* fire events that update state */
});
/* assert on the output */

This ensures that you're testing the behavior the user would see in the browser. Learn more at https://react.dev/link/wrap-tests-with-act
An update to SleepIntegratedView inside a test was not wrapped in act(...).

When testing, code that causes React state updates should be wrapped into act(...):

act(() => {
  /* fire events that update state */
});
/* assert on the output */

This ensures that you're testing the behavior the user would see in the browser. Learn more at https://react.dev/link/wrap-tests-with-act
An update to SleepIntegratedView inside a test was not wrapped in act(...).

When testing, code that causes React state updates should be wrapped into act(...):

act(() => {
  /* fire events that update state */
});
/* assert on the output */

This ensures that you're testing the behavior the user would see in the browser. Learn more at https://react.dev/link/wrap-tests-with-act

[90mstderr[2m | tests/challenger_m1_sleep_stress.test.tsx[2m > [22m[2mEmpirical Challenger: Sleep Format in HH:MM & State Integration Stress Suite[2m > [22m[2m4. Saving Total Sleep Validation & Alerts[2m > [22m[2mblocks save and shows specific alert when an optional phase format is invalid
[22m[39mAn update to TestComponent inside a test was not wrapped in act(...).

When testing, code that causes React state updates should be wrapped into act(...):

act(() => {
  /* fire events that update state */
});
/* assert on the output */

This ensures that you're testing the behavior the user would see in the browser. Learn more at https://react.dev/link/wrap-tests-with-act

[90mstderr[2m | tests/challenger_m1_sleep_stress.test.tsx[2m > [22m[2mEmpirical Challenger: Sleep Format in HH:MM & State Integration Stress Suite[2m > [22m[2m4. Saving Total Sleep Validation & Alerts[2m > [22m[2mblocks save and shows specific alert when an optional phase format is invalid
[22m[39mAn update to TestComponent inside a test was not wrapped in act(...).

When testing, code that causes React state updates should be wrapped into act(...):

act(() => {
  /* fire events that update state */
});
/* assert on the output */

This ensures that you're testing the behavior the user would see in the browser. Learn more at https://react.dev/link/wrap-tests-with-act
An update to TestComponent inside a test was not wrapped in act(...).

When testing, code that causes React state updates should be wrapped into act(...):

act(() => {
  /* fire events that update state */
});
/* assert on the output */

This ensures that you're testing the behavior the user would see in the browser. Learn more at https://react.dev/link/wrap-tests-with-act
An update to TestComponent inside a test was not wrapped in act(...).

When testing, code that causes React state updates should be wrapped into act(...):

act(() => {
  /* fire events that update state */
});
/* assert on the output */

This ensures that you're testing the behavior the user would see in the browser. Learn more at https://react.dev/link/wrap-tests-with-act
An update to TestComponent inside a test was not wrapped in act(...).

When testing, code that causes React state updates should be wrapped into act(...):

act(() => {
  /* fire events that update state */
});
/* assert on the output */

This ensures that you're testing the behavior the user would see in the browser. Learn more at https://react.dev/link/wrap-tests-with-act
An update to TestComponent inside a test was not wrapped in act(...).

When testing, code that causes React state updates should be wrapped into act(...):

act(() => {
  /* fire events that update state */
});
/* assert on the output */

This ensures that you're testing the behavior the user would see in the browser. Learn more at https://react.dev/link/wrap-tests-with-act

[90mstdout[2m | tests/challenger_svg_scaling_stress.test.tsx[2m > [22m[2mEmpirical Challenger: SVG Width Scaling & Horizontal Overflow Stress Suite[2m > [22m[2mMuscleModel SVG width ratio >= 90% for container width 900px
[22m[39m[STRESS TEST] Container Width: 900px -> Computed SVG Width: 900px (Ratio: 100.0%)

[90mstderr[2m | tests/routine_editor_fuzzy_search.test.tsx[2m > [22m[2mIntelligent Exercise Search & Dropdown Suite (M3: R4 & R6)[2m > [22m[2m4. TrainingSession Ad-Hoc Extra Exercise Integration[2m > [22m[2m4.1: TrainingSession renders ExerciseSearchDropdown for extra exercises
[22m[39mAn update to TrainingSession inside a test was not wrapped in act(...).

When testing, code that causes React state updates should be wrapped into act(...):

act(() => {
  /* fire events that update state */
});
/* assert on the output */

This ensures that you're testing the behavior the user would see in the browser. Learn more at https://react.dev/link/wrap-tests-with-act
An update to TrainingSession inside a test was not wrapped in act(...).

When testing, code that causes React state updates should be wrapped into act(...):

act(() => {
  /* fire events that update state */
});
/* assert on the output */

This ensures that you're testing the behavior the user would see in the browser. Learn more at https://react.dev/link/wrap-tests-with-act
An update to TrainingSession inside a test was not wrapped in act(...).

When testing, code that causes React state updates should be wrapped into act(...):

act(() => {
  /* fire events that update state */
});
/* assert on the output */

This ensures that you're testing the behavior the user would see in the browser. Learn more at https://react.dev/link/wrap-tests-with-act
An update to TrainingSession inside a test was not wrapped in act(...).

When testing, code that causes React state updates should be wrapped into act(...):

act(() => {
  /* fire events that update state */
});
/* assert on the output */

This ensures that you're testing the behavior the user would see in the browser. Learn more at https://react.dev/link/wrap-tests-with-act
An update to TrainingSession inside a test was not wrapped in act(...).

When testing, code that causes React state updates should be wrapped into act(...):

act(() => {
  /* fire events that update state */
});
/* assert on the output */

This ensures that you're testing the behavior the user would see in the browser. Learn more at https://react.dev/link/wrap-tests-with-act
An update to TrainingSession inside a test was not wrapped in act(...).

When testing, code that causes React state updates should be wrapped into act(...):

act(() => {
  /* fire events that update state */
});
/* assert on the output */

This ensures that you're testing the behavior the user would see in the browser. Learn more at https://react.dev/link/wrap-tests-with-act

[90mstdout[2m | tests/challenger_svg_scaling_stress.test.tsx[2m > [22m[2mEmpirical Challenger: SVG Width Scaling & Horizontal Overflow Stress Suite[2m > [22m[2mMuscleModel SVG width ratio >= 90% for container width 1024px
[22m[39m[STRESS TEST] Container Width: 1024px -> Computed SVG Width: 1024px (Ratio: 100.0%)

[90mstdout[2m | tests/challenger_svg_scaling_stress.test.tsx[2m > [22m[2mEmpirical Challenger: SVG Width Scaling & Horizontal Overflow Stress Suite[2m > [22m[2mMuscleModel SVG width ratio >= 90% for container width 1150px
[22m[39m[STRESS TEST] Container Width: 1150px -> Computed SVG Width: 1150px (Ratio: 100.0%)

[90mstdout[2m | tests/challenger_svg_scaling_stress.test.tsx[2m > [22m[2mEmpirical Challenger: SVG Width Scaling & Horizontal Overflow Stress Suite[2m > [22m[2mMuscleModel SVG width ratio >= 90% for container width 1200px
[22m[39m[STRESS TEST] Container Width: 1200px -> Computed SVG Width: 1200px (Ratio: 100.0%)

[90mstderr[2m | tests/pwa_offline_telemetry_stress.test.ts[2m > [22m[2mAdversarial Stress Suite: Offline Queue & Online Replay Engine[2m > [22m[2m4. Timeout Aborts & Partial Network Failures[2m > [22m[2maborts dispatch with false when Firestore setDoc hangs past FIRESTORE_DISPATCH_TIMEOUT_MS
[22m[39m[TelemetryHub] dispatchEventToFirestore failed non-blockingly: Error: Telemetry event dispatch timeout
    at C:/Users/gerar/Documents/GitHub/logbook/src/lib/telemetryHub.ts:936:33
    at callTimer [90m(file:///C:/Users/gerar/Documents/GitHub/logbook/[39mnode_modules/[4mvitest[24m/dist/chunks/test.DNmyFkvJ.js:1773:25[90m)[39m
    at doTickInner [90m(file:///C:/Users/gerar/Documents/GitHub/logbook/[39mnode_modules/[4mvitest[24m/dist/chunks/test.DNmyFkvJ.js:2444:30[90m)[39m
    at doTick [90m(file:///C:/Users/gerar/Documents/GitHub/logbook/[39mnode_modules/[4mvitest[24m/dist/chunks/test.DNmyFkvJ.js:2525:21[90m)[39m
    at Object.tick [90m(file:///C:/Users/gerar/Documents/GitHub/logbook/[39mnode_modules/[4mvitest[24m/dist/chunks/test.DNmyFkvJ.js:2533:21[90m)[39m
    at FakeTimers.advanceTimersByTime [90m(file:///C:/Users/gerar/Documents/GitHub/logbook/[39mnode_modules/[4mvitest[24m/dist/chunks/test.DNmyFkvJ.js:3271:44[90m)[39m
    at Object.advanceTimersByTime [90m(file:///C:/Users/gerar/Documents/GitHub/logbook/[39mnode_modules/[4mvitest[24m/dist/chunks/test.DNmyFkvJ.js:3509:13[90m)[39m
    at C:/Users/gerar/Documents/GitHub/logbook/tests/pwa_offline_telemetry_stress.test.ts:438:10
    at [90mfile:///C:/Users/gerar/Documents/GitHub/logbook/[39mnode_modules/[4m@vitest/runner[24m/dist/chunk-artifact.js:302:11
    at [90mfile:///C:/Users/gerar/Documents/GitHub/logbook/[39mnode_modules/[4m@vitest/runner[24m/dist/chunk-artifact.js:1903:26

[90mstderr[2m | tests/pwa_offline_telemetry_stress.test.ts[2m > [22m[2mAdversarial Stress Suite: Offline Queue & Online Replay Engine[2m > [22m[2m4. Timeout Aborts & Partial Network Failures[2m > [22m[2mpreserves only failed items in queue during partial network failure while removing succeeded ones
[22m[39m[TelemetryHub] dispatchEventToFirestore failed non-blockingly: Error: Network error for item
    at C:/Users/gerar/Documents/GitHub/logbook/tests/pwa_offline_telemetry_stress.test.ts:480:17
    at Mock [90m(file:///C:/Users/gerar/Documents/GitHub/logbook/[39mnode_modules/[4m@vitest/spy[24m/dist/index.js:332:34[90m)[39m
    at TelemetryHub.dispatchEventToFirestore (C:/Users/gerar/Documents/GitHub/logbook/src/lib/telemetryHub.ts:934:28)
    at TelemetryHub.executeFlushQueue (C:/Users/gerar/Documents/GitHub/logbook/src/lib/telemetryHub.ts:792:32)
    at C:/Users/gerar/Documents/GitHub/logbook/src/lib/telemetryHub.ts:751:9
    at C:/Users/gerar/Documents/GitHub/logbook/tests/pwa_offline_telemetry_stress.test.ts:485:7
    at [90mfile:///C:/Users/gerar/Documents/GitHub/logbook/[39mnode_modules/[4m@vitest/runner[24m/dist/chunk-artifact.js:1903:20

[90mstderr[2m | tests/pwa_offline_telemetry_stress.test.ts[2m > [22m[2mAdversarial Stress Suite: Offline Queue & Online Replay Engine[2m > [22m[2m4. Timeout Aborts & Partial Network Failures[2m > [22m[2mpreserves only failed items in queue during partial network failure while removing succeeded ones
[22m[39m[TelemetryHub] dispatchEventToFirestore failed non-blockingly: Error: Network error for item
    at C:/Users/gerar/Documents/GitHub/logbook/tests/pwa_offline_telemetry_stress.test.ts:480:17
    at Mock [90m(file:///C:/Users/gerar/Documents/GitHub/logbook/[39mnode_modules/[4m@vitest/spy[24m/dist/index.js:332:34[90m)[39m
    at TelemetryHub.dispatchEventToFirestore (C:/Users/gerar/Documents/GitHub/logbook/src/lib/telemetryHub.ts:934:28)
    at TelemetryHub.executeFlushQueue (C:/Users/gerar/Documents/GitHub/logbook/src/lib/telemetryHub.ts:792:32)
    at C:/Users/gerar/Documents/GitHub/logbook/src/lib/telemetryHub.ts:751:9
    at C:/Users/gerar/Documents/GitHub/logbook/tests/pwa_offline_telemetry_stress.test.ts:485:7
    at [90mfile:///C:/Users/gerar/Documents/GitHub/logbook/[39mnode_modules/[4m@vitest/runner[24m/dist/chunk-artifact.js:1903:20

[90mstderr[2m | tests/pwa_offline_telemetry_stress.test.ts[2m > [22m[2mAdversarial Stress Suite: Offline Queue & Online Replay Engine[2m > [22m[2m4. Timeout Aborts & Partial Network Failures[2m > [22m[2merror dispatch timeout also triggers abort and returns false
[22m[39m[TelemetryHub] dispatchErrorToFirestore failed non-blockingly: Error: Telemetry error dispatch timeout
    at C:/Users/gerar/Documents/GitHub/logbook/src/lib/telemetryHub.ts:901:33
    at callTimer [90m(file:///C:/Users/gerar/Documents/GitHub/logbook/[39mnode_modules/[4mvitest[24m/dist/chunks/test.DNmyFkvJ.js:1773:25[90m)[39m
    at doTickInner [90m(file:///C:/Users/gerar/Documents/GitHub/logbook/[39mnode_modules/[4mvitest[24m/dist/chunks/test.DNmyFkvJ.js:2444:30[90m)[39m
    at doTick [90m(file:///C:/Users/gerar/Documents/GitHub/logbook/[39mnode_modules/[4mvitest[24m/dist/chunks/test.DNmyFkvJ.js:2525:21[90m)[39m
    at Object.tick [90m(file:///C:/Users/gerar/Documents/GitHub/logbook/[39mnode_modules/[4mvitest[24m/dist/chunks/test.DNmyFkvJ.js:2533:21[90m)[39m
    at FakeTimers.advanceTimersByTime [90m(file:///C:/Users/gerar/Documents/GitHub/logbook/[39mnode_modules/[4mvitest[24m/dist/chunks/test.DNmyFkvJ.js:3271:44[90m)[39m
    at Object.advanceTimersByTime [90m(file:///C:/Users/gerar/Documents/GitHub/logbook/[39mnode_modules/[4mvitest[24m/dist/chunks/test.DNmyFkvJ.js:3509:13[90m)[39m
    at C:/Users/gerar/Documents/GitHub/logbook/tests/pwa_offline_telemetry_stress.test.ts:513:10
    at [90mfile:///C:/Users/gerar/Documents/GitHub/logbook/[39mnode_modules/[4m@vitest/runner[24m/dist/chunk-artifact.js:302:11
    at [90mfile:///C:/Users/gerar/Documents/GitHub/logbook/[39mnode_modules/[4m@vitest/runner[24m/dist/chunk-artifact.js:1903:26

[90mstderr[2m | tests/pwa_offline_telemetry_stress.test.ts[2m > [22m[2mAdversarial Stress Suite: Offline Queue & Online Replay Engine[2m > [22m[2m5. FIFO Order & Deletion Guarantees[2m > [22m[2mensures items remain in localStorage if all Firestore writes fail (never prematurely deleted)
[22m[39m[TelemetryHub] dispatchEventToFirestore failed non-blockingly: Error: Persistent outage
    at C:/Users/gerar/Documents/GitHub/logbook/tests/pwa_offline_telemetry_stress.test.ts:558:36
    at [90mfile:///C:/Users/gerar/Documents/GitHub/logbook/[39mnode_modules/[4m@vitest/runner[24m/dist/chunk-artifact.js:302:11
    at [90mfile:///C:/Users/gerar/Documents/GitHub/logbook/[39mnode_modules/[4m@vitest/runner[24m/dist/chunk-artifact.js:1903:26
    at [90mfile:///C:/Users/gerar/Documents/GitHub/logbook/[39mnode_modules/[4m@vitest/runner[24m/dist/chunk-artifact.js:2326:20
    at new Promise (<anonymous>)
    at runWithCancel [90m(file:///C:/Users/gerar/Documents/GitHub/logbook/[39mnode_modules/[4m@vitest/runner[24m/dist/chunk-artifact.js:2323:10[90m)[39m
    at [90mfile:///C:/Users/gerar/Documents/GitHub/logbook/[39mnode_modules/[4m@vitest/runner[24m/dist/chunk-artifact.js:2305:20
    at new Promise (<anonymous>)
    at runWithTimeout [90m(file:///C:/Users/gerar/Documents/GitHub/logbook/[39mnode_modules/[4m@vitest/runner[24m/dist/chunk-artifact.js:2272:10[90m)[39m
    at [90mfile:///C:/Users/gerar/Documents/GitHub/logbook/[39mnode_modules/[4m@vitest/runner[24m/dist/chunk-artifact.js:2956:64

[90mstderr[2m | tests/pwa_offline_telemetry_stress.test.ts[2m > [22m[2mAdversarial Stress Suite: Offline Queue & Online Replay Engine[2m > [22m[2m5. FIFO Order & Deletion Guarantees[2m > [22m[2mensures items remain in localStorage if all Firestore writes fail (never prematurely deleted)
[22m[39m[TelemetryHub] dispatchEventToFirestore failed non-blockingly: Error: Persistent outage
    at C:/Users/gerar/Documents/GitHub/logbook/tests/pwa_offline_telemetry_stress.test.ts:558:36
    at [90mfile:///C:/Users/gerar/Documents/GitHub/logbook/[39mnode_modules/[4m@vitest/runner[24m/dist/chunk-artifact.js:302:11
    at [90mfile:///C:/Users/gerar/Documents/GitHub/logbook/[39mnode_modules/[4m@vitest/runner[24m/dist/chunk-artifact.js:1903:26
    at [90mfile:///C:/Users/gerar/Documents/GitHub/logbook/[39mnode_modules/[4m@vitest/runner[24m/dist/chunk-artifact.js:2326:20
    at new Promise (<anonymous>)
    at runWithCancel [90m(file:///C:/Users/gerar/Documents/GitHub/logbook/[39mnode_modules/[4m@vitest/runner[24m/dist/chunk-artifact.js:2323:10[90m)[39m
    at [90mfile:///C:/Users/gerar/Documents/GitHub/logbook/[39mnode_modules/[4m@vitest/runner[24m/dist/chunk-artifact.js:2305:20
    at new Promise (<anonymous>)
    at runWithTimeout [90m(file:///C:/Users/gerar/Documents/GitHub/logbook/[39mnode_modules/[4m@vitest/runner[24m/dist/chunk-artifact.js:2272:10[90m)[39m
    at [90mfile:///C:/Users/gerar/Documents/GitHub/logbook/[39mnode_modules/[4m@vitest/runner[24m/dist/chunk-artifact.js:2956:64

 [32m✓[39m tests/pwa_offline_telemetry_stress.test.ts [2m([22m[2m17 tests[22m[2m)[22m[33m 2792[2mms[22m[39m
       [33m[2m✓[22m[39m EMPIRICAL CONCURRENCY: handles burst of 30 mixed events & errors added during an active 10-item flush [33m 1910[2mms[22m[39m
       [33m[2m✓[22m[39m EMPIRICAL CONCURRENCY: handles overlapping concurrent flushQueue calls with simultaneous mid-flush enqueue [33m 409[2mms[22m[39m
[90mstderr[2m | tests/e2e_enhancements_r1_r6.test.tsx[2m > [22m[2mLogBook PWA Enhancements E2E Suite (Requirements R1 - R6)[2m > [22m[2mTier 3: Cross-Feature Interactions & Combinations[2m > [22m[2mT3.4: Routine Builder + Active Session Launch + Ad-Hoc Modification + History Save
[22m[39mAn update to TestComponent inside a test was not wrapped in act(...).

When testing, code that causes React state updates should be wrapped into act(...):

act(() => {
  /* fire events that update state */
});
/* assert on the output */

This ensures that you're testing the behavior the user would see in the browser. Learn more at https://react.dev/link/wrap-tests-with-act
An update to TestComponent inside a test was not wrapped in act(...).

When testing, code that causes React state updates should be wrapped into act(...):

act(() => {
  /* fire events that update state */
});
/* assert on the output */

This ensures that you're testing the behavior the user would see in the browser. Learn more at https://react.dev/link/wrap-tests-with-act
An update to TestComponent inside a test was not wrapped in act(...).

When testing, code that causes React state updates should be wrapped into act(...):

act(() => {
  /* fire events that update state */
});
/* assert on the output */

This ensures that you're testing the behavior the user would see in the browser. Learn more at https://react.dev/link/wrap-tests-with-act

[90mstderr[2m | tests/svg_width.test.tsx
[22m[39mChiave reCAPTCHA v3 (VITE_RECAPTCHA_V3_SITE_KEY) non configurata. App Check non inizializzato.

[90mstderr[2m | tests/challenger_m1_sleep_stress.test.tsx[2m > [22m[2mEmpirical Challenger: Sleep Format in HH:MM & State Integration Stress Suite[2m > [22m[2m4. Saving Total Sleep Validation & Alerts[2m > [22m[2msuccessfully saves only total sleep when optional phases are left blank
[22m[39mAn update to TestComponent inside a test was not wrapped in act(...).

When testing, code that causes React state updates should be wrapped into act(...):

act(() => {
  /* fire events that update state */
});
/* assert on the output */

This ensures that you're testing the behavior the user would see in the browser. Learn more at https://react.dev/link/wrap-tests-with-act

[90mstderr[2m | tests/challenger_m1_sleep_stress.test.tsx[2m > [22m[2mEmpirical Challenger: Sleep Format in HH:MM & State Integration Stress Suite[2m > [22m[2m4. Saving Total Sleep Validation & Alerts[2m > [22m[2msuccessfully saves only total sleep when optional phases are left blank
[22m[39mAn update to TestComponent inside a test was not wrapped in act(...).

When testing, code that causes React state updates should be wrapped into act(...):

act(() => {
  /* fire events that update state */
});
/* assert on the output */

This ensures that you're testing the behavior the user would see in the browser. Learn more at https://react.dev/link/wrap-tests-with-act
An update to TestComponent inside a test was not wrapped in act(...).

When testing, code that causes React state updates should be wrapped into act(...):

act(() => {
  /* fire events that update state */
});
/* assert on the output */

This ensures that you're testing the behavior the user would see in the browser. Learn more at https://react.dev/link/wrap-tests-with-act
An update to TestComponent inside a test was not wrapped in act(...).

When testing, code that causes React state updates should be wrapped into act(...):

act(() => {
  /* fire events that update state */
});
/* assert on the output */

This ensures that you're testing the behavior the user would see in the browser. Learn more at https://react.dev/link/wrap-tests-with-act
An update to TestComponent inside a test was not wrapped in act(...).

When testing, code that causes React state updates should be wrapped into act(...):

act(() => {
  /* fire events that update state */
});
/* assert on the output */

This ensures that you're testing the behavior the user would see in the browser. Learn more at https://react.dev/link/wrap-tests-with-act
An update to TestComponent inside a test was not wrapped in act(...).

When testing, code that causes React state updates should be wrapped into act(...):

act(() => {
  /* fire events that update state */
});
/* assert on the output */

This ensures that you're testing the behavior the user would see in the browser. Learn more at https://react.dev/link/wrap-tests-with-act

[90mstderr[2m | tests/challenger_m1_sleep_stress.test.tsx[2m > [22m[2mEmpirical Challenger: Sleep Format in HH:MM & State Integration Stress Suite[2m > [22m[2m5. DataHistory Display and Click-to-Edit[2m > [22m[2mrenders sleep hours in history items and activates edit mode upon clicking
[22m[39mAn update to SleepIntegratedView inside a test was not wrapped in act(...).

When testing, code that causes React state updates should be wrapped into act(...):

act(() => {
  /* fire events that update state */
});
/* assert on the output */

This ensures that you're testing the behavior the user would see in the browser. Learn more at https://react.dev/link/wrap-tests-with-act
An update to SleepIntegratedView inside a test was not wrapped in act(...).

When testing, code that causes React state updates should be wrapped into act(...):

act(() => {
  /* fire events that update state */
});
/* assert on the output */

This ensures that you're testing the behavior the user would see in the browser. Learn more at https://react.dev/link/wrap-tests-with-act
An update to SleepIntegratedView inside a test was not wrapped in act(...).

When testing, code that causes React state updates should be wrapped into act(...):

act(() => {
  /* fire events that update state */
});
/* assert on the output */

This ensures that you're testing the behavior the user would see in the browser. Learn more at https://react.dev/link/wrap-tests-with-act
An update to SleepIntegratedView inside a test was not wrapped in act(...).

When testing, code that causes React state updates should be wrapped into act(...):

act(() => {
  /* fire events that update state */
});
/* assert on the output */

This ensures that you're testing the behavior the user would see in the browser. Learn more at https://react.dev/link/wrap-tests-with-act
An update to SleepIntegratedView inside a test was not wrapped in act(...).

When testing, code that causes React state updates should be wrapped into act(...):

act(() => {
  /* fire events that update state */
});
/* assert on the output */

This ensures that you're testing the behavior the user would see in the browser. Learn more at https://react.dev/link/wrap-tests-with-act
An update to SleepIntegratedView inside a test was not wrapped in act(...).

When testing, code that causes React state updates should be wrapped into act(...):

act(() => {
  /* fire events that update state */
});
/* assert on the output */

This ensures that you're testing the behavior the user would see in the browser. Learn more at https://react.dev/link/wrap-tests-with-act
An update to SleepIntegratedView inside a test was not wrapped in act(...).

When testing, code that causes React state updates should be wrapped into act(...):

act(() => {
  /* fire events that update state */
});
/* assert on the output */

This ensures that you're testing the behavior the user would see in the browser. Learn more at https://react.dev/link/wrap-tests-with-act

 [32m✓[39m tests/routine_editor_fuzzy_search.test.tsx [2m([22m[2m26 tests[22m[2m)[22m[33m 3849[2mms[22m[39m
       [33m[2m✓[22m[39m 2.2: Focusing/clicking input opens floating dropdown list [33m 585[2mms[22m[39m
       [33m[2m✓[22m[39m 4.2: Completing workout saves ad-hoc exercises to history and clears localWorkout [33m 1005[2mms[22m[39m
 [32m✓[39m tests/challenger_m1_sleep_stress.test.tsx [2m([22m[2m13 tests[22m[2m)[22m[33m 3002[2mms[22m[39m
       [33m[2m✓[22m[39m renders DataSleep and synchronizes inputs via fireEvent across all 5 fields [33m 561[2mms[22m[39m
       [33m[2m✓[22m[39m switches between dates dynamically and synchronizes form values without stale data [33m 648[2mms[22m[39m
       [33m[2m✓[22m[39m successfully saves only total sleep when optional phases are left blank [33m 1020[2mms[22m[39m
[90mstderr[2m | tests/challenger_cycle_editor_interaction.test.tsx
[22m[39mChiave reCAPTCHA v3 (VITE_RECAPTCHA_V3_SITE_KEY) non configurata. App Check non inizializzato.

[90mstdout[2m | tests/challenger_svg_scaling_stress.test.tsx[2m > [22m[2mEmpirical Challenger: SVG Width Scaling & Horizontal Overflow Stress Suite[2m > [22m[2mStress tests TrainingExercises component at Mobile (320px), Tablet (600px), Desktop (1024px)
[22m[39m[VIEWPORT STRESS - Exercises] Mobile 320px: Container 320px, SVG 320px, Ratio 100.0%
[VIEWPORT STRESS - Exercises] Tablet 600px: Container 600px, SVG 600px, Ratio 100.0%
[VIEWPORT STRESS - Exercises] Desktop 1024px: Container 1024px, SVG 1024px, Ratio 100.0%

[90mstderr[2m | tests/training_session_ui_improvements.test.tsx
[22m[39mChiave reCAPTCHA v3 (VITE_RECAPTCHA_V3_SITE_KEY) non configurata. App Check non inizializzato.

 [32m✓[39m tests/challenger_svg_scaling_stress.test.tsx [2m([22m[2m15 tests[22m[2m)[22m[33m 5164[2mms[22m[39m
     [33m[2m✓[22m[39m MuscleModel SVG width ratio >= 90% for container width 280px [33m 1242[2mms[22m[39m
     [33m[2m✓[22m[39m MuscleModel SVG width ratio >= 90% for container width 320px [33m 387[2mms[22m[39m
     [33m[2m✓[22m[39m Horizontal Overflow Prevention Assertion: scrollWidth <= clientWidth across container range (280px - 1200px) [33m 588[2mms[22m[39m
     [33m[2m✓[22m[39m Stress tests TrainingExercises component at Mobile (320px), Tablet (600px), Desktop (1024px) [33m 759[2mms[22m[39m
     [33m[2m✓[22m[39m Stress tests TrainingRoutines component at Mobile (320px), Tablet (600px), Desktop (1024px) [33m 647[2mms[22m[39m
[90mstderr[2m | tests/challenger_m3_zod_telemetry_stress.test.ts
[22m[39mChiave reCAPTCHA v3 (VITE_RECAPTCHA_V3_SITE_KEY) non configurata. App Check non inizializzato.

 [32m✓[39m tests/workout_reorder_and_live_sync_r2_r3.test.tsx [2m([22m[2m17 tests[22m[2m)[22m[33m 3214[2mms[22m[39m
       [33m[2m✓[22m[39m 3.1: Position dropdown renders #N label, opens on click, and calls onMoveToPosition when a target is selected [33m 1479[2mms[22m[39m
       [33m[2m✓[22m[39m 4.1: Moving an exercise updates its position in TrainingSession UI [33m 732[2mms[22m[39m
       [33m[2m✓[22m[39m 4.2: Accordion panel (Storico/Setup) index synchronizes when exercise is moved [33m 760[2mms[22m[39m
[90mstderr[2m | tests/e2e_enhancements_r1_r6.test.tsx[2m > [22m[2mLogBook PWA Enhancements E2E Suite (Requirements R1 - R6)[2m > [22m[2mTier 3: Cross-Feature Interactions & Combinations[2m > [22m[2mT3.6: Comprehensive Multi-Module Flow: Cycle Planning -> Session Execution -> Ad-Hoc Finisher -> Sleep Log -> Export
[22m[39mAn update to TestComponent inside a test was not wrapped in act(...).

When testing, code that causes React state updates should be wrapped into act(...):

act(() => {
  /* fire events that update state */
});
/* assert on the output */

This ensures that you're testing the behavior the user would see in the browser. Learn more at https://react.dev/link/wrap-tests-with-act
An update to TestComponent inside a test was not wrapped in act(...).

When testing, code that causes React state updates should be wrapped into act(...):

act(() => {
  /* fire events that update state */
});
/* assert on the output */

This ensures that you're testing the behavior the user would see in the browser. Learn more at https://react.dev/link/wrap-tests-with-act
An update to TestComponent inside a test was not wrapped in act(...).

When testing, code that causes React state updates should be wrapped into act(...):

act(() => {
  /* fire events that update state */
});
/* assert on the output */

This ensures that you're testing the behavior the user would see in the browser. Learn more at https://react.dev/link/wrap-tests-with-act
An update to TestComponent inside a test was not wrapped in act(...).

When testing, code that causes React state updates should be wrapped into act(...):

act(() => {
  /* fire events that update state */
});
/* assert on the output */

This ensures that you're testing the behavior the user would see in the browser. Learn more at https://react.dev/link/wrap-tests-with-act
An update to TestComponent inside a test was not wrapped in act(...).

When testing, code that causes React state updates should be wrapped into act(...):

act(() => {
  /* fire events that update state */
});
/* assert on the output */

This ensures that you're testing the behavior the user would see in the browser. Learn more at https://react.dev/link/wrap-tests-with-act
An update to TestComponent inside a test was not wrapped in act(...).

When testing, code that causes React state updates should be wrapped into act(...):

act(() => {
  /* fire events that update state */
});
/* assert on the output */

This ensures that you're testing the behavior the user would see in the browser. Learn more at https://react.dev/link/wrap-tests-with-act
An update to TestComponent inside a test was not wrapped in act(...).

When testing, code that causes React state updates should be wrapped into act(...):

act(() => {
  /* fire events that update state */
});
/* assert on the output */

This ensures that you're testing the behavior the user would see in the browser. Learn more at https://react.dev/link/wrap-tests-with-act
An update to TestComponent inside a test was not wrapped in act(...).

When testing, code that causes React state updates should be wrapped into act(...):

act(() => {
  /* fire events that update state */
});
/* assert on the output */

This ensures that you're testing the behavior the user would see in the browser. Learn more at https://react.dev/link/wrap-tests-with-act
An update to TestComponent inside a test was not wrapped in act(...).

When testing, code that causes React state updates should be wrapped into act(...):

act(() => {
  /* fire events that update state */
});
/* assert on the output */

This ensures that you're testing the behavior the user would see in the browser. Learn more at https://react.dev/link/wrap-tests-with-act

[90mstderr[2m | tests/e2e_enhancements_r1_r6.test.tsx[2m > [22m[2mLogBook PWA Enhancements E2E Suite (Requirements R1 - R6)[2m > [22m[2mTier 4: Real-World Workload Scenarios[2m > [22m[2mT4.1: Scenario: "The Occupied Bench Press" (In-gym exercise swap, reorder, execution, completion)
[22m[39mAn update to TestComponent inside a test was not wrapped in act(...).

When testing, code that causes React state updates should be wrapped into act(...):

act(() => {
  /* fire events that update state */
});
/* assert on the output */

This ensures that you're testing the behavior the user would see in the browser. Learn more at https://react.dev/link/wrap-tests-with-act
An update to TestComponent inside a test was not wrapped in act(...).

When testing, code that causes React state updates should be wrapped into act(...):

act(() => {
  /* fire events that update state */
});
/* assert on the output */

This ensures that you're testing the behavior the user would see in the browser. Learn more at https://react.dev/link/wrap-tests-with-act
An update to TestComponent inside a test was not wrapped in act(...).

When testing, code that causes React state updates should be wrapped into act(...):

act(() => {
  /* fire events that update state */
});
/* assert on the output */

This ensures that you're testing the behavior the user would see in the browser. Learn more at https://react.dev/link/wrap-tests-with-act

[90mstderr[2m | tests/telemetry_e2e.test.ts
[22m[39mChiave reCAPTCHA v3 (VITE_RECAPTCHA_V3_SITE_KEY) non configurata. App Check non inizializzato.

[90mstderr[2m | tests/e2e_enhancements_r1_r6.test.tsx[2m > [22m[2mLogBook PWA Enhancements E2E Suite (Requirements R1 - R6)[2m > [22m[2mTier 4: Real-World Workload Scenarios[2m > [22m[2mT4.2: Scenario: "Ad-Hoc Arm Blast Finisher" (Bodybuilder extends session with high volume dropsets)
[22m[39mAn update to TestComponent inside a test was not wrapped in act(...).

When testing, code that causes React state updates should be wrapped into act(...):

act(() => {
  /* fire events that update state */
});
/* assert on the output */

This ensures that you're testing the behavior the user would see in the browser. Learn more at https://react.dev/link/wrap-tests-with-act
An update to TestComponent inside a test was not wrapped in act(...).

When testing, code that causes React state updates should be wrapped into act(...):

act(() => {
  /* fire events that update state */
});
/* assert on the output */

This ensures that you're testing the behavior the user would see in the browser. Learn more at https://react.dev/link/wrap-tests-with-act
An update to TestComponent inside a test was not wrapped in act(...).

When testing, code that causes React state updates should be wrapped into act(...):

act(() => {
  /* fire events that update state */
});
/* assert on the output */

This ensures that you're testing the behavior the user would see in the browser. Learn more at https://react.dev/link/wrap-tests-with-act

(node:14284) ExperimentalWarning: localStorage is not available because --localstorage-file was not provided.
(Use `node --trace-warnings ...` to show where the warning was created)
(node:18128) ExperimentalWarning: localStorage is not available because --localstorage-file was not provided.
(Use `node --trace-warnings ...` to show where the warning was created)
[90mstderr[2m | tests/challenger_empirical_m2.test.tsx
[22m[39mChiave reCAPTCHA v3 (VITE_RECAPTCHA_V3_SITE_KEY) non configurata. App Check non inizializzato.

[90mstderr[2m | tests/edge_cases.test.tsx
[22m[39mChiave reCAPTCHA v3 (VITE_RECAPTCHA_V3_SITE_KEY) non configurata. App Check non inizializzato.

 [32m✓[39m tests/challenger_ui_ux_responsive_stress.test.tsx [2m([22m[2m18 tests[22m[2m)[22m[33m 11280[2mms[22m[39m
       [33m[2m✓[22m[39m 1.1: WeeklyVolumeChart renders sentence case fallback with zero history [33m 417[2mms[22m[39m
       [33m[2m✓[22m[39m 2.1: Workouts present but NO nutrition logs: Volume chart active, Correlation shows insight [33m 606[2mms[22m[39m
       [33m[2m✓[22m[39m 3.1: Rapidly toggles periods in WeeklyVolumeChart without error [33m 1326[2mms[22m[39m
       [33m[2m✓[22m[39m 3.2: Rapidly toggles periods in VolumeCaloriesCorrelationChart without error [33m 1195[2mms[22m[39m
       [33m[2m✓[22m[39m 4.2: Rapid 50-cycle mount/unmount memory leak stress test [33m 6288[2mms[22m[39m
       [33m[2m✓[22m[39m 5.1: Verifies all headers, labels and button text follow strict Italian sentence case [33m 613[2mms[22m[39m
(node:23540) ExperimentalWarning: localStorage is not available because --localstorage-file was not provided.
(Use `node --trace-warnings ...` to show where the warning was created)
[90mstdout[2m | tests/svg_width.test.tsx[2m > [22m[2mSVG Muscle Model Layout Width Verification[2m > [22m[2mcomputes layout width of MuscleModel SVG vs parent container and asserts SVG width >= 90% of container width
[22m[39m[TEST OUTPUT] Computed Container Width: 350px
[TEST OUTPUT] Computed SVG Width: 350px
[TEST OUTPUT] SVG / Container Width Ratio: 100.00%

(node:15504) ExperimentalWarning: localStorage is not available because --localstorage-file was not provided.
(Use `node --trace-warnings ...` to show where the warning was created)
[90mstderr[2m | tests/e2e_enhancements_r1_r6.test.tsx[2m > [22m[2mLogBook PWA Enhancements E2E Suite (Requirements R1 - R6)[2m > [22m[2mTier 4: Real-World Workload Scenarios[2m > [22m[2mT4.5: Scenario: "Equipment Availability Pivot & Cardio Addition" (Leg press broken, lifter pivots to treadmill cardio)
[22m[39mAn update to TestComponent inside a test was not wrapped in act(...).

When testing, code that causes React state updates should be wrapped into act(...):

act(() => {
  /* fire events that update state */
});
/* assert on the output */

This ensures that you're testing the behavior the user would see in the browser. Learn more at https://react.dev/link/wrap-tests-with-act
An update to TestComponent inside a test was not wrapped in act(...).

When testing, code that causes React state updates should be wrapped into act(...):

act(() => {
  /* fire events that update state */
});
/* assert on the output */

This ensures that you're testing the behavior the user would see in the browser. Learn more at https://react.dev/link/wrap-tests-with-act
An update to TestComponent inside a test was not wrapped in act(...).

When testing, code that causes React state updates should be wrapped into act(...):

act(() => {
  /* fire events that update state */
});
/* assert on the output */

This ensures that you're testing the behavior the user would see in the browser. Learn more at https://react.dev/link/wrap-tests-with-act

 [32m✓[39m tests/e2e_enhancements_r1_r6.test.tsx [2m([22m[2m71 tests[22m[2m)[22m[33m 17627[2mms[22m[39m
         [33m[2m✓[22m[39m T1.1.1: useSleepMeasurements sets and persists sleep duration into userData.nutrition[date] in canonical HH:MM format [33m 1139[2mms[22m[39m
         [33m[2m✓[22m[39m T1.1.2: DataSleep renders inputs for total sleep, deep, light, rem, and awake phases [33m 589[2mms[22m[39m
         [33m[2m✓[22m[39m T1.3.1: TrainingSession resolves exercise name dynamically from userData.library via exId [33m 593[2mms[22m[39m
         [33m[2m✓[22m[39m T1.3.2: Updating library exercise name in store immediately reflects in active workout UI [33m 306[2mms[22m[39m
         [33m[2m✓[22m[39m T1.4.4: Adding an exercise updates the displayed exercise count in RoutineEditor [33m 354[2mms[22m[39m
         [33m[2m✓[22m[39m T1.6.4: Completing workout (endWorkout) saves ad-hoc exercises into history [33m 1013[2mms[22m[39m
         [33m[2m✓[22m[39m T1.6.5: Original routine blueprint in userData.routines remains strictly unchanged after session ends with ad-hoc exercises [33m 1008[2mms[22m[39m
         [33m[2m✓[22m[39m T2.1.4: Incomplete sleep phase inputs (only total sleep provided, phases empty) save cleanly [33m 1073[2mms[22m[39m
         [33m[2m✓[22m[39m T2.1.5: Exporter.exportToCSV outputs sleep values in CSV without throwing on empty days [33m 629[2mms[22m[39m
       [33m[2m✓[22m[39m T3.3: Sleep Logging + Nutrition Day State + History Display + CSV Export [33m 557[2mms[22m[39m
       [33m[2m✓[22m[39m T3.4: Routine Builder + Active Session Launch + Ad-Hoc Modification + History Save [33m 1028[2mms[22m[39m
       [33m[2m✓[22m[39m T3.6: Comprehensive Multi-Module Flow: Cycle Planning -> Session Execution -> Ad-Hoc Finisher -> Sleep Log -> Export [33m 2663[2mms[22m[39m
       [33m[2m✓[22m[39m T4.1: Scenario: "The Occupied Bench Press" (In-gym exercise swap, reorder, execution, completion) [33m 1057[2mms[22m[39m
       [33m[2m✓[22m[39m T4.2: Scenario: "Ad-Hoc Arm Blast Finisher" (Bodybuilder extends session with high volume dropsets) [33m 1063[2mms[22m[39m
       [33m[2m✓[22m[39m T4.3: Scenario: "12-Week Mesociclo Setup & Routine Rotation Preview" [33m 368[2mms[22m[39m
       [33m[2m✓[22m[39m T4.4: Scenario: "Athlete Daily Recovery & Biometrics Log Across Full Week" [33m 591[2mms[22m[39m
       [33m[2m✓[22m[39m T4.5: Scenario: "Equipment Availability Pivot & Cardio Addition" (Leg press broken, lifter pivots to treadmill cardio) [33m 1037[2mms[22m[39m
[90mstderr[2m | tests/challenger_r5_comprehensive_stress.test.tsx
[22m[39mChiave reCAPTCHA v3 (VITE_RECAPTCHA_V3_SITE_KEY) non configurata. App Check non inizializzato.

[90mstderr[2m | tests/challenger_m4_adversarial_burst.test.ts
[22m[39mChiave reCAPTCHA v3 (VITE_RECAPTCHA_V3_SITE_KEY) non configurata. App Check non inizializzato.

 [32m✓[39m tests/svg_width.test.tsx [2m([22m[2m7 tests[22m[2m)[22m[33m 2851[2mms[22m[39m
     [33m[2m✓[22m[39m verifies max-height constraint is removed from CSS [33m 967[2mms[22m[39m
     [33m[2m✓[22m[39m computes layout width of MuscleModel SVG vs parent container and asserts SVG width >= 90% of container width [33m 650[2mms[22m[39m
     [33m[2m✓[22m[39m verifies MuscleModel in TrainingExercises card container expands to >= 90% width [33m 360[2mms[22m[39m
       [33m[2m✓[22m[39m handles different muscle selection states (empty, multiple, secondary overlap, invalid IDs) [33m 414[2mms[22m[39m
 [32m✓[39m tests/challenger_cycle_editor_interaction.test.tsx [2m([22m[2m12 tests[22m[2m)[22m[33m 2567[2mms[22m[39m
     [33m[2m✓[22m[39m Scenario 1: Duration Weeks change immediately updates End Date (text and calendar value) [33m 506[2mms[22m[39m
     [33m[2m✓[22m[39m Scenario 7: Form submission delivers sanitized TrainingCycle with startDate and endDate [33m 508[2mms[22m[39m
 [32m✓[39m tests/training_session_ui_improvements.test.tsx [2m([22m[2m13 tests[22m[2m)[22m[33m 1581[2mms[22m[39m
       [33m[2m✓[22m[39m R1.1: Exercises container in TrainingSession does NOT have .card gray background class [33m 585[2mms[22m[39m
 [32m✓[39m tests/challenger_m3_zod_telemetry_stress.test.ts [2m([22m[2m19 tests[22m[2m)[22m[33m 1728[2mms[22m[39m
       [33m[2m✓[22m[39m processes 1,000 malformed UserData monolithic parses in < 500ms and yields safe defaults [33m 331[2mms[22m[39m
       [33m[2m✓[22m[39m maintains strict offline FIFO queue capacity of <= 50 items under a storm of 500 distinct schema fallbacks [33m 575[2mms[22m[39m
(node:15348) ExperimentalWarning: localStorage is not available because --localstorage-file was not provided.
(Use `node --trace-warnings ...` to show where the warning was created)
[90mstderr[2m | tests/telemetry_e2e.test.ts[2m > [22m[2mUnified Telemetry Hub E2E Suite (Tiers 1 - 5)[2m > [22m[2mTier 1: Feature Coverage[2m > [22m[2mF11: Async Fire-and-Forget & Non-blocking[2m > [22m[2mF11-3: Firestore permission or quota error is caught silently without throwing to UI
[22m[39m[TelemetryHub] dispatchErrorToFirestore failed non-blockingly: Error: FirebaseError: [code=permission-denied]
    at C:/Users/gerar/Documents/GitHub/logbook/tests/telemetry_e2e.test.ts:979:38
    at [90mfile:///C:/Users/gerar/Documents/GitHub/logbook/[39mnode_modules/[4m@vitest/runner[24m/dist/chunk-artifact.js:302:11
    at [90mfile:///C:/Users/gerar/Documents/GitHub/logbook/[39mnode_modules/[4m@vitest/runner[24m/dist/chunk-artifact.js:1903:26
    at [90mfile:///C:/Users/gerar/Documents/GitHub/logbook/[39mnode_modules/[4m@vitest/runner[24m/dist/chunk-artifact.js:2326:20
    at new Promise (<anonymous>)
    at runWithCancel [90m(file:///C:/Users/gerar/Documents/GitHub/logbook/[39mnode_modules/[4m@vitest/runner[24m/dist/chunk-artifact.js:2323:10[90m)[39m
    at [90mfile:///C:/Users/gerar/Documents/GitHub/logbook/[39mnode_modules/[4m@vitest/runner[24m/dist/chunk-artifact.js:2305:20
    at new Promise (<anonymous>)
    at runWithTimeout [90m(file:///C:/Users/gerar/Documents/GitHub/logbook/[39mnode_modules/[4m@vitest/runner[24m/dist/chunk-artifact.js:2272:10[90m)[39m
    at [90mfile:///C:/Users/gerar/Documents/GitHub/logbook/[39mnode_modules/[4m@vitest/runner[24m/dist/chunk-artifact.js:2956:64
[TelemetryHub] dispatchEventToFirestore failed non-blockingly: Error: FirebaseError: [code=permission-denied]
    at C:/Users/gerar/Documents/GitHub/logbook/tests/telemetry_e2e.test.ts:979:38
    at [90mfile:///C:/Users/gerar/Documents/GitHub/logbook/[39mnode_modules/[4m@vitest/runner[24m/dist/chunk-artifact.js:302:11
    at [90mfile:///C:/Users/gerar/Documents/GitHub/logbook/[39mnode_modules/[4m@vitest/runner[24m/dist/chunk-artifact.js:1903:26
    at [90mfile:///C:/Users/gerar/Documents/GitHub/logbook/[39mnode_modules/[4m@vitest/runner[24m/dist/chunk-artifact.js:2326:20
    at new Promise (<anonymous>)
    at runWithCancel [90m(file:///C:/Users/gerar/Documents/GitHub/logbook/[39mnode_modules/[4m@vitest/runner[24m/dist/chunk-artifact.js:2323:10[90m)[39m
    at [90mfile:///C:/Users/gerar/Documents/GitHub/logbook/[39mnode_modules/[4m@vitest/runner[24m/dist/chunk-artifact.js:2305:20
    at new Promise (<anonymous>)
    at runWithTimeout [90m(file:///C:/Users/gerar/Documents/GitHub/logbook/[39mnode_modules/[4m@vitest/runner[24m/dist/chunk-artifact.js:2272:10[90m)[39m
    at [90mfile:///C:/Users/gerar/Documents/GitHub/logbook/[39mnode_modules/[4m@vitest/runner[24m/dist/chunk-artifact.js:2956:64

[90mstderr[2m | tests/telemetry_e2e.test.ts[2m > [22m[2mUnified Telemetry Hub E2E Suite (Tiers 1 - 5)[2m > [22m[2mTier 2: Boundary & Corner Cases[2m > [22m[2mF4 Boundaries: React 19 Callbacks Edge Conditions[2m > [22m[2mF4-B2: error thrown inside error tracking callback does not crash React boundary
[22m[39m[TelemetryHub] dispatchErrorToFirestore failed non-blockingly: Error: Firestore crash inside trackError
    at C:/Users/gerar/Documents/GitHub/logbook/tests/telemetry_e2e.test.ts:1236:17
    at Mock [90m(file:///C:/Users/gerar/Documents/GitHub/logbook/[39mnode_modules/[4m@vitest/spy[24m/dist/index.js:332:34[90m)[39m
    at TelemetryHub.dispatchErrorToFirestore (C:/Users/gerar/Documents/GitHub/logbook/src/lib/telemetryHub.ts:899:28)
    at TelemetryHub.flushPendingDispatches (C:/Users/gerar/Documents/GitHub/logbook/src/lib/telemetryHub.ts:577:14)
    at C:/Users/gerar/Documents/GitHub/logbook/src/lib/telemetryHub.ts:473:18

[90mstderr[2m | tests/workout_improvements.test.tsx
[22m[39mChiave reCAPTCHA v3 (VITE_RECAPTCHA_V3_SITE_KEY) non configurata. App Check non inizializzato.

(node:10488) ExperimentalWarning: localStorage is not available because --localstorage-file was not provided.
(Use `node --trace-warnings ...` to show where the warning was created)
(node:17412) ExperimentalWarning: localStorage is not available because --localstorage-file was not provided.
(Use `node --trace-warnings ...` to show where the warning was created)
[90mstderr[2m | tests/telemetry_e2e.test.ts[2m > [22m[2mUnified Telemetry Hub E2E Suite (Tiers 1 - 5)[2m > [22m[2mTier 2: Boundary & Corner Cases[2m > [22m[2mF9 Boundaries: Offline Queue & Replay Edge Conditions[2m > [22m[2mF9-B4: network drops mid-flush during offline replay (partial replay & persistence of remaining)
[22m[39m[TelemetryHub] dispatchEventToFirestore failed non-blockingly: Error: Network dropped during flush
    at C:/Users/gerar/Documents/GitHub/logbook/tests/telemetry_e2e.test.ts:1623:34
    at [90mfile:///C:/Users/gerar/Documents/GitHub/logbook/[39mnode_modules/[4m@vitest/runner[24m/dist/chunk-artifact.js:302:11
    at [90mfile:///C:/Users/gerar/Documents/GitHub/logbook/[39mnode_modules/[4m@vitest/runner[24m/dist/chunk-artifact.js:1903:26
    at [90mfile:///C:/Users/gerar/Documents/GitHub/logbook/[39mnode_modules/[4m@vitest/runner[24m/dist/chunk-artifact.js:2326:20
    at new Promise (<anonymous>)
    at runWithCancel [90m(file:///C:/Users/gerar/Documents/GitHub/logbook/[39mnode_modules/[4m@vitest/runner[24m/dist/chunk-artifact.js:2323:10[90m)[39m
    at [90mfile:///C:/Users/gerar/Documents/GitHub/logbook/[39mnode_modules/[4m@vitest/runner[24m/dist/chunk-artifact.js:2305:20
    at new Promise (<anonymous>)
    at runWithTimeout [90m(file:///C:/Users/gerar/Documents/GitHub/logbook/[39mnode_modules/[4m@vitest/runner[24m/dist/chunk-artifact.js:2272:10[90m)[39m
    at [90mfile:///C:/Users/gerar/Documents/GitHub/logbook/[39mnode_modules/[4m@vitest/runner[24m/dist/chunk-artifact.js:2956:64

[90mstderr[2m | tests/telemetry_e2e.test.ts[2m > [22m[2mUnified Telemetry Hub E2E Suite (Tiers 1 - 5)[2m > [22m[2mTier 2: Boundary & Corner Cases[2m > [22m[2mF11 Boundaries: Async Fire-and-Forget Edge Conditions[2m > [22m[2mF11-B1: Firestore setDoc hangs indefinitely - aborts after 5000ms safety timeout
[22m[39m[TelemetryHub] dispatchEventToFirestore failed non-blockingly: Error: Telemetry event dispatch timeout
    at C:/Users/gerar/Documents/GitHub/logbook/src/lib/telemetryHub.ts:936:33
    at callTimer [90m(file:///C:/Users/gerar/Documents/GitHub/logbook/[39mnode_modules/[4mvitest[24m/dist/chunks/test.DNmyFkvJ.js:1773:25[90m)[39m
    at doTickInner [90m(file:///C:/Users/gerar/Documents/GitHub/logbook/[39mnode_modules/[4mvitest[24m/dist/chunks/test.DNmyFkvJ.js:2444:30[90m)[39m
    at doTick [90m(file:///C:/Users/gerar/Documents/GitHub/logbook/[39mnode_modules/[4mvitest[24m/dist/chunks/test.DNmyFkvJ.js:2525:21[90m)[39m
    at Immediate.<anonymous> [90m(file:///C:/Users/gerar/Documents/GitHub/logbook/[39mnode_modules/[4mvitest[24m/dist/chunks/test.DNmyFkvJ.js:2546:34[90m)[39m
[90m    at processImmediate (node:internal/timers:504:21)[39m

[90mstderr[2m | tests/telemetry_e2e.test.ts[2m > [22m[2mUnified Telemetry Hub E2E Suite (Tiers 1 - 5)[2m > [22m[2mTier 2: Boundary & Corner Cases[2m > [22m[2mF11 Boundaries: Async Fire-and-Forget Edge Conditions[2m > [22m[2mF11-B2: Firestore setDoc rejects with permission-denied - caught cleanly
[22m[39m[TelemetryHub] dispatchErrorToFirestore failed non-blockingly: Error: FirebaseError: Missing permissions
    at C:/Users/gerar/Documents/GitHub/logbook/tests/telemetry_e2e.test.ts:1707:38
    at [90mfile:///C:/Users/gerar/Documents/GitHub/logbook/[39mnode_modules/[4m@vitest/runner[24m/dist/chunk-artifact.js:302:11
    at [90mfile:///C:/Users/gerar/Documents/GitHub/logbook/[39mnode_modules/[4m@vitest/runner[24m/dist/chunk-artifact.js:1903:26
    at [90mfile:///C:/Users/gerar/Documents/GitHub/logbook/[39mnode_modules/[4m@vitest/runner[24m/dist/chunk-artifact.js:2326:20
    at new Promise (<anonymous>)
    at runWithCancel [90m(file:///C:/Users/gerar/Documents/GitHub/logbook/[39mnode_modules/[4m@vitest/runner[24m/dist/chunk-artifact.js:2323:10[90m)[39m
    at [90mfile:///C:/Users/gerar/Documents/GitHub/logbook/[39mnode_modules/[4m@vitest/runner[24m/dist/chunk-artifact.js:2305:20
    at new Promise (<anonymous>)
    at runWithTimeout [90m(file:///C:/Users/gerar/Documents/GitHub/logbook/[39mnode_modules/[4m@vitest/runner[24m/dist/chunk-artifact.js:2272:10[90m)[39m
    at [90mfile:///C:/Users/gerar/Documents/GitHub/logbook/[39mnode_modules/[4m@vitest/runner[24m/dist/chunk-artifact.js:2956:64

[90mstderr[2m | tests/telemetry_e2e.test.ts[2m > [22m[2mUnified Telemetry Hub E2E Suite (Tiers 1 - 5)[2m > [22m[2mTier 5: Adversarial Hardening & Stress Suite[2m > [22m[2m5.2: Network Failure, Backoff & Non-Blocking FlushQueue[2m > [22m[2mT5-5: indefinitely hanging setDoc promise is safely aborted by 5000ms safety timeout without throwing
[22m[39m[TelemetryHub] dispatchErrorToFirestore failed non-blockingly: Error: Telemetry error dispatch timeout
    at C:/Users/gerar/Documents/GitHub/logbook/src/lib/telemetryHub.ts:901:33
    at callTimer [90m(file:///C:/Users/gerar/Documents/GitHub/logbook/[39mnode_modules/[4mvitest[24m/dist/chunks/test.DNmyFkvJ.js:1773:25[90m)[39m
    at doTickInner [90m(file:///C:/Users/gerar/Documents/GitHub/logbook/[39mnode_modules/[4mvitest[24m/dist/chunks/test.DNmyFkvJ.js:2444:30[90m)[39m
    at doTick [90m(file:///C:/Users/gerar/Documents/GitHub/logbook/[39mnode_modules/[4mvitest[24m/dist/chunks/test.DNmyFkvJ.js:2525:21[90m)[39m
    at Immediate.<anonymous> [90m(file:///C:/Users/gerar/Documents/GitHub/logbook/[39mnode_modules/[4mvitest[24m/dist/chunks/test.DNmyFkvJ.js:2546:34[90m)[39m
[90m    at processImmediate (node:internal/timers:504:21)[39m

[90mstderr[2m | tests/telemetry_e2e.test.ts[2m > [22m[2mUnified Telemetry Hub E2E Suite (Tiers 1 - 5)[2m > [22m[2mTier 5: Adversarial Hardening & Stress Suite[2m > [22m[2m5.2: Network Failure, Backoff & Non-Blocking FlushQueue[2m > [22m[2mT5-6: flapping network trips circuit breaker immediately mid-flush and preserves uncommitted items in FIFO order
[22m[39m[TelemetryHub] dispatchEventToFirestore failed non-blockingly: Error: Network drop mid-flush
    at C:/Users/gerar/Documents/GitHub/logbook/tests/telemetry_e2e.test.ts:2226:30
    at [90mfile:///C:/Users/gerar/Documents/GitHub/logbook/[39mnode_modules/[4m@vitest/runner[24m/dist/chunk-artifact.js:302:11
    at [90mfile:///C:/Users/gerar/Documents/GitHub/logbook/[39mnode_modules/[4m@vitest/runner[24m/dist/chunk-artifact.js:1903:26
    at [90mfile:///C:/Users/gerar/Documents/GitHub/logbook/[39mnode_modules/[4m@vitest/runner[24m/dist/chunk-artifact.js:2326:20
    at new Promise (<anonymous>)
    at runWithCancel [90m(file:///C:/Users/gerar/Documents/GitHub/logbook/[39mnode_modules/[4m@vitest/runner[24m/dist/chunk-artifact.js:2323:10[90m)[39m
    at [90mfile:///C:/Users/gerar/Documents/GitHub/logbook/[39mnode_modules/[4m@vitest/runner[24m/dist/chunk-artifact.js:2305:20
    at new Promise (<anonymous>)
    at runWithTimeout [90m(file:///C:/Users/gerar/Documents/GitHub/logbook/[39mnode_modules/[4m@vitest/runner[24m/dist/chunk-artifact.js:2272:10[90m)[39m
    at [90mfile:///C:/Users/gerar/Documents/GitHub/logbook/[39mnode_modules/[4m@vitest/runner[24m/dist/chunk-artifact.js:2956:64

[90mstderr[2m | tests/telemetry_e2e.test.ts[2m > [22m[2mUnified Telemetry Hub E2E Suite (Tiers 1 - 5)[2m > [22m[2mTier 5: Adversarial Hardening & Stress Suite[2m > [22m[2m5.2: Network Failure, Backoff & Non-Blocking FlushQueue[2m > [22m[2mT5-6: flapping network trips circuit breaker immediately mid-flush and preserves uncommitted items in FIFO order
[22m[39m[TelemetryHub] dispatchEventToFirestore failed non-blockingly: Error: Network drop mid-flush
    at C:/Users/gerar/Documents/GitHub/logbook/tests/telemetry_e2e.test.ts:2226:30
    at [90mfile:///C:/Users/gerar/Documents/GitHub/logbook/[39mnode_modules/[4m@vitest/runner[24m/dist/chunk-artifact.js:302:11
    at [90mfile:///C:/Users/gerar/Documents/GitHub/logbook/[39mnode_modules/[4m@vitest/runner[24m/dist/chunk-artifact.js:1903:26
    at [90mfile:///C:/Users/gerar/Documents/GitHub/logbook/[39mnode_modules/[4m@vitest/runner[24m/dist/chunk-artifact.js:2326:20
    at new Promise (<anonymous>)
    at runWithCancel [90m(file:///C:/Users/gerar/Documents/GitHub/logbook/[39mnode_modules/[4m@vitest/runner[24m/dist/chunk-artifact.js:2323:10[90m)[39m
    at [90mfile:///C:/Users/gerar/Documents/GitHub/logbook/[39mnode_modules/[4m@vitest/runner[24m/dist/chunk-artifact.js:2305:20
    at new Promise (<anonymous>)
    at runWithTimeout [90m(file:///C:/Users/gerar/Documents/GitHub/logbook/[39mnode_modules/[4m@vitest/runner[24m/dist/chunk-artifact.js:2272:10[90m)[39m
    at [90mfile:///C:/Users/gerar/Documents/GitHub/logbook/[39mnode_modules/[4m@vitest/runner[24m/dist/chunk-artifact.js:2956:64

[90mstderr[2m | tests/telemetry_e2e.test.ts[2m > [22m[2mUnified Telemetry Hub E2E Suite (Tiers 1 - 5)[2m > [22m[2mTier 5: Adversarial Hardening & Stress Suite[2m > [22m[2m5.2: Network Failure, Backoff & Non-Blocking FlushQueue[2m > [22m[2mT5-8: Firestore permission-denied and resource-exhausted errors are caught silently without throwing to callers
[22m[39m[TelemetryHub] dispatchErrorToFirestore failed non-blockingly: Error: FirebaseError: [code=permission-denied] Permission denied
    at C:/Users/gerar/Documents/GitHub/logbook/tests/telemetry_e2e.test.ts:2280:38
    at [90mfile:///C:/Users/gerar/Documents/GitHub/logbook/[39mnode_modules/[4m@vitest/runner[24m/dist/chunk-artifact.js:302:11
    at [90mfile:///C:/Users/gerar/Documents/GitHub/logbook/[39mnode_modules/[4m@vitest/runner[24m/dist/chunk-artifact.js:1903:26
    at [90mfile:///C:/Users/gerar/Documents/GitHub/logbook/[39mnode_modules/[4m@vitest/runner[24m/dist/chunk-artifact.js:2326:20
    at new Promise (<anonymous>)
    at runWithCancel [90m(file:///C:/Users/gerar/Documents/GitHub/logbook/[39mnode_modules/[4m@vitest/runner[24m/dist/chunk-artifact.js:2323:10[90m)[39m
    at [90mfile:///C:/Users/gerar/Documents/GitHub/logbook/[39mnode_modules/[4m@vitest/runner[24m/dist/chunk-artifact.js:2305:20
    at new Promise (<anonymous>)
    at runWithTimeout [90m(file:///C:/Users/gerar/Documents/GitHub/logbook/[39mnode_modules/[4m@vitest/runner[24m/dist/chunk-artifact.js:2272:10[90m)[39m
    at [90mfile:///C:/Users/gerar/Documents/GitHub/logbook/[39mnode_modules/[4m@vitest/runner[24m/dist/chunk-artifact.js:2956:64
[TelemetryHub] dispatchErrorToFirestore failed non-blockingly: Error: FirebaseError: [code=permission-denied] Permission denied
    at C:/Users/gerar/Documents/GitHub/logbook/tests/telemetry_e2e.test.ts:2280:38
    at [90mfile:///C:/Users/gerar/Documents/GitHub/logbook/[39mnode_modules/[4m@vitest/runner[24m/dist/chunk-artifact.js:302:11
    at [90mfile:///C:/Users/gerar/Documents/GitHub/logbook/[39mnode_modules/[4m@vitest/runner[24m/dist/chunk-artifact.js:1903:26
    at [90mfile:///C:/Users/gerar/Documents/GitHub/logbook/[39mnode_modules/[4m@vitest/runner[24m/dist/chunk-artifact.js:2326:20
    at new Promise (<anonymous>)
    at runWithCancel [90m(file:///C:/Users/gerar/Documents/GitHub/logbook/[39mnode_modules/[4m@vitest/runner[24m/dist/chunk-artifact.js:2323:10[90m)[39m
    at [90mfile:///C:/Users/gerar/Documents/GitHub/logbook/[39mnode_modules/[4m@vitest/runner[24m/dist/chunk-artifact.js:2305:20
    at new Promise (<anonymous>)
    at runWithTimeout [90m(file:///C:/Users/gerar/Documents/GitHub/logbook/[39mnode_modules/[4m@vitest/runner[24m/dist/chunk-artifact.js:2272:10[90m)[39m
    at [90mfile:///C:/Users/gerar/Documents/GitHub/logbook/[39mnode_modules/[4m@vitest/runner[24m/dist/chunk-artifact.js:2956:64
[TelemetryHub] dispatchEventToFirestore failed non-blockingly: Error: FirebaseError: [code=permission-denied] Permission denied
    at C:/Users/gerar/Documents/GitHub/logbook/tests/telemetry_e2e.test.ts:2280:38
    at [90mfile:///C:/Users/gerar/Documents/GitHub/logbook/[39mnode_modules/[4m@vitest/runner[24m/dist/chunk-artifact.js:302:11
    at [90mfile:///C:/Users/gerar/Documents/GitHub/logbook/[39mnode_modules/[4m@vitest/runner[24m/dist/chunk-artifact.js:1903:26
    at [90mfile:///C:/Users/gerar/Documents/GitHub/logbook/[39mnode_modules/[4m@vitest/runner[24m/dist/chunk-artifact.js:2326:20
    at new Promise (<anonymous>)
    at runWithCancel [90m(file:///C:/Users/gerar/Documents/GitHub/logbook/[39mnode_modules/[4m@vitest/runner[24m/dist/chunk-artifact.js:2323:10[90m)[39m
    at [90mfile:///C:/Users/gerar/Documents/GitHub/logbook/[39mnode_modules/[4m@vitest/runner[24m/dist/chunk-artifact.js:2305:20
    at new Promise (<anonymous>)
    at runWithTimeout [90m(file:///C:/Users/gerar/Documents/GitHub/logbook/[39mnode_modules/[4m@vitest/runner[24m/dist/chunk-artifact.js:2272:10[90m)[39m
    at [90mfile:///C:/Users/gerar/Documents/GitHub/logbook/[39mnode_modules/[4m@vitest/runner[24m/dist/chunk-artifact.js:2956:64

[90mstderr[2m | tests/telemetry_e2e.test.ts[2m > [22m[2mUnified Telemetry Hub E2E Suite (Tiers 1 - 5)[2m > [22m[2mTier 5: Adversarial Hardening & Stress Suite[2m > [22m[2m5.2: Network Failure, Backoff & Non-Blocking FlushQueue[2m > [22m[2mT5-8b: failed item retry limit evicts poison pill after 3 retries and schedules exponential backoff
[22m[39m[TelemetryHub] dispatchErrorToFirestore failed non-blockingly: Error: Persistent Firestore error
    at C:/Users/gerar/Documents/GitHub/logbook/tests/telemetry_e2e.test.ts:2334:38
    at [90mfile:///C:/Users/gerar/Documents/GitHub/logbook/[39mnode_modules/[4m@vitest/runner[24m/dist/chunk-artifact.js:302:11
    at [90mfile:///C:/Users/gerar/Documents/GitHub/logbook/[39mnode_modules/[4m@vitest/runner[24m/dist/chunk-artifact.js:1903:26
    at [90mfile:///C:/Users/gerar/Documents/GitHub/logbook/[39mnode_modules/[4m@vitest/runner[24m/dist/chunk-artifact.js:2326:20
    at new Promise (<anonymous>)
    at runWithCancel [90m(file:///C:/Users/gerar/Documents/GitHub/logbook/[39mnode_modules/[4m@vitest/runner[24m/dist/chunk-artifact.js:2323:10[90m)[39m
    at [90mfile:///C:/Users/gerar/Documents/GitHub/logbook/[39mnode_modules/[4m@vitest/runner[24m/dist/chunk-artifact.js:2305:20
    at new Promise (<anonymous>)
    at runWithTimeout [90m(file:///C:/Users/gerar/Documents/GitHub/logbook/[39mnode_modules/[4m@vitest/runner[24m/dist/chunk-artifact.js:2272:10[90m)[39m
    at [90mfile:///C:/Users/gerar/Documents/GitHub/logbook/[39mnode_modules/[4m@vitest/runner[24m/dist/chunk-artifact.js:2956:64

[90mstderr[2m | tests/telemetry_e2e.test.ts[2m > [22m[2mUnified Telemetry Hub E2E Suite (Tiers 1 - 5)[2m > [22m[2mTier 5: Adversarial Hardening & Stress Suite[2m > [22m[2m5.2: Network Failure, Backoff & Non-Blocking FlushQueue[2m > [22m[2mT5-8b: failed item retry limit evicts poison pill after 3 retries and schedules exponential backoff
[22m[39m[TelemetryHub] dispatchErrorToFirestore failed non-blockingly: Error: Persistent Firestore error
    at C:/Users/gerar/Documents/GitHub/logbook/tests/telemetry_e2e.test.ts:2334:38
    at [90mfile:///C:/Users/gerar/Documents/GitHub/logbook/[39mnode_modules/[4m@vitest/runner[24m/dist/chunk-artifact.js:302:11
    at [90mfile:///C:/Users/gerar/Documents/GitHub/logbook/[39mnode_modules/[4m@vitest/runner[24m/dist/chunk-artifact.js:1903:26
    at [90mfile:///C:/Users/gerar/Documents/GitHub/logbook/[39mnode_modules/[4m@vitest/runner[24m/dist/chunk-artifact.js:2326:20
    at new Promise (<anonymous>)
    at runWithCancel [90m(file:///C:/Users/gerar/Documents/GitHub/logbook/[39mnode_modules/[4m@vitest/runner[24m/dist/chunk-artifact.js:2323:10[90m)[39m
    at [90mfile:///C:/Users/gerar/Documents/GitHub/logbook/[39mnode_modules/[4m@vitest/runner[24m/dist/chunk-artifact.js:2305:20
    at new Promise (<anonymous>)
    at runWithTimeout [90m(file:///C:/Users/gerar/Documents/GitHub/logbook/[39mnode_modules/[4m@vitest/runner[24m/dist/chunk-artifact.js:2272:10[90m)[39m
    at [90mfile:///C:/Users/gerar/Documents/GitHub/logbook/[39mnode_modules/[4m@vitest/runner[24m/dist/chunk-artifact.js:2956:64

[90mstderr[2m | tests/telemetry_e2e.test.ts[2m > [22m[2mUnified Telemetry Hub E2E Suite (Tiers 1 - 5)[2m > [22m[2mTier 5: Adversarial Hardening & Stress Suite[2m > [22m[2m5.2: Network Failure, Backoff & Non-Blocking FlushQueue[2m > [22m[2mT5-8b: failed item retry limit evicts poison pill after 3 retries and schedules exponential backoff
[22m[39m[TelemetryHub] dispatchErrorToFirestore failed non-blockingly: Error: Persistent Firestore error
    at C:/Users/gerar/Documents/GitHub/logbook/tests/telemetry_e2e.test.ts:2334:38
    at [90mfile:///C:/Users/gerar/Documents/GitHub/logbook/[39mnode_modules/[4m@vitest/runner[24m/dist/chunk-artifact.js:302:11
    at [90mfile:///C:/Users/gerar/Documents/GitHub/logbook/[39mnode_modules/[4m@vitest/runner[24m/dist/chunk-artifact.js:1903:26
    at [90mfile:///C:/Users/gerar/Documents/GitHub/logbook/[39mnode_modules/[4m@vitest/runner[24m/dist/chunk-artifact.js:2326:20
    at new Promise (<anonymous>)
    at runWithCancel [90m(file:///C:/Users/gerar/Documents/GitHub/logbook/[39mnode_modules/[4m@vitest/runner[24m/dist/chunk-artifact.js:2323:10[90m)[39m
    at [90mfile:///C:/Users/gerar/Documents/GitHub/logbook/[39mnode_modules/[4m@vitest/runner[24m/dist/chunk-artifact.js:2305:20
    at new Promise (<anonymous>)
    at runWithTimeout [90m(file:///C:/Users/gerar/Documents/GitHub/logbook/[39mnode_modules/[4m@vitest/runner[24m/dist/chunk-artifact.js:2272:10[90m)[39m
    at [90mfile:///C:/Users/gerar/Documents/GitHub/logbook/[39mnode_modules/[4m@vitest/runner[24m/dist/chunk-artifact.js:2956:64

[90mstderr[2m | tests/telemetry_e2e.test.ts[2m > [22m[2mUnified Telemetry Hub E2E Suite (Tiers 1 - 5)[2m > [22m[2mTier 5: Adversarial Hardening & Stress Suite[2m > [22m[2m5.2: Network Failure, Backoff & Non-Blocking FlushQueue[2m > [22m[2mT5-8b: failed item retry limit evicts poison pill after 3 retries and schedules exponential backoff
[22m[39m[TelemetryHub] dispatchErrorToFirestore failed non-blockingly: Error: Persistent Firestore error
    at C:/Users/gerar/Documents/GitHub/logbook/tests/telemetry_e2e.test.ts:2334:38
    at [90mfile:///C:/Users/gerar/Documents/GitHub/logbook/[39mnode_modules/[4m@vitest/runner[24m/dist/chunk-artifact.js:302:11
    at [90mfile:///C:/Users/gerar/Documents/GitHub/logbook/[39mnode_modules/[4m@vitest/runner[24m/dist/chunk-artifact.js:1903:26
    at [90mfile:///C:/Users/gerar/Documents/GitHub/logbook/[39mnode_modules/[4m@vitest/runner[24m/dist/chunk-artifact.js:2326:20
    at new Promise (<anonymous>)
    at runWithCancel [90m(file:///C:/Users/gerar/Documents/GitHub/logbook/[39mnode_modules/[4m@vitest/runner[24m/dist/chunk-artifact.js:2323:10[90m)[39m
    at [90mfile:///C:/Users/gerar/Documents/GitHub/logbook/[39mnode_modules/[4m@vitest/runner[24m/dist/chunk-artifact.js:2305:20
    at new Promise (<anonymous>)
    at runWithTimeout [90m(file:///C:/Users/gerar/Documents/GitHub/logbook/[39mnode_modules/[4m@vitest/runner[24m/dist/chunk-artifact.js:2272:10[90m)[39m
    at [90mfile:///C:/Users/gerar/Documents/GitHub/logbook/[39mnode_modules/[4m@vitest/runner[24m/dist/chunk-artifact.js:2956:64

[90mstderr[2m | tests/telemetry_e2e.test.ts[2m > [22m[2mUnified Telemetry Hub E2E Suite (Tiers 1 - 5)[2m > [22m[2mTier 5: Adversarial Hardening & Stress Suite[2m > [22m[2m5.2: Network Failure, Backoff & Non-Blocking FlushQueue[2m > [22m[2mT5-8b: failed item retry limit evicts poison pill after 3 retries and schedules exponential backoff
[22m[39m[TelemetryHub] Evicting poison pill item after max retries: poison_pill_1

 [32m✓[39m tests/telemetry_e2e.test.ts [2m([22m[2m140 tests[22m[2m)[22m[33m 1463[2mms[22m[39m
         [33m[2m✓[22m[39m T5-9: avalanche stress of 500 mixed items offline strictly enforces 50-item cap and evicts oldest items FIFO [33m 317[2mms[22m[39m
(node:22420) ExperimentalWarning: localStorage is not available because --localstorage-file was not provided.
(Use `node --trace-warnings ...` to show where the warning was created)
[90mstderr[2m | tests/worker_1b_ui_date_csv.test.tsx
[22m[39mChiave reCAPTCHA v3 (VITE_RECAPTCHA_V3_SITE_KEY) non configurata. App Check non inizializzato.

(node:19600) ExperimentalWarning: localStorage is not available because --localstorage-file was not provided.
(Use `node --trace-warnings ...` to show where the warning was created)
 [32m✓[39m tests/challenger_empirical_m2.test.tsx [2m([22m[2m27 tests[22m[2m)[22m[33m 1529[2mms[22m[39m
       [33m[2m✓[22m[39m CycleEditor clamps durationWeeks to 1 when user sets an end date before start date [33m 635[2mms[22m[39m
[90mstderr[2m | tests/challenger_1_ui_and_chart_stress.test.tsx
[22m[39mChiave reCAPTCHA v3 (VITE_RECAPTCHA_V3_SITE_KEY) non configurata. App Check non inizializzato.

 [32m✓[39m tests/edge_cases.test.tsx [2m([22m[2m22 tests[22m[2m)[22m[33m 1718[2mms[22m[39m
       [33m[2m✓[22m[39m Components render gracefully when userData has minimal/empty structures [33m 1134[2mms[22m[39m
 [32m✓[39m tests/challenger_r5_comprehensive_stress.test.tsx [2m([22m[2m13 tests[22m[2m)[22m[33m 1171[2mms[22m[39m
       [33m[2m✓[22m[39m 3.1 Rapid duration input changes and empty string recovery [33m 462[2mms[22m[39m
[90mstderr[2m | tests/challenger_m2_pwa_resilience_a11y.test.tsx
[22m[39mChiave reCAPTCHA v3 (VITE_RECAPTCHA_V3_SITE_KEY) non configurata. App Check non inizializzato.

 [32m✓[39m tests/challenger_m4_adversarial_burst.test.ts [2m([22m[2m5 tests[22m[2m)[22m[33m 1312[2mms[22m[39m
     [33m[2m✓[22m[39m Stress 2a: Rapid generation of 1,500 distinct errors strictly caps activeRateLimiters at 1000 with LRU eviction and timer cleanup [33m 520[2mms[22m[39m
     [33m[2m✓[22m[39m Stress 4: Offline queue under 1,000 mixed item barrage guarantees <= 50 FIFO capacity and zero data corruption [33m 612[2mms[22m[39m
[90mstderr[2m | tests/challenger_r2_r3_r4_adversarial.test.tsx
[22m[39mChiave reCAPTCHA v3 (VITE_RECAPTCHA_V3_SITE_KEY) non configurata. App Check non inizializzato.

[90mstderr[2m | tests/workout_deletion_persistence.test.ts
[22m[39mChiave reCAPTCHA v3 (VITE_RECAPTCHA_V3_SITE_KEY) non configurata. App Check non inizializzato.

(node:16620) ExperimentalWarning: localStorage is not available because --localstorage-file was not provided.
(Use `node --trace-warnings ...` to show where the warning was created)
[90mstderr[2m | tests/challenger_4_telemetry_final_adversarial.test.ts
[22m[39mChiave reCAPTCHA v3 (VITE_RECAPTCHA_V3_SITE_KEY) non configurata. App Check non inizializzato.

(node:10520) ExperimentalWarning: localStorage is not available because --localstorage-file was not provided.
(Use `node --trace-warnings ...` to show where the warning was created)
[90mstderr[2m | tests/challenger_m2_adversarial.test.tsx
[22m[39mChiave reCAPTCHA v3 (VITE_RECAPTCHA_V3_SITE_KEY) non configurata. App Check non inizializzato.

(node:16828) ExperimentalWarning: localStorage is not available because --localstorage-file was not provided.
(Use `node --trace-warnings ...` to show where the warning was created)
(node:15880) ExperimentalWarning: localStorage is not available because --localstorage-file was not provided.
(Use `node --trace-warnings ...` to show where the warning was created)
[90mstderr[2m | tests/challenger_m3_zod_pii_adversarial.test.ts
[22m[39mChiave reCAPTCHA v3 (VITE_RECAPTCHA_V3_SITE_KEY) non configurata. App Check non inizializzato.

(node:8284) ExperimentalWarning: localStorage is not available because --localstorage-file was not provided.
(Use `node --trace-warnings ...` to show where the warning was created)
[90mstderr[2m | tests/sleep_format.test.ts
[22m[39mChiave reCAPTCHA v3 (VITE_RECAPTCHA_V3_SITE_KEY) non configurata. App Check non inizializzato.

(node:20160) ExperimentalWarning: localStorage is not available because --localstorage-file was not provided.
(Use `node --trace-warnings ...` to show where the warning was created)
[90mstdout[2m | tests/workout_deletion_persistence.test.ts[2m > [22m[2mWorkout Deletion & Subcollection Persistence[2m > [22m[2mupdates month document when deleting a single workout from a multi-workout month
[22m[39mSincronizzazione DB completata.

[90mstdout[2m | tests/workout_deletion_persistence.test.ts[2m > [22m[2mWorkout Deletion & Subcollection Persistence[2m > [22m[2mupdates month document when deleting a single workout from a multi-workout month
[22m[39mSincronizzazione DB completata.

[90mstdout[2m | tests/workout_deletion_persistence.test.ts[2m > [22m[2mWorkout Deletion & Subcollection Persistence[2m > [22m[2mdeletes month document from subcollection when deleting the last workout in that month
[22m[39mSincronizzazione DB completata.

[90mstdout[2m | tests/workout_deletion_persistence.test.ts[2m > [22m[2mWorkout Deletion & Subcollection Persistence[2m > [22m[2mdeletes month document from subcollection when deleting the last workout in that month
[22m[39mSincronizzazione DB completata.

 [32m✓[39m tests/workout_improvements.test.tsx [2m([22m[2m15 tests[22m[2m)[22m[33m 2317[2mms[22m[39m
       [33m[2m✓[22m[39m resetGlobalWorkoutTimer clears localStorage and dispatches event [33m 316[2mms[22m[39m
       [33m[2m✓[22m[39m MuscleModel is always visible in routine creation even with zero exercises [33m 550[2mms[22m[39m
       [33m[2m✓[22m[39m TrainingSession in isEditingHistory mode renders banner, manual duration and "Salva Modifica" [33m 644[2mms[22m[39m
[90mstderr[2m | tests/challenger_stress_r1_r6.test.ts
[22m[39mChiave reCAPTCHA v3 (VITE_RECAPTCHA_V3_SITE_KEY) non configurata. App Check non inizializzato.

[90mstderr[2m | tests/challenger_r2_r3_r4_adversarial.test.tsx[2m > [22m[2mEMPIRICAL CHALLENGER: Adversarial Stress & Robustness Suite (R2, R3, R4)[2m > [22m[2mR2 Adversarial: Firebase Configuration Fail-Fast & Secret Audit[2m > [22m[2mRUNTIME SUCCESS: loads and exports auth, db, provider when all 8 environment variables are properly defined
[22m[39mChiave reCAPTCHA v3 (VITE_RECAPTCHA_V3_SITE_KEY) non configurata. App Check non inizializzato.

[90mstderr[2m | tests/challenger_r2_r3_r4_adversarial.test.tsx[2m > [22m[2mEMPIRICAL CHALLENGER: Adversarial Stress & Robustness Suite (R2, R3, R4)[2m > [22m[2mR3 Adversarial: Zustand saveUserData Concurrency & Promise Rejection Stress[2m > [22m[2mBURST STRESS (50 Concurrent Calls - Success): debounces 50 rapid calls into exactly 1 DB write, resolves ALL 50 caller promises with freshest data
[22m[39mChiave reCAPTCHA v3 (VITE_RECAPTCHA_V3_SITE_KEY) non configurata. App Check non inizializzato.

 [32m✓[39m tests/worker_1b_ui_date_csv.test.tsx [2m([22m[2m9 tests[22m[2m)[22m[33m 1545[2mms[22m[39m
       [33m[2m✓[22m[39m DataMeasurements navigates previous and next days accurately across month boundaries [33m 437[2mms[22m[39m
       [33m[2m✓[22m[39m TrainingPlanning duplicates cycle with (copia) in sentence case [33m 477[2mms[22m[39m
[90mstderr[2m | tests/challenger_r2_r3_r4_adversarial.test.tsx[2m > [22m[2mEMPIRICAL CHALLENGER: Adversarial Stress & Robustness Suite (R2, R3, R4)[2m > [22m[2mR3 Adversarial: Zustand saveUserData Concurrency & Promise Rejection Stress[2m > [22m[2mBURST STRESS (50 Concurrent Calls - Rejection): when debounced DB write fails, ALL 50 caller promises reject with the identical error
[22m[39m[SyncSlice] Errore durante il salvataggio: {
  code: [32m'ERR_FIRESTORE_UNAVAILABLE'[39m,
  rawCode: [32m'Error'[39m,
  category: [32m'network'[39m,
  title: [32m'Connessione non disponibile'[39m,
  message: [32m'I dati sono stati salvati con successo sul dispositivo. La sincronizzazione con il cloud riprenderà automaticamente al ripristino della connessione.'[39m,
  isOfflineSafe: [33mtrue[39m,
  canRetry: [33mtrue[39m
}

[90mstderr[2m | tests/challenger_r2_r3_r4_adversarial.test.tsx[2m > [22m[2mEMPIRICAL CHALLENGER: Adversarial Stress & Robustness Suite (R2, R3, R4)[2m > [22m[2mR3 Adversarial: Zustand saveUserData Concurrency & Promise Rejection Stress[2m > [22m[2mINTERLEAVED STRESS: alternates Fail -> Burst Success -> Burst Fail -> Null -> Success cleanly
[22m[39m[SyncSlice] Errore durante il salvataggio: {
  code: [32m'ERR_UNKNOWN'[39m,
  rawCode: [32m'Error'[39m,
  category: [32m'unknown'[39m,
  title: [32m'Errore di sincronizzazione'[39m,
  message: [32m'Si è verificato un errore imprevisto durante la sincronizzazione cloud. I tuoi dati locali sono preservati.'[39m,
  isOfflineSafe: [33mtrue[39m,
  canRetry: [33mtrue[39m
}

[90mstderr[2m | tests/challenger_r2_r3_r4_adversarial.test.tsx[2m > [22m[2mEMPIRICAL CHALLENGER: Adversarial Stress & Robustness Suite (R2, R3, R4)[2m > [22m[2mR3 Adversarial: Zustand saveUserData Concurrency & Promise Rejection Stress[2m > [22m[2mINTERLEAVED STRESS: alternates Fail -> Burst Success -> Burst Fail -> Null -> Success cleanly
[22m[39m[SyncSlice] Errore durante il salvataggio: {
  code: [32m'ERR_FIRESTORE_TIMEOUT'[39m,
  rawCode: [32m'Error'[39m,
  category: [32m'timeout'[39m,
  title: [32m'Tempo di sincronizzazione scaduto'[39m,
  message: [32m'La sincronizzazione con il server ha impiegato troppo tempo. I dati sono salvati sul dispositivo e il tentativo verrà ripetuto in seguito.'[39m,
  isOfflineSafe: [33mtrue[39m,
  canRetry: [33mtrue[39m
}

[90mstderr[2m | tests/challenger_r2_r3_r4_adversarial.test.tsx[2m > [22m[2mEMPIRICAL CHALLENGER: Adversarial Stress & Robustness Suite (R2, R3, R4)[2m > [22m[2mR3 Adversarial: Zustand saveUserData Concurrency & Promise Rejection Stress[2m > [22m[2mASYNC PROPAGATION: updateUserData properly propagates promise rejection to caller try/catch
[22m[39m[SyncSlice] Errore durante il salvataggio: {
  code: [32m'ERR_UNKNOWN'[39m,
  rawCode: [32m'Error'[39m,
  category: [32m'unknown'[39m,
  title: [32m'Errore di sincronizzazione'[39m,
  message: [32m'Si è verificato un errore imprevisto durante la sincronizzazione cloud. I tuoi dati locali sono preservati.'[39m,
  isOfflineSafe: [33mtrue[39m,
  canRetry: [33mtrue[39m
}

 [32m✓[39m tests/challenger_r2_r3_r4_adversarial.test.tsx [2m([22m[2m142 tests[22m[2m)[22m[33m 904[2mms[22m[39m
 [32m✓[39m tests/workout_deletion_persistence.test.ts [2m([22m[2m3 tests[22m[2m)[22m[33m 1062[2mms[22m[39m
     [33m[2m✓[22m[39m useTrainingHistory hook deleteWorkout confirms and updates store properly [33m 1042[2mms[22m[39m
 [32m✓[39m tests/challenger_m2_pwa_resilience_a11y.test.tsx [2m([22m[2m9 tests[22m[2m)[22m[33m 1084[2mms[22m[39m
       [33m[2m✓[22m[39m renders alertdialog with compliant ARIA attributes, labels, and descriptions for alert type [33m 823[2mms[22m[39m
(node:11324) ExperimentalWarning: localStorage is not available because --localstorage-file was not provided.
(Use `node --trace-warnings ...` to show where the warning was created)
(node:2632) ExperimentalWarning: localStorage is not available because --localstorage-file was not provided.
(Use `node --trace-warnings ...` to show where the warning was created)
 [32m✓[39m tests/challenger_4_telemetry_final_adversarial.test.ts [2m([22m[2m41 tests[22m[2m)[22m[33m 740[2mms[22m[39m
       [33m[2m✓[22m[39m 2.1: Hot loop with 1,000 distinct Error objects completes in < 100ms [33m 548[2mms[22m[39m
 [32m✓[39m tests/challenger_m2_adversarial.test.tsx [2m([22m[2m7 tests[22m[2m)[22m[33m 738[2mms[22m[39m
       [33m[2m✓[22m[39m handles non-numeric or 0 duration input by clamping to minimum 1 week [33m 533[2mms[22m[39m
(node:22608) ExperimentalWarning: localStorage is not available because --localstorage-file was not provided.
(Use `node --trace-warnings ...` to show where the warning was created)
(node:3540) ExperimentalWarning: localStorage is not available because --localstorage-file was not provided.
(Use `node --trace-warnings ...` to show where the warning was created)
(node:9824) ExperimentalWarning: localStorage is not available because --localstorage-file was not provided.
(Use `node --trace-warnings ...` to show where the warning was created)
[90mstderr[2m | tests/challenger_3_telemetry_verification.test.ts
[22m[39mChiave reCAPTCHA v3 (VITE_RECAPTCHA_V3_SITE_KEY) non configurata. App Check non inizializzato.

 [32m✓[39m tests/challenger_m3_zod_pii_adversarial.test.ts [2m([22m[2m17 tests[22m[2m)[22m[33m 530[2mms[22m[39m
 [32m✓[39m tests/sleep_format.test.ts [2m([22m[2m11 tests[22m[2m)[22m[33m 638[2mms[22m[39m
       [33m[2m✓[22m[39m formats sleep times properly when generating nutrition CSV [33m 605[2mms[22m[39m
[90mstderr[2m | tests/bottom_nav_safe_area.test.tsx
[22m[39mChiave reCAPTCHA v3 (VITE_RECAPTCHA_V3_SITE_KEY) non configurata. App Check non inizializzato.

 [32m✓[39m tests/challenger_stress_r1_r6.test.ts [2m([22m[2m10 tests[22m[2m)[22m[33m 578[2mms[22m[39m
 [32m✓[39m tests/challenger_1_ui_and_chart_stress.test.tsx [2m([22m[2m3 tests[22m[2m)[22m[33m 1293[2mms[22m[39m
     [33m[2m✓[22m[39m renders WeeklyVolumeChart with 500 workouts across 24 weeks seamlessly without lag or crash [33m 875[2mms[22m[39m
[90mstderr[2m | tests/telemetry_hub_adversarial.test.ts
[22m[39mChiave reCAPTCHA v3 (VITE_RECAPTCHA_V3_SITE_KEY) non configurata. App Check non inizializzato.

[90mstderr[2m | tests/challenger_r1_sleep_deep_empirical.test.ts
[22m[39mChiave reCAPTCHA v3 (VITE_RECAPTCHA_V3_SITE_KEY) non configurata. App Check non inizializzato.

[90mstderr[2m | tests/challenger_empirical_focus_scroll.test.tsx
[22m[39mChiave reCAPTCHA v3 (VITE_RECAPTCHA_V3_SITE_KEY) non configurata. App Check non inizializzato.

[90mstderr[2m | tests/challenger_nutrition_selectors_render_stress.test.tsx
[22m[39mChiave reCAPTCHA v3 (VITE_RECAPTCHA_V3_SITE_KEY) non configurata. App Check non inizializzato.

[90mstderr[2m | tests/challenger_empirical_adversarial.test.ts
[22m[39mChiave reCAPTCHA v3 (VITE_RECAPTCHA_V3_SITE_KEY) non configurata. App Check non inizializzato.

(node:18164) ExperimentalWarning: localStorage is not available because --localstorage-file was not provided.
(Use `node --trace-warnings ...` to show where the warning was created)
(node:21736) ExperimentalWarning: localStorage is not available because --localstorage-file was not provided.
(Use `node --trace-warnings ...` to show where the warning was created)
[90mstderr[2m | tests/challenger_m4_2_offline_adversarial.test.ts
[22m[39mChiave reCAPTCHA v3 (VITE_RECAPTCHA_V3_SITE_KEY) non configurata. App Check non inizializzato.

(node:23112) ExperimentalWarning: localStorage is not available because --localstorage-file was not provided.
(Use `node --trace-warnings ...` to show where the warning was created)
[90mstderr[2m | tests/pwa_indexeddb_refactor.test.tsx
[22m[39mChiave reCAPTCHA v3 (VITE_RECAPTCHA_V3_SITE_KEY) non configurata. App Check non inizializzato.

[90mstderr[2m | tests/guest_bootstrap_lifecycle.test.tsx
[22m[39mChiave reCAPTCHA v3 (VITE_RECAPTCHA_V3_SITE_KEY) non configurata. App Check non inizializzato.

(node:14432) ExperimentalWarning: localStorage is not available because --localstorage-file was not provided.
(Use `node --trace-warnings ...` to show where the warning was created)
[90mstderr[2m | tests/tier5_adversarial_guest_catalog.test.ts
[22m[39mChiave reCAPTCHA v3 (VITE_RECAPTCHA_V3_SITE_KEY) non configurata. App Check non inizializzato.

[90mstderr[2m | tests/telemetry_hub_adversarial.test.ts[2m > [22m[2mAdversarial Stress & Edge-Case Suite: TelemetryHub[2m > [22m[2m3. Hanging Firestore & Non-Blocking Resilience[2m > [22m[2msurvives indefinitely hanging Firestore setDoc promises with 5000ms timeout race
[22m[39m[TelemetryHub] dispatchErrorToFirestore failed non-blockingly: Error: Telemetry error dispatch timeout
    at C:/Users/gerar/Documents/GitHub/logbook/src/lib/telemetryHub.ts:901:33
    at callTimer [90m(file:///C:/Users/gerar/Documents/GitHub/logbook/[39mnode_modules/[4mvitest[24m/dist/chunks/test.DNmyFkvJ.js:1773:25[90m)[39m
    at doTickInner [90m(file:///C:/Users/gerar/Documents/GitHub/logbook/[39mnode_modules/[4mvitest[24m/dist/chunks/test.DNmyFkvJ.js:2444:30[90m)[39m
    at doTick [90m(file:///C:/Users/gerar/Documents/GitHub/logbook/[39mnode_modules/[4mvitest[24m/dist/chunks/test.DNmyFkvJ.js:2525:21[90m)[39m
    at Immediate.<anonymous> [90m(file:///C:/Users/gerar/Documents/GitHub/logbook/[39mnode_modules/[4mvitest[24m/dist/chunks/test.DNmyFkvJ.js:2546:34[90m)[39m
[90m    at processImmediate (node:internal/timers:504:21)[39m

[90mstderr[2m | tests/telemetry_hub_adversarial.test.ts[2m > [22m[2mAdversarial Stress & Edge-Case Suite: TelemetryHub[2m > [22m[2m3. Hanging Firestore & Non-Blocking Resilience[2m > [22m[2msurvives indefinitely hanging Firestore setDoc promises with 5000ms timeout race
[22m[39m[TelemetryHub] dispatchErrorToFirestore failed non-blockingly: Error: Telemetry error dispatch timeout
    at C:/Users/gerar/Documents/GitHub/logbook/src/lib/telemetryHub.ts:901:33
    at callTimer [90m(file:///C:/Users/gerar/Documents/GitHub/logbook/[39mnode_modules/[4mvitest[24m/dist/chunks/test.DNmyFkvJ.js:1773:25[90m)[39m
    at doTickInner [90m(file:///C:/Users/gerar/Documents/GitHub/logbook/[39mnode_modules/[4mvitest[24m/dist/chunks/test.DNmyFkvJ.js:2444:30[90m)[39m
    at Immediate.nextPromiseTick [90m(file:///C:/Users/gerar/Documents/GitHub/logbook/[39mnode_modules/[4mvitest[24m/dist/chunks/test.DNmyFkvJ.js:2505:26[90m)[39m
[90m    at processImmediate (node:internal/timers:504:21)[39m

[90mstderr[2m | tests/telemetry_hub_adversarial.test.ts[2m > [22m[2mAdversarial Stress & Edge-Case Suite: TelemetryHub[2m > [22m[2m3. Hanging Firestore & Non-Blocking Resilience[2m > [22m[2msurvives indefinitely hanging Firestore setDoc promises with 5000ms timeout race
[22m[39m[TelemetryHub] dispatchErrorToFirestore failed non-blockingly: Error: Telemetry error dispatch timeout
    at C:/Users/gerar/Documents/GitHub/logbook/src/lib/telemetryHub.ts:901:33
    at callTimer [90m(file:///C:/Users/gerar/Documents/GitHub/logbook/[39mnode_modules/[4mvitest[24m/dist/chunks/test.DNmyFkvJ.js:1773:25[90m)[39m
    at doTickInner [90m(file:///C:/Users/gerar/Documents/GitHub/logbook/[39mnode_modules/[4mvitest[24m/dist/chunks/test.DNmyFkvJ.js:2444:30[90m)[39m
    at Immediate.nextPromiseTick [90m(file:///C:/Users/gerar/Documents/GitHub/logbook/[39mnode_modules/[4mvitest[24m/dist/chunks/test.DNmyFkvJ.js:2505:26[90m)[39m
[90m    at processImmediate (node:internal/timers:504:21)[39m

[90mstderr[2m | tests/telemetry_hub_adversarial.test.ts[2m > [22m[2mAdversarial Stress & Edge-Case Suite: TelemetryHub[2m > [22m[2m3. Hanging Firestore & Non-Blocking Resilience[2m > [22m[2msurvives indefinitely hanging Firestore setDoc promises with 5000ms timeout race
[22m[39m[TelemetryHub] dispatchErrorToFirestore failed non-blockingly: Error: Telemetry error dispatch timeout
    at C:/Users/gerar/Documents/GitHub/logbook/src/lib/telemetryHub.ts:901:33
    at callTimer [90m(file:///C:/Users/gerar/Documents/GitHub/logbook/[39mnode_modules/[4mvitest[24m/dist/chunks/test.DNmyFkvJ.js:1773:25[90m)[39m
    at doTickInner [90m(file:///C:/Users/gerar/Documents/GitHub/logbook/[39mnode_modules/[4mvitest[24m/dist/chunks/test.DNmyFkvJ.js:2444:30[90m)[39m
    at Immediate.nextPromiseTick [90m(file:///C:/Users/gerar/Documents/GitHub/logbook/[39mnode_modules/[4mvitest[24m/dist/chunks/test.DNmyFkvJ.js:2505:26[90m)[39m
[90m    at processImmediate (node:internal/timers:504:21)[39m

[90mstderr[2m | tests/telemetry_hub_adversarial.test.ts[2m > [22m[2mAdversarial Stress & Edge-Case Suite: TelemetryHub[2m > [22m[2m3. Hanging Firestore & Non-Blocking Resilience[2m > [22m[2msurvives indefinitely hanging Firestore setDoc promises with 5000ms timeout race
[22m[39m[TelemetryHub] dispatchErrorToFirestore failed non-blockingly: Error: Telemetry error dispatch timeout
    at C:/Users/gerar/Documents/GitHub/logbook/src/lib/telemetryHub.ts:901:33
    at callTimer [90m(file:///C:/Users/gerar/Documents/GitHub/logbook/[39mnode_modules/[4mvitest[24m/dist/chunks/test.DNmyFkvJ.js:1773:25[90m)[39m
    at doTickInner [90m(file:///C:/Users/gerar/Documents/GitHub/logbook/[39mnode_modules/[4mvitest[24m/dist/chunks/test.DNmyFkvJ.js:2444:30[90m)[39m
    at Immediate.nextPromiseTick [90m(file:///C:/Users/gerar/Documents/GitHub/logbook/[39mnode_modules/[4mvitest[24m/dist/chunks/test.DNmyFkvJ.js:2505:26[90m)[39m
[90m    at processImmediate (node:internal/timers:504:21)[39m

[90mstderr[2m | tests/telemetry_hub_adversarial.test.ts[2m > [22m[2mAdversarial Stress & Edge-Case Suite: TelemetryHub[2m > [22m[2m3. Hanging Firestore & Non-Blocking Resilience[2m > [22m[2msurvives indefinitely hanging Firestore setDoc promises with 5000ms timeout race
[22m[39m[TelemetryHub] dispatchErrorToFirestore failed non-blockingly: Error: Telemetry error dispatch timeout
    at C:/Users/gerar/Documents/GitHub/logbook/src/lib/telemetryHub.ts:901:33
    at callTimer [90m(file:///C:/Users/gerar/Documents/GitHub/logbook/[39mnode_modules/[4mvitest[24m/dist/chunks/test.DNmyFkvJ.js:1773:25[90m)[39m
    at doTickInner [90m(file:///C:/Users/gerar/Documents/GitHub/logbook/[39mnode_modules/[4mvitest[24m/dist/chunks/test.DNmyFkvJ.js:2444:30[90m)[39m
    at Immediate.nextPromiseTick [90m(file:///C:/Users/gerar/Documents/GitHub/logbook/[39mnode_modules/[4mvitest[24m/dist/chunks/test.DNmyFkvJ.js:2505:26[90m)[39m
[90m    at processImmediate (node:internal/timers:504:21)[39m

[90mstderr[2m | tests/telemetry_hub_adversarial.test.ts[2m > [22m[2mAdversarial Stress & Edge-Case Suite: TelemetryHub[2m > [22m[2m3. Hanging Firestore & Non-Blocking Resilience[2m > [22m[2msurvives indefinitely hanging Firestore setDoc promises with 5000ms timeout race
[22m[39m[TelemetryHub] dispatchErrorToFirestore failed non-blockingly: Error: Telemetry error dispatch timeout
    at C:/Users/gerar/Documents/GitHub/logbook/src/lib/telemetryHub.ts:901:33
    at callTimer [90m(file:///C:/Users/gerar/Documents/GitHub/logbook/[39mnode_modules/[4mvitest[24m/dist/chunks/test.DNmyFkvJ.js:1773:25[90m)[39m
    at doTickInner [90m(file:///C:/Users/gerar/Documents/GitHub/logbook/[39mnode_modules/[4mvitest[24m/dist/chunks/test.DNmyFkvJ.js:2444:30[90m)[39m
    at Immediate.nextPromiseTick [90m(file:///C:/Users/gerar/Documents/GitHub/logbook/[39mnode_modules/[4mvitest[24m/dist/chunks/test.DNmyFkvJ.js:2505:26[90m)[39m
[90m    at processImmediate (node:internal/timers:504:21)[39m

[90mstderr[2m | tests/telemetry_hub_adversarial.test.ts[2m > [22m[2mAdversarial Stress & Edge-Case Suite: TelemetryHub[2m > [22m[2m3. Hanging Firestore & Non-Blocking Resilience[2m > [22m[2msurvives indefinitely hanging Firestore setDoc promises with 5000ms timeout race
[22m[39m[TelemetryHub] dispatchErrorToFirestore failed non-blockingly: Error: Telemetry error dispatch timeout
    at C:/Users/gerar/Documents/GitHub/logbook/src/lib/telemetryHub.ts:901:33
    at callTimer [90m(file:///C:/Users/gerar/Documents/GitHub/logbook/[39mnode_modules/[4mvitest[24m/dist/chunks/test.DNmyFkvJ.js:1773:25[90m)[39m
    at doTickInner [90m(file:///C:/Users/gerar/Documents/GitHub/logbook/[39mnode_modules/[4mvitest[24m/dist/chunks/test.DNmyFkvJ.js:2444:30[90m)[39m
    at Immediate.nextPromiseTick [90m(file:///C:/Users/gerar/Documents/GitHub/logbook/[39mnode_modules/[4mvitest[24m/dist/chunks/test.DNmyFkvJ.js:2505:26[90m)[39m
[90m    at processImmediate (node:internal/timers:504:21)[39m

[90mstderr[2m | tests/telemetry_hub_adversarial.test.ts[2m > [22m[2mAdversarial Stress & Edge-Case Suite: TelemetryHub[2m > [22m[2m3. Hanging Firestore & Non-Blocking Resilience[2m > [22m[2msurvives indefinitely hanging Firestore setDoc promises with 5000ms timeout race
[22m[39m[TelemetryHub] dispatchErrorToFirestore failed non-blockingly: Error: Telemetry error dispatch timeout
    at C:/Users/gerar/Documents/GitHub/logbook/src/lib/telemetryHub.ts:901:33
    at callTimer [90m(file:///C:/Users/gerar/Documents/GitHub/logbook/[39mnode_modules/[4mvitest[24m/dist/chunks/test.DNmyFkvJ.js:1773:25[90m)[39m
    at doTickInner [90m(file:///C:/Users/gerar/Documents/GitHub/logbook/[39mnode_modules/[4mvitest[24m/dist/chunks/test.DNmyFkvJ.js:2444:30[90m)[39m
    at Immediate.nextPromiseTick [90m(file:///C:/Users/gerar/Documents/GitHub/logbook/[39mnode_modules/[4mvitest[24m/dist/chunks/test.DNmyFkvJ.js:2505:26[90m)[39m
[90m    at processImmediate (node:internal/timers:504:21)[39m

[90mstderr[2m | tests/telemetry_hub_adversarial.test.ts[2m > [22m[2mAdversarial Stress & Edge-Case Suite: TelemetryHub[2m > [22m[2m3. Hanging Firestore & Non-Blocking Resilience[2m > [22m[2msurvives indefinitely hanging Firestore setDoc promises with 5000ms timeout race
[22m[39m[TelemetryHub] dispatchErrorToFirestore failed non-blockingly: Error: Telemetry error dispatch timeout
    at C:/Users/gerar/Documents/GitHub/logbook/src/lib/telemetryHub.ts:901:33
    at callTimer [90m(file:///C:/Users/gerar/Documents/GitHub/logbook/[39mnode_modules/[4mvitest[24m/dist/chunks/test.DNmyFkvJ.js:1773:25[90m)[39m
    at doTickInner [90m(file:///C:/Users/gerar/Documents/GitHub/logbook/[39mnode_modules/[4mvitest[24m/dist/chunks/test.DNmyFkvJ.js:2444:30[90m)[39m
    at Immediate.nextPromiseTick [90m(file:///C:/Users/gerar/Documents/GitHub/logbook/[39mnode_modules/[4mvitest[24m/dist/chunks/test.DNmyFkvJ.js:2505:26[90m)[39m
[90m    at processImmediate (node:internal/timers:504:21)[39m

[90mstderr[2m | tests/telemetry_hub_adversarial.test.ts[2m > [22m[2mAdversarial Stress & Edge-Case Suite: TelemetryHub[2m > [22m[2m3. Hanging Firestore & Non-Blocking Resilience[2m > [22m[2msurvives indefinitely hanging Firestore setDoc promises with 5000ms timeout race
[22m[39m[TelemetryHub] dispatchErrorToFirestore failed non-blockingly: Error: Telemetry error dispatch timeout
    at C:/Users/gerar/Documents/GitHub/logbook/src/lib/telemetryHub.ts:901:33
    at callTimer [90m(file:///C:/Users/gerar/Documents/GitHub/logbook/[39mnode_modules/[4mvitest[24m/dist/chunks/test.DNmyFkvJ.js:1773:25[90m)[39m
    at doTickInner [90m(file:///C:/Users/gerar/Documents/GitHub/logbook/[39mnode_modules/[4mvitest[24m/dist/chunks/test.DNmyFkvJ.js:2444:30[90m)[39m
    at Immediate.nextPromiseTick [90m(file:///C:/Users/gerar/Documents/GitHub/logbook/[39mnode_modules/[4mvitest[24m/dist/chunks/test.DNmyFkvJ.js:2505:26[90m)[39m
[90m    at processImmediate (node:internal/timers:504:21)[39m

[90mstderr[2m | tests/telemetry_hub_adversarial.test.ts[2m > [22m[2mAdversarial Stress & Edge-Case Suite: TelemetryHub[2m > [22m[2m3. Hanging Firestore & Non-Blocking Resilience[2m > [22m[2msurvives indefinitely hanging Firestore setDoc promises with 5000ms timeout race
[22m[39m[TelemetryHub] dispatchErrorToFirestore failed non-blockingly: Error: Telemetry error dispatch timeout
    at C:/Users/gerar/Documents/GitHub/logbook/src/lib/telemetryHub.ts:901:33
    at callTimer [90m(file:///C:/Users/gerar/Documents/GitHub/logbook/[39mnode_modules/[4mvitest[24m/dist/chunks/test.DNmyFkvJ.js:1773:25[90m)[39m
    at doTickInner [90m(file:///C:/Users/gerar/Documents/GitHub/logbook/[39mnode_modules/[4mvitest[24m/dist/chunks/test.DNmyFkvJ.js:2444:30[90m)[39m
    at Immediate.nextPromiseTick [90m(file:///C:/Users/gerar/Documents/GitHub/logbook/[39mnode_modules/[4mvitest[24m/dist/chunks/test.DNmyFkvJ.js:2505:26[90m)[39m
[90m    at processImmediate (node:internal/timers:504:21)[39m

[90mstderr[2m | tests/telemetry_hub_adversarial.test.ts[2m > [22m[2mAdversarial Stress & Edge-Case Suite: TelemetryHub[2m > [22m[2m3. Hanging Firestore & Non-Blocking Resilience[2m > [22m[2msurvives indefinitely hanging Firestore setDoc promises with 5000ms timeout race
[22m[39m[TelemetryHub] dispatchErrorToFirestore failed non-blockingly: Error: Telemetry error dispatch timeout
    at C:/Users/gerar/Documents/GitHub/logbook/src/lib/telemetryHub.ts:901:33
    at callTimer [90m(file:///C:/Users/gerar/Documents/GitHub/logbook/[39mnode_modules/[4mvitest[24m/dist/chunks/test.DNmyFkvJ.js:1773:25[90m)[39m
    at doTickInner [90m(file:///C:/Users/gerar/Documents/GitHub/logbook/[39mnode_modules/[4mvitest[24m/dist/chunks/test.DNmyFkvJ.js:2444:30[90m)[39m
    at Immediate.nextPromiseTick [90m(file:///C:/Users/gerar/Documents/GitHub/logbook/[39mnode_modules/[4mvitest[24m/dist/chunks/test.DNmyFkvJ.js:2505:26[90m)[39m
[90m    at processImmediate (node:internal/timers:504:21)[39m

[90mstderr[2m | tests/telemetry_hub_adversarial.test.ts[2m > [22m[2mAdversarial Stress & Edge-Case Suite: TelemetryHub[2m > [22m[2m3. Hanging Firestore & Non-Blocking Resilience[2m > [22m[2msurvives indefinitely hanging Firestore setDoc promises with 5000ms timeout race
[22m[39m[TelemetryHub] dispatchErrorToFirestore failed non-blockingly: Error: Telemetry error dispatch timeout
    at C:/Users/gerar/Documents/GitHub/logbook/src/lib/telemetryHub.ts:901:33
    at callTimer [90m(file:///C:/Users/gerar/Documents/GitHub/logbook/[39mnode_modules/[4mvitest[24m/dist/chunks/test.DNmyFkvJ.js:1773:25[90m)[39m
    at doTickInner [90m(file:///C:/Users/gerar/Documents/GitHub/logbook/[39mnode_modules/[4mvitest[24m/dist/chunks/test.DNmyFkvJ.js:2444:30[90m)[39m
    at Immediate.nextPromiseTick [90m(file:///C:/Users/gerar/Documents/GitHub/logbook/[39mnode_modules/[4mvitest[24m/dist/chunks/test.DNmyFkvJ.js:2505:26[90m)[39m
[90m    at processImmediate (node:internal/timers:504:21)[39m

[90mstderr[2m | tests/telemetry_hub_adversarial.test.ts[2m > [22m[2mAdversarial Stress & Edge-Case Suite: TelemetryHub[2m > [22m[2m3. Hanging Firestore & Non-Blocking Resilience[2m > [22m[2msurvives indefinitely hanging Firestore setDoc promises with 5000ms timeout race
[22m[39m[TelemetryHub] dispatchErrorToFirestore failed non-blockingly: Error: Telemetry error dispatch timeout
    at C:/Users/gerar/Documents/GitHub/logbook/src/lib/telemetryHub.ts:901:33
    at callTimer [90m(file:///C:/Users/gerar/Documents/GitHub/logbook/[39mnode_modules/[4mvitest[24m/dist/chunks/test.DNmyFkvJ.js:1773:25[90m)[39m
    at doTickInner [90m(file:///C:/Users/gerar/Documents/GitHub/logbook/[39mnode_modules/[4mvitest[24m/dist/chunks/test.DNmyFkvJ.js:2444:30[90m)[39m
    at Immediate.nextPromiseTick [90m(file:///C:/Users/gerar/Documents/GitHub/logbook/[39mnode_modules/[4mvitest[24m/dist/chunks/test.DNmyFkvJ.js:2505:26[90m)[39m
[90m    at processImmediate (node:internal/timers:504:21)[39m

[90mstderr[2m | tests/telemetry_hub_adversarial.test.ts[2m > [22m[2mAdversarial Stress & Edge-Case Suite: TelemetryHub[2m > [22m[2m3. Hanging Firestore & Non-Blocking Resilience[2m > [22m[2msurvives indefinitely hanging Firestore setDoc promises with 5000ms timeout race
[22m[39m[TelemetryHub] dispatchErrorToFirestore failed non-blockingly: Error: Telemetry error dispatch timeout
    at C:/Users/gerar/Documents/GitHub/logbook/src/lib/telemetryHub.ts:901:33
    at callTimer [90m(file:///C:/Users/gerar/Documents/GitHub/logbook/[39mnode_modules/[4mvitest[24m/dist/chunks/test.DNmyFkvJ.js:1773:25[90m)[39m
    at doTickInner [90m(file:///C:/Users/gerar/Documents/GitHub/logbook/[39mnode_modules/[4mvitest[24m/dist/chunks/test.DNmyFkvJ.js:2444:30[90m)[39m
    at Immediate.nextPromiseTick [90m(file:///C:/Users/gerar/Documents/GitHub/logbook/[39mnode_modules/[4mvitest[24m/dist/chunks/test.DNmyFkvJ.js:2505:26[90m)[39m
[90m    at processImmediate (node:internal/timers:504:21)[39m

[90mstderr[2m | tests/telemetry_hub_adversarial.test.ts[2m > [22m[2mAdversarial Stress & Edge-Case Suite: TelemetryHub[2m > [22m[2m3. Hanging Firestore & Non-Blocking Resilience[2m > [22m[2msurvives indefinitely hanging Firestore setDoc promises with 5000ms timeout race
[22m[39m[TelemetryHub] dispatchErrorToFirestore failed non-blockingly: Error: Telemetry error dispatch timeout
    at C:/Users/gerar/Documents/GitHub/logbook/src/lib/telemetryHub.ts:901:33
    at callTimer [90m(file:///C:/Users/gerar/Documents/GitHub/logbook/[39mnode_modules/[4mvitest[24m/dist/chunks/test.DNmyFkvJ.js:1773:25[90m)[39m
    at doTickInner [90m(file:///C:/Users/gerar/Documents/GitHub/logbook/[39mnode_modules/[4mvitest[24m/dist/chunks/test.DNmyFkvJ.js:2444:30[90m)[39m
    at Immediate.nextPromiseTick [90m(file:///C:/Users/gerar/Documents/GitHub/logbook/[39mnode_modules/[4mvitest[24m/dist/chunks/test.DNmyFkvJ.js:2505:26[90m)[39m
[90m    at processImmediate (node:internal/timers:504:21)[39m

[90mstderr[2m | tests/telemetry_hub_adversarial.test.ts[2m > [22m[2mAdversarial Stress & Edge-Case Suite: TelemetryHub[2m > [22m[2m3. Hanging Firestore & Non-Blocking Resilience[2m > [22m[2msurvives indefinitely hanging Firestore setDoc promises with 5000ms timeout race
[22m[39m[TelemetryHub] dispatchErrorToFirestore failed non-blockingly: Error: Telemetry error dispatch timeout
    at C:/Users/gerar/Documents/GitHub/logbook/src/lib/telemetryHub.ts:901:33
    at callTimer [90m(file:///C:/Users/gerar/Documents/GitHub/logbook/[39mnode_modules/[4mvitest[24m/dist/chunks/test.DNmyFkvJ.js:1773:25[90m)[39m
    at doTickInner [90m(file:///C:/Users/gerar/Documents/GitHub/logbook/[39mnode_modules/[4mvitest[24m/dist/chunks/test.DNmyFkvJ.js:2444:30[90m)[39m
    at Immediate.nextPromiseTick [90m(file:///C:/Users/gerar/Documents/GitHub/logbook/[39mnode_modules/[4mvitest[24m/dist/chunks/test.DNmyFkvJ.js:2505:26[90m)[39m
[90m    at processImmediate (node:internal/timers:504:21)[39m

[90mstderr[2m | tests/telemetry_hub_adversarial.test.ts[2m > [22m[2mAdversarial Stress & Edge-Case Suite: TelemetryHub[2m > [22m[2m3. Hanging Firestore & Non-Blocking Resilience[2m > [22m[2msurvives indefinitely hanging Firestore setDoc promises with 5000ms timeout race
[22m[39m[TelemetryHub] dispatchErrorToFirestore failed non-blockingly: Error: Telemetry error dispatch timeout
    at C:/Users/gerar/Documents/GitHub/logbook/src/lib/telemetryHub.ts:901:33
    at callTimer [90m(file:///C:/Users/gerar/Documents/GitHub/logbook/[39mnode_modules/[4mvitest[24m/dist/chunks/test.DNmyFkvJ.js:1773:25[90m)[39m
    at doTickInner [90m(file:///C:/Users/gerar/Documents/GitHub/logbook/[39mnode_modules/[4mvitest[24m/dist/chunks/test.DNmyFkvJ.js:2444:30[90m)[39m
    at Immediate.nextPromiseTick [90m(file:///C:/Users/gerar/Documents/GitHub/logbook/[39mnode_modules/[4mvitest[24m/dist/chunks/test.DNmyFkvJ.js:2505:26[90m)[39m
[90m    at processImmediate (node:internal/timers:504:21)[39m

[90mstderr[2m | tests/telemetry_hub_adversarial.test.ts[2m > [22m[2mAdversarial Stress & Edge-Case Suite: TelemetryHub[2m > [22m[2m3. Hanging Firestore & Non-Blocking Resilience[2m > [22m[2msurvives indefinitely hanging Firestore setDoc promises with 5000ms timeout race
[22m[39m[TelemetryHub] dispatchErrorToFirestore failed non-blockingly: Error: Telemetry error dispatch timeout
    at C:/Users/gerar/Documents/GitHub/logbook/src/lib/telemetryHub.ts:901:33
    at callTimer [90m(file:///C:/Users/gerar/Documents/GitHub/logbook/[39mnode_modules/[4mvitest[24m/dist/chunks/test.DNmyFkvJ.js:1773:25[90m)[39m
    at doTickInner [90m(file:///C:/Users/gerar/Documents/GitHub/logbook/[39mnode_modules/[4mvitest[24m/dist/chunks/test.DNmyFkvJ.js:2444:30[90m)[39m
    at Immediate.nextPromiseTick [90m(file:///C:/Users/gerar/Documents/GitHub/logbook/[39mnode_modules/[4mvitest[24m/dist/chunks/test.DNmyFkvJ.js:2505:26[90m)[39m
[90m    at processImmediate (node:internal/timers:504:21)[39m

[90mstderr[2m | tests/telemetry_hub_adversarial.test.ts[2m > [22m[2mAdversarial Stress & Edge-Case Suite: TelemetryHub[2m > [22m[2m3. Hanging Firestore & Non-Blocking Resilience[2m > [22m[2msurvives indefinitely hanging Firestore setDoc promises with 5000ms timeout race
[22m[39m[TelemetryHub] dispatchEventToFirestore failed non-blockingly: Error: Telemetry event dispatch timeout
    at C:/Users/gerar/Documents/GitHub/logbook/src/lib/telemetryHub.ts:936:33
    at callTimer [90m(file:///C:/Users/gerar/Documents/GitHub/logbook/[39mnode_modules/[4mvitest[24m/dist/chunks/test.DNmyFkvJ.js:1773:25[90m)[39m
    at doTickInner [90m(file:///C:/Users/gerar/Documents/GitHub/logbook/[39mnode_modules/[4mvitest[24m/dist/chunks/test.DNmyFkvJ.js:2444:30[90m)[39m
    at Immediate.nextPromiseTick [90m(file:///C:/Users/gerar/Documents/GitHub/logbook/[39mnode_modules/[4mvitest[24m/dist/chunks/test.DNmyFkvJ.js:2505:26[90m)[39m
[90m    at processImmediate (node:internal/timers:504:21)[39m

[90mstderr[2m | tests/telemetry_hub_adversarial.test.ts[2m > [22m[2mAdversarial Stress & Edge-Case Suite: TelemetryHub[2m > [22m[2m3. Hanging Firestore & Non-Blocking Resilience[2m > [22m[2msurvives indefinitely hanging Firestore setDoc promises with 5000ms timeout race
[22m[39m[TelemetryHub] dispatchEventToFirestore failed non-blockingly: Error: Telemetry event dispatch timeout
    at C:/Users/gerar/Documents/GitHub/logbook/src/lib/telemetryHub.ts:936:33
    at callTimer [90m(file:///C:/Users/gerar/Documents/GitHub/logbook/[39mnode_modules/[4mvitest[24m/dist/chunks/test.DNmyFkvJ.js:1773:25[90m)[39m
    at doTickInner [90m(file:///C:/Users/gerar/Documents/GitHub/logbook/[39mnode_modules/[4mvitest[24m/dist/chunks/test.DNmyFkvJ.js:2444:30[90m)[39m
    at Immediate.nextPromiseTick [90m(file:///C:/Users/gerar/Documents/GitHub/logbook/[39mnode_modules/[4mvitest[24m/dist/chunks/test.DNmyFkvJ.js:2505:26[90m)[39m
[90m    at processImmediate (node:internal/timers:504:21)[39m

[90mstderr[2m | tests/telemetry_hub_adversarial.test.ts[2m > [22m[2mAdversarial Stress & Edge-Case Suite: TelemetryHub[2m > [22m[2m3. Hanging Firestore & Non-Blocking Resilience[2m > [22m[2msurvives indefinitely hanging Firestore setDoc promises with 5000ms timeout race
[22m[39m[TelemetryHub] dispatchEventToFirestore failed non-blockingly: Error: Telemetry event dispatch timeout
    at C:/Users/gerar/Documents/GitHub/logbook/src/lib/telemetryHub.ts:936:33
    at callTimer [90m(file:///C:/Users/gerar/Documents/GitHub/logbook/[39mnode_modules/[4mvitest[24m/dist/chunks/test.DNmyFkvJ.js:1773:25[90m)[39m
    at doTickInner [90m(file:///C:/Users/gerar/Documents/GitHub/logbook/[39mnode_modules/[4mvitest[24m/dist/chunks/test.DNmyFkvJ.js:2444:30[90m)[39m
    at Immediate.nextPromiseTick [90m(file:///C:/Users/gerar/Documents/GitHub/logbook/[39mnode_modules/[4mvitest[24m/dist/chunks/test.DNmyFkvJ.js:2505:26[90m)[39m
[90m    at processImmediate (node:internal/timers:504:21)[39m

[90mstderr[2m | tests/telemetry_hub_adversarial.test.ts[2m > [22m[2mAdversarial Stress & Edge-Case Suite: TelemetryHub[2m > [22m[2m3. Hanging Firestore & Non-Blocking Resilience[2m > [22m[2msurvives indefinitely hanging Firestore setDoc promises with 5000ms timeout race
[22m[39m[TelemetryHub] dispatchEventToFirestore failed non-blockingly: Error: Telemetry event dispatch timeout
    at C:/Users/gerar/Documents/GitHub/logbook/src/lib/telemetryHub.ts:936:33
    at callTimer [90m(file:///C:/Users/gerar/Documents/GitHub/logbook/[39mnode_modules/[4mvitest[24m/dist/chunks/test.DNmyFkvJ.js:1773:25[90m)[39m
    at doTickInner [90m(file:///C:/Users/gerar/Documents/GitHub/logbook/[39mnode_modules/[4mvitest[24m/dist/chunks/test.DNmyFkvJ.js:2444:30[90m)[39m
    at Immediate.nextPromiseTick [90m(file:///C:/Users/gerar/Documents/GitHub/logbook/[39mnode_modules/[4mvitest[24m/dist/chunks/test.DNmyFkvJ.js:2505:26[90m)[39m
[90m    at processImmediate (node:internal/timers:504:21)[39m

[90mstderr[2m | tests/telemetry_hub_adversarial.test.ts[2m > [22m[2mAdversarial Stress & Edge-Case Suite: TelemetryHub[2m > [22m[2m3. Hanging Firestore & Non-Blocking Resilience[2m > [22m[2msurvives indefinitely hanging Firestore setDoc promises with 5000ms timeout race
[22m[39m[TelemetryHub] dispatchEventToFirestore failed non-blockingly: Error: Telemetry event dispatch timeout
    at C:/Users/gerar/Documents/GitHub/logbook/src/lib/telemetryHub.ts:936:33
    at callTimer [90m(file:///C:/Users/gerar/Documents/GitHub/logbook/[39mnode_modules/[4mvitest[24m/dist/chunks/test.DNmyFkvJ.js:1773:25[90m)[39m
    at doTickInner [90m(file:///C:/Users/gerar/Documents/GitHub/logbook/[39mnode_modules/[4mvitest[24m/dist/chunks/test.DNmyFkvJ.js:2444:30[90m)[39m
    at Immediate.nextPromiseTick [90m(file:///C:/Users/gerar/Documents/GitHub/logbook/[39mnode_modules/[4mvitest[24m/dist/chunks/test.DNmyFkvJ.js:2505:26[90m)[39m
[90m    at processImmediate (node:internal/timers:504:21)[39m

[90mstderr[2m | tests/telemetry_hub_adversarial.test.ts[2m > [22m[2mAdversarial Stress & Edge-Case Suite: TelemetryHub[2m > [22m[2m3. Hanging Firestore & Non-Blocking Resilience[2m > [22m[2msurvives indefinitely hanging Firestore setDoc promises with 5000ms timeout race
[22m[39m[TelemetryHub] dispatchEventToFirestore failed non-blockingly: Error: Telemetry event dispatch timeout
    at C:/Users/gerar/Documents/GitHub/logbook/src/lib/telemetryHub.ts:936:33
    at callTimer [90m(file:///C:/Users/gerar/Documents/GitHub/logbook/[39mnode_modules/[4mvitest[24m/dist/chunks/test.DNmyFkvJ.js:1773:25[90m)[39m
    at doTickInner [90m(file:///C:/Users/gerar/Documents/GitHub/logbook/[39mnode_modules/[4mvitest[24m/dist/chunks/test.DNmyFkvJ.js:2444:30[90m)[39m
    at Immediate.nextPromiseTick [90m(file:///C:/Users/gerar/Documents/GitHub/logbook/[39mnode_modules/[4mvitest[24m/dist/chunks/test.DNmyFkvJ.js:2505:26[90m)[39m
[90m    at processImmediate (node:internal/timers:504:21)[39m

[90mstderr[2m | tests/telemetry_hub_adversarial.test.ts[2m > [22m[2mAdversarial Stress & Edge-Case Suite: TelemetryHub[2m > [22m[2m3. Hanging Firestore & Non-Blocking Resilience[2m > [22m[2msurvives indefinitely hanging Firestore setDoc promises with 5000ms timeout race
[22m[39m[TelemetryHub] dispatchEventToFirestore failed non-blockingly: Error: Telemetry event dispatch timeout
    at C:/Users/gerar/Documents/GitHub/logbook/src/lib/telemetryHub.ts:936:33
    at callTimer [90m(file:///C:/Users/gerar/Documents/GitHub/logbook/[39mnode_modules/[4mvitest[24m/dist/chunks/test.DNmyFkvJ.js:1773:25[90m)[39m
    at doTickInner [90m(file:///C:/Users/gerar/Documents/GitHub/logbook/[39mnode_modules/[4mvitest[24m/dist/chunks/test.DNmyFkvJ.js:2444:30[90m)[39m
    at Immediate.nextPromiseTick [90m(file:///C:/Users/gerar/Documents/GitHub/logbook/[39mnode_modules/[4mvitest[24m/dist/chunks/test.DNmyFkvJ.js:2505:26[90m)[39m
[90m    at processImmediate (node:internal/timers:504:21)[39m

[90mstderr[2m | tests/telemetry_hub_adversarial.test.ts[2m > [22m[2mAdversarial Stress & Edge-Case Suite: TelemetryHub[2m > [22m[2m3. Hanging Firestore & Non-Blocking Resilience[2m > [22m[2msurvives indefinitely hanging Firestore setDoc promises with 5000ms timeout race
[22m[39m[TelemetryHub] dispatchEventToFirestore failed non-blockingly: Error: Telemetry event dispatch timeout
    at C:/Users/gerar/Documents/GitHub/logbook/src/lib/telemetryHub.ts:936:33
    at callTimer [90m(file:///C:/Users/gerar/Documents/GitHub/logbook/[39mnode_modules/[4mvitest[24m/dist/chunks/test.DNmyFkvJ.js:1773:25[90m)[39m
    at doTickInner [90m(file:///C:/Users/gerar/Documents/GitHub/logbook/[39mnode_modules/[4mvitest[24m/dist/chunks/test.DNmyFkvJ.js:2444:30[90m)[39m
    at Immediate.nextPromiseTick [90m(file:///C:/Users/gerar/Documents/GitHub/logbook/[39mnode_modules/[4mvitest[24m/dist/chunks/test.DNmyFkvJ.js:2505:26[90m)[39m
[90m    at processImmediate (node:internal/timers:504:21)[39m

[90mstderr[2m | tests/telemetry_hub_adversarial.test.ts[2m > [22m[2mAdversarial Stress & Edge-Case Suite: TelemetryHub[2m > [22m[2m3. Hanging Firestore & Non-Blocking Resilience[2m > [22m[2msurvives indefinitely hanging Firestore setDoc promises with 5000ms timeout race
[22m[39m[TelemetryHub] dispatchEventToFirestore failed non-blockingly: Error: Telemetry event dispatch timeout
    at C:/Users/gerar/Documents/GitHub/logbook/src/lib/telemetryHub.ts:936:33
    at callTimer [90m(file:///C:/Users/gerar/Documents/GitHub/logbook/[39mnode_modules/[4mvitest[24m/dist/chunks/test.DNmyFkvJ.js:1773:25[90m)[39m
    at doTickInner [90m(file:///C:/Users/gerar/Documents/GitHub/logbook/[39mnode_modules/[4mvitest[24m/dist/chunks/test.DNmyFkvJ.js:2444:30[90m)[39m
    at Immediate.nextPromiseTick [90m(file:///C:/Users/gerar/Documents/GitHub/logbook/[39mnode_modules/[4mvitest[24m/dist/chunks/test.DNmyFkvJ.js:2505:26[90m)[39m
[90m    at processImmediate (node:internal/timers:504:21)[39m

[90mstderr[2m | tests/telemetry_hub_adversarial.test.ts[2m > [22m[2mAdversarial Stress & Edge-Case Suite: TelemetryHub[2m > [22m[2m3. Hanging Firestore & Non-Blocking Resilience[2m > [22m[2msurvives indefinitely hanging Firestore setDoc promises with 5000ms timeout race
[22m[39m[TelemetryHub] dispatchEventToFirestore failed non-blockingly: Error: Telemetry event dispatch timeout
    at C:/Users/gerar/Documents/GitHub/logbook/src/lib/telemetryHub.ts:936:33
    at callTimer [90m(file:///C:/Users/gerar/Documents/GitHub/logbook/[39mnode_modules/[4mvitest[24m/dist/chunks/test.DNmyFkvJ.js:1773:25[90m)[39m
    at doTickInner [90m(file:///C:/Users/gerar/Documents/GitHub/logbook/[39mnode_modules/[4mvitest[24m/dist/chunks/test.DNmyFkvJ.js:2444:30[90m)[39m
    at Immediate.nextPromiseTick [90m(file:///C:/Users/gerar/Documents/GitHub/logbook/[39mnode_modules/[4mvitest[24m/dist/chunks/test.DNmyFkvJ.js:2505:26[90m)[39m
[90m    at processImmediate (node:internal/timers:504:21)[39m

[90mstderr[2m | tests/telemetry_hub_adversarial.test.ts[2m > [22m[2mAdversarial Stress & Edge-Case Suite: TelemetryHub[2m > [22m[2m3. Hanging Firestore & Non-Blocking Resilience[2m > [22m[2msurvives indefinitely hanging Firestore setDoc promises with 5000ms timeout race
[22m[39m[TelemetryHub] dispatchEventToFirestore failed non-blockingly: Error: Telemetry event dispatch timeout
    at C:/Users/gerar/Documents/GitHub/logbook/src/lib/telemetryHub.ts:936:33
    at callTimer [90m(file:///C:/Users/gerar/Documents/GitHub/logbook/[39mnode_modules/[4mvitest[24m/dist/chunks/test.DNmyFkvJ.js:1773:25[90m)[39m
    at doTickInner [90m(file:///C:/Users/gerar/Documents/GitHub/logbook/[39mnode_modules/[4mvitest[24m/dist/chunks/test.DNmyFkvJ.js:2444:30[90m)[39m
    at Immediate.nextPromiseTick [90m(file:///C:/Users/gerar/Documents/GitHub/logbook/[39mnode_modules/[4mvitest[24m/dist/chunks/test.DNmyFkvJ.js:2505:26[90m)[39m
[90m    at processImmediate (node:internal/timers:504:21)[39m

[90mstderr[2m | tests/telemetry_hub_adversarial.test.ts[2m > [22m[2mAdversarial Stress & Edge-Case Suite: TelemetryHub[2m > [22m[2m3. Hanging Firestore & Non-Blocking Resilience[2m > [22m[2msurvives indefinitely hanging Firestore setDoc promises with 5000ms timeout race
[22m[39m[TelemetryHub] dispatchEventToFirestore failed non-blockingly: Error: Telemetry event dispatch timeout
    at C:/Users/gerar/Documents/GitHub/logbook/src/lib/telemetryHub.ts:936:33
    at callTimer [90m(file:///C:/Users/gerar/Documents/GitHub/logbook/[39mnode_modules/[4mvitest[24m/dist/chunks/test.DNmyFkvJ.js:1773:25[90m)[39m
    at doTickInner [90m(file:///C:/Users/gerar/Documents/GitHub/logbook/[39mnode_modules/[4mvitest[24m/dist/chunks/test.DNmyFkvJ.js:2444:30[90m)[39m
    at Immediate.nextPromiseTick [90m(file:///C:/Users/gerar/Documents/GitHub/logbook/[39mnode_modules/[4mvitest[24m/dist/chunks/test.DNmyFkvJ.js:2505:26[90m)[39m
[90m    at processImmediate (node:internal/timers:504:21)[39m

[90mstderr[2m | tests/telemetry_hub_adversarial.test.ts[2m > [22m[2mAdversarial Stress & Edge-Case Suite: TelemetryHub[2m > [22m[2m3. Hanging Firestore & Non-Blocking Resilience[2m > [22m[2msurvives indefinitely hanging Firestore setDoc promises with 5000ms timeout race
[22m[39m[TelemetryHub] dispatchEventToFirestore failed non-blockingly: Error: Telemetry event dispatch timeout
    at C:/Users/gerar/Documents/GitHub/logbook/src/lib/telemetryHub.ts:936:33
    at callTimer [90m(file:///C:/Users/gerar/Documents/GitHub/logbook/[39mnode_modules/[4mvitest[24m/dist/chunks/test.DNmyFkvJ.js:1773:25[90m)[39m
    at doTickInner [90m(file:///C:/Users/gerar/Documents/GitHub/logbook/[39mnode_modules/[4mvitest[24m/dist/chunks/test.DNmyFkvJ.js:2444:30[90m)[39m
    at Immediate.nextPromiseTick [90m(file:///C:/Users/gerar/Documents/GitHub/logbook/[39mnode_modules/[4mvitest[24m/dist/chunks/test.DNmyFkvJ.js:2505:26[90m)[39m
[90m    at processImmediate (node:internal/timers:504:21)[39m

[90mstderr[2m | tests/telemetry_hub_adversarial.test.ts[2m > [22m[2mAdversarial Stress & Edge-Case Suite: TelemetryHub[2m > [22m[2m3. Hanging Firestore & Non-Blocking Resilience[2m > [22m[2msurvives indefinitely hanging Firestore setDoc promises with 5000ms timeout race
[22m[39m[TelemetryHub] dispatchEventToFirestore failed non-blockingly: Error: Telemetry event dispatch timeout
    at C:/Users/gerar/Documents/GitHub/logbook/src/lib/telemetryHub.ts:936:33
    at callTimer [90m(file:///C:/Users/gerar/Documents/GitHub/logbook/[39mnode_modules/[4mvitest[24m/dist/chunks/test.DNmyFkvJ.js:1773:25[90m)[39m
    at doTickInner [90m(file:///C:/Users/gerar/Documents/GitHub/logbook/[39mnode_modules/[4mvitest[24m/dist/chunks/test.DNmyFkvJ.js:2444:30[90m)[39m
    at Immediate.nextPromiseTick [90m(file:///C:/Users/gerar/Documents/GitHub/logbook/[39mnode_modules/[4mvitest[24m/dist/chunks/test.DNmyFkvJ.js:2505:26[90m)[39m
[90m    at processImmediate (node:internal/timers:504:21)[39m

[90mstderr[2m | tests/telemetry_hub_adversarial.test.ts[2m > [22m[2mAdversarial Stress & Edge-Case Suite: TelemetryHub[2m > [22m[2m3. Hanging Firestore & Non-Blocking Resilience[2m > [22m[2msurvives indefinitely hanging Firestore setDoc promises with 5000ms timeout race
[22m[39m[TelemetryHub] dispatchEventToFirestore failed non-blockingly: Error: Telemetry event dispatch timeout
    at C:/Users/gerar/Documents/GitHub/logbook/src/lib/telemetryHub.ts:936:33
    at callTimer [90m(file:///C:/Users/gerar/Documents/GitHub/logbook/[39mnode_modules/[4mvitest[24m/dist/chunks/test.DNmyFkvJ.js:1773:25[90m)[39m
    at doTickInner [90m(file:///C:/Users/gerar/Documents/GitHub/logbook/[39mnode_modules/[4mvitest[24m/dist/chunks/test.DNmyFkvJ.js:2444:30[90m)[39m
    at Immediate.nextPromiseTick [90m(file:///C:/Users/gerar/Documents/GitHub/logbook/[39mnode_modules/[4mvitest[24m/dist/chunks/test.DNmyFkvJ.js:2505:26[90m)[39m
[90m    at processImmediate (node:internal/timers:504:21)[39m

[90mstderr[2m | tests/telemetry_hub_adversarial.test.ts[2m > [22m[2mAdversarial Stress & Edge-Case Suite: TelemetryHub[2m > [22m[2m3. Hanging Firestore & Non-Blocking Resilience[2m > [22m[2msurvives indefinitely hanging Firestore setDoc promises with 5000ms timeout race
[22m[39m[TelemetryHub] dispatchEventToFirestore failed non-blockingly: Error: Telemetry event dispatch timeout
    at C:/Users/gerar/Documents/GitHub/logbook/src/lib/telemetryHub.ts:936:33
    at callTimer [90m(file:///C:/Users/gerar/Documents/GitHub/logbook/[39mnode_modules/[4mvitest[24m/dist/chunks/test.DNmyFkvJ.js:1773:25[90m)[39m
    at doTickInner [90m(file:///C:/Users/gerar/Documents/GitHub/logbook/[39mnode_modules/[4mvitest[24m/dist/chunks/test.DNmyFkvJ.js:2444:30[90m)[39m
    at Immediate.nextPromiseTick [90m(file:///C:/Users/gerar/Documents/GitHub/logbook/[39mnode_modules/[4mvitest[24m/dist/chunks/test.DNmyFkvJ.js:2505:26[90m)[39m
[90m    at processImmediate (node:internal/timers:504:21)[39m

[90mstderr[2m | tests/telemetry_hub_adversarial.test.ts[2m > [22m[2mAdversarial Stress & Edge-Case Suite: TelemetryHub[2m > [22m[2m3. Hanging Firestore & Non-Blocking Resilience[2m > [22m[2msurvives indefinitely hanging Firestore setDoc promises with 5000ms timeout race
[22m[39m[TelemetryHub] dispatchEventToFirestore failed non-blockingly: Error: Telemetry event dispatch timeout
    at C:/Users/gerar/Documents/GitHub/logbook/src/lib/telemetryHub.ts:936:33
    at callTimer [90m(file:///C:/Users/gerar/Documents/GitHub/logbook/[39mnode_modules/[4mvitest[24m/dist/chunks/test.DNmyFkvJ.js:1773:25[90m)[39m
    at doTickInner [90m(file:///C:/Users/gerar/Documents/GitHub/logbook/[39mnode_modules/[4mvitest[24m/dist/chunks/test.DNmyFkvJ.js:2444:30[90m)[39m
    at Immediate.nextPromiseTick [90m(file:///C:/Users/gerar/Documents/GitHub/logbook/[39mnode_modules/[4mvitest[24m/dist/chunks/test.DNmyFkvJ.js:2505:26[90m)[39m
[90m    at processImmediate (node:internal/timers:504:21)[39m

[90mstderr[2m | tests/telemetry_hub_adversarial.test.ts[2m > [22m[2mAdversarial Stress & Edge-Case Suite: TelemetryHub[2m > [22m[2m3. Hanging Firestore & Non-Blocking Resilience[2m > [22m[2msurvives indefinitely hanging Firestore setDoc promises with 5000ms timeout race
[22m[39m[TelemetryHub] dispatchEventToFirestore failed non-blockingly: Error: Telemetry event dispatch timeout
    at C:/Users/gerar/Documents/GitHub/logbook/src/lib/telemetryHub.ts:936:33
    at callTimer [90m(file:///C:/Users/gerar/Documents/GitHub/logbook/[39mnode_modules/[4mvitest[24m/dist/chunks/test.DNmyFkvJ.js:1773:25[90m)[39m
    at doTickInner [90m(file:///C:/Users/gerar/Documents/GitHub/logbook/[39mnode_modules/[4mvitest[24m/dist/chunks/test.DNmyFkvJ.js:2444:30[90m)[39m
    at Immediate.nextPromiseTick [90m(file:///C:/Users/gerar/Documents/GitHub/logbook/[39mnode_modules/[4mvitest[24m/dist/chunks/test.DNmyFkvJ.js:2505:26[90m)[39m
[90m    at processImmediate (node:internal/timers:504:21)[39m

[90mstderr[2m | tests/telemetry_hub_adversarial.test.ts[2m > [22m[2mAdversarial Stress & Edge-Case Suite: TelemetryHub[2m > [22m[2m3. Hanging Firestore & Non-Blocking Resilience[2m > [22m[2msurvives indefinitely hanging Firestore setDoc promises with 5000ms timeout race
[22m[39m[TelemetryHub] dispatchEventToFirestore failed non-blockingly: Error: Telemetry event dispatch timeout
    at C:/Users/gerar/Documents/GitHub/logbook/src/lib/telemetryHub.ts:936:33
    at callTimer [90m(file:///C:/Users/gerar/Documents/GitHub/logbook/[39mnode_modules/[4mvitest[24m/dist/chunks/test.DNmyFkvJ.js:1773:25[90m)[39m
    at doTickInner [90m(file:///C:/Users/gerar/Documents/GitHub/logbook/[39mnode_modules/[4mvitest[24m/dist/chunks/test.DNmyFkvJ.js:2444:30[90m)[39m
    at Immediate.nextPromiseTick [90m(file:///C:/Users/gerar/Documents/GitHub/logbook/[39mnode_modules/[4mvitest[24m/dist/chunks/test.DNmyFkvJ.js:2505:26[90m)[39m
[90m    at processImmediate (node:internal/timers:504:21)[39m

[90mstderr[2m | tests/telemetry_hub_adversarial.test.ts[2m > [22m[2mAdversarial Stress & Edge-Case Suite: TelemetryHub[2m > [22m[2m3. Hanging Firestore & Non-Blocking Resilience[2m > [22m[2msurvives indefinitely hanging Firestore setDoc promises with 5000ms timeout race
[22m[39m[TelemetryHub] dispatchEventToFirestore failed non-blockingly: Error: Telemetry event dispatch timeout
    at C:/Users/gerar/Documents/GitHub/logbook/src/lib/telemetryHub.ts:936:33
    at callTimer [90m(file:///C:/Users/gerar/Documents/GitHub/logbook/[39mnode_modules/[4mvitest[24m/dist/chunks/test.DNmyFkvJ.js:1773:25[90m)[39m
    at doTickInner [90m(file:///C:/Users/gerar/Documents/GitHub/logbook/[39mnode_modules/[4mvitest[24m/dist/chunks/test.DNmyFkvJ.js:2444:30[90m)[39m
    at Immediate.nextPromiseTick [90m(file:///C:/Users/gerar/Documents/GitHub/logbook/[39mnode_modules/[4mvitest[24m/dist/chunks/test.DNmyFkvJ.js:2505:26[90m)[39m
[90m    at processImmediate (node:internal/timers:504:21)[39m

[90mstderr[2m | tests/telemetry_hub_adversarial.test.ts[2m > [22m[2mAdversarial Stress & Edge-Case Suite: TelemetryHub[2m > [22m[2m3. Hanging Firestore & Non-Blocking Resilience[2m > [22m[2mproperly returns false from direct dispatchErrorToFirestore when setDoc hangs
[22m[39m[TelemetryHub] dispatchErrorToFirestore failed non-blockingly: Error: Telemetry error dispatch timeout
    at C:/Users/gerar/Documents/GitHub/logbook/src/lib/telemetryHub.ts:901:33
    at callTimer [90m(file:///C:/Users/gerar/Documents/GitHub/logbook/[39mnode_modules/[4mvitest[24m/dist/chunks/test.DNmyFkvJ.js:1773:25[90m)[39m
    at doTickInner [90m(file:///C:/Users/gerar/Documents/GitHub/logbook/[39mnode_modules/[4mvitest[24m/dist/chunks/test.DNmyFkvJ.js:2444:30[90m)[39m
    at doTick [90m(file:///C:/Users/gerar/Documents/GitHub/logbook/[39mnode_modules/[4mvitest[24m/dist/chunks/test.DNmyFkvJ.js:2525:21[90m)[39m
    at Immediate.<anonymous> [90m(file:///C:/Users/gerar/Documents/GitHub/logbook/[39mnode_modules/[4mvitest[24m/dist/chunks/test.DNmyFkvJ.js:2546:34[90m)[39m
[90m    at processImmediate (node:internal/timers:504:21)[39m

 [31m❯[39m tests/challenger_3_telemetry_verification.test.ts [2m([22m[2m13 tests[22m[2m | [22m[31m1 failed[39m[2m)[22m[33m 1670[2mms[22m[39m
       [32m✓[39m 1.1: Redacts isolated ::1[32m 7[2mms[22m[39m
       [32m✓[39m 1.2: Redacts ::1 at start of string[32m 1[2mms[22m[39m
       [32m✓[39m 1.3: Redacts ::1 at end of string[32m 1[2mms[22m[39m
       [32m✓[39m 1.4: Redacts ::1 followed by punctuation (., ;, !, ?, quotes, parentheses)[32m 3[2mms[22m[39m
       [32m✓[39m 1.5: Redacts ::1 in URL brackets [::1]:8080[32m 1[2mms[22m[39m
       [32m✓[39m 1.6: Redacts fe80::1ff:fe23:4567:890a completely without dangling colons or hex chunks[32m 1[2mms[22m[39m
       [32m✓[39m 1.7: Redacts 2001:0db8:85a3:0000:0000:8a2e:0370:7334 completely[32m 2[2mms[22m[39m
       [32m✓[39m 1.8: Redacts IPv4-mapped IPv6 ::ffff:192.0.2.1 completely[32m 1[2mms[22m[39m
       [32m✓[39m 1.9: Does not corrupt stack traces with line/column colons[32m 1[2mms[22m[39m
       [33m[2m✓[22m[39m 2.1: 1,000 distinct errors passed to trackError execute in < 100ms [33m 1381[2mms[22m[39m
[31m       [31m×[31m 2.2: 1,000 distinct string errors passed to trackError execute in < 100ms[39m[32m 238[2mms[22m[39m
       [32m✓[39m 2.3: 1,000 identical errors passed to trackError execute in < 50ms and collapse into 1 record[32m 16[2mms[22m[39m
       [32m✓[39m 2.4: 1,000 identical string errors in offline mode execute in < 50ms and collapse into 1 queued item[32m 9[2mms[22m[39m
[90mstderr[2m | tests/telemetry_hub_adversarial.test.ts[2m > [22m[2mAdversarial Stress & Edge-Case Suite: TelemetryHub[2m > [22m[2m4. Offline Capacity, FIFO Trimming & Flapping Network[2m > [22m[2mhandles network flapping during flushQueue without losing unflushed items
[22m[39m[TelemetryHub] dispatchEventToFirestore failed non-blockingly: Error: Network disconnected mid-flush
    at C:/Users/gerar/Documents/GitHub/logbook/tests/telemetry_hub_adversarial.test.ts:305:31
    at Mock [90m(file:///C:/Users/gerar/Documents/GitHub/logbook/[39mnode_modules/[4m@vitest/spy[24m/dist/index.js:332:34[90m)[39m
    at TelemetryHub.dispatchEventToFirestore (C:/Users/gerar/Documents/GitHub/logbook/src/lib/telemetryHub.ts:934:28)
    at TelemetryHub.executeFlushQueue (C:/Users/gerar/Documents/GitHub/logbook/src/lib/telemetryHub.ts:792:32)
    at C:/Users/gerar/Documents/GitHub/logbook/src/lib/telemetryHub.ts:751:9
    at C:/Users/gerar/Documents/GitHub/logbook/tests/telemetry_hub_adversarial.test.ts:308:7
    at [90mfile:///C:/Users/gerar/Documents/GitHub/logbook/[39mnode_modules/[4m@vitest/runner[24m/dist/chunk-artifact.js:1903:20

[90mstderr[2m | tests/telemetry_hub_adversarial.test.ts[2m > [22m[2mAdversarial Stress & Edge-Case Suite: TelemetryHub[2m > [22m[2m4. Offline Capacity, FIFO Trimming & Flapping Network[2m > [22m[2mhandles network flapping during flushQueue without losing unflushed items
[22m[39m[TelemetryHub] dispatchEventToFirestore failed non-blockingly: Error: Network disconnected mid-flush
    at C:/Users/gerar/Documents/GitHub/logbook/tests/telemetry_hub_adversarial.test.ts:305:31
    at Mock [90m(file:///C:/Users/gerar/Documents/GitHub/logbook/[39mnode_modules/[4m@vitest/spy[24m/dist/index.js:332:34[90m)[39m
    at TelemetryHub.dispatchEventToFirestore (C:/Users/gerar/Documents/GitHub/logbook/src/lib/telemetryHub.ts:934:28)
    at TelemetryHub.executeFlushQueue (C:/Users/gerar/Documents/GitHub/logbook/src/lib/telemetryHub.ts:792:32)
    at C:/Users/gerar/Documents/GitHub/logbook/src/lib/telemetryHub.ts:751:9
    at C:/Users/gerar/Documents/GitHub/logbook/tests/telemetry_hub_adversarial.test.ts:308:7
    at [90mfile:///C:/Users/gerar/Documents/GitHub/logbook/[39mnode_modules/[4m@vitest/runner[24m/dist/chunk-artifact.js:1903:20

 [32m✓[39m tests/telemetry_hub_adversarial.test.ts [2m([22m[2m12 tests[22m[2m)[22m[33m 1233[2mms[22m[39m
       [33m[2m✓[22m[39m handles 100 distinct error types x 5 repetitions each (500 total errors) concurrently [33m 491[2mms[22m[39m
       [33m[2m✓[22m[39m strictly maintains TELEMETRY_QUEUE_CAPACITY (50) under an avalanche of 300 offline items [33m 388[2mms[22m[39m
(node:19776) ExperimentalWarning: localStorage is not available because --localstorage-file was not provided.
(Use `node --trace-warnings ...` to show where the warning was created)
 [32m✓[39m tests/challenger_r1_sleep_deep_empirical.test.ts [2m([22m[2m15 tests[22m[2m)[22m[33m 785[2mms[22m[39m
       [33m[2m✓[22m[39m exports all 5 sleep columns with Italian sentence case headers [33m 542[2mms[22m[39m
 [32m✓[39m tests/bottom_nav_safe_area.test.tsx [2m([22m[2m3 tests[22m[2m)[22m[33m 2649[2mms[22m[39m
     [33m[2m✓[22m[39m renders BottomNav with correct accessibility and tab switching [33m 2603[2mms[22m[39m
 [32m✓[39m tests/challenger_empirical_focus_scroll.test.tsx [2m([22m[2m5 tests[22m[2m)[22m[33m 938[2mms[22m[39m
       [33m[2m✓[22m[39m clicking and focusing numeric inputs produces zero window.scrollTo calls on desktop [33m 430[2mms[22m[39m
       [33m[2m✓[22m[39m preserves dropdown listbox keyboard scrollIntoView with block: nearest [33m 415[2mms[22m[39m
(node:15656) ExperimentalWarning: localStorage is not available because --localstorage-file was not provided.
(Use `node --trace-warnings ...` to show where the warning was created)
 [32m✓[39m tests/challenger_nutrition_selectors_render_stress.test.tsx [2m([22m[2m6 tests[22m[2m)[22m[33m 414[2mms[22m[39m
(node:15336) ExperimentalWarning: localStorage is not available because --localstorage-file was not provided.
(Use `node --trace-warnings ...` to show where the warning was created)
[90mstdout[2m | tests/challenger_empirical_adversarial.test.ts[2m > [22m[2mEmpirical Challenger: Persistence, Save Amnesia, 3-Month Windowing & DomainParsers Stress Suite[2m > [22m[2m1. Persistence and Save Amnesia Adversarial Tests[2m > [22m[2m1.1: Prevents Save Amnesia when commit fails with network timeout, successfully retrying on next invocation
[22m[39mSincronizzazione DB completata.

[90mstderr[2m | tests/challenger_empirical_adversarial.test.ts[2m > [22m[2mEmpirical Challenger: Persistence, Save Amnesia, 3-Month Windowing & DomainParsers Stress Suite[2m > [22m[2m1. Persistence and Save Amnesia Adversarial Tests[2m > [22m[2m1.1: Prevents Save Amnesia when commit fails with network timeout, successfully retrying on next invocation
[22m[39mScrittura archiviata nella cache locale Firestore (offline): Error: Timeout sincronizzazione Firestore
    at C:/Users/gerar/Documents/GitHub/logbook/tests/challenger_empirical_adversarial.test.ts:62:52
[90m    at processTicksAndRejections (node:internal/process/task_queues:104:5)[39m
    at [90mfile:///C:/Users/gerar/Documents/GitHub/logbook/[39mnode_modules/[4m@vitest/runner[24m/dist/chunk-artifact.js:1903:20
Errore durante la registrazione del Background Sync: TypeError: user.getIdToken is not a function
    at Object.saveUserData (C:/Users/gerar/Documents/GitHub/logbook/src/lib/db.ts:375:54)
[90m    at processTicksAndRejections (node:internal/process/task_queues:104:5)[39m
    at C:/Users/gerar/Documents/GitHub/logbook/tests/challenger_empirical_adversarial.test.ts:64:13
    at [90mfile:///C:/Users/gerar/Documents/GitHub/logbook/[39mnode_modules/[4m@vitest/runner[24m/dist/chunk-artifact.js:1903:20

[90mstdout[2m | tests/challenger_empirical_adversarial.test.ts[2m > [22m[2mEmpirical Challenger: Persistence, Save Amnesia, 3-Month Windowing & DomainParsers Stress Suite[2m > [22m[2m1. Persistence and Save Amnesia Adversarial Tests[2m > [22m[2m1.1: Prevents Save Amnesia when commit fails with network timeout, successfully retrying on next invocation
[22m[39mSincronizzazione DB completata.

[90mstdout[2m | tests/challenger_empirical_adversarial.test.ts[2m > [22m[2mEmpirical Challenger: Persistence, Save Amnesia, 3-Month Windowing & DomainParsers Stress Suite[2m > [22m[2m1. Persistence and Save Amnesia Adversarial Tests[2m > [22m[2m1.2: Prevents Save Amnesia when commit fails with offline unavailable code
[22m[39mSincronizzazione DB completata.

[90mstderr[2m | tests/challenger_empirical_adversarial.test.ts[2m > [22m[2mEmpirical Challenger: Persistence, Save Amnesia, 3-Month Windowing & DomainParsers Stress Suite[2m > [22m[2m1. Persistence and Save Amnesia Adversarial Tests[2m > [22m[2m1.2: Prevents Save Amnesia when commit fails with offline unavailable code
[22m[39mScrittura archiviata nella cache locale Firestore (offline): Error: The service is currently unavailable.
    at C:/Users/gerar/Documents/GitHub/logbook/tests/challenger_empirical_adversarial.test.ts:99:43
[90m    at processTicksAndRejections (node:internal/process/task_queues:104:5)[39m
    at [90mfile:///C:/Users/gerar/Documents/GitHub/logbook/[39mnode_modules/[4m@vitest/runner[24m/dist/chunk-artifact.js:1903:20 {
  code: [32m'unavailable'[39m
}
Errore durante la registrazione del Background Sync: TypeError: user.getIdToken is not a function
    at Object.saveUserData (C:/Users/gerar/Documents/GitHub/logbook/src/lib/db.ts:375:54)
[90m    at processTicksAndRejections (node:internal/process/task_queues:104:5)[39m
    at C:/Users/gerar/Documents/GitHub/logbook/tests/challenger_empirical_adversarial.test.ts:103:13
    at [90mfile:///C:/Users/gerar/Documents/GitHub/logbook/[39mnode_modules/[4m@vitest/runner[24m/dist/chunk-artifact.js:1903:20

[90mstdout[2m | tests/challenger_empirical_adversarial.test.ts[2m > [22m[2mEmpirical Challenger: Persistence, Save Amnesia, 3-Month Windowing & DomainParsers Stress Suite[2m > [22m[2m1. Persistence and Save Amnesia Adversarial Tests[2m > [22m[2m1.2: Prevents Save Amnesia when commit fails with offline unavailable code
[22m[39mSincronizzazione DB completata.

[90mstderr[2m | tests/challenger_empirical_adversarial.test.ts[2m > [22m[2mEmpirical Challenger: Persistence, Save Amnesia, 3-Month Windowing & DomainParsers Stress Suite[2m > [22m[2m1. Persistence and Save Amnesia Adversarial Tests[2m > [22m[2m1.3: Prevents Save Amnesia on fatal permission errors by re-throwing and preserving dirty state
[22m[39mErrore critico durante il salvataggio Firestore: Error: Missing or insufficient permissions.
    at C:/Users/gerar/Documents/GitHub/logbook/tests/challenger_empirical_adversarial.test.ts:118:36
    at [90mfile:///C:/Users/gerar/Documents/GitHub/logbook/[39mnode_modules/[4m@vitest/runner[24m/dist/chunk-artifact.js:302:11
    at [90mfile:///C:/Users/gerar/Documents/GitHub/logbook/[39mnode_modules/[4m@vitest/runner[24m/dist/chunk-artifact.js:1903:26
    at [90mfile:///C:/Users/gerar/Documents/GitHub/logbook/[39mnode_modules/[4m@vitest/runner[24m/dist/chunk-artifact.js:2326:20
    at new Promise (<anonymous>)
    at runWithCancel [90m(file:///C:/Users/gerar/Documents/GitHub/logbook/[39mnode_modules/[4m@vitest/runner[24m/dist/chunk-artifact.js:2323:10[90m)[39m
    at [90mfile:///C:/Users/gerar/Documents/GitHub/logbook/[39mnode_modules/[4m@vitest/runner[24m/dist/chunk-artifact.js:2305:20
    at new Promise (<anonymous>)
    at runWithTimeout [90m(file:///C:/Users/gerar/Documents/GitHub/logbook/[39mnode_modules/[4m@vitest/runner[24m/dist/chunk-artifact.js:2272:10[90m)[39m
    at [90mfile:///C:/Users/gerar/Documents/GitHub/logbook/[39mnode_modules/[4m@vitest/runner[24m/dist/chunk-artifact.js:2956:64 {
  code: [32m'permission-denied'[39m
}
Errore durante il salvataggio: Error: Missing or insufficient permissions.
    at C:/Users/gerar/Documents/GitHub/logbook/tests/challenger_empirical_adversarial.test.ts:118:36
    at [90mfile:///C:/Users/gerar/Documents/GitHub/logbook/[39mnode_modules/[4m@vitest/runner[24m/dist/chunk-artifact.js:302:11
    at [90mfile:///C:/Users/gerar/Documents/GitHub/logbook/[39mnode_modules/[4m@vitest/runner[24m/dist/chunk-artifact.js:1903:26
    at [90mfile:///C:/Users/gerar/Documents/GitHub/logbook/[39mnode_modules/[4m@vitest/runner[24m/dist/chunk-artifact.js:2326:20
    at new Promise (<anonymous>)
    at runWithCancel [90m(file:///C:/Users/gerar/Documents/GitHub/logbook/[39mnode_modules/[4m@vitest/runner[24m/dist/chunk-artifact.js:2323:10[90m)[39m
    at [90mfile:///C:/Users/gerar/Documents/GitHub/logbook/[39mnode_modules/[4m@vitest/runner[24m/dist/chunk-artifact.js:2305:20
    at new Promise (<anonymous>)
    at runWithTimeout [90m(file:///C:/Users/gerar/Documents/GitHub/logbook/[39mnode_modules/[4m@vitest/runner[24m/dist/chunk-artifact.js:2272:10[90m)[39m
    at [90mfile:///C:/Users/gerar/Documents/GitHub/logbook/[39mnode_modules/[4m@vitest/runner[24m/dist/chunk-artifact.js:2956:64 {
  code: [32m'permission-denied'[39m
}

[90mstdout[2m | tests/challenger_empirical_adversarial.test.ts[2m > [22m[2mEmpirical Challenger: Persistence, Save Amnesia, 3-Month Windowing & DomainParsers Stress Suite[2m > [22m[2m1. Persistence and Save Amnesia Adversarial Tests[2m > [22m[2m1.3: Prevents Save Amnesia on fatal permission errors by re-throwing and preserving dirty state
[22m[39mSincronizzazione DB completata.

[90mstdout[2m | tests/challenger_empirical_adversarial.test.ts[2m > [22m[2mEmpirical Challenger: Persistence, Save Amnesia, 3-Month Windowing & DomainParsers Stress Suite[2m > [22m[2m1. Persistence and Save Amnesia Adversarial Tests[2m > [22m[2m1.4: Accurately skips writes and commits on repeated identical saves (zero redundant traffic)
[22m[39mSincronizzazione DB completata.

[90mstdout[2m | tests/challenger_empirical_adversarial.test.ts[2m > [22m[2mEmpirical Challenger: Persistence, Save Amnesia, 3-Month Windowing & DomainParsers Stress Suite[2m > [22m[2m1. Persistence and Save Amnesia Adversarial Tests[2m > [22m[2m1.5: Accumulates offline state mutations across multiple failures and commits the complete aggregate state on recovery
[22m[39mSincronizzazione DB completata.

[90mstderr[2m | tests/challenger_empirical_adversarial.test.ts[2m > [22m[2mEmpirical Challenger: Persistence, Save Amnesia, 3-Month Windowing & DomainParsers Stress Suite[2m > [22m[2m1. Persistence and Save Amnesia Adversarial Tests[2m > [22m[2m1.5: Accumulates offline state mutations across multiple failures and commits the complete aggregate state on recovery
[22m[39mScrittura archiviata nella cache locale Firestore (offline): Error: Timeout sincronizzazione Firestore
    at C:/Users/gerar/Documents/GitHub/logbook/tests/challenger_empirical_adversarial.test.ts:157:32
[90m    at processTicksAndRejections (node:internal/process/task_queues:104:5)[39m
    at [90mfile:///C:/Users/gerar/Documents/GitHub/logbook/[39mnode_modules/[4m@vitest/runner[24m/dist/chunk-artifact.js:1903:20
Errore durante la registrazione del Background Sync: TypeError: user.getIdToken is not a function
    at Object.saveUserData (C:/Users/gerar/Documents/GitHub/logbook/src/lib/db.ts:375:54)
[90m    at processTicksAndRejections (node:internal/process/task_queues:104:5)[39m
    at C:/Users/gerar/Documents/GitHub/logbook/tests/challenger_empirical_adversarial.test.ts:160:13
    at [90mfile:///C:/Users/gerar/Documents/GitHub/logbook/[39mnode_modules/[4m@vitest/runner[24m/dist/chunk-artifact.js:1903:20

[90mstderr[2m | tests/challenger_empirical_adversarial.test.ts[2m > [22m[2mEmpirical Challenger: Persistence, Save Amnesia, 3-Month Windowing & DomainParsers Stress Suite[2m > [22m[2m1. Persistence and Save Amnesia Adversarial Tests[2m > [22m[2m1.5: Accumulates offline state mutations across multiple failures and commits the complete aggregate state on recovery
[22m[39mScrittura archiviata nella cache locale Firestore (offline): Error: Timeout sincronizzazione Firestore
    at C:/Users/gerar/Documents/GitHub/logbook/tests/challenger_empirical_adversarial.test.ts:157:32
[90m    at processTicksAndRejections (node:internal/process/task_queues:104:5)[39m
    at [90mfile:///C:/Users/gerar/Documents/GitHub/logbook/[39mnode_modules/[4m@vitest/runner[24m/dist/chunk-artifact.js:1903:20
Errore durante la registrazione del Background Sync: TypeError: user.getIdToken is not a function
    at Object.saveUserData (C:/Users/gerar/Documents/GitHub/logbook/src/lib/db.ts:375:54)
[90m    at processTicksAndRejections (node:internal/process/task_queues:104:5)[39m
    at C:/Users/gerar/Documents/GitHub/logbook/tests/challenger_empirical_adversarial.test.ts:168:13
    at [90mfile:///C:/Users/gerar/Documents/GitHub/logbook/[39mnode_modules/[4m@vitest/runner[24m/dist/chunk-artifact.js:1903:20

[90mstderr[2m | tests/challenger_empirical_adversarial.test.ts[2m > [22m[2mEmpirical Challenger: Persistence, Save Amnesia, 3-Month Windowing & DomainParsers Stress Suite[2m > [22m[2m1. Persistence and Save Amnesia Adversarial Tests[2m > [22m[2m1.5: Accumulates offline state mutations across multiple failures and commits the complete aggregate state on recovery
[22m[39mScrittura archiviata nella cache locale Firestore (offline): Error: Timeout sincronizzazione Firestore
    at C:/Users/gerar/Documents/GitHub/logbook/tests/challenger_empirical_adversarial.test.ts:157:32
[90m    at processTicksAndRejections (node:internal/process/task_queues:104:5)[39m
    at [90mfile:///C:/Users/gerar/Documents/GitHub/logbook/[39mnode_modules/[4m@vitest/runner[24m/dist/chunk-artifact.js:1903:20
Errore durante la registrazione del Background Sync: TypeError: user.getIdToken is not a function
    at Object.saveUserData (C:/Users/gerar/Documents/GitHub/logbook/src/lib/db.ts:375:54)
[90m    at processTicksAndRejections (node:internal/process/task_queues:104:5)[39m
    at C:/Users/gerar/Documents/GitHub/logbook/tests/challenger_empirical_adversarial.test.ts:179:13
    at [90mfile:///C:/Users/gerar/Documents/GitHub/logbook/[39mnode_modules/[4m@vitest/runner[24m/dist/chunk-artifact.js:1903:20

[90mstdout[2m | tests/challenger_empirical_adversarial.test.ts[2m > [22m[2mEmpirical Challenger: Persistence, Save Amnesia, 3-Month Windowing & DomainParsers Stress Suite[2m > [22m[2m1. Persistence and Save Amnesia Adversarial Tests[2m > [22m[2m1.5: Accumulates offline state mutations across multiple failures and commits the complete aggregate state on recovery
[22m[39mSincronizzazione DB completata.

[90mstdout[2m | tests/challenger_empirical_adversarial.test.ts[2m > [22m[2mEmpirical Challenger: Persistence, Save Amnesia, 3-Month Windowing & DomainParsers Stress Suite[2m > [22m[2m1. Persistence and Save Amnesia Adversarial Tests[2m > [22m[2m1.6: Enforces checkDocSize threshold (>950KB) and rejects write before Firestore batch without corrupting cache
[22m[39mSincronizzazione DB completata.

[90mstderr[2m | tests/challenger_empirical_adversarial.test.ts[2m > [22m[2mEmpirical Challenger: Persistence, Save Amnesia, 3-Month Windowing & DomainParsers Stress Suite[2m > [22m[2m1. Persistence and Save Amnesia Adversarial Tests[2m > [22m[2m1.6: Enforces checkDocSize threshold (>950KB) and rejects write before Firestore batch without corrupting cache
[22m[39mErrore durante il salvataggio: Error: Il documento User Profile supera il limite di dimensione di sicurezza di Firestore (2.42 MB / limite 927.7 KB). Ridurre i dati inseriti o archiviare i record precedenti.
    at checkDocSize (C:/Users/gerar/Documents/GitHub/logbook/src/lib/checkDocSize.ts:95:15)
    at Object.saveUserData (C:/Users/gerar/Documents/GitHub/logbook/src/lib/db.ts:267:17)
    at C:/Users/gerar/Documents/GitHub/logbook/tests/challenger_empirical_adversarial.test.ts:226:29
[90m    at processTicksAndRejections (node:internal/process/task_queues:104:5)[39m
    at [90mfile:///C:/Users/gerar/Documents/GitHub/logbook/[39mnode_modules/[4m@vitest/runner[24m/dist/chunk-artifact.js:1903:20

[90mstdout[2m | tests/challenger_empirical_adversarial.test.ts[2m > [22m[2mEmpirical Challenger: Persistence, Save Amnesia, 3-Month Windowing & DomainParsers Stress Suite[2m > [22m[2m1. Persistence and Save Amnesia Adversarial Tests[2m > [22m[2m1.6: Enforces checkDocSize threshold (>950KB) and rejects write before Firestore batch without corrupting cache
[22m[39mSincronizzazione DB completata.

(node:18484) ExperimentalWarning: localStorage is not available because --localstorage-file was not provided.
(Use `node --trace-warnings ...` to show where the warning was created)
[90mstdout[2m | tests/challenger_empirical_adversarial.test.ts[2m > [22m[2mEmpirical Challenger: Persistence, Save Amnesia, 3-Month Windowing & DomainParsers Stress Suite[2m > [22m[2m2. 3-Month Windowing & Multi-Month Firestore Isolation[2m > [22m[2m2.2: Verifies older months on Firestore are never deleted or affected when saving current data
[22m[39mSincronizzazione DB completata.

[90mstdout[2m | tests/challenger_empirical_adversarial.test.ts[2m > [22m[2mEmpirical Challenger: Persistence, Save Amnesia, 3-Month Windowing & DomainParsers Stress Suite[2m > [22m[2m2. 3-Month Windowing & Multi-Month Firestore Isolation[2m > [22m[2m2.2: Verifies older months on Firestore are never deleted or affected when saving current data
[22m[39mSincronizzazione DB completata.

[90mstdout[2m | tests/challenger_empirical_adversarial.test.ts[2m > [22m[2mEmpirical Challenger: Persistence, Save Amnesia, 3-Month Windowing & DomainParsers Stress Suite[2m > [22m[2m2. 3-Month Windowing & Multi-Month Firestore Isolation[2m > [22m[2m2.3: Correctly buckets multi-month history spanning 5 different historical months into distinct Firestore docs
[22m[39mSincronizzazione DB completata.

[90mstdout[2m | tests/challenger_empirical_adversarial.test.ts[2m > [22m[2mEmpirical Challenger: Persistence, Save Amnesia, 3-Month Windowing & DomainParsers Stress Suite[2m > [22m[2m2. 3-Month Windowing & Multi-Month Firestore Isolation[2m > [22m[2m2.4: Deleting all entries from a specific month triggers batch.delete exclusively for that month
[22m[39mSincronizzazione DB completata.

[90mstdout[2m | tests/challenger_empirical_adversarial.test.ts[2m > [22m[2mEmpirical Challenger: Persistence, Save Amnesia, 3-Month Windowing & DomainParsers Stress Suite[2m > [22m[2m2. 3-Month Windowing & Multi-Month Firestore Isolation[2m > [22m[2m2.4: Deleting all entries from a specific month triggers batch.delete exclusively for that month
[22m[39mSincronizzazione DB completata.

[90mstdout[2m | tests/challenger_empirical_adversarial.test.ts[2m > [22m[2mEmpirical Challenger: Persistence, Save Amnesia, 3-Month Windowing & DomainParsers Stress Suite[2m > [22m[2m2. 3-Month Windowing & Multi-Month Firestore Isolation[2m > [22m[2m2.5: Derives timezone-safe monthKey from date string or fallback timestamp seamlessly
[22m[39mSincronizzazione DB completata.

[90mstderr[2m | tests/challenger_m4_2_offline_adversarial.test.ts[2m > [22m[2mEmpirical Challenger M4.2: Offline Queue, Circuit Breaker & Poison Pill Hardening[2m > [22m[2mChallenge 2: Network Failure & Immediate Circuit Breaker Tripping[2m > [22m[2msimulates network failure during flushQueue(), verifies circuit breaker trips immediately without cascading timeouts, and schedules exponential backoff
[22m[39m[TelemetryHub] dispatchEventToFirestore failed non-blockingly: Error: Network unreachable: connection reset by peer
    at C:/Users/gerar/Documents/GitHub/logbook/tests/challenger_m4_2_offline_adversarial.test.ts:123:28
    at [90mfile:///C:/Users/gerar/Documents/GitHub/logbook/[39mnode_modules/[4m@vitest/runner[24m/dist/chunk-artifact.js:302:11
    at [90mfile:///C:/Users/gerar/Documents/GitHub/logbook/[39mnode_modules/[4m@vitest/runner[24m/dist/chunk-artifact.js:1903:26
    at [90mfile:///C:/Users/gerar/Documents/GitHub/logbook/[39mnode_modules/[4m@vitest/runner[24m/dist/chunk-artifact.js:2326:20
    at new Promise (<anonymous>)
    at runWithCancel [90m(file:///C:/Users/gerar/Documents/GitHub/logbook/[39mnode_modules/[4m@vitest/runner[24m/dist/chunk-artifact.js:2323:10[90m)[39m
    at [90mfile:///C:/Users/gerar/Documents/GitHub/logbook/[39mnode_modules/[4m@vitest/runner[24m/dist/chunk-artifact.js:2305:20
    at new Promise (<anonymous>)
    at runWithTimeout [90m(file:///C:/Users/gerar/Documents/GitHub/logbook/[39mnode_modules/[4m@vitest/runner[24m/dist/chunk-artifact.js:2272:10[90m)[39m
    at [90mfile:///C:/Users/gerar/Documents/GitHub/logbook/[39mnode_modules/[4m@vitest/runner[24m/dist/chunk-artifact.js:2956:64

[90mstderr[2m | tests/challenger_m4_2_offline_adversarial.test.ts[2m > [22m[2mEmpirical Challenger M4.2: Offline Queue, Circuit Breaker & Poison Pill Hardening[2m > [22m[2mChallenge 2: Network Failure & Immediate Circuit Breaker Tripping[2m > [22m[2msimulates network failure during flushQueue(), verifies circuit breaker trips immediately without cascading timeouts, and schedules exponential backoff
[22m[39m[TelemetryHub] dispatchEventToFirestore failed non-blockingly: Error: Network unreachable: connection reset by peer
    at C:/Users/gerar/Documents/GitHub/logbook/tests/challenger_m4_2_offline_adversarial.test.ts:123:28
    at [90mfile:///C:/Users/gerar/Documents/GitHub/logbook/[39mnode_modules/[4m@vitest/runner[24m/dist/chunk-artifact.js:302:11
    at [90mfile:///C:/Users/gerar/Documents/GitHub/logbook/[39mnode_modules/[4m@vitest/runner[24m/dist/chunk-artifact.js:1903:26
    at [90mfile:///C:/Users/gerar/Documents/GitHub/logbook/[39mnode_modules/[4m@vitest/runner[24m/dist/chunk-artifact.js:2326:20
    at new Promise (<anonymous>)
    at runWithCancel [90m(file:///C:/Users/gerar/Documents/GitHub/logbook/[39mnode_modules/[4m@vitest/runner[24m/dist/chunk-artifact.js:2323:10[90m)[39m
    at [90mfile:///C:/Users/gerar/Documents/GitHub/logbook/[39mnode_modules/[4m@vitest/runner[24m/dist/chunk-artifact.js:2305:20
    at new Promise (<anonymous>)
    at runWithTimeout [90m(file:///C:/Users/gerar/Documents/GitHub/logbook/[39mnode_modules/[4m@vitest/runner[24m/dist/chunk-artifact.js:2272:10[90m)[39m
    at [90mfile:///C:/Users/gerar/Documents/GitHub/logbook/[39mnode_modules/[4m@vitest/runner[24m/dist/chunk-artifact.js:2956:64

 [32m✓[39m tests/challenger_empirical_adversarial.test.ts [2m([22m[2m21 tests[22m[2m)[22m[33m 988[2mms[22m[39m
[90mstderr[2m | tests/challenger_m4_2_offline_adversarial.test.ts[2m > [22m[2mEmpirical Challenger M4.2: Offline Queue, Circuit Breaker & Poison Pill Hardening[2m > [22m[2mChallenge 3: Poison Pill Item Isolation & Eviction[2m > [22m[2minjects a poison pill item that always rejects and verifies it is evicted after 3 attempts without blocking subsequent valid items
[22m[39m[TelemetryHub] dispatchErrorToFirestore failed non-blockingly: Error: Firestore write permanently rejected for poison pill
    at C:/Users/gerar/Documents/GitHub/logbook/tests/challenger_m4_2_offline_adversarial.test.ts:196:36
    at [90mfile:///C:/Users/gerar/Documents/GitHub/logbook/[39mnode_modules/[4m@vitest/runner[24m/dist/chunk-artifact.js:302:11
    at [90mfile:///C:/Users/gerar/Documents/GitHub/logbook/[39mnode_modules/[4m@vitest/runner[24m/dist/chunk-artifact.js:1903:26
    at [90mfile:///C:/Users/gerar/Documents/GitHub/logbook/[39mnode_modules/[4m@vitest/runner[24m/dist/chunk-artifact.js:2326:20
    at new Promise (<anonymous>)
    at runWithCancel [90m(file:///C:/Users/gerar/Documents/GitHub/logbook/[39mnode_modules/[4m@vitest/runner[24m/dist/chunk-artifact.js:2323:10[90m)[39m
    at [90mfile:///C:/Users/gerar/Documents/GitHub/logbook/[39mnode_modules/[4m@vitest/runner[24m/dist/chunk-artifact.js:2305:20
    at new Promise (<anonymous>)
    at runWithTimeout [90m(file:///C:/Users/gerar/Documents/GitHub/logbook/[39mnode_modules/[4m@vitest/runner[24m/dist/chunk-artifact.js:2272:10[90m)[39m
    at [90mfile:///C:/Users/gerar/Documents/GitHub/logbook/[39mnode_modules/[4m@vitest/runner[24m/dist/chunk-artifact.js:2956:64

[90mstderr[2m | tests/challenger_m4_2_offline_adversarial.test.ts[2m > [22m[2mEmpirical Challenger M4.2: Offline Queue, Circuit Breaker & Poison Pill Hardening[2m > [22m[2mChallenge 3: Poison Pill Item Isolation & Eviction[2m > [22m[2minjects a poison pill item that always rejects and verifies it is evicted after 3 attempts without blocking subsequent valid items
[22m[39m[TelemetryHub] dispatchErrorToFirestore failed non-blockingly: Error: Firestore write permanently rejected for poison pill
    at C:/Users/gerar/Documents/GitHub/logbook/tests/challenger_m4_2_offline_adversarial.test.ts:196:36
    at [90mfile:///C:/Users/gerar/Documents/GitHub/logbook/[39mnode_modules/[4m@vitest/runner[24m/dist/chunk-artifact.js:302:11
    at [90mfile:///C:/Users/gerar/Documents/GitHub/logbook/[39mnode_modules/[4m@vitest/runner[24m/dist/chunk-artifact.js:1903:26
    at [90mfile:///C:/Users/gerar/Documents/GitHub/logbook/[39mnode_modules/[4m@vitest/runner[24m/dist/chunk-artifact.js:2326:20
    at new Promise (<anonymous>)
    at runWithCancel [90m(file:///C:/Users/gerar/Documents/GitHub/logbook/[39mnode_modules/[4m@vitest/runner[24m/dist/chunk-artifact.js:2323:10[90m)[39m
    at [90mfile:///C:/Users/gerar/Documents/GitHub/logbook/[39mnode_modules/[4m@vitest/runner[24m/dist/chunk-artifact.js:2305:20
    at new Promise (<anonymous>)
    at runWithTimeout [90m(file:///C:/Users/gerar/Documents/GitHub/logbook/[39mnode_modules/[4m@vitest/runner[24m/dist/chunk-artifact.js:2272:10[90m)[39m
    at [90mfile:///C:/Users/gerar/Documents/GitHub/logbook/[39mnode_modules/[4m@vitest/runner[24m/dist/chunk-artifact.js:2956:64

[90mstderr[2m | tests/challenger_m4_2_offline_adversarial.test.ts[2m > [22m[2mEmpirical Challenger M4.2: Offline Queue, Circuit Breaker & Poison Pill Hardening[2m > [22m[2mChallenge 3: Poison Pill Item Isolation & Eviction[2m > [22m[2minjects a poison pill item that always rejects and verifies it is evicted after 3 attempts without blocking subsequent valid items
[22m[39m[TelemetryHub] dispatchErrorToFirestore failed non-blockingly: Error: Firestore write permanently rejected for poison pill
    at C:/Users/gerar/Documents/GitHub/logbook/tests/challenger_m4_2_offline_adversarial.test.ts:196:36
    at [90mfile:///C:/Users/gerar/Documents/GitHub/logbook/[39mnode_modules/[4m@vitest/runner[24m/dist/chunk-artifact.js:302:11
    at [90mfile:///C:/Users/gerar/Documents/GitHub/logbook/[39mnode_modules/[4m@vitest/runner[24m/dist/chunk-artifact.js:1903:26
    at [90mfile:///C:/Users/gerar/Documents/GitHub/logbook/[39mnode_modules/[4m@vitest/runner[24m/dist/chunk-artifact.js:2326:20
    at new Promise (<anonymous>)
    at runWithCancel [90m(file:///C:/Users/gerar/Documents/GitHub/logbook/[39mnode_modules/[4m@vitest/runner[24m/dist/chunk-artifact.js:2323:10[90m)[39m
    at [90mfile:///C:/Users/gerar/Documents/GitHub/logbook/[39mnode_modules/[4m@vitest/runner[24m/dist/chunk-artifact.js:2305:20
    at new Promise (<anonymous>)
    at runWithTimeout [90m(file:///C:/Users/gerar/Documents/GitHub/logbook/[39mnode_modules/[4m@vitest/runner[24m/dist/chunk-artifact.js:2272:10[90m)[39m
    at [90mfile:///C:/Users/gerar/Documents/GitHub/logbook/[39mnode_modules/[4m@vitest/runner[24m/dist/chunk-artifact.js:2956:64

[90mstderr[2m | tests/challenger_m4_2_offline_adversarial.test.ts[2m > [22m[2mEmpirical Challenger M4.2: Offline Queue, Circuit Breaker & Poison Pill Hardening[2m > [22m[2mChallenge 3: Poison Pill Item Isolation & Eviction[2m > [22m[2minjects a poison pill item that always rejects and verifies it is evicted after 3 attempts without blocking subsequent valid items
[22m[39m[TelemetryHub] dispatchErrorToFirestore failed non-blockingly: Error: Firestore write permanently rejected for poison pill
    at C:/Users/gerar/Documents/GitHub/logbook/tests/challenger_m4_2_offline_adversarial.test.ts:196:36
    at [90mfile:///C:/Users/gerar/Documents/GitHub/logbook/[39mnode_modules/[4m@vitest/runner[24m/dist/chunk-artifact.js:302:11
    at [90mfile:///C:/Users/gerar/Documents/GitHub/logbook/[39mnode_modules/[4m@vitest/runner[24m/dist/chunk-artifact.js:1903:26
    at [90mfile:///C:/Users/gerar/Documents/GitHub/logbook/[39mnode_modules/[4m@vitest/runner[24m/dist/chunk-artifact.js:2326:20
    at new Promise (<anonymous>)
    at runWithCancel [90m(file:///C:/Users/gerar/Documents/GitHub/logbook/[39mnode_modules/[4m@vitest/runner[24m/dist/chunk-artifact.js:2323:10[90m)[39m
    at [90mfile:///C:/Users/gerar/Documents/GitHub/logbook/[39mnode_modules/[4m@vitest/runner[24m/dist/chunk-artifact.js:2305:20
    at new Promise (<anonymous>)
    at runWithTimeout [90m(file:///C:/Users/gerar/Documents/GitHub/logbook/[39mnode_modules/[4m@vitest/runner[24m/dist/chunk-artifact.js:2272:10[90m)[39m
    at [90mfile:///C:/Users/gerar/Documents/GitHub/logbook/[39mnode_modules/[4m@vitest/runner[24m/dist/chunk-artifact.js:2956:64

[90mstderr[2m | tests/challenger_m4_2_offline_adversarial.test.ts[2m > [22m[2mEmpirical Challenger M4.2: Offline Queue, Circuit Breaker & Poison Pill Hardening[2m > [22m[2mChallenge 3: Poison Pill Item Isolation & Eviction[2m > [22m[2minjects a poison pill item that always rejects and verifies it is evicted after 3 attempts without blocking subsequent valid items
[22m[39m[TelemetryHub] Evicting poison pill item after max retries: poison_pill_bad_payload

[90mstderr[2m | tests/challenger_m4_2_offline_adversarial.test.ts[2m > [22m[2mEmpirical Challenger M4.2: Offline Queue, Circuit Breaker & Poison Pill Hardening[2m > [22m[2mChallenge 3: Poison Pill Item Isolation & Eviction[2m > [22m[2mprocesses a heterogeneous queue where a poison pill item fails while subsequent items can be retried and flushed once poison is evicted
[22m[39m[TelemetryHub] dispatchErrorToFirestore failed non-blockingly: Error: Poison rejected
    at C:/Users/gerar/Documents/GitHub/logbook/tests/challenger_m4_2_offline_adversarial.test.ts:274:17
    at Mock [90m(file:///C:/Users/gerar/Documents/GitHub/logbook/[39mnode_modules/[4m@vitest/spy[24m/dist/index.js:332:34[90m)[39m
    at TelemetryHub.dispatchErrorToFirestore (C:/Users/gerar/Documents/GitHub/logbook/src/lib/telemetryHub.ts:899:28)
    at TelemetryHub.executeFlushQueue (C:/Users/gerar/Documents/GitHub/logbook/src/lib/telemetryHub.ts:790:32)
    at C:/Users/gerar/Documents/GitHub/logbook/src/lib/telemetryHub.ts:751:20
    at TelemetryHub.flushQueue (C:/Users/gerar/Documents/GitHub/logbook/src/lib/telemetryHub.ts:756:6)
    at C:/Users/gerar/Documents/GitHub/logbook/tests/challenger_m4_2_offline_adversarial.test.ts:280:26
    at [90mfile:///C:/Users/gerar/Documents/GitHub/logbook/[39mnode_modules/[4m@vitest/runner[24m/dist/chunk-artifact.js:302:11
    at [90mfile:///C:/Users/gerar/Documents/GitHub/logbook/[39mnode_modules/[4m@vitest/runner[24m/dist/chunk-artifact.js:1903:26
    at [90mfile:///C:/Users/gerar/Documents/GitHub/logbook/[39mnode_modules/[4m@vitest/runner[24m/dist/chunk-artifact.js:2326:20

[90mstderr[2m | tests/challenger_m4_2_offline_adversarial.test.ts[2m > [22m[2mEmpirical Challenger M4.2: Offline Queue, Circuit Breaker & Poison Pill Hardening[2m > [22m[2mChallenge 3: Poison Pill Item Isolation & Eviction[2m > [22m[2mprocesses a heterogeneous queue where a poison pill item fails while subsequent items can be retried and flushed once poison is evicted
[22m[39m[TelemetryHub] dispatchErrorToFirestore failed non-blockingly: Error: Poison rejected
    at C:/Users/gerar/Documents/GitHub/logbook/tests/challenger_m4_2_offline_adversarial.test.ts:274:17
    at Mock [90m(file:///C:/Users/gerar/Documents/GitHub/logbook/[39mnode_modules/[4m@vitest/spy[24m/dist/index.js:332:34[90m)[39m
    at TelemetryHub.dispatchErrorToFirestore (C:/Users/gerar/Documents/GitHub/logbook/src/lib/telemetryHub.ts:899:28)
    at TelemetryHub.executeFlushQueue (C:/Users/gerar/Documents/GitHub/logbook/src/lib/telemetryHub.ts:790:32)
    at C:/Users/gerar/Documents/GitHub/logbook/src/lib/telemetryHub.ts:751:20
    at TelemetryHub.flushQueue (C:/Users/gerar/Documents/GitHub/logbook/src/lib/telemetryHub.ts:756:6)
    at C:/Users/gerar/Documents/GitHub/logbook/tests/challenger_m4_2_offline_adversarial.test.ts:288:26
    at [90mfile:///C:/Users/gerar/Documents/GitHub/logbook/[39mnode_modules/[4m@vitest/runner[24m/dist/chunk-artifact.js:1903:20

[90mstderr[2m | tests/challenger_m4_2_offline_adversarial.test.ts[2m > [22m[2mEmpirical Challenger M4.2: Offline Queue, Circuit Breaker & Poison Pill Hardening[2m > [22m[2mChallenge 3: Poison Pill Item Isolation & Eviction[2m > [22m[2mprocesses a heterogeneous queue where a poison pill item fails while subsequent items can be retried and flushed once poison is evicted
[22m[39m[TelemetryHub] dispatchErrorToFirestore failed non-blockingly: Error: Poison rejected
    at C:/Users/gerar/Documents/GitHub/logbook/tests/challenger_m4_2_offline_adversarial.test.ts:274:17
    at Mock [90m(file:///C:/Users/gerar/Documents/GitHub/logbook/[39mnode_modules/[4m@vitest/spy[24m/dist/index.js:332:34[90m)[39m
    at TelemetryHub.dispatchErrorToFirestore (C:/Users/gerar/Documents/GitHub/logbook/src/lib/telemetryHub.ts:899:28)
    at TelemetryHub.executeFlushQueue (C:/Users/gerar/Documents/GitHub/logbook/src/lib/telemetryHub.ts:790:32)
    at C:/Users/gerar/Documents/GitHub/logbook/src/lib/telemetryHub.ts:751:20
    at TelemetryHub.flushQueue (C:/Users/gerar/Documents/GitHub/logbook/src/lib/telemetryHub.ts:756:6)
    at C:/Users/gerar/Documents/GitHub/logbook/tests/challenger_m4_2_offline_adversarial.test.ts:293:26
    at [90mfile:///C:/Users/gerar/Documents/GitHub/logbook/[39mnode_modules/[4m@vitest/runner[24m/dist/chunk-artifact.js:1903:20

[90mstderr[2m | tests/challenger_m4_2_offline_adversarial.test.ts[2m > [22m[2mEmpirical Challenger M4.2: Offline Queue, Circuit Breaker & Poison Pill Hardening[2m > [22m[2mChallenge 3: Poison Pill Item Isolation & Eviction[2m > [22m[2mprocesses a heterogeneous queue where a poison pill item fails while subsequent items can be retried and flushed once poison is evicted
[22m[39m[TelemetryHub] dispatchErrorToFirestore failed non-blockingly: Error: Poison rejected
    at C:/Users/gerar/Documents/GitHub/logbook/tests/challenger_m4_2_offline_adversarial.test.ts:274:17
    at Mock [90m(file:///C:/Users/gerar/Documents/GitHub/logbook/[39mnode_modules/[4m@vitest/spy[24m/dist/index.js:332:34[90m)[39m
    at TelemetryHub.dispatchErrorToFirestore (C:/Users/gerar/Documents/GitHub/logbook/src/lib/telemetryHub.ts:899:28)
    at TelemetryHub.executeFlushQueue (C:/Users/gerar/Documents/GitHub/logbook/src/lib/telemetryHub.ts:790:32)
    at C:/Users/gerar/Documents/GitHub/logbook/src/lib/telemetryHub.ts:751:20
    at TelemetryHub.flushQueue (C:/Users/gerar/Documents/GitHub/logbook/src/lib/telemetryHub.ts:756:6)
    at C:/Users/gerar/Documents/GitHub/logbook/tests/challenger_m4_2_offline_adversarial.test.ts:298:26
    at [90mfile:///C:/Users/gerar/Documents/GitHub/logbook/[39mnode_modules/[4m@vitest/runner[24m/dist/chunk-artifact.js:1903:20

[90mstderr[2m | tests/challenger_m4_2_offline_adversarial.test.ts[2m > [22m[2mEmpirical Challenger M4.2: Offline Queue, Circuit Breaker & Poison Pill Hardening[2m > [22m[2mChallenge 3: Poison Pill Item Isolation & Eviction[2m > [22m[2mprocesses a heterogeneous queue where a poison pill item fails while subsequent items can be retried and flushed once poison is evicted
[22m[39m[TelemetryHub] Evicting poison pill item after max retries: poison_item

 [32m✓[39m tests/challenger_m4_2_offline_adversarial.test.ts [2m([22m[2m5 tests[22m[2m)[22m[33m 704[2mms[22m[39m
       [33m[2m✓[22m[39m simulates network failure during flushQueue(), verifies circuit breaker trips immediately without cascading timeouts, and schedules exponential backoff [33m 339[2mms[22m[39m
(node:392) ExperimentalWarning: localStorage is not available because --localstorage-file was not provided.
(Use `node --trace-warnings ...` to show where the warning was created)
(node:12160) ExperimentalWarning: localStorage is not available because --localstorage-file was not provided.
(Use `node --trace-warnings ...` to show where the warning was created)
(node:1876) ExperimentalWarning: localStorage is not available because --localstorage-file was not provided.
(Use `node --trace-warnings ...` to show where the warning was created)
 [32m✓[39m tests/guest_bootstrap_lifecycle.test.tsx [2m([22m[2m5 tests[22m[2m)[22m[33m 457[2mms[22m[39m
     [33m[2m✓[22m[39m M2.1: loginAsGuest() resolves full seed catalog immediately on fresh cold start (zero empty flash) [33m 332[2mms[22m[39m
 [32m✓[39m tests/pwa_indexeddb_refactor.test.tsx [2m([22m[2m14 tests[22m[2m)[22m[33m 586[2mms[22m[39m
       [33m[2m✓[22m[39m beforeunload listener triggers preventDefault and returnValue when syncing is true [33m 500[2mms[22m[39m
[90mstderr[2m | tests/challenger_1_algorithmic_stress.test.ts
[22m[39mChiave reCAPTCHA v3 (VITE_RECAPTCHA_V3_SITE_KEY) non configurata. App Check non inizializzato.

[90mstdout[2m | tests/tier5_adversarial_guest_catalog.test.ts[2m > [22m[2mTier 5: Adversarial Coverage Hardening Suite[2m > [22m[2m5.3: Offline Guest Persistence -> Firestore Payload Inspection (Zero Seed Duplication & Strict Doc Size Bounds)[2m > [22m[2mT5.3.1: Massive user data stress (100 custom exercises, 100 custom foods, 50 routines, 200 history sessions, 180 nutrition days, 50 overrides) strictly excludes seed items and satisfies Firestore size limits
[22m[39mSincronizzazione DB completata.

[90mstdout[2m | tests/tier5_adversarial_guest_catalog.test.ts[2m > [22m[2mTier 5: Adversarial Coverage Hardening Suite[2m > [22m[2m5.3: Offline Guest Persistence -> Firestore Payload Inspection (Zero Seed Duplication & Strict Doc Size Bounds)[2m > [22m[2mT5.3.2: Clean seed state (176 exercises and 130 foods resolved with 0 custom items) serializes empty arrays and tiny doc payload
[22m[39mSincronizzazione DB completata.

[90mstderr[2m | tests/tier5_adversarial_guest_catalog.test.ts[2m > [22m[2mTier 5: Adversarial Coverage Hardening Suite[2m > [22m[2m5.5: Race Conditions During Fast Bootstrap, Debounced Writes & Concurrent Sync[2m > [22m[2mT5.5.3: Error propagation in saveUserData: if DB.saveUserData throws, all coalesced Promises reject, saveError is set, and syncing resets to false
[22m[39mErrore critico durante il salvataggio Firestore: Error: Firestore Network Failure: Simulated Offline Drop
    at C:/Users/gerar/Documents/GitHub/logbook/tests/tier5_adversarial_guest_catalog.test.ts:920:45
    at [90mfile:///C:/Users/gerar/Documents/GitHub/logbook/[39mnode_modules/[4m@vitest/runner[24m/dist/chunk-artifact.js:302:11
    at [90mfile:///C:/Users/gerar/Documents/GitHub/logbook/[39mnode_modules/[4m@vitest/runner[24m/dist/chunk-artifact.js:1903:26
    at [90mfile:///C:/Users/gerar/Documents/GitHub/logbook/[39mnode_modules/[4m@vitest/runner[24m/dist/chunk-artifact.js:2326:20
    at new Promise (<anonymous>)
    at runWithCancel [90m(file:///C:/Users/gerar/Documents/GitHub/logbook/[39mnode_modules/[4m@vitest/runner[24m/dist/chunk-artifact.js:2323:10[90m)[39m
    at [90mfile:///C:/Users/gerar/Documents/GitHub/logbook/[39mnode_modules/[4m@vitest/runner[24m/dist/chunk-artifact.js:2305:20
    at new Promise (<anonymous>)
    at runWithTimeout [90m(file:///C:/Users/gerar/Documents/GitHub/logbook/[39mnode_modules/[4m@vitest/runner[24m/dist/chunk-artifact.js:2272:10[90m)[39m
    at [90mfile:///C:/Users/gerar/Documents/GitHub/logbook/[39mnode_modules/[4m@vitest/runner[24m/dist/chunk-artifact.js:2956:64
Errore durante il salvataggio: Error: Firestore Network Failure: Simulated Offline Drop
    at C:/Users/gerar/Documents/GitHub/logbook/tests/tier5_adversarial_guest_catalog.test.ts:920:45
    at [90mfile:///C:/Users/gerar/Documents/GitHub/logbook/[39mnode_modules/[4m@vitest/runner[24m/dist/chunk-artifact.js:302:11
    at [90mfile:///C:/Users/gerar/Documents/GitHub/logbook/[39mnode_modules/[4m@vitest/runner[24m/dist/chunk-artifact.js:1903:26
    at [90mfile:///C:/Users/gerar/Documents/GitHub/logbook/[39mnode_modules/[4m@vitest/runner[24m/dist/chunk-artifact.js:2326:20
    at new Promise (<anonymous>)
    at runWithCancel [90m(file:///C:/Users/gerar/Documents/GitHub/logbook/[39mnode_modules/[4m@vitest/runner[24m/dist/chunk-artifact.js:2323:10[90m)[39m
    at [90mfile:///C:/Users/gerar/Documents/GitHub/logbook/[39mnode_modules/[4m@vitest/runner[24m/dist/chunk-artifact.js:2305:20
    at new Promise (<anonymous>)
    at runWithTimeout [90m(file:///C:/Users/gerar/Documents/GitHub/logbook/[39mnode_modules/[4m@vitest/runner[24m/dist/chunk-artifact.js:2272:10[90m)[39m
    at [90mfile:///C:/Users/gerar/Documents/GitHub/logbook/[39mnode_modules/[4m@vitest/runner[24m/dist/chunk-artifact.js:2956:64

[90mstderr[2m | tests/challenger_m1_stress.test.ts
[22m[39mChiave reCAPTCHA v3 (VITE_RECAPTCHA_V3_SITE_KEY) non configurata. App Check non inizializzato.

 [32m✓[39m tests/tier5_adversarial_guest_catalog.test.ts [2m([22m[2m17 tests[22m[2m)[22m[33m 437[2mms[22m[39m
[90mstderr[2m | src/App.test.tsx
[22m[39mChiave reCAPTCHA v3 (VITE_RECAPTCHA_V3_SITE_KEY) non configurata. App Check non inizializzato.

[90mstderr[2m | tests/challenger_2_telemetry_stress.test.ts
[22m[39mChiave reCAPTCHA v3 (VITE_RECAPTCHA_V3_SITE_KEY) non configurata. App Check non inizializzato.

[90mstderr[2m | tests/use_wake_lock.test.ts
[22m[39mChiave reCAPTCHA v3 (VITE_RECAPTCHA_V3_SITE_KEY) non configurata. App Check non inizializzato.

[90mstderr[2m | tests/use_local_storage.test.tsx
[22m[39mChiave reCAPTCHA v3 (VITE_RECAPTCHA_V3_SITE_KEY) non configurata. App Check non inizializzato.

[90mstderr[2m | tests/challenger_domain_parsers_stress.test.ts
[22m[39mChiave reCAPTCHA v3 (VITE_RECAPTCHA_V3_SITE_KEY) non configurata. App Check non inizializzato.

[90mstderr[2m | src/lib/logic.test.ts
[22m[39mChiave reCAPTCHA v3 (VITE_RECAPTCHA_V3_SITE_KEY) non configurata. App Check non inizializzato.

[90mstderr[2m | tests/challenger_guest_merge_stress.test.ts
[22m[39mChiave reCAPTCHA v3 (VITE_RECAPTCHA_V3_SITE_KEY) non configurata. App Check non inizializzato.

(node:18520) ExperimentalWarning: localStorage is not available because --localstorage-file was not provided.
(Use `node --trace-warnings ...` to show where the warning was created)
(node:20784) ExperimentalWarning: localStorage is not available because --localstorage-file was not provided.
(Use `node --trace-warnings ...` to show where the warning was created)
[90mstderr[2m | tests/schema_telemetry_fallback.test.ts
[22m[39mChiave reCAPTCHA v3 (VITE_RECAPTCHA_V3_SITE_KEY) non configurata. App Check non inizializzato.

 [32m✓[39m tests/challenger_m1_stress.test.ts [2m([22m[2m17 tests[22m[2m)[22m[33m 325[2mms[22m[39m
(node:15444) ExperimentalWarning: localStorage is not available because --localstorage-file was not provided.
(Use `node --trace-warnings ...` to show where the warning was created)
[90mstderr[2m | tests/schema_resilience.test.ts
[22m[39mChiave reCAPTCHA v3 (VITE_RECAPTCHA_V3_SITE_KEY) non configurata. App Check non inizializzato.

(node:10944) ExperimentalWarning: localStorage is not available because --localstorage-file was not provided.
(Use `node --trace-warnings ...` to show where the warning was created)
[90mstderr[2m | tests/challenger_2_telemetry_stress.test.ts[2m > [22m[2mEmpirical Challenger 2: Telemetry Offline Queueing, Capacity & Online Flush Stress Suite[2m > [22m[2m3. Online Flush Behavior, Retry & Batching[2m > [22m[2m3.2: Retries on transient network errors, preserving failed items in queue while removing succeeded ones
[22m[39m[TelemetryHub] dispatchEventToFirestore failed non-blockingly: Error: Transient network drop during write
    at C:/Users/gerar/Documents/GitHub/logbook/tests/challenger_2_telemetry_stress.test.ts:261:17
    at Mock [90m(file:///C:/Users/gerar/Documents/GitHub/logbook/[39mnode_modules/[4m@vitest/spy[24m/dist/index.js:332:34[90m)[39m
    at TelemetryHub.dispatchEventToFirestore (C:/Users/gerar/Documents/GitHub/logbook/src/lib/telemetryHub.ts:934:28)
    at TelemetryHub.executeFlushQueue (C:/Users/gerar/Documents/GitHub/logbook/src/lib/telemetryHub.ts:792:32)
    at C:/Users/gerar/Documents/GitHub/logbook/src/lib/telemetryHub.ts:751:9
    at C:/Users/gerar/Documents/GitHub/logbook/tests/challenger_2_telemetry_stress.test.ts:270:7
    at [90mfile:///C:/Users/gerar/Documents/GitHub/logbook/[39mnode_modules/[4m@vitest/runner[24m/dist/chunk-artifact.js:1903:20

[90mstderr[2m | tests/challenger_2_telemetry_stress.test.ts[2m > [22m[2mEmpirical Challenger 2: Telemetry Offline Queueing, Capacity & Online Flush Stress Suite[2m > [22m[2m3. Online Flush Behavior, Retry & Batching[2m > [22m[2m3.2: Retries on transient network errors, preserving failed items in queue while removing succeeded ones
[22m[39m[TelemetryHub] dispatchEventToFirestore failed non-blockingly: Error: Transient network drop during write
    at C:/Users/gerar/Documents/GitHub/logbook/tests/challenger_2_telemetry_stress.test.ts:261:17
    at Mock [90m(file:///C:/Users/gerar/Documents/GitHub/logbook/[39mnode_modules/[4m@vitest/spy[24m/dist/index.js:332:34[90m)[39m
    at TelemetryHub.dispatchEventToFirestore (C:/Users/gerar/Documents/GitHub/logbook/src/lib/telemetryHub.ts:934:28)
    at TelemetryHub.executeFlushQueue (C:/Users/gerar/Documents/GitHub/logbook/src/lib/telemetryHub.ts:792:32)
    at C:/Users/gerar/Documents/GitHub/logbook/src/lib/telemetryHub.ts:751:9
    at C:/Users/gerar/Documents/GitHub/logbook/tests/challenger_2_telemetry_stress.test.ts:270:7
    at [90mfile:///C:/Users/gerar/Documents/GitHub/logbook/[39mnode_modules/[4m@vitest/runner[24m/dist/chunk-artifact.js:1903:20

 [32m✓[39m tests/challenger_2_telemetry_stress.test.ts [2m([22m[2m14 tests[22m[2m)[22m[33m 324[2mms[22m[39m
 [32m✓[39m src/App.test.tsx [2m([22m[2m1 test[22m[2m)[22m[33m 347[2mms[22m[39m
   [33m[2m✓[22m[39m renders App without crashing [33m 342[2mms[22m[39m
(node:15980) ExperimentalWarning: localStorage is not available because --localstorage-file was not provided.
(Use `node --trace-warnings ...` to show where the warning was created)
 [32m✓[39m tests/use_wake_lock.test.ts [2m([22m[2m11 tests[22m[2m)[22m[32m 252[2mms[22m[39m
(node:10740) ExperimentalWarning: localStorage is not available because --localstorage-file was not provided.
(Use `node --trace-warnings ...` to show where the warning was created)
 [32m✓[39m tests/use_local_storage.test.tsx [2m([22m[2m19 tests[22m[2m)[22m[33m 359[2mms[22m[39m
(node:17776) ExperimentalWarning: localStorage is not available because --localstorage-file was not provided.
(Use `node --trace-warnings ...` to show where the warning was created)
(node:14600) ExperimentalWarning: localStorage is not available because --localstorage-file was not provided.
(Use `node --trace-warnings ...` to show where the warning was created)
 [32m✓[39m tests/challenger_domain_parsers_stress.test.ts [2m([22m[2m22 tests[22m[2m)[22m[32m 278[2mms[22m[39m
 [32m✓[39m src/lib/logic.test.ts [2m([22m[2m52 tests[22m[2m)[22m[32m 166[2mms[22m[39m
(node:23348) ExperimentalWarning: localStorage is not available because --localstorage-file was not provided.
(Use `node --trace-warnings ...` to show where the warning was created)
(node:19840) ExperimentalWarning: localStorage is not available because --localstorage-file was not provided.
(Use `node --trace-warnings ...` to show where the warning was created)
 [32m✓[39m tests/challenger_1_algorithmic_stress.test.ts [2m([22m[2m23 tests[22m[2m)[22m[32m 270[2mms[22m[39m
[90mstdout[2m | tests/challenger_guest_merge_stress.test.ts[2m > [22m[2mEmpirical Challenger: Deterministic Guest Merge (R5) Stress & Adversarial Suite[2m > [22m[2m5. Large Scale Dataset Merge (Volume, Performance & Memory Stress)[2m > [22m[2mmerges large scale datasets in sub-second execution time (< 350ms)
[22m[39m[PERFORMANCE STRESS] Large merge duration: 63.24ms across 120 items/collection

 [32m✓[39m tests/challenger_guest_merge_stress.test.ts [2m([22m[2m16 tests[22m[2m)[22m[32m 189[2mms[22m[39m
 [32m✓[39m tests/schema_telemetry_fallback.test.ts [2m([22m[2m19 tests[22m[2m)[22m[32m 179[2mms[22m[39m
(node:10800) ExperimentalWarning: localStorage is not available because --localstorage-file was not provided.
(Use `node --trace-warnings ...` to show where the warning was created)
[90mstderr[2m | tests/auth_startup_resilience.test.tsx
[22m[39mChiave reCAPTCHA v3 (VITE_RECAPTCHA_V3_SITE_KEY) non configurata. App Check non inizializzato.

 [32m✓[39m tests/schema_resilience.test.ts [2m([22m[2m26 tests[22m[2m)[22m[32m 199[2mms[22m[39m
[90mstderr[2m | src/lib/calc/analytics.test.ts
[22m[39mChiave reCAPTCHA v3 (VITE_RECAPTCHA_V3_SITE_KEY) non configurata. App Check non inizializzato.

[90mstderr[2m | tests/e2e_guest_catalog.test.ts
[22m[39mChiave reCAPTCHA v3 (VITE_RECAPTCHA_V3_SITE_KEY) non configurata. App Check non inizializzato.

[90mstderr[2m | tests/telemetry_adversarial_challenger_harness.test.ts
[22m[39mChiave reCAPTCHA v3 (VITE_RECAPTCHA_V3_SITE_KEY) non configurata. App Check non inizializzato.

[90mstderr[2m | tests/challenger_telemetry_adversarial.test.ts
[22m[39mChiave reCAPTCHA v3 (VITE_RECAPTCHA_V3_SITE_KEY) non configurata. App Check non inizializzato.

[90mstderr[2m | tests/adversarial_catalog_resolution.test.ts
[22m[39mChiave reCAPTCHA v3 (VITE_RECAPTCHA_V3_SITE_KEY) non configurata. App Check non inizializzato.

[90mstderr[2m | tests/guest_merge.test.ts
[22m[39mChiave reCAPTCHA v3 (VITE_RECAPTCHA_V3_SITE_KEY) non configurata. App Check non inizializzato.

[90mstderr[2m | tests/storage_bootstrap_telemetry_integration.test.ts
[22m[39mChiave reCAPTCHA v3 (VITE_RECAPTCHA_V3_SITE_KEY) non configurata. App Check non inizializzato.

[90mstderr[2m | tests/zustand_save.test.ts
[22m[39mChiave reCAPTCHA v3 (VITE_RECAPTCHA_V3_SITE_KEY) non configurata. App Check non inizializzato.

[90mstderr[2m | tests/storage_telemetry.test.ts
[22m[39mChiave reCAPTCHA v3 (VITE_RECAPTCHA_V3_SITE_KEY) non configurata. App Check non inizializzato.

(node:17568) ExperimentalWarning: localStorage is not available because --localstorage-file was not provided.
(Use `node --trace-warnings ...` to show where the warning was created)
[90mstderr[2m | tests/auth_startup_resilience.test.tsx[2m > [22m[2mPWA & iPhone Startup Resilience Tests[2m > [22m[2mNetwork slow or hanging DB.loadUserData does not throw unhandled exception or lock syncing
[22m[39mErrore caricamento dati in AuthContext (uso dati locali/offline): Error: Network timeout
    at C:/Users/gerar/Documents/GitHub/logbook/tests/auth_startup_resilience.test.tsx:89:49
    at [90mfile:///C:/Users/gerar/Documents/GitHub/logbook/[39mnode_modules/[4m@vitest/runner[24m/dist/chunk-artifact.js:302:11
    at [90mfile:///C:/Users/gerar/Documents/GitHub/logbook/[39mnode_modules/[4m@vitest/runner[24m/dist/chunk-artifact.js:1903:26
    at [90mfile:///C:/Users/gerar/Documents/GitHub/logbook/[39mnode_modules/[4m@vitest/runner[24m/dist/chunk-artifact.js:2326:20
    at new Promise (<anonymous>)
    at runWithCancel [90m(file:///C:/Users/gerar/Documents/GitHub/logbook/[39mnode_modules/[4m@vitest/runner[24m/dist/chunk-artifact.js:2323:10[90m)[39m
    at [90mfile:///C:/Users/gerar/Documents/GitHub/logbook/[39mnode_modules/[4m@vitest/runner[24m/dist/chunk-artifact.js:2305:20
    at new Promise (<anonymous>)
    at runWithTimeout [90m(file:///C:/Users/gerar/Documents/GitHub/logbook/[39mnode_modules/[4m@vitest/runner[24m/dist/chunk-artifact.js:2272:10[90m)[39m
    at [90mfile:///C:/Users/gerar/Documents/GitHub/logbook/[39mnode_modules/[4m@vitest/runner[24m/dist/chunk-artifact.js:2956:64

[90mstderr[2m | tests/auth_startup_resilience.test.tsx[2m > [22m[2mPWA & iPhone Startup Resilience Tests[2m > [22m[2mNetwork slow or hanging DB.loadUserData does not throw unhandled exception or lock syncing
[22m[39mAn update to TestAuthConsumer inside a test was not wrapped in act(...).

When testing, code that causes React state updates should be wrapped into act(...):

act(() => {
  /* fire events that update state */
});
/* assert on the output */

This ensures that you're testing the behavior the user would see in the browser. Learn more at https://react.dev/link/wrap-tests-with-act
An update to TestAuthConsumer inside a test was not wrapped in act(...).

When testing, code that causes React state updates should be wrapped into act(...):

act(() => {
  /* fire events that update state */
});
/* assert on the output */

This ensures that you're testing the behavior the user would see in the browser. Learn more at https://react.dev/link/wrap-tests-with-act

 [32m✓[39m tests/auth_startup_resilience.test.tsx [2m([22m[2m4 tests[22m[2m)[22m[32m 184[2mms[22m[39m
[90mstderr[2m | tests/challenger_2_m1_migration_and_overrides.test.ts
[22m[39mChiave reCAPTCHA v3 (VITE_RECAPTCHA_V3_SITE_KEY) non configurata. App Check non inizializzato.

(node:5652) ExperimentalWarning: localStorage is not available because --localstorage-file was not provided.
(Use `node --trace-warnings ...` to show where the warning was created)
(node:11052) ExperimentalWarning: localStorage is not available because --localstorage-file was not provided.
(Use `node --trace-warnings ...` to show where the warning was created)
[90mstdout[2m | tests/e2e_guest_catalog.test.ts[2m > [22m[2mE2E Suite: Guest Mode & Global Catalog Resolution[2m > [22m[2mTier 1: Feature Coverage (Cold Start, Seed Fallback, Item Verification & Contract)[2m > [22m[2mT1.6: Remote sync updates catalog seamlessly when a newer manifest version is detected
[22m[39m[CatalogService] Aggiornamento catalogo da v1.0.0 a v1.1.0...

[90mstderr[2m | tests/e2e_guest_catalog.test.ts[2m > [22m[2mE2E Suite: Guest Mode & Global Catalog Resolution[2m > [22m[2mTier 2: Boundary & Corner Cases (Storage Resilience, Edge Overrides & Defensive Sanitization)[2m > [22m[2mT2.1: Corrupted IndexedDB catalog data falls back gracefully to seed catalog without throwing
[22m[39m[CatalogService] Cache IndexedDB corrotta, ripristino seed predefinito.

[90mstdout[2m | tests/e2e_guest_catalog.test.ts[2m > [22m[2mE2E Suite: Guest Mode & Global Catalog Resolution[2m > [22m[2mTier 4: Real-World Scenarios & Cloud Merge Delta Isolation[2m > [22m[2mT4.2: Persistence isolation: DB.saveUserData serializes ONLY custom deltas, never the global seed items
[22m[39mSincronizzazione DB completata.

[90mstdout[2m | tests/e2e_guest_catalog.test.ts[2m > [22m[2mE2E Suite: Guest Mode & Global Catalog Resolution[2m > [22m[2mTier 4: Real-World Scenarios & Cloud Merge Delta Isolation[2m > [22m[2mT4.3: Fresh Google account linking with empty cloud doc persists guest deltas without seed bloat
[22m[39mSincronizzazione DB completata.

 [32m✓[39m tests/e2e_guest_catalog.test.ts [2m([22m[2m21 tests[22m[2m)[22m[32m 157[2mms[22m[39m
(node:5220) ExperimentalWarning: localStorage is not available because --localstorage-file was not provided.
(Use `node --trace-warnings ...` to show where the warning was created)
(node:12208) ExperimentalWarning: localStorage is not available because --localstorage-file was not provided.
(Use `node --trace-warnings ...` to show where the warning was created)
 [32m✓[39m tests/telemetry_adversarial_challenger_harness.test.ts [2m([22m[2m11 tests[22m[2m)[22m[33m 314[2mms[22m[39m
 [32m✓[39m tests/challenger_telemetry_adversarial.test.ts [2m([22m[2m21 tests[22m[2m)[22m[32m 246[2mms[22m[39m
(node:18800) ExperimentalWarning: localStorage is not available because --localstorage-file was not provided.
(Use `node --trace-warnings ...` to show where the warning was created)
 [32m✓[39m tests/adversarial_catalog_resolution.test.ts [2m([22m[2m15 tests[22m[2m)[22m[32m 129[2mms[22m[39m
(node:18120) ExperimentalWarning: localStorage is not available because --localstorage-file was not provided.
(Use `node --trace-warnings ...` to show where the warning was created)
 [32m✓[39m tests/guest_merge.test.ts [2m([22m[2m24 tests[22m[2m)[22m[32m 136[2mms[22m[39m
(node:1416) ExperimentalWarning: localStorage is not available because --localstorage-file was not provided.
(Use `node --trace-warnings ...` to show where the warning was created)
(node:20412) ExperimentalWarning: localStorage is not available because --localstorage-file was not provided.
(Use `node --trace-warnings ...` to show where the warning was created)
[90mstderr[2m | tests/storage_bootstrap_telemetry_integration.test.ts[2m > [22m[2mStorage Bootstrap & Telemetry Integration Flow[2m > [22m[2mFlow 2: IndexedDB read_error does NOT update marker and does NOT dispatch anomaly
[22m[39mErrore recupero cache da IndexedDB: Error: IndexedDB blocked
    at C:/Users/gerar/Documents/GitHub/logbook/tests/storage_bootstrap_telemetry_integration.test.ts:69:50
    at [90mfile:///C:/Users/gerar/Documents/GitHub/logbook/[39mnode_modules/[4m@vitest/runner[24m/dist/chunk-artifact.js:302:11
    at [90mfile:///C:/Users/gerar/Documents/GitHub/logbook/[39mnode_modules/[4m@vitest/runner[24m/dist/chunk-artifact.js:1903:26
    at [90mfile:///C:/Users/gerar/Documents/GitHub/logbook/[39mnode_modules/[4m@vitest/runner[24m/dist/chunk-artifact.js:2326:20
    at new Promise (<anonymous>)
    at runWithCancel [90m(file:///C:/Users/gerar/Documents/GitHub/logbook/[39mnode_modules/[4m@vitest/runner[24m/dist/chunk-artifact.js:2323:10[90m)[39m
    at [90mfile:///C:/Users/gerar/Documents/GitHub/logbook/[39mnode_modules/[4m@vitest/runner[24m/dist/chunk-artifact.js:2305:20
    at new Promise (<anonymous>)
    at runWithTimeout [90m(file:///C:/Users/gerar/Documents/GitHub/logbook/[39mnode_modules/[4m@vitest/runner[24m/dist/chunk-artifact.js:2272:10[90m)[39m
    at [90mfile:///C:/Users/gerar/Documents/GitHub/logbook/[39mnode_modules/[4m@vitest/runner[24m/dist/chunk-artifact.js:2956:64

 [32m✓[39m tests/storage_bootstrap_telemetry_integration.test.ts [2m([22m[2m5 tests[22m[2m)[22m[32m 58[2mms[22m[39m
[90mstderr[2m | tests/storage_telemetry.test.ts[2m > [22m[2mStorage Recovery Telemetry Suite[2m > [22m[2mR1. Versioned Storage Marker Management[2m > [22m[2mhandles localStorage exceptions gracefully without throwing
[22m[39mImpossibile aggiornare lo storage marker: Error: Quota or Access Denied
    at Object.<anonymous> (C:/Users/gerar/Documents/GitHub/logbook/tests/storage_telemetry.test.ts:87:38)
    at Object.Mock [as setItem] [90m(file:///C:/Users/gerar/Documents/GitHub/logbook/[39mnode_modules/[4m@vitest/spy[24m/dist/index.js:332:34[90m)[39m
    at updateStorageMarker (C:/Users/gerar/Documents/GitHub/logbook/src/lib/storageTelemetry.ts:94:13)
    at C:/Users/gerar/Documents/GitHub/logbook/tests/storage_telemetry.test.ts:95:14
    at [90mfile:///C:/Users/gerar/Documents/GitHub/logbook/[39mnode_modules/[4m@vitest/runner[24m/dist/chunk-artifact.js:302:11
    at [90mfile:///C:/Users/gerar/Documents/GitHub/logbook/[39mnode_modules/[4m@vitest/runner[24m/dist/chunk-artifact.js:1903:26
    at [90mfile:///C:/Users/gerar/Documents/GitHub/logbook/[39mnode_modules/[4m@vitest/runner[24m/dist/chunk-artifact.js:2326:20
    at new Promise (<anonymous>)
    at runWithCancel [90m(file:///C:/Users/gerar/Documents/GitHub/logbook/[39mnode_modules/[4m@vitest/runner[24m/dist/chunk-artifact.js:2323:10[90m)[39m
    at [90mfile:///C:/Users/gerar/Documents/GitHub/logbook/[39mnode_modules/[4m@vitest/runner[24m/dist/chunk-artifact.js:2305:20

[90mstderr[2m | tests/storage_telemetry.test.ts[2m > [22m[2mStorage Recovery Telemetry Suite[2m > [22m[2mR4. Non-blocking Firestore Dispatch & Deduplication[2m > [22m[2mdoes not throw or reject if Firestore write rejects or times out
[22m[39mInvio telemetria anomalia storage non riuscito (non bloccante): Error: Permission denied or network failure
    at C:/Users/gerar/Documents/GitHub/logbook/tests/storage_telemetry.test.ts:419:61
    at [90mfile:///C:/Users/gerar/Documents/GitHub/logbook/[39mnode_modules/[4m@vitest/runner[24m/dist/chunk-artifact.js:302:11
    at [90mfile:///C:/Users/gerar/Documents/GitHub/logbook/[39mnode_modules/[4m@vitest/runner[24m/dist/chunk-artifact.js:1903:26
    at [90mfile:///C:/Users/gerar/Documents/GitHub/logbook/[39mnode_modules/[4m@vitest/runner[24m/dist/chunk-artifact.js:2326:20
    at new Promise (<anonymous>)
    at runWithCancel [90m(file:///C:/Users/gerar/Documents/GitHub/logbook/[39mnode_modules/[4m@vitest/runner[24m/dist/chunk-artifact.js:2323:10[90m)[39m
    at [90mfile:///C:/Users/gerar/Documents/GitHub/logbook/[39mnode_modules/[4m@vitest/runner[24m/dist/chunk-artifact.js:2305:20
    at new Promise (<anonymous>)
    at runWithTimeout [90m(file:///C:/Users/gerar/Documents/GitHub/logbook/[39mnode_modules/[4m@vitest/runner[24m/dist/chunk-artifact.js:2272:10[90m)[39m
    at [90mfile:///C:/Users/gerar/Documents/GitHub/logbook/[39mnode_modules/[4m@vitest/runner[24m/dist/chunk-artifact.js:2956:64

 [32m✓[39m tests/storage_telemetry.test.ts [2m([22m[2m38 tests[22m[2m)[22m[32m 103[2mms[22m[39m
(node:11548) ExperimentalWarning: localStorage is not available because --localstorage-file was not provided.
(Use `node --trace-warnings ...` to show where the warning was created)
(node:5604) ExperimentalWarning: localStorage is not available because --localstorage-file was not provided.
(Use `node --trace-warnings ...` to show where the warning was created)
 [32m✓[39m tests/challenger_2_m1_migration_and_overrides.test.ts [2m([22m[2m24 tests[22m[2m)[22m[32m 54[2mms[22m[39m
[90mstderr[2m | tests/zustand_save.test.ts[2m > [22m[2mR3: Zustand saveUserData Error Rejection & Debouncing Suite[2m > [22m[2mSingle Save Flow[2m > [22m[2mrejects saveUserData promise and sets saveError when DB.saveUserData throws
[22m[39m[SyncSlice] Errore durante il salvataggio: {
  code: [32m'ERR_FIRESTORE_UNAVAILABLE'[39m,
  rawCode: [32m'Error'[39m,
  category: [32m'network'[39m,
  title: [32m'Connessione non disponibile'[39m,
  message: [32m'I dati sono stati salvati con successo sul dispositivo. La sincronizzazione con il cloud riprenderà automaticamente al ripristino della connessione.'[39m,
  isOfflineSafe: [33mtrue[39m,
  canRetry: [33mtrue[39m
}

[90mstderr[2m | tests/m3_persistence_delta.test.ts
[22m[39mChiave reCAPTCHA v3 (VITE_RECAPTCHA_V3_SITE_KEY) non configurata. App Check non inizializzato.

[90mstderr[2m | tests/zustand_save.test.ts[2m > [22m[2mR3: Zustand saveUserData Error Rejection & Debouncing Suite[2m > [22m[2mConcurrent & Debounced Calls Flow[2m > [22m[2mrejects ALL queued caller promises when debounced DB write fails
[22m[39m[SyncSlice] Errore durante il salvataggio: {
  code: [32m'ERR_UNKNOWN'[39m,
  rawCode: [32m'Error'[39m,
  category: [32m'unknown'[39m,
  title: [32m'Errore di sincronizzazione'[39m,
  message: [32m'Si è verificato un errore imprevisto durante la sincronizzazione cloud. I tuoi dati locali sono preservati.'[39m,
  isOfflineSafe: [33mtrue[39m,
  canRetry: [33mtrue[39m
}

[90mstderr[2m | tests/zustand_save.test.ts[2m > [22m[2mR3: Zustand saveUserData Error Rejection & Debouncing Suite[2m > [22m[2mupdateUserData Helper Flow[2m > [22m[2mupdateUserData propagates rejection when underlying saveUserData fails
[22m[39m[SyncSlice] Errore durante il salvataggio: {
  code: [32m'ERR_UNKNOWN'[39m,
  rawCode: [32m'Error'[39m,
  category: [32m'unknown'[39m,
  title: [32m'Errore di sincronizzazione'[39m,
  message: [32m'Si è verificato un errore imprevisto durante la sincronizzazione cloud. I tuoi dati locali sono preservati.'[39m,
  isOfflineSafe: [33mtrue[39m,
  canRetry: [33mtrue[39m
}

[90mstderr[2m | tests/zustand_save.test.ts[2m > [22m[2mR3: Zustand saveUserData Error Rejection & Debouncing Suite[2m > [22m[2mNull User Data & Error Recovery[2m > [22m[2msubsequent successful save clears previous saveError
[22m[39m[SyncSlice] Errore durante il salvataggio: {
  code: [32m'ERR_UNKNOWN'[39m,
  rawCode: [32m'Error'[39m,
  category: [32m'unknown'[39m,
  title: [32m'Errore di sincronizzazione'[39m,
  message: [32m'Si è verificato un errore imprevisto durante la sincronizzazione cloud. I tuoi dati locali sono preservati.'[39m,
  isOfflineSafe: [33mtrue[39m,
  canRetry: [33mtrue[39m
}

 [32m✓[39m tests/zustand_save.test.ts [2m([22m[2m11 tests[22m[2m)[22m[32m 99[2mms[22m[39m
 [32m✓[39m src/lib/calc/analytics.test.ts [2m([22m[2m44 tests[22m[2m)[22m[32m 102[2mms[22m[39m
[90mstderr[2m | tests/challenger_delete_account_chunking_stress.test.ts
[22m[39mChiave reCAPTCHA v3 (VITE_RECAPTCHA_V3_SITE_KEY) non configurata. App Check non inizializzato.

[90mstderr[2m | tests/zod_ghost_invariants.test.ts
[22m[39mChiave reCAPTCHA v3 (VITE_RECAPTCHA_V3_SITE_KEY) non configurata. App Check non inizializzato.

[90mstderr[2m | tests/firebase_config.test.ts
[22m[39mChiave reCAPTCHA v3 (VITE_RECAPTCHA_V3_SITE_KEY) non configurata. App Check non inizializzato.

[90mstderr[2m | tests/challenger_m2_empirical_cycle_math.test.ts
[22m[39mChiave reCAPTCHA v3 (VITE_RECAPTCHA_V3_SITE_KEY) non configurata. App Check non inizializzato.

[90mstderr[2m | tests/db_persistence.test.ts
[22m[39mChiave reCAPTCHA v3 (VITE_RECAPTCHA_V3_SITE_KEY) non configurata. App Check non inizializzato.

[90mstderr[2m | tests/catalog_resolution_pipeline.test.ts
[22m[39mChiave reCAPTCHA v3 (VITE_RECAPTCHA_V3_SITE_KEY) non configurata. App Check non inizializzato.

[90mstderr[2m | src/lib/__tests__/schema.test.ts
[22m[39mChiave reCAPTCHA v3 (VITE_RECAPTCHA_V3_SITE_KEY) non configurata. App Check non inizializzato.

[90mstderr[2m | tests/object_sanitization.test.ts
[22m[39mChiave reCAPTCHA v3 (VITE_RECAPTCHA_V3_SITE_KEY) non configurata. App Check non inizializzato.

[90mstderr[2m | tests/appCheck_fallback.test.ts
[22m[39mChiave reCAPTCHA v3 (VITE_RECAPTCHA_V3_SITE_KEY) non configurata. App Check non inizializzato.

(node:19844) ExperimentalWarning: localStorage is not available because --localstorage-file was not provided.
(Use `node --trace-warnings ...` to show where the warning was created)
[90mstdout[2m | tests/m3_persistence_delta.test.ts[2m > [22m[2mM3: Storage & Persistence Delta Isolation Suite[2m > [22m[2mDB.saveUserData Delta Isolation[2m > [22m[2mpersists strictly custom exercises and custom foods, isolating them from 176+ seed items
[22m[39mSincronizzazione DB completata.

[90mstdout[2m | tests/m3_persistence_delta.test.ts[2m > [22m[2mM3: Storage & Persistence Delta Isolation Suite[2m > [22m[2mDB.saveUserData Delta Isolation[2m > [22m[2mpersists modified catalog overrides and hidden IDs accurately to Firestore
[22m[39mSincronizzazione DB completata.

[90mstdout[2m | tests/m3_persistence_delta.test.ts[2m > [22m[2mM3: Storage & Persistence Delta Isolation Suite[2m > [22m[2mDB.saveUserData Delta Isolation[2m > [22m[2mguarantees seed catalog fallback when inMemoryCatalogCache is null without leaking seed items
[22m[39mSincronizzazione DB completata.

 [32m✓[39m tests/m3_persistence_delta.test.ts [2m([22m[2m7 tests[22m[2m)[22m[32m 68[2mms[22m[39m
[90mstderr[2m | tests/analytics.test.ts
[22m[39mChiave reCAPTCHA v3 (VITE_RECAPTCHA_V3_SITE_KEY) non configurata. App Check non inizializzato.

(node:19884) ExperimentalWarning: localStorage is not available because --localstorage-file was not provided.
(Use `node --trace-warnings ...` to show where the warning was created)
[90mstdout[2m | tests/challenger_delete_account_chunking_stress.test.ts[2m > [22m[2mChallenger 2: DB.deleteAccount Chunking Stress & Adversarial Verification[2m > [22m[2mScenario 1: Small account (10 history + 10 nutrition = 21 total refs) -> 1 batch
[22m[39mAccount e relative subcollection eliminati con successo.

[90mstdout[2m | tests/challenger_delete_account_chunking_stress.test.ts[2m > [22m[2mChallenger 2: DB.deleteAccount Chunking Stress & Adversarial Verification[2m > [22m[2mScenario 2: Boundary test at exact 400 refs (199 history + 200 nutrition + 1 user doc = 400 total refs) -> exactly 1 batch of 400
[22m[39mAccount e relative subcollection eliminati con successo.

[90mstdout[2m | tests/challenger_delete_account_chunking_stress.test.ts[2m > [22m[2mChallenger 2: DB.deleteAccount Chunking Stress & Adversarial Verification[2m > [22m[2mScenario 3: Exceeding chunk boundary (200 history + 200 nutrition + 1 user doc = 401 total refs) -> exactly 2 batches (400 + 1)
[22m[39mAccount e relative subcollection eliminati con successo.

[90mstdout[2m | tests/challenger_delete_account_chunking_stress.test.ts[2m > [22m[2mChallenger 2: DB.deleteAccount Chunking Stress & Adversarial Verification[2m > [22m[2mScenario 4: Heavy legacy account with >1200 documents (600 hist + 600 nut + 1 user = 1201 refs) -> exactly 4 batches (400 + 400 + 400 + 1)
[22m[39mAccount e relative subcollection eliminati con successo.

[90mstderr[2m | tests/challenger_delete_account_chunking_stress.test.ts[2m > [22m[2mChallenger 2: DB.deleteAccount Chunking Stress & Adversarial Verification[2m > [22m[2mScenario 5: Partial failure during chunk commits stops execution and does NOT delete Auth user
[22m[39mErrore nell'eliminazione dell'account: Error: Network error on batch 2
    at Object.<anonymous> (C:/Users/gerar/Documents/GitHub/logbook/tests/challenger_delete_account_chunking_stress.test.ts:187:47)
    at Object.Mock [as commit] [90m(file:///C:/Users/gerar/Documents/GitHub/logbook/[39mnode_modules/[4m@vitest/spy[24m/dist/index.js:332:34[90m)[39m
    at Object.deleteAccount (C:/Users/gerar/Documents/GitHub/logbook/src/lib/db.ts:455:45)
[90m    at processTicksAndRejections (node:internal/process/task_queues:104:5)[39m
    at C:/Users/gerar/Documents/GitHub/logbook/tests/challenger_delete_account_chunking_stress.test.ts:196:9
    at [90mfile:///C:/Users/gerar/Documents/GitHub/logbook/[39mnode_modules/[4m@vitest/runner[24m/dist/chunk-artifact.js:1903:20

[90mstderr[2m | tests/challenger_delete_account_chunking_stress.test.ts[2m > [22m[2mChallenger 2: DB.deleteAccount Chunking Stress & Adversarial Verification[2m > [22m[2mScenario 6: Permission denied on subcollection getDocs falls back gracefully to deleting user doc
[22m[39mPermesso negato per leggere history_months, proseguo... Error: Missing or insufficient permissions
    at C:/Users/gerar/Documents/GitHub/logbook/tests/challenger_delete_account_chunking_stress.test.ts:201:46
    at [90mfile:///C:/Users/gerar/Documents/GitHub/logbook/[39mnode_modules/[4m@vitest/runner[24m/dist/chunk-artifact.js:302:11
    at [90mfile:///C:/Users/gerar/Documents/GitHub/logbook/[39mnode_modules/[4m@vitest/runner[24m/dist/chunk-artifact.js:1903:26
    at [90mfile:///C:/Users/gerar/Documents/GitHub/logbook/[39mnode_modules/[4m@vitest/runner[24m/dist/chunk-artifact.js:2326:20
    at new Promise (<anonymous>)
    at runWithCancel [90m(file:///C:/Users/gerar/Documents/GitHub/logbook/[39mnode_modules/[4m@vitest/runner[24m/dist/chunk-artifact.js:2323:10[90m)[39m
    at [90mfile:///C:/Users/gerar/Documents/GitHub/logbook/[39mnode_modules/[4m@vitest/runner[24m/dist/chunk-artifact.js:2305:20
    at new Promise (<anonymous>)
    at runWithTimeout [90m(file:///C:/Users/gerar/Documents/GitHub/logbook/[39mnode_modules/[4m@vitest/runner[24m/dist/chunk-artifact.js:2272:10[90m)[39m
    at [90mfile:///C:/Users/gerar/Documents/GitHub/logbook/[39mnode_modules/[4m@vitest/runner[24m/dist/chunk-artifact.js:2956:64
Permesso negato per leggere nutrition_months, proseguo... Error: Missing or insufficient permissions
    at C:/Users/gerar/Documents/GitHub/logbook/tests/challenger_delete_account_chunking_stress.test.ts:201:46
    at [90mfile:///C:/Users/gerar/Documents/GitHub/logbook/[39mnode_modules/[4m@vitest/runner[24m/dist/chunk-artifact.js:302:11
    at [90mfile:///C:/Users/gerar/Documents/GitHub/logbook/[39mnode_modules/[4m@vitest/runner[24m/dist/chunk-artifact.js:1903:26
    at [90mfile:///C:/Users/gerar/Documents/GitHub/logbook/[39mnode_modules/[4m@vitest/runner[24m/dist/chunk-artifact.js:2326:20
    at new Promise (<anonymous>)
    at runWithCancel [90m(file:///C:/Users/gerar/Documents/GitHub/logbook/[39mnode_modules/[4m@vitest/runner[24m/dist/chunk-artifact.js:2323:10[90m)[39m
    at [90mfile:///C:/Users/gerar/Documents/GitHub/logbook/[39mnode_modules/[4m@vitest/runner[24m/dist/chunk-artifact.js:2305:20
    at new Promise (<anonymous>)
    at runWithTimeout [90m(file:///C:/Users/gerar/Documents/GitHub/logbook/[39mnode_modules/[4m@vitest/runner[24m/dist/chunk-artifact.js:2272:10[90m)[39m
    at [90mfile:///C:/Users/gerar/Documents/GitHub/logbook/[39mnode_modules/[4m@vitest/runner[24m/dist/chunk-artifact.js:2956:64
Permesso negato per leggere telemetry_errors, proseguo... Error: Missing or insufficient permissions
    at C:/Users/gerar/Documents/GitHub/logbook/tests/challenger_delete_account_chunking_stress.test.ts:201:46
    at [90mfile:///C:/Users/gerar/Documents/GitHub/logbook/[39mnode_modules/[4m@vitest/runner[24m/dist/chunk-artifact.js:302:11
    at [90mfile:///C:/Users/gerar/Documents/GitHub/logbook/[39mnode_modules/[4m@vitest/runner[24m/dist/chunk-artifact.js:1903:26
    at [90mfile:///C:/Users/gerar/Documents/GitHub/logbook/[39mnode_modules/[4m@vitest/runner[24m/dist/chunk-artifact.js:2326:20
    at new Promise (<anonymous>)
    at runWithCancel [90m(file:///C:/Users/gerar/Documents/GitHub/logbook/[39mnode_modules/[4m@vitest/runner[24m/dist/chunk-artifact.js:2323:10[90m)[39m
    at [90mfile:///C:/Users/gerar/Documents/GitHub/logbook/[39mnode_modules/[4m@vitest/runner[24m/dist/chunk-artifact.js:2305:20
    at new Promise (<anonymous>)
    at runWithTimeout [90m(file:///C:/Users/gerar/Documents/GitHub/logbook/[39mnode_modules/[4m@vitest/runner[24m/dist/chunk-artifact.js:2272:10[90m)[39m
    at [90mfile:///C:/Users/gerar/Documents/GitHub/logbook/[39mnode_modules/[4m@vitest/runner[24m/dist/chunk-artifact.js:2956:64
Permesso negato per leggere telemetry_events, proseguo... Error: Missing or insufficient permissions
    at C:/Users/gerar/Documents/GitHub/logbook/tests/challenger_delete_account_chunking_stress.test.ts:201:46
    at [90mfile:///C:/Users/gerar/Documents/GitHub/logbook/[39mnode_modules/[4m@vitest/runner[24m/dist/chunk-artifact.js:302:11
    at [90mfile:///C:/Users/gerar/Documents/GitHub/logbook/[39mnode_modules/[4m@vitest/runner[24m/dist/chunk-artifact.js:1903:26
    at [90mfile:///C:/Users/gerar/Documents/GitHub/logbook/[39mnode_modules/[4m@vitest/runner[24m/dist/chunk-artifact.js:2326:20
    at new Promise (<anonymous>)
    at runWithCancel [90m(file:///C:/Users/gerar/Documents/GitHub/logbook/[39mnode_modules/[4m@vitest/runner[24m/dist/chunk-artifact.js:2323:10[90m)[39m
    at [90mfile:///C:/Users/gerar/Documents/GitHub/logbook/[39mnode_modules/[4m@vitest/runner[24m/dist/chunk-artifact.js:2305:20
    at new Promise (<anonymous>)
    at runWithTimeout [90m(file:///C:/Users/gerar/Documents/GitHub/logbook/[39mnode_modules/[4m@vitest/runner[24m/dist/chunk-artifact.js:2272:10[90m)[39m
    at [90mfile:///C:/Users/gerar/Documents/GitHub/logbook/[39mnode_modules/[4m@vitest/runner[24m/dist/chunk-artifact.js:2956:64
Permesso negato per leggere telemetry_anomalies, proseguo... Error: Missing or insufficient permissions
    at C:/Users/gerar/Documents/GitHub/logbook/tests/challenger_delete_account_chunking_stress.test.ts:201:46
    at [90mfile:///C:/Users/gerar/Documents/GitHub/logbook/[39mnode_modules/[4m@vitest/runner[24m/dist/chunk-artifact.js:302:11
    at [90mfile:///C:/Users/gerar/Documents/GitHub/logbook/[39mnode_modules/[4m@vitest/runner[24m/dist/chunk-artifact.js:1903:26
    at [90mfile:///C:/Users/gerar/Documents/GitHub/logbook/[39mnode_modules/[4m@vitest/runner[24m/dist/chunk-artifact.js:2326:20
    at new Promise (<anonymous>)
    at runWithCancel [90m(file:///C:/Users/gerar/Documents/GitHub/logbook/[39mnode_modules/[4m@vitest/runner[24m/dist/chunk-artifact.js:2323:10[90m)[39m
    at [90mfile:///C:/Users/gerar/Documents/GitHub/logbook/[39mnode_modules/[4m@vitest/runner[24m/dist/chunk-artifact.js:2305:20
    at new Promise (<anonymous>)
    at runWithTimeout [90m(file:///C:/Users/gerar/Documents/GitHub/logbook/[39mnode_modules/[4m@vitest/runner[24m/dist/chunk-artifact.js:2272:10[90m)[39m
    at [90mfile:///C:/Users/gerar/Documents/GitHub/logbook/[39mnode_modules/[4m@vitest/runner[24m/dist/chunk-artifact.js:2956:64

[90mstdout[2m | tests/challenger_delete_account_chunking_stress.test.ts[2m > [22m[2mChallenger 2: DB.deleteAccount Chunking Stress & Adversarial Verification[2m > [22m[2mScenario 6: Permission denied on subcollection getDocs falls back gracefully to deleting user doc
[22m[39mAccount e relative subcollection eliminati con successo.

[90mstderr[2m | tests/challenger_delete_account_chunking_stress.test.ts[2m > [22m[2mChallenger 2: DB.deleteAccount Chunking Stress & Adversarial Verification[2m > [22m[2mScenario 8: auth/requires-recent-login is caught and converted to informative security message
[22m[39mErrore nell'eliminazione dell'account: { code: [32m'auth/requires-recent-login'[39m }

 [32m✓[39m tests/challenger_delete_account_chunking_stress.test.ts [2m([22m[2m8 tests[22m[2m)[22m[32m 69[2mms[22m[39m
(node:18880) ExperimentalWarning: localStorage is not available because --localstorage-file was not provided.
(Use `node --trace-warnings ...` to show where the warning was created)
 [32m✓[39m tests/zod_ghost_invariants.test.ts [2m([22m[2m3 tests[22m[2m)[22m[32m 51[2mms[22m[39m
(node:13524) ExperimentalWarning: localStorage is not available because --localstorage-file was not provided.
(Use `node --trace-warnings ...` to show where the warning was created)
[90mstderr[2m | tests/firebase_config.test.ts[2m > [22m[2mR2: Firebase Config Security & Fail-Fast Suite[2m > [22m[2mFail-Fast Validation at Runtime[2m > [22m[2minitializes successfully and exports auth, db, provider when all variables are valid
[22m[39mChiave reCAPTCHA v3 (VITE_RECAPTCHA_V3_SITE_KEY) non configurata. App Check non inizializzato.

 [32m✓[39m tests/firebase_config.test.ts [2m([22m[2m7 tests[22m[2m)[22m[32m 68[2mms[22m[39m
(node:8916) ExperimentalWarning: localStorage is not available because --localstorage-file was not provided.
(Use `node --trace-warnings ...` to show where the warning was created)
 [32m✓[39m tests/challenger_m2_empirical_cycle_math.test.ts [2m([22m[2m16 tests[22m[2m)[22m[32m 60[2mms[22m[39m
(node:11492) ExperimentalWarning: localStorage is not available because --localstorage-file was not provided.
(Use `node --trace-warnings ...` to show where the warning was created)
[90mstdout[2m | tests/db_persistence.test.ts[2m > [22m[2mDB Persistence for Training Cycles and Planning[2m > [22m[2mDB.saveUserData includes trainingCycles and activeCycleId in user document write
[22m[39mSincronizzazione DB completata.

 [32m✓[39m tests/db_persistence.test.ts [2m([22m[2m3 tests[22m[2m)[22m[32m 32[2mms[22m[39m
(node:3588) ExperimentalWarning: localStorage is not available because --localstorage-file was not provided.
(Use `node --trace-warnings ...` to show where the warning was created)
(node:18044) ExperimentalWarning: localStorage is not available because --localstorage-file was not provided.
(Use `node --trace-warnings ...` to show where the warning was created)
(node:18612) ExperimentalWarning: localStorage is not available because --localstorage-file was not provided.
(Use `node --trace-warnings ...` to show where the warning was created)
 [32m✓[39m tests/catalog_resolution_pipeline.test.ts [2m([22m[2m16 tests[22m[2m)[22m[32m 38[2mms[22m[39m
 [32m✓[39m src/lib/__tests__/schema.test.ts [2m([22m[2m7 tests[22m[2m)[22m[32m 62[2mms[22m[39m
 [32m✓[39m tests/object_sanitization.test.ts [2m([22m[2m18 tests[22m[2m)[22m[32m 39[2mms[22m[39m
(node:6004) ExperimentalWarning: localStorage is not available because --localstorage-file was not provided.
(Use `node --trace-warnings ...` to show where the warning was created)
[90mstderr[2m | tests/appCheck_fallback.test.ts[2m > [22m[2mAppCheck Initialization & Fallback Behavior[2m > [22m[2mreturns clean success/disabled without fallback offline mode when site key is missing
[22m[39mChiave reCAPTCHA v3 (VITE_RECAPTCHA_V3_SITE_KEY) non configurata. App Check non inizializzato.

[90mstderr[2m | tests/appCheck_fallback.test.ts[2m > [22m[2mAppCheck Initialization & Fallback Behavior[2m > [22m[2mreturns clean success/disabled when site key is only whitespace
[22m[39mChiave reCAPTCHA v3 (VITE_RECAPTCHA_V3_SITE_KEY) non configurata. App Check non inizializzato.

[90mstderr[2m | tests/appCheck_fallback.test.ts[2m > [22m[2mAppCheck Initialization & Fallback Behavior[2m > [22m[2mactivates fallback offline mode when site key is provided but environment is unsupported
[22m[39m[AppCheck] Ambiente non supportato da reCAPTCHA v3. Attivazione modalità locale offline.

[90mstderr[2m | tests/appCheck_fallback.test.ts[2m > [22m[2mAppCheck Initialization & Fallback Behavior[2m > [22m[2mhandles SDK initialization throw gracefully by enabling fallback offline mode
[22m[39m[AppCheck] Errore durante l'inizializzazione: Error: Firebase AppCheck initialization failed
    at C:/Users/gerar/Documents/GitHub/logbook/tests/appCheck_fallback.test.ts:89:13
    at Mock [90m(file:///C:/Users/gerar/Documents/GitHub/logbook/[39mnode_modules/[4m@vitest/spy[24m/dist/index.js:332:34[90m)[39m
    at initAppCheck (C:/Users/gerar/Documents/GitHub/logbook/src/lib/appCheck.ts:127:28)
[90m    at processTicksAndRejections (node:internal/process/task_queues:104:5)[39m
    at C:/Users/gerar/Documents/GitHub/logbook/tests/appCheck_fallback.test.ts:92:20

 [32m✓[39m tests/appCheck_fallback.test.ts [2m([22m[2m7 tests[22m[2m)[22m[32m 27[2mms[22m[39m
[90mstderr[2m | src/lib/__tests__/merge.test.ts
[22m[39mChiave reCAPTCHA v3 (VITE_RECAPTCHA_V3_SITE_KEY) non configurata. App Check non inizializzato.

(node:22384) ExperimentalWarning: localStorage is not available because --localstorage-file was not provided.
(Use `node --trace-warnings ...` to show where the warning was created)
[90mstderr[2m | src/lib/__tests__/firestore-rest.test.ts
[22m[39mChiave reCAPTCHA v3 (VITE_RECAPTCHA_V3_SITE_KEY) non configurata. App Check non inizializzato.

(node:6400) ExperimentalWarning: localStorage is not available because --localstorage-file was not provided.
(Use `node --trace-warnings ...` to show where the warning was created)
 [32m✓[39m src/lib/__tests__/merge.test.ts [2m([22m[2m6 tests[22m[2m)[22m[32m 21[2mms[22m[39m
 [32m✓[39m tests/analytics.test.ts [2m([22m[2m14 tests[22m[2m)[22m[32m 30[2mms[22m[39m
(node:3260) ExperimentalWarning: localStorage is not available because --localstorage-file was not provided.
(Use `node --trace-warnings ...` to show where the warning was created)
 [32m✓[39m src/lib/__tests__/firestore-rest.test.ts [2m([22m[2m5 tests[22m[2m)[22m[32m 12[2mms[22m[39m

[31m⎯⎯⎯⎯⎯⎯[39m[1m[41m Failed Suites 1 [49m[22m[31m⎯⎯⎯⎯⎯⎯⎯[39m

[41m[1m FAIL [22m[49m tests/doms_r5_r6_integration.test.tsx[2m [ tests/doms_r5_r6_integration.test.tsx ][22m
[31m[1mError[22m: Failed to resolve import "../src/components/Home/widgets/HomeDomsCard" from "tests/doms_r5_r6_integration.test.tsx". Does the file exist?[39m
  Plugin: [35mvite:import-analysis[39m
  File: [36mC:/Users/gerar/Documents/GitHub/logbook/tests/doms_r5_r6_integration.test.tsx[39m:5:25
[33m  3  |  import { render, screen, fireEvent, act } from "@testing-library/react";
  4  |  import { useAppStore } from "../src/store/useAppStore";
  5  |  import HomeDomsCard from "../src/components/Home/widgets/HomeDomsCard";
     |                            ^
  6  |  import SessionRatings from "../src/components/Training/session/SessionRatings";
  7  |  import { useWorkoutSession } from "../src/hooks/useWorkoutSession";[39m
[90m [2m❯[22m TransformPluginContext._formatLog node_modules/vite/dist/node/chunks/node.js:[2m31011:39[22m[39m
[90m [2m❯[22m TransformPluginContext.error node_modules/vite/dist/node/chunks/node.js:[2m31008:14[22m[39m
[90m [2m❯[22m normalizeUrl node_modules/vite/dist/node/chunks/node.js:[2m27957:18[22m[39m
[90m [2m❯[22m node_modules/vite/dist/node/chunks/node.js:[2m28025:30[22m[39m
[90m [2m❯[22m TransformPluginContext.transform node_modules/vite/dist/node/chunks/node.js:[2m27993:4[22m[39m
[90m [2m❯[22m EnvironmentPluginContainer.transform node_modules/vite/dist/node/chunks/node.js:[2m30796:14[22m[39m
[90m [2m❯[22m loadAndTransform node_modules/vite/dist/node/chunks/node.js:[2m20594:26[22m[39m

[31m[2m⎯⎯⎯⎯⎯⎯⎯⎯⎯⎯⎯⎯⎯⎯⎯⎯⎯⎯⎯⎯⎯⎯[1/101]⎯[22m[39m


[31m⎯⎯⎯⎯⎯⎯[39m[1m[41m Failed Tests 100 [49m[22m[31m⎯⎯⎯⎯⎯⎯[39m

[41m[1m FAIL [22m[49m tests/analytics_components.test.tsx[2m > [22mAnalytics UI Components & Dashboard Integration[2m > [22mHomeView Analytics Integration[2m > [22mrenders HomeView with analytics section and existing widgets
[31m[1mTestingLibraryElementError[22m[39m: Unable to find an element with the text: Panoramica di oggi. This could be because the text is broken up by multiple elements. In this case, you can provide a function for your text matcher to make your matcher more flexible.

Ignored nodes: comments, script, style
[36m<body>[39m
  [36m<div>[39m
    [36m<div[39m
      [33mclass[39m=[32m"view-section active"[39m
      [33mid[39m=[32m"view-home"[39m
    [36m>[39m
      [36m<div[39m
        [33mclass[39m=[32m"home-bento-grid"[39m
      [36m>[39m
        [36m<div[39m
          [33mclass[39m=[32m"bento-full"[39m
        [36m>[39m
          [36m<div[39m
            [33mstyle[39m=[32m"display: flex; justify-content: space-between; align-items: center;"[39m
          [36m>[39m
            [36m<div>[39m
              [36m<h1[39m
                [33mstyle[39m=[32m"margin: 0px; font-size: 1.8rem; color: var(--text-main);"[39m
              [36m>[39m
                [0mLogBook[0m
              [36m</h1>[39m
              [36m<p[39m
                [33mstyle[39m=[32m"margin: 0px; font-size: 0.85rem; color: var(--text-muted);"[39m
              [36m>[39m
                [0m28/08/2026[0m
              [36m</p>[39m
            [36m</div>[39m
            [36m<div[39m
              [33mstyle[39m=[32m"display: flex; gap: 10px;"[39m
            [36m>[39m
              [36m<div[39m
                [33mstyle[39m=[32m"display: flex; align-items: center; gap: 6px; background: rgba(255, 255, 255, 0.05); padding: 6px 10px; border-radius: 12px; border: 1px solid rgba(255, 255, 255, 0.08);"[39m
              [36m>[39m
                [36m<svg[39m
                  [33maria-hidden[39m=[32m"true"[39m
                  [33mclass[39m=[32m"lucide lucide-flame"[39m
                  [33mfill[39m=[32m"none"[39m
                  [33mheight[39m=[32m"16"[39m
                  [33mstroke[39m=[32m"var(--text-muted)"[39m
                  [33mstroke-linecap[39m=[32m"round"[39m
                  [33mstroke-linejoin[39m=[32m"round"[39m
                  [33mstroke-width[39m=[32m"2"[39m
                  [33mviewBox[39m=[32m"0 0 24 24"[39m
                  [33mwidth[39m=[32m"16"[39m
                  [33mxmlns[39m=[32m"http://www.w3.org/2000/svg"[39m
                [36m>[39m
                  [36m<path[39m
                    [33md[39m=[32m"M12 3q1 4 4 6.5t3 5.5a1 1 0 0 1-14 0 5 5 0 0 1 1-3 1 1 0 0 0 5 0c0-2-1.5-3-1.5-5q0-2 2.5-4"[39m
                  [36m/>[39m
                [36m</svg>[39m
                [36m<span[39m
                  [33mstyle[39m=[32m"font-size: 0.9rem; font-weight: bold; color: var(--text-muted);"[39m
                [36m>[39m
                  [0m0[0m
                [36m</span>[39m
                [36m<span[39m
                  [33mstyle[39m=[32m"font-size: 0.7rem; color: var(--text-muted); margin-left: 2px;"[39m
                [36m>[39m
                  [0mStreak[0m
                [36m</span>[39m
              [36m</div>[39m
              [36m<div[39m
                [33mstyle[39m=[32m"display: flex; align-items: center; gap: 6px; background: rgba(255, 255, 255, 0.05); padding: 6px 10px; border-radius: 12px; border: 1px solid rgba(255, 255, 255, 0.08);"[39m
              [36m>[39m
                [36m<svg[39m
                  [33maria-hidden[39m=[32m"true"[39m
                  [33mclass[39m=[32m"lucide lucide-dumbbell"[39m
                  [33mfill[39m=[32m"none"[39m
                  [33mheight[39m=[32m"16"[39m
                  [33mstroke[39m=[32m"var(--primary-color)"[39m
                  [33mstroke-linecap[39m=[32m"round"[39m
                  [33mstroke-linejoin[39m=[32m"round"[39m
                  [33mstroke-width[39m=[32m"2"[39m
                  [33mviewBox[39m=[32m"0 0 24 24"[39m
                  [33mwidth[39m=[32m"16"[39m
                  [33mxmlns[39m=[32m"http://www.w3.org/2000/svg"[39m
                [36m>[39m
                  [36m<path[39m
                    [33md[39m=[32m"M17.596 12.768a2 2 0 1 0 2.829-2.829l-1.768-1.767a2 2 0 0 0 2.828-2.829l-2.828-2.828a2 2 0 0 0-2.829 2.828l-1.767-1.768a2 2 0 1 0-2.829 2.829z"[39m
                  [36m/>[39m
                  [36m<path[39m
                    [33md[39m=[32m"m2.5 21.5 1.4-1.4"[39m
                  [36m/>[39m
                  [36m<path[39m
                    [33md[39m=[32m"m20.1 3.9 1.4-1.4"[39m
                  [36m/>[39m
                  [36m<path[39m
                    [33md[39m=[32m"M5.343 21.485a2 2 0 1 0 2.829-2.828l1.767 1.768a2 2 0 1 0 2.829-2.829l-6.364-6.364a2 2 0 1 0-2.829 2.829l1.768 1.767a2 2 0 0 0-2.828 2.829z"[39m
                  [36m/>[39m
                  [36m<path[39m
                    [33md[39m=[32m"m9.6 14.4 4.8-4.8"[39m
                  [36m/>[39m
                [36m</svg>[39m
                [36m<span[39m
                  [33mstyle[39m=[32m"font-size: 0.9rem; font-weight: bold; color: var(--text-main);"[39m
                [36m>[39m
                  [0m1[0m
                [36m</span>[39m
                [36m<span[39m
                  [33mstyle[39m=[32m"font-size: 0.7rem; color: var(--text-muted); margin-left: 2px;"[39m
                [36m>[39m
                  [0mSessioni[0m
                [36m</span>[39m
              [36m</div>[39m
            [36m</div>[39m
          [36m</div>[39m
        [36m</div>[39m
        [36m<div[39m
          [33mclass[39m=[32m"card bento-full"[39m
          [33mstyle[39m=[32m"padding: 0px; margin: 0px;"[39m
        [36m>[39m
          [36m<div[39m
            [33mstyle[39m=[32m"padding: 20px; cursor: pointer;"[39m
          [36m>[39m
            [36m<div[39m
              [33mstyle[39m=[32m"display: flex; justify-content: space-between; align-items: center; margin-bottom: 20px;"[39m
            [36m>[39m
              [36m<h2[39m
                [33mstyle[39m=[32m"margin: 0px; font-size: 1.2rem; color: var(--text-main); display: flex; align-items: center; gap: 8px;"[39m
              [36m>[39m
                [36m<svg[39m
                  [33maria-hidden[39m=[32m"true"[39m
                  [33mclass[39m=[32m"lucide lucide-utensils"[39m
                  [33mfill[39m=[32m"none"[39m
                  [33mheight[39m=[32m"20"[39m
                  [33mstroke[39m=[32m"var(--primary-color)"[39m
                  [33mstroke-linecap[39m=[32m"round"[39m
                  [33mstroke-linejoin[39m=[32m"round"[39m
                  [33mstroke-width[39m=[32m"2"[39m
                  [33mviewBox[39m=[32m"0 0 24 24"[39m
                  [33mwidth[39m=[32m"20"[39m
                  [33mxmlns[39m=[32m"http://www.w3.org/2000/svg"[39m
                [36m>[39m
                  [36m<path[39m
                    [33md[39m=[32m"M3 2v7c0 1.1.9 2 2 2h4a2 2 0 0 0 2-2V2"[39m
                  [36m/>[39m
                  [36m<path[39m
                    [33md[39m=[32m"M7 2v20"[39m
                  [36m/>[39m
                  [36m<path[39m
                    [33md[...
[90m [2m❯[22m Object.getElementError node_modules/@testing-library/dom/dist/config.js:[2m37:19[22m[39m
[90m [2m❯[22m node_modules/@testing-library/dom/dist/query-helpers.js:[2m76:38[22m[39m
[90m [2m❯[22m node_modules/@testing-library/dom/dist/query-helpers.js:[2m52:17[22m[39m
[90m [2m❯[22m node_modules/@testing-library/dom/dist/query-helpers.js:[2m95:19[22m[39m
[36m [2m❯[22m tests/analytics_components.test.tsx:[2m127:27[22m[39m
    [90m125|[39m
    [90m126|[39m             [90m// Existing elements[39m
    [90m127|[39m             expect(screen.getByText('Panoramica di oggi')).toBeDefined…
    [90m   |[39m                           [31m^[39m
    [90m128|[39m             expect(screen.getByText('Stato muscolare (72h)')).toBeDefi…
    [90m129|[39m             expect(screen.getByText('Trend peso corporeo')).toBeDefine…

[31m[2m⎯⎯⎯⎯⎯⎯⎯⎯⎯⎯⎯⎯⎯⎯⎯⎯⎯⎯⎯⎯⎯⎯[2/101]⎯[22m[39m

[41m[1m FAIL [22m[49m tests/challenger_3_telemetry_verification.test.ts[2m > [22mChallenger 3: Empirical Adversarial Verification & Stress Test[2m > [22m2. Hot Loop Execution Time & Collapse Stress Tests[2m > [22m2.2: 1,000 distinct string errors passed to trackError execute in < 100ms
[31m[1mAssertionError[22m: expected 140.10490000000027 to be less than 100[39m
[36m [2m❯[22m tests/challenger_3_telemetry_verification.test.ts:[2m145:23[22m[39m
    [90m143|[39m       [35mconst[39m elapsed [33m=[39m performance[33m.[39m[34mnow[39m() [33m-[39m start[33m;[39m
    [90m144|[39m
    [90m145|[39m       [34mexpect[39m(elapsed)[33m.[39m[34mtoBeLessThan[39m([34m100[39m)[33m;[39m
    [90m   |[39m                       [31m^[39m
    [90m146|[39m       [34mexpect[39m(telemetryHub[33m.[39m[34mgetActiveRateLimiterCount[39m())[33m.[39m[34mtoBe[39m([34m1000[39m)[33m;[39m
    [90m147|[39m     })[33m;[39m

[31m[2m⎯⎯⎯⎯⎯⎯⎯⎯⎯⎯⎯⎯⎯⎯⎯⎯⎯⎯⎯⎯⎯⎯[3/101]⎯[22m[39m

[41m[1m FAIL [22m[49m tests/challenger_m1_2_adversarial.test.tsx[2m > [22mEmpirical Challenger M1-2: useLocalStorage, ErrorBoundary & PWA Architecture Suite[2m > [22m2. ErrorBoundary & GlobalDialog Hardening Verification[2m > [22mcatches fatal exception, mounts GlobalDialog, and renders fallback UI
[31m[1mTestingLibraryElementError[22m: Unable to find an element with the text: 🔄 Ricarica pagina. This could be because the text is broken up by multiple elements. In this case, you can provide a function for your text matcher to make your matcher more flexible.

Ignored nodes: comments, script, style
[36m<body>[31m
  [36m<div>[31m
    [36m<div[31m
      [33mstyle[31m=[32m"display: flex; flex-direction: column; align-items: center; justify-content: center; height: 100vh; padding: 20px; background: var(--bg-color); color: var(--text-main); text-align: center;"[31m
    [36m>[31m
      [36m<h1[31m
        [33mstyle[31m=[32m"color: var(--danger-color); margin-bottom: 10px;"[31m
      [36m>[31m
        [0mOps, qualcosa è andato storto![0m
      [36m</h1>[31m
      [36m<p[31m
        [33mstyle[31m=[32m"color: var(--text-muted); margin-bottom: 20px; max-width: 300px;"[31m
      [36m>[31m
        [0mSi è verificato un errore imprevisto. Prova a ricaricare la pagina.[0m
      [36m</p>[31m
      [36m<div[31m
        [33mstyle[31m=[32m"display: flex; flex-direction: column; gap: 15px; align-items: center;"[31m
      [36m>[31m
        [36m<button[31m
          [33mclass[31m=[32m"btn btn-primary"[31m
        [36m>[31m
          [36m<span[31m
            [33maria-hidden[31m=[32m"true"[31m
          [36m>[31m
            [0m🔄[0m
          [36m</span>[31m
          [0m Ricarica pagina[0m
        [36m</button>[31m
        [36m<button[31m
          [33mclass[31m=[32m"btn"[31m
          [33mstyle[31m=[32m"background: transparent; border: 1px solid var(--danger-color); color: var(--danger-color); font-size: 0.85rem;"[31m
        [36m>[31m
          [36m<span[31m
            [33maria-hidden[31m=[32m"true"[31m
          [36m>[31m
            [0m⚠️[0m
          [36m</span>[31m
          [0m Hard reset (dati corrotti)[0m
        [36m</button>[31m
      [36m</div>[31m
    [36m</div>[31m
  [36m</div>[31m
[36m</body>[31m[39m
[90m [2m❯[22m Object.getElementError node_modules/@testing-library/dom/dist/config.js:[2m37:19[22m[39m
[90m [2m❯[22m node_modules/@testing-library/dom/dist/query-helpers.js:[2m76:38[22m[39m
[90m [2m❯[22m node_modules/@testing-library/dom/dist/query-helpers.js:[2m52:17[22m[39m
[90m [2m❯[22m node_modules/@testing-library/dom/dist/query-helpers.js:[2m95:19[22m[39m
[36m [2m❯[22m tests/challenger_m1_2_adversarial.test.tsx:[2m332:27[22m[39m
    [90m330|[39m             expect(screen.getByText('Ops, qualcosa è andato storto!'))…
    [90m331|[39m             expect(screen.getByText('Si è verificato un errore imprevi…
    [90m332|[39m             expect(screen.getByText('🔄 Ricarica pagina')).toBeDefined…
    [90m   |[39m                           [31m^[39m
    [90m333|[39m             expect(screen.getByText('⚠️ Hard reset (dati corrotti)')).…
    [90m334|[39m

[31m[2m⎯⎯⎯⎯⎯⎯⎯⎯⎯⎯⎯⎯⎯⎯⎯⎯⎯⎯⎯⎯⎯⎯[4/101]⎯[22m[39m

[41m[1m FAIL [22m[49m tests/challenger_m1_2_adversarial.test.tsx[2m > [22mEmpirical Challenger M1-2: useLocalStorage, ErrorBoundary & PWA Architecture Suite[2m > [22m2. ErrorBoundary & GlobalDialog Hardening Verification[2m > [22mreloads page when "Ricarica pagina" button is clicked
[31m[1mTestingLibraryElementError[22m: Unable to find an element with the text: 🔄 Ricarica pagina. This could be because the text is broken up by multiple elements. In this case, you can provide a function for your text matcher to make your matcher more flexible.

Ignored nodes: comments, script, style
[36m<body>[31m
  [36m<div>[31m
    [36m<div[31m
      [33mstyle[31m=[32m"display: flex; flex-direction: column; align-items: center; justify-content: center; height: 100vh; padding: 20px; background: var(--bg-color); color: var(--text-main); text-align: center;"[31m
    [36m>[31m
      [36m<h1[31m
        [33mstyle[31m=[32m"color: var(--danger-color); margin-bottom: 10px;"[31m
      [36m>[31m
        [0mOps, qualcosa è andato storto![0m
      [36m</h1>[31m
      [36m<p[31m
        [33mstyle[31m=[32m"color: var(--text-muted); margin-bottom: 20px; max-width: 300px;"[31m
      [36m>[31m
        [0mSi è verificato un errore imprevisto. Prova a ricaricare la pagina.[0m
      [36m</p>[31m
      [36m<div[31m
        [33mstyle[31m=[32m"display: flex; flex-direction: column; gap: 15px; align-items: center;"[31m
      [36m>[31m
        [36m<button[31m
          [33mclass[31m=[32m"btn btn-primary"[31m
        [36m>[31m
          [36m<span[31m
            [33maria-hidden[31m=[32m"true"[31m
          [36m>[31m
            [0m🔄[0m
          [36m</span>[31m
          [0m Ricarica pagina[0m
        [36m</button>[31m
        [36m<button[31m
          [33mclass[31m=[32m"btn"[31m
          [33mstyle[31m=[32m"background: transparent; border: 1px solid var(--danger-color); color: var(--danger-color); font-size: 0.85rem;"[31m
        [36m>[31m
          [36m<span[31m
            [33maria-hidden[31m=[32m"true"[31m
          [36m>[31m
            [0m⚠️[0m
          [36m</span>[31m
          [0m Hard reset (dati corrotti)[0m
        [36m</button>[31m
      [36m</div>[31m
    [36m</div>[31m
  [36m</div>[31m
[36m</body>[31m[39m
[90m [2m❯[22m Object.getElementError node_modules/@testing-library/dom/dist/config.js:[2m37:19[22m[39m
[90m [2m❯[22m node_modules/@testing-library/dom/dist/query-helpers.js:[2m76:38[22m[39m
[90m [2m❯[22m node_modules/@testing-library/dom/dist/query-helpers.js:[2m52:17[22m[39m
[90m [2m❯[22m node_modules/@testing-library/dom/dist/query-helpers.js:[2m95:19[22m[39m
[36m [2m❯[22m tests/challenger_m1_2_adversarial.test.tsx:[2m352:36[22m[39m
    [90m350|[39m             )[33m;[39m
    [90m351|[39m
    [90m352|[39m             fireEvent[33m.[39m[34mclick[39m(screen[33m.[39m[34mgetByText[39m([32m'🔄 Ricarica pagina'[39m))[33m;[39m
    [90m   |[39m                                    [31m^[39m
    [90m353|[39m             [34mexpect[39m(reloadMock)[33m.[39m[34mtoHaveBeenCalledTimes[39m([34m1[39m)[33m;[39m
    [90m354|[39m

[31m[2m⎯⎯⎯⎯⎯⎯⎯⎯⎯⎯⎯⎯⎯⎯⎯⎯⎯⎯⎯⎯⎯⎯[5/101]⎯[22m[39m

[41m[1m FAIL [22m[49m tests/challenger_m1_2_adversarial.test.tsx[2m > [22mEmpirical Challenger M1-2: useLocalStorage, ErrorBoundary & PWA Architecture Suite[2m > [22m2. ErrorBoundary & GlobalDialog Hardening Verification[2m > [22mtriggers useDialogStore showConfirm and performs Hard Reset when confirmed
[31m[1mTestingLibraryElementError[22m: Unable to find an element with the text: ⚠️ Hard reset (dati corrotti). This could be because the text is broken up by multiple elements. In this case, you can provide a function for your text matcher to make your matcher more flexible.

Ignored nodes: comments, script, style
[36m<body>[31m
  [36m<div>[31m
    [36m<div[31m
      [33mstyle[31m=[32m"display: flex; flex-direction: column; align-items: center; justify-content: center; height: 100vh; padding: 20px; background: var(--bg-color); color: var(--text-main); text-align: center;"[31m
    [36m>[31m
      [36m<h1[31m
        [33mstyle[31m=[32m"color: var(--danger-color); margin-bottom: 10px;"[31m
      [36m>[31m
        [0mOps, qualcosa è andato storto![0m
      [36m</h1>[31m
      [36m<p[31m
        [33mstyle[31m=[32m"color: var(--text-muted); margin-bottom: 20px; max-width: 300px;"[31m
      [36m>[31m
        [0mSi è verificato un errore imprevisto. Prova a ricaricare la pagina.[0m
      [36m</p>[31m
      [36m<div[31m
        [33mstyle[31m=[32m"display: flex; flex-direction: column; gap: 15px; align-items: center;"[31m
      [36m>[31m
        [36m<button[31m
          [33mclass[31m=[32m"btn btn-primary"[31m
        [36m>[31m
          [36m<span[31m
            [33maria-hidden[31m=[32m"true"[31m
          [36m>[31m
            [0m🔄[0m
          [36m</span>[31m
          [0m Ricarica pagina[0m
        [36m</button>[31m
        [36m<button[31m
          [33mclass[31m=[32m"btn"[31m
          [33mstyle[31m=[32m"background: transparent; border: 1px solid var(--danger-color); color: var(--danger-color); font-size: 0.85rem;"[31m
        [36m>[31m
          [36m<span[31m
            [33maria-hidden[31m=[32m"true"[31m
          [36m>[31m
            [0m⚠️[0m
          [36m</span>[31m
          [0m Hard reset (dati corrotti)[0m
        [36m</button>[31m
      [36m</div>[31m
    [36m</div>[31m
  [36m</div>[31m
[36m</body>[31m[39m
[90m [2m❯[22m Object.getElementError node_modules/@testing-library/dom/dist/config.js:[2m37:19[22m[39m
[90m [2m❯[22m node_modules/@testing-library/dom/dist/query-helpers.js:[2m76:38[22m[39m
[90m [2m❯[22m node_modules/@testing-library/dom/dist/query-helpers.js:[2m52:17[22m[39m
[90m [2m❯[22m node_modules/@testing-library/dom/dist/query-helpers.js:[2m95:19[22m[39m
[36m [2m❯[22m tests/challenger_m1_2_adversarial.test.tsx:[2m376:41[22m[39m
    [90m374|[39m
    [90m375|[39m             [90m// Click the Hard Reset button[39m
    [90m376|[39m             const hardResetBtn = screen.getByText('⚠️ Hard reset (dati…
    [90m   |[39m                                         [31m^[39m
    [90m377|[39m             [35mawait[39m [34mact[39m([35masync[39m () [33m=>[39m {
    [90m378|[39m                 fireEvent[33m.[39m[34mclick[39m(hardResetBtn)[33m;[39m

[31m[2m⎯⎯⎯⎯⎯⎯⎯⎯⎯⎯⎯⎯⎯⎯⎯⎯⎯⎯⎯⎯⎯⎯[6/101]⎯[22m[39m

[41m[1m FAIL [22m[49m tests/challenger_m1_2_adversarial.test.tsx[2m > [22mEmpirical Challenger M1-2: useLocalStorage, ErrorBoundary & PWA Architecture Suite[2m > [22m2. ErrorBoundary & GlobalDialog Hardening Verification[2m > [22mtriggers useDialogStore showConfirm and aborts Hard Reset when cancelled
[31m[1mTestingLibraryElementError[22m: Unable to find an element with the text: ⚠️ Hard reset (dati corrotti). This could be because the text is broken up by multiple elements. In this case, you can provide a function for your text matcher to make your matcher more flexible.

Ignored nodes: comments, script, style
[36m<body>[31m
  [36m<div>[31m
    [36m<div[31m
      [33mstyle[31m=[32m"display: flex; flex-direction: column; align-items: center; justify-content: center; height: 100vh; padding: 20px; background: var(--bg-color); color: var(--text-main); text-align: center;"[31m
    [36m>[31m
      [36m<h1[31m
        [33mstyle[31m=[32m"color: var(--danger-color); margin-bottom: 10px;"[31m
      [36m>[31m
        [0mOps, qualcosa è andato storto![0m
      [36m</h1>[31m
      [36m<p[31m
        [33mstyle[31m=[32m"color: var(--text-muted); margin-bottom: 20px; max-width: 300px;"[31m
      [36m>[31m
        [0mSi è verificato un errore imprevisto. Prova a ricaricare la pagina.[0m
      [36m</p>[31m
      [36m<div[31m
        [33mstyle[31m=[32m"display: flex; flex-direction: column; gap: 15px; align-items: center;"[31m
      [36m>[31m
        [36m<button[31m
          [33mclass[31m=[32m"btn btn-primary"[31m
        [36m>[31m
          [36m<span[31m
            [33maria-hidden[31m=[32m"true"[31m
          [36m>[31m
            [0m🔄[0m
          [36m</span>[31m
          [0m Ricarica pagina[0m
        [36m</button>[31m
        [36m<button[31m
          [33mclass[31m=[32m"btn"[31m
          [33mstyle[31m=[32m"background: transparent; border: 1px solid var(--danger-color); color: var(--danger-color); font-size: 0.85rem;"[31m
        [36m>[31m
          [36m<span[31m
            [33maria-hidden[31m=[32m"true"[31m
          [36m>[31m
            [0m⚠️[0m
          [36m</span>[31m
          [0m Hard reset (dati corrotti)[0m
        [36m</button>[31m
      [36m</div>[31m
    [36m</div>[31m
  [36m</div>[31m
[36m</body>[31m[39m
[90m [2m❯[22m Object.getElementError node_modules/@testing-library/dom/dist/config.js:[2m37:19[22m[39m
[90m [2m❯[22m node_modules/@testing-library/dom/dist/query-helpers.js:[2m76:38[22m[39m
[90m [2m❯[22m node_modules/@testing-library/dom/dist/query-helpers.js:[2m52:17[22m[39m
[90m [2m❯[22m node_modules/@testing-library/dom/dist/query-helpers.js:[2m95:19[22m[39m
[36m [2m❯[22m tests/challenger_m1_2_adversarial.test.tsx:[2m409:41[22m[39m
    [90m407|[39m
    [90m408|[39m             [90m// Click the Hard Reset button[39m
    [90m409|[39m             const hardResetBtn = screen.getByText('⚠️ Hard reset (dati…
    [90m   |[39m                                         [31m^[39m
    [90m410|[39m             [35mawait[39m [34mact[39m([35masync[39m () [33m=>[39m {
    [90m411|[39m                 fireEvent[33m.[39m[34mclick[39m(hardResetBtn)[33m;[39m

[31m[2m⎯⎯⎯⎯⎯⎯⎯⎯⎯⎯⎯⎯⎯⎯⎯⎯⎯⎯⎯⎯⎯⎯[7/101]⎯[22m[39m

[41m[1m FAIL [22m[49m tests/challenger_m1_adversarial_sleep.test.ts[2m > [22mEmpirical Challenger: Sleep Format HH:MM Adversarial Stress Test Suite[2m > [22m6. DataSleep Component UI Rendering and Sentence Case Compliance[2m > [22mrenders all input fields with type="time" and compliant sentence case labels
[31m[1mTestingLibraryElementError[22m[39m: Unable to find an element with the text: 💾 Salva sonno. This could be because the text is broken up by multiple elements. In this case, you can provide a function for your text matcher to make your matcher more flexible.

Ignored nodes: comments, script, style
[36m<body>[39m
  [36m<div>[39m
    [36m<div>[39m
      [36m<div[39m
        [33mclass[39m=[32m"section-divider"[39m
        [33mid[39m=[32m"sleep-form-card"[39m
      [36m>[39m
        [36m<h2[39m
          [33mstyle[39m=[32m"color: white; font-size: 1.2rem; margin-bottom: 10px; margin-top: 0px;"[39m
        [36m>[39m
          [0m🌙 Dati sonno (2026-08-28)[0m
        [36m</h2>[39m
        [36m<p[39m
          [33mstyle[39m=[32m"font-size: 0.85rem; color: var(--text-muted); margin-bottom: 20px;"[39m
        [36m>[39m
          [0mRegistra la durata e la qualità del tuo sonno.[0m
        [36m</p>[39m
        [36m<div[39m
          [33mstyle[39m=[32m"display: flex; gap: 15px; margin-bottom: 20px; justify-content: center;"[39m
        [36m>[39m
          [36m<div[39m
            [33mstyle[39m=[32m"flex: 1 1 0%; min-width: 0px; max-width: 200px;"[39m
          [36m>[39m
            [36m<label[39m
              [33mstyle[39m=[32m"font-size: 0.85rem; color: var(--text-muted); display: block; margin-bottom: 8px; text-align: center;"[39m
            [36m>[39m
              [0mOre sonno (totali)[0m
            [36m</label>[39m
            [36m<div[39m
              [33mstyle[39m=[32m"position: relative;"[39m
            [36m>[39m
              [36m<input[39m
                [33mid[39m=[32m"sleep-hours"[39m
                [33mplaceholder[39m=[32m"07:30"[39m
                [33mstyle[39m=[32m"width: 100%; box-sizing: border-box; text-align: center; font-weight: bold; font-size: 16px; padding: 10px 35px 10px 10px; margin: 0px;"[39m
                [33mtype[39m=[32m"time"[39m
                [33mvalue[39m=[32m"08:00"[39m
              [36m/>[39m
              [36m<button[39m
                [33maria-label[39m=[32m"Cancella ore sonno"[39m
                [33mstyle[39m=[32m"position: absolute; right: 10px; top: 50%; transform: translateY(-50%); background: transparent; border: medium; color: var(--text-muted); cursor: pointer; display: flex; align-items: center; justify-content: center; padding: 4px;"[39m
                [33mtype[39m=[32m"button"[39m
              [36m>[39m
                [36m<svg[39m
                  [33maria-hidden[39m=[32m"true"[39m
                  [33mclass[39m=[32m"lucide lucide-x"[39m
                  [33mfill[39m=[32m"none"[39m
                  [33mheight[39m=[32m"18"[39m
                  [33mstroke[39m=[32m"currentColor"[39m
                  [33mstroke-linecap[39m=[32m"round"[39m
                  [33mstroke-linejoin[39m=[32m"round"[39m
                  [33mstroke-width[39m=[32m"2"[39m
                  [33mviewBox[39m=[32m"0 0 24 24"[39m
                  [33mwidth[39m=[32m"18"[39m
                  [33mxmlns[39m=[32m"http://www.w3.org/2000/svg"[39m
                [36m>[39m
                  [36m<path[39m
                    [33md[39m=[32m"M18 6 6 18"[39m
                  [36m/>[39m
                  [36m<path[39m
                    [33md[39m=[32m"m6 6 12 12"[39m
                  [36m/>[39m
                [36m</svg>[39m
              [36m</button>[39m
            [36m</div>[39m
          [36m</div>[39m
        [36m</div>[39m
        [36m<div[39m
          [33mstyle[39m=[32m"width: 100%; height: 1px; background: var(--glass-border); margin: 20px 0px;"[39m
        [36m/>[39m
        [36m<h3[39m
          [33mstyle[39m=[32m"font-size: 1rem; color: var(--text-muted); margin-bottom: 15px;"[39m
        [36m>[39m
          [0mDettagli fasi (opzionali)[0m
        [36m</h3>[39m
        [36m<div[39m
          [33mclass[39m=[32m"input-row"[39m
          [33mstyle[39m=[32m"margin-bottom: 15px; display: flex; gap: 12px;"[39m
        [36m>[39m
          [36m<div[39m
            [33mstyle[39m=[32m"flex: 1 1 0%; min-width: 0px;"[39m
          [36m>[39m
            [36m<label[39m
              [33mstyle[39m=[32m"font-size: 0.8rem; color: var(--text-muted); display: block; margin-bottom: 4px; text-align: center;"[39m
            [36m>[39m
              [0mSonno profondo[0m
            [36m</label>[39m
            [36m<div[39m
              [33mstyle[39m=[32m"position: relative;"[39m
            [36m>[39m
              [36m<input[39m
                [33mid[39m=[32m"sleep-deep"[39m
                [33mplaceholder[39m=[32m"01:30"[39m
                [33mstyle[39m=[32m"width: 100%; box-sizing: border-box; text-align: center; margin: 0px auto; font-size: 16px; padding-right: 35px;"[39m
                [33mtype[39m=[32m"time"[39m
                [33mvalue[39m=[32m"01:30"[39m
              [36m/>[39m
              [36m<button[39m
                [33maria-label[39m=[32m"Cancella sonno profondo"[39m
                [33mstyle[39m=[32m"position: absolute; right: 8px; top: 50%; transform: translateY(-50%); background: transparent; border: medium; color: var(--text-muted); cursor: pointer; display: flex; align-items: center; justify-content: center; padding: 4px;"[39m
                [33mtype[39m=[32m"button"[39m
              [36m>[39m
                [36m<svg[39m
                  [33maria-hidden[39m=[32m"true"[39m
                  [33mclass[39m=[32m"lucide lucide-x"[39m
                  [33mfill[39m=[32m"none"[39m
                  [33mheight[39m=[32m"16"[39m
                  [33mstroke[39m=[32m"currentColor"[39m
                  [33mstroke-linecap[39m=[32m"round"[39m
                  [33mstroke-linejoin[39m=[32m"round"[39m
                  [33mstroke-width[39m=[32m"2"[39m
                  [33mviewBox[39m=[32m"0 0 24 24"[39m
                  [33mwidth[39m=[32m"16"[39m
                  [33mxmlns[39m=[32m"http://www.w3.org/2000/svg"[39m
                [36m>[39m
                  [36m<path[39m
                    [33md[39m=[32m"M18 6 6 18"[39m
                  [36m/>[39m
                  [36m<path[39m
                    [33md[39m=[32m"m6 6 12 12"[39m
                  [36m/>[39m
                [36m</svg>[39m
              [36m</button>[39m
            [36m</div>[39m
          [36m</div>[39m
          [36m<div[39m
            [33mstyle[39m=[32m"flex: 1 1 0%; min-width: 0px;"[39m
          [36m>[39m
            [36m<label[39m
              [33mstyle[39m=[32m"font-size: 0.8rem; color: var(--text-muted); display: block; margin-bottom: 4px; text-align: center;"[39m
            [36m>[39m
              [0mSonno leggero[0m
            [36m</label>[39m
            [36m<div[39m
              [33mstyle[39m=[32m"position: relative;"[39m
            [36m>[39m
              [36m<input[39m
                [33mid[39m=[32m"sleep-light"[39m
                [33mplaceholder[39m=[32m"04:00"[39m
                [33mstyle[39m=[32m"width: 100%; box-sizing: border-box; text-align: center; margin: 0px auto; font-size: 16px; padding-right: 35px;"[39m
                [33mtype[39m=[32m"time"[39m
                [33mvalue[39m=[32m"04:30"[39m
              [36m/>[39m
              [36m<button[39m
                [33maria-label[39m=[32m"Cancella sonno leggero"[39m
                [33mstyle[39m=[32m"position: absolute; right: 8px; top: 50%; transform: translateY(-50%); background: transparent; border: medium; color: var(--text-muted); cursor: pointer; display: flex; align-items: center; justify-content: center; padding: 4px;"[39m
                [33mtype[39m=[32m"button"[39m
              [36m>[39m
                [36m<svg[39m
                  [33maria-hidden[39m=[32m"true"[39m
                  [33mclass[39m=[32m"lucide lucide-x"[39m
                  [33mfill[39m=[32m"none"[39m
                  [33mheight[39m=[32m"16"[39m
                  [33mstroke[39m=[32m"currentColor"[39m
                  [33mstroke-linecap[39m=[32m"round"[39m
                  [33mstroke-linejoin[39m=[32m"round"[39m
                  [33mstroke-width[39m=[32m"2"[39m
                  [33mviewBox[39m=[32m"0 0 24 24"[39m
                  [33mwidth[39m=[32m"16"[39m
                  [33mxmlns[39m=[32m"http://www.w3.org/2000/svg"[39m
                [36m>[39m
                  [36m<path[39m
                    [33md[39m=[32m"M18 6 6 18"[39m
                  [36m/>[39m
                  [36m<path[39m
                    [33md[39m=[32m"m6 6 12 12"[39m
                  [36m/>[39m
                [36m</svg>[39m
              [36m</button>[39m
            [36m</div>[39m
          [36m</div>[39m
        [36m</div>[39m
        [36m<div[39m
          [33mclass[39m=[32m"input-row"[39m
          [33mstyle[39m=[32m"margin-bottom: 15px; display: flex; gap: 12px;"[39m
        [36m>[39m
          [36m<div[39m
            [33mstyle[39m=[32m"flex: 1 1 0%; min-width: 0px;"[39m
          [36m>[39m
            [36m<label[39m
              [33mstyle[39m=[32m"font-size: 0.8rem; color: var(--text-muted); display: block; margin-bottom: 4px; text-align: center;"[39m
            [36m>[39m
              [0mSonno REM[0m
            [36m</label>[39m
            [36m<div[39m
              [33mstyle[39m=[32m"position: relative;"[39m
            [36m>[39m
              [36m<input[39m
                [33mid[39m=[32m"sleep-rem"[39m
                [33mplaceholder[39m=[32m"01:30"[39m
                [33mstyle[39m=[32m"width: 100%; box-sizing: border-box; text-align: center; margin: 0px auto; font-size: 16px; padding-right: 35px;"[39m
                [33mtype[39m=[32m"time"[39m
                [33mvalue[39m=[32m"01:30"[39m
              [36m/>[39m
              [36m<button[39m
                [33maria-label[39m=[32m"Cancella sonno REM"[39m
                [33mstyle[39m=[32m"position: absolute; right: 8px; top: 50%; transform: translateY(-50%); background: transparent; border: medium; color: var(--text-muted); cursor: pointer; display: flex; align-items: center; justify-content: center; padding: 4px;"[39m
                [33mtype[39m=[32m"button"[39m
              [36m>[39m
                [36m<svg[39m
                  [33maria-hidden[39m=[32m"true"[39m
                  [33mclass[39m=[32m"lucide lucide-x"[39m
                  [33mfill[39m=[32m"none"[39m
                  [33mheight[39m=[32m"16"[39m
                  [33mstroke[39m=[32m"currentColor"[39m
                  [33mstroke-linecap[39m=[32m"round"[39m
                  [33mstroke-linejoin[39m=[32m"round"[39m
                  [33mstroke-width[39m=[32m"2"[39m
                  [33mviewBox[39m=[32m"0 0 24 24"[39m
                  [33mwidth[39m=[32m"16"[39m
                  [33mxmlns[39m=[32m"http://www.w3.org/2000/svg"[39m
                [36m>[39m
                  [36m<path[39m
                    [33md[39m=[32m"M18 6 6 18"[39m
                  [36m/>[39m
                  [36m<path[39m
                    [33md[39m=[32m"m6 6 12 12"[39m
                  [36m/>[39m
                [36m</svg>[39m
              [36m</button>[39m
            [36m</div>[39m
          [36m</div>[39m
          [36m<div[39m
            [33mstyle[39m=[32m"flex: 1 1 0%; min-width: 0px;"[39m
          [36m>[39m
            [36m<label[39m
              [33mstyle[39m=[32m"font-size: 0.8rem; color: var(--text-muted); display: block; margin-bottom: 4px; text-align: center;"[39m
            [36m>[39m
              [0mTempo sveglio[0m
            [36m</label>[39m
            [36m<div[39m
              [33mstyle[39m=[32m"position: relative;"[39m
            [36m>[39m
              [36m<input[39m
                [33mid[39m=[32m"sleep-awake"[39m
                [33mplaceholder[39m=[32m"00:30"[39m
                [33mstyle[39m=[32m"width: 100%; box-sizing: border-box; text-align: center; margin: 0px auto; font-size: 16px; padding-right: 35px;"[39m
                [33mtype[39m=[32m"time"[39m
                [33mvalue[39m=[32m"00:30"[39m
              [36m/>[39m
              [36m<button[39m
                [33maria-label[39m=[32m"Cancella tempo sveglio"[39m
                [33mstyle[39m=[32m"position: absolute; right: 8px; top: 50%; transform: translateY(-50%); background: transparent; border: medium; color: var(--text-muted); cursor: pointer; display: flex; align-items: center; justify-content: center; padding: 4px;"[39m
                [33mtype[39m=[32m"button"[39m
              [36m>[39m
                [36m<svg[39m
                  [33maria-hidden[39m=[32m"true"[39m
                  [33mclass[39m=[32m"lucide lucide-x"[39m
                  [33mfill[39m=[32m"none"[39m
                  [33mheight[39m=[32m"16"[39m
                  [33mstroke[39m=[32m"currentColor"[39m
                  [33mstroke-linecap[39m=[32m"round"[39m
                  [33mstroke-linejoin[39m=[32m"round"[39m
                  [33mstroke-width[39m=[32m"2"[39m
                  [33mviewBox[39m=[32m"0 0 24 24"[39m
                  [33mwidth[39m=[32m"16"[39m
                  [33mxmlns[39m=[32m"http://www.w3.org/2000/svg"[39m
                [36m>[39m
                  [36m<path[39m
                    [33md[39m=[32m"M18 6 6 18"[39m
                  [36m/>[39m
                  [36m<path[39m
                    [33md[39m=[32m"m6 6 12 12"[39m
                  [36m/>[39m
                [36m</svg>[39m
              [36m</button>[39m
            [36m</div>[39m
          [36m</div>[39m
        [36m</div>[39m
        [36m<div[39m
          [33mstyle[39m=[32m"display: flex; gap: 10px; margin-top: 25px;"[39m
        [36m>[39m
          [36m<button[39m
            [33mclass[39m=[32m"btn btn-primary"[39m
            [33mstyle[39m=[32m"flex: 2 1 0%;"[39m
          [36m>[39m
            [36m<span[39m
              [33maria-hidden[39m=[32m"true"[39m
            [36m>[39m
              [0m💾[0m
            [36m</span>[39m
            [0m Salva sonno[0m
          [36m</button>[39m
        [36m</div>[39m
      [36m</div>[39m
    [36m</div>[39m
  [36m</div>[39m
[36m</body>[39m
[90m [2m❯[22m Object.getElementError node_modules/@testing-library/dom/dist/config.js:[2m37:19[22m[39m
[90m [2m❯[22m node_modules/@testing-library/dom/dist/query-helpers.js:[2m76:38[22m[39m
[90m [2m❯[22m node_modules/@testing-library/dom/dist/query-helpers.js:[2m52:17[22m[39m
[90m [2m❯[22m node_modules/@testing-library/dom/dist/query-helpers.js:[2m95:19[22m[39m
[36m [2m❯[22m tests/challenger_m1_adversarial_sleep.test.ts:[2m439:27[22m[39m
    [90m437|[39m             [34mexpect[39m(screen[33m.[39m[34mgetByText[39m([32m'Sonno REM'[39m))[33m.[39m[34mtoBeDefined[39m()[33m;[39m
    [90m438|[39m             [34mexpect[39m(screen[33m.[39m[34mgetByText[39m([32m'Tempo sveglio'[39m))[33m.[39m[34mtoBeDefined[39m()[33m;[39m
    [90m439|[39m             [34mexpect[39m(screen[33m.[39m[34mgetByText[39m([32m'💾 Salva sonno'[39m))[33m.[39m[34mtoBeDefined[39m()[33m;[39m
    [90m   |[39m                           [31m^[39m
    [90m440|[39m         })[33m;[39m
    [90m441|[39m     })[33m;[39m

[31m[2m⎯⎯⎯⎯⎯⎯⎯⎯⎯⎯⎯⎯⎯⎯⎯⎯⎯⎯⎯⎯⎯⎯[8/101]⎯[22m[39m

[41m[1m FAIL [22m[49m tests/challenger_m1_layout_a11y_lifecycle.test.tsx[2m > [22mEmpirical Challenger: Layout Geometry, Accessibility, Z-Index & Online Lifecycle[2m > [22mDOM Isolation & Click Non-Blocking Verification[2m > [22mverifies #sync-overlay is completely absent from CSS and App markup
[41m[1m FAIL [22m[49m tests/challenger_m1_layout_a11y_lifecycle.test.tsx[2m > [22mEmpirical Challenger: Layout Geometry, Accessibility, Z-Index & Online Lifecycle[2m > [22mDOM Isolation & Click Non-Blocking Verification[2m > [22mallows clicks on interactive buttons when syncing is actively true
[41m[1m FAIL [22m[49m tests/challenger_m1_layout_a11y_lifecycle.test.tsx[2m > [22mEmpirical Challenger: Layout Geometry, Accessibility, Z-Index & Online Lifecycle[2m > [22mAccessibility (A11y) & ARIA Compliance[2m > [22mverifies .sync-indicator has role="status", aria-live="polite" and aria-label
[41m[1m FAIL [22m[49m tests/challenger_m1_layout_a11y_lifecycle.test.tsx[2m > [22mEmpirical Challenger: Layout Geometry, Accessibility, Z-Index & Online Lifecycle[2m > [22mAccessibility (A11y) & ARIA Compliance[2m > [22mverifies .sync-error-toast has role="alert", aria-live="assertive" and accessible close button
[41m[1m FAIL [22m[49m tests/challenger_m1_layout_a11y_lifecycle.test.tsx[2m > [22mEmpirical Challenger: Layout Geometry, Accessibility, Z-Index & Online Lifecycle[2m > [22mOffline/Online Event Lifecycle & Auto-Dismissal[2m > [22mclears saveError immediately when browser fires "online" event
[41m[1m FAIL [22m[49m tests/challenger_m1_layout_a11y_lifecycle.test.tsx[2m > [22mEmpirical Challenger: Layout Geometry, Accessibility, Z-Index & Online Lifecycle[2m > [22mOffline/Online Event Lifecycle & Auto-Dismissal[2m > [22mauto-dismisses save error toast after exactly 5000ms timer
[41m[1m FAIL [22m[49m tests/challenger_m1_layout_a11y_lifecycle.test.tsx[2m > [22mEmpirical Challenger: Layout Geometry, Accessibility, Z-Index & Online Lifecycle[2m > [22mOffline/Online Event Lifecycle & Auto-Dismissal[2m > [22mresets the 5000ms timer if a new saveError arrives before dismissal
[41m[1m FAIL [22m[49m tests/challenger_m1_layout_a11y_lifecycle.test.tsx[2m > [22mEmpirical Challenger: Layout Geometry, Accessibility, Z-Index & Online Lifecycle[2m > [22mOffline/Online Event Lifecycle & Auto-Dismissal[2m > [22mdismisses toast immediately on manual close button click
[41m[1m FAIL [22m[49m tests/challenger_m1_layout_a11y_lifecycle.test.tsx[2m > [22mEmpirical Challenger: Layout Geometry, Accessibility, Z-Index & Online Lifecycle[2m > [22mOffline/Online Event Lifecycle & Auto-Dismissal[2m > [22mhandles multiple rapid online/offline/error transitions without unhandled rejections or crashes
[41m[1m FAIL [22m[49m tests/challenger_m1_layout_a11y_lifecycle.test.tsx[2m > [22mEmpirical Challenger: Layout Geometry, Accessibility, Z-Index & Online Lifecycle[2m > [22mLayout Geometry & Dark Glassmorphism CSS Conformance[2m > [22mverifies Italian sentence case in App and store notifications
[41m[1m FAIL [22m[49m tests/challenger_m1_sync_adversarial.test.tsx[2m > [22mEmpirical Challenger: M1 Background Sync & Error Toast Stress Suite[2m > [22mHarness 1: Rapid Syncing State Churn (100 cycles)[2m > [22m100 rapid synchronous syncing toggles maintains DOM integrity with zero overlay leaks
[41m[1m FAIL [22m[49m tests/challenger_m1_sync_adversarial.test.tsx[2m > [22mEmpirical Challenger: M1 Background Sync & Error Toast Stress Suite[2m > [22mHarness 1: Rapid Syncing State Churn (100 cycles)[2m > [22m10 rapid asynchronous microtask syncing churn resolves to correct final state
[41m[1m FAIL [22m[49m tests/challenger_m1_sync_adversarial.test.tsx[2m > [22mEmpirical Challenger: M1 Background Sync & Error Toast Stress Suite[2m > [22mHarness 1: Rapid Syncing State Churn (100 cycles)[2m > [22mConcurrent high-volume store state mutations during rapid syncing
[41m[1m FAIL [22m[49m tests/challenger_m1_sync_adversarial.test.tsx[2m > [22mEmpirical Challenger: M1 Background Sync & Error Toast Stress Suite[2m > [22mHarness 2: High-Frequency saveError Mutations & Timer Reset[2m > [22m50 successive saveError mutations spaced by 100ms keep toast alive for 5000ms past LAST mutation
[41m[1m FAIL [22m[49m tests/challenger_m1_sync_adversarial.test.tsx[2m > [22mEmpirical Challenger: M1 Background Sync & Error Toast Stress Suite[2m > [22mHarness 2: High-Frequency saveError Mutations & Timer Reset[2m > [22mRapid manual close during high-frequency error burst immediately cancels all timers
[41m[1m FAIL [22m[49m tests/challenger_m1_sync_adversarial.test.tsx[2m > [22mEmpirical Challenger: M1 Background Sync & Error Toast Stress Suite[2m > [22mHarness 3: Concurrent UI Interaction & Non-Blocking Properties[2m > [22mUser can switch tabs and interact with views while syncing is true without UI locks
[41m[1m FAIL [22m[49m tests/challenger_m1_sync_adversarial.test.tsx[2m > [22mEmpirical Challenger: M1 Background Sync & Error Toast Stress Suite[2m > [22mHarness 3: Concurrent UI Interaction & Non-Blocking Properties[2m > [22mIndicator and Toast coexist without overlapping or blocking each other
[41m[1m FAIL [22m[49m tests/challenger_m1_sync_adversarial.test.tsx[2m > [22mEmpirical Challenger: M1 Background Sync & Error Toast Stress Suite[2m > [22mHarness 4: Timer Unmount Safety & Component Lifecycle Stress[2m > [22m50 rapid mount/unmount cycles of App with active timers causes zero leaks or unhandled errors
[41m[1m FAIL [22m[49m tests/challenger_m1_sync_adversarial.test.tsx[2m > [22mEmpirical Challenger: M1 Background Sync & Error Toast Stress Suite[2m > [22mHarness 4: Timer Unmount Safety & Component Lifecycle Stress[2m > [22mCalling resetStore clears sync slice and pending save timers cleanly
[41m[1m FAIL [22m[49m tests/challenger_m1_sync_adversarial.test.tsx[2m > [22mEmpirical Challenger: M1 Background Sync & Error Toast Stress Suite[2m > [22mHarness 5: Accessibility & Specification Compliance[2m > [22mSync indicator adheres to accessibility contract: role="status", aria-live="polite"
[41m[1m FAIL [22m[49m tests/challenger_m1_sync_adversarial.test.tsx[2m > [22mEmpirical Challenger: M1 Background Sync & Error Toast Stress Suite[2m > [22mHarness 5: Accessibility & Specification Compliance[2m > [22mError toast adheres to accessibility contract: role="alert", aria-live="assertive"
[41m[1m FAIL [22m[49m tests/reload_prompt.test.tsx[2m > [22mService Worker Update Lifecycle (ReloadPrompt) Suite[2m > [22mR3: ReloadPrompt is mounted globally in App and renders update banner when needRefresh is true
[41m[1m FAIL [22m[49m tests/reload_prompt.test.tsx[2m > [22mService Worker Update Lifecycle (ReloadPrompt) Suite[2m > [22mRule 8 & UX: Active workout session state and input responsiveness are not interrupted when ReloadPrompt appears
[41m[1m FAIL [22m[49m tests/render.test.tsx[2m > [22mRender Test Suite - Zero Crash Verification[2m > [22mrenders full App without crashing when authenticated
[41m[1m FAIL [22m[49m tests/sync_indicator_and_toast.test.tsx[2m > [22mLogBook Background Sync & Error Toast 4-Tier Test Suite[2m > [22mTier 1: Feature Coverage[2m > [22mR1: Full Blocking Overlay Elimination[2m > [22mT1.1_R1: #sync-overlay is absent from DOM when syncing is false
[41m[1m FAIL [22m[49m tests/sync_indicator_and_toast.test.tsx[2m > [22mLogBook Background Sync & Error Toast 4-Tier Test Suite[2m > [22mTier 1: Feature Coverage[2m > [22mR1: Full Blocking Overlay Elimination[2m > [22mT1.2_R1: #sync-overlay is completely absent from DOM when syncing is true
[41m[1m FAIL [22m[49m tests/sync_indicator_and_toast.test.tsx[2m > [22mLogBook Background Sync & Error Toast 4-Tier Test Suite[2m > [22mTier 1: Feature Coverage[2m > [22mR1: Full Blocking Overlay Elimination[2m > [22mT1.3_R1: No fixed full-screen blocking backdrop covers the viewport during active sync
[41m[1m FAIL [22m[49m tests/sync_indicator_and_toast.test.tsx[2m > [22mLogBook Background Sync & Error Toast 4-Tier Test Suite[2m > [22mTier 1: Feature Coverage[2m > [22mR1: Full Blocking Overlay Elimination[2m > [22mT1.4_R1: Main application container remains visible and accessible during syncing
[41m[1m FAIL [22m[49m tests/sync_indicator_and_toast.test.tsx[2m > [22mLogBook Background Sync & Error Toast 4-Tier Test Suite[2m > [22mTier 1: Feature Coverage[2m > [22mR1: Full Blocking Overlay Elimination[2m > [22mT1.5_R1: Bottom navigation remains rendered and interactive during syncing
[41m[1m FAIL [22m[49m tests/sync_indicator_and_toast.test.tsx[2m > [22mLogBook Background Sync & Error Toast 4-Tier Test Suite[2m > [22mTier 1: Feature Coverage[2m > [22mR2: Non-Blocking Background Sync Indicator[2m > [22mT1.6_R2: .sync-indicator does not render when syncing is false
[41m[1m FAIL [22m[49m tests/sync_indicator_and_toast.test.tsx[2m > [22mLogBook Background Sync & Error Toast 4-Tier Test Suite[2m > [22mTier 1: Feature Coverage[2m > [22mR2: Non-Blocking Background Sync Indicator[2m > [22mT1.7_R2: .sync-indicator renders when syncing is true
[41m[1m FAIL [22m[49m tests/sync_indicator_and_toast.test.tsx[2m > [22mLogBook Background Sync & Error Toast 4-Tier Test Suite[2m > [22mTier 1: Feature Coverage[2m > [22mR2: Non-Blocking Background Sync Indicator[2m > [22mT1.8_R2: .sync-indicator contains Italian sentence case text "Salvataggio in corso..."
[41m[1m FAIL [22m[49m tests/sync_indicator_and_toast.test.tsx[2m > [22mLogBook Background Sync & Error Toast 4-Tier Test Suite[2m > [22mTier 1: Feature Coverage[2m > [22mR2: Non-Blocking Background Sync Indicator[2m > [22mT1.9_R2: .sync-indicator contains a spinner element
[41m[1m FAIL [22m[49m tests/sync_indicator_and_toast.test.tsx[2m > [22mLogBook Background Sync & Error Toast 4-Tier Test Suite[2m > [22mTier 1: Feature Coverage[2m > [22mR2: Non-Blocking Background Sync Indicator[2m > [22mT1.10_R2: .sync-indicator cleanly unmounts when syncing transitions back to false
[41m[1m FAIL [22m[49m tests/sync_indicator_and_toast.test.tsx[2m > [22mLogBook Background Sync & Error Toast 4-Tier Test Suite[2m > [22mTier 1: Feature Coverage[2m > [22mR3: Auto-Dismissing Error Toast[2m > [22mT1.11_R3: .sync-error-toast is not visible when saveError is null
[41m[1m FAIL [22m[49m tests/sync_indicator_and_toast.test.tsx[2m > [22mLogBook Background Sync & Error Toast 4-Tier Test Suite[2m > [22mTier 1: Feature Coverage[2m > [22mR3: Auto-Dismissing Error Toast[2m > [22mT1.12_R3: .sync-error-toast renders with error message when saveError is set
[41m[1m FAIL [22m[49m tests/sync_indicator_and_toast.test.tsx[2m > [22mLogBook Background Sync & Error Toast 4-Tier Test Suite[2m > [22mTier 1: Feature Coverage[2m > [22mR3: Auto-Dismissing Error Toast[2m > [22mT1.13_R3: .sync-error-toast renders with danger/error styling class
[41m[1m FAIL [22m[49m tests/sync_indicator_and_toast.test.tsx[2m > [22mLogBook Background Sync & Error Toast 4-Tier Test Suite[2m > [22mTier 1: Feature Coverage[2m > [22mR3: Auto-Dismissing Error Toast[2m > [22mT1.14_R3: .sync-error-toast contains manual close button
[41m[1m FAIL [22m[49m tests/sync_indicator_and_toast.test.tsx[2m > [22mLogBook Background Sync & Error Toast 4-Tier Test Suite[2m > [22mTier 1: Feature Coverage[2m > [22mR3: Auto-Dismissing Error Toast[2m > [22mT1.15_R3: .sync-error-toast unmounts when saveError is reset to null
[41m[1m FAIL [22m[49m tests/sync_indicator_and_toast.test.tsx[2m > [22mLogBook Background Sync & Error Toast 4-Tier Test Suite[2m > [22mTier 2: Boundary & Corner Cases[2m > [22mR1 Corner Cases: Overlay Absence Robustness[2m > [22mT2.1_R1: Rapid toggling of syncing never renders #sync-overlay
[41m[1m FAIL [22m[49m tests/sync_indicator_and_toast.test.tsx[2m > [22mLogBook Background Sync & Error Toast 4-Tier Test Suite[2m > [22mTier 2: Boundary & Corner Cases[2m > [22mR1 Corner Cases: Overlay Absence Robustness[2m > [22mT2.2_R1: Viewport resize events during sync do not produce layout blocking artifacts
[41m[1m FAIL [22m[49m tests/sync_indicator_and_toast.test.tsx[2m > [22mLogBook Background Sync & Error Toast 4-Tier Test Suite[2m > [22mTier 2: Boundary & Corner Cases[2m > [22mR1 Corner Cases: Overlay Absence Robustness[2m > [22mT2.3_R1: Rapid store state mutations do not spawn modal backdrops
[41m[1m FAIL [22m[49m tests/sync_indicator_and_toast.test.tsx[2m > [22mLogBook Background Sync & Error Toast 4-Tier Test Suite[2m > [22mTier 2: Boundary & Corner Cases[2m > [22mR1 Corner Cases: Overlay Absence Robustness[2m > [22mT2.4_R1: High-frequency sync state changes resolve cleanly in DOM
[41m[1m FAIL [22m[49m tests/sync_indicator_and_toast.test.tsx[2m > [22mLogBook Background Sync & Error Toast 4-Tier Test Suite[2m > [22mTier 2: Boundary & Corner Cases[2m > [22mR1 Corner Cases: Overlay Absence Robustness[2m > [22mT2.5_R1: User data mutations during syncing do not trigger blocking overlays
[41m[1m FAIL [22m[49m tests/sync_indicator_and_toast.test.tsx[2m > [22mLogBook Background Sync & Error Toast 4-Tier Test Suite[2m > [22mTier 2: Boundary & Corner Cases[2m > [22mR2 Corner Cases: Non-Blocking Sync Indicator Edge Cases[2m > [22mT2.6_R2: Rapid toggling (true -> false -> true) handles mount/unmount safely
[41m[1m FAIL [22m[49m tests/sync_indicator_and_toast.test.tsx[2m > [22mLogBook Background Sync & Error Toast 4-Tier Test Suite[2m > [22mTier 2: Boundary & Corner Cases[2m > [22mR2 Corner Cases: Non-Blocking Sync Indicator Edge Cases[2m > [22mT2.7_R2: Sync indicator has appropriate accessibility role or attributes
[41m[1m FAIL [22m[49m tests/sync_indicator_and_toast.test.tsx[2m > [22mLogBook Background Sync & Error Toast 4-Tier Test Suite[2m > [22mTier 2: Boundary & Corner Cases[2m > [22mR2 Corner Cases: Non-Blocking Sync Indicator Edge Cases[2m > [22mT2.8_R2: Coexistence of syncing === true AND saveError !== null without DOM collisions
[41m[1m FAIL [22m[49m tests/sync_indicator_and_toast.test.tsx[2m > [22mLogBook Background Sync & Error Toast 4-Tier Test Suite[2m > [22mTier 2: Boundary & Corner Cases[2m > [22mR2 Corner Cases: Non-Blocking Sync Indicator Edge Cases[2m > [22mT2.9_R2: Sync indicator remains a singleton in DOM under repeated true states
[41m[1m FAIL [22m[49m tests/sync_indicator_and_toast.test.tsx[2m > [22mLogBook Background Sync & Error Toast 4-Tier Test Suite[2m > [22mTier 2: Boundary & Corner Cases[2m > [22mR2 Corner Cases: Non-Blocking Sync Indicator Edge Cases[2m > [22mT2.10_R2: Unmounting App during active sync cleans up without throwing errors
[41m[1m FAIL [22m[49m tests/sync_indicator_and_toast.test.tsx[2m > [22mLogBook Background Sync & Error Toast 4-Tier Test Suite[2m > [22mTier 2: Boundary & Corner Cases[2m > [22mR3 Corner Cases: Auto-Dismissing Toast Timers & Dismissal[2m > [22mT2.11_R3: Auto-dismissal after 5000ms clears saveError in store and unmounts toast
[41m[1m FAIL [22m[49m tests/sync_indicator_and_toast.test.tsx[2m > [22mLogBook Background Sync & Error Toast 4-Tier Test Suite[2m > [22mTier 2: Boundary & Corner Cases[2m > [22mR3 Corner Cases: Auto-Dismissing Toast Timers & Dismissal[2m > [22mT2.12_R3: Rapid updates to saveError reset the 5000ms auto-dismiss timer
[41m[1m FAIL [22m[49m tests/sync_indicator_and_toast.test.tsx[2m > [22mLogBook Background Sync & Error Toast 4-Tier Test Suite[2m > [22mTier 2: Boundary & Corner Cases[2m > [22mR3 Corner Cases: Auto-Dismissing Toast Timers & Dismissal[2m > [22mT2.13_R3: Manual dismissal via ✕ button immediately clears saveError and cancels timer
[41m[1m FAIL [22m[49m tests/sync_indicator_and_toast.test.tsx[2m > [22mLogBook Background Sync & Error Toast 4-Tier Test Suite[2m > [22mTier 2: Boundary & Corner Cases[2m > [22mR3 Corner Cases: Auto-Dismissing Toast Timers & Dismissal[2m > [22mT2.14_R3: Network online event clears saveError immediately
[41m[1m FAIL [22m[49m tests/sync_indicator_and_toast.test.tsx[2m > [22mLogBook Background Sync & Error Toast 4-Tier Test Suite[2m > [22mTier 2: Boundary & Corner Cases[2m > [22mR3 Corner Cases: Auto-Dismissing Toast Timers & Dismissal[2m > [22mT2.15_R3: Component unmount while auto-dismiss timer is running cleans up timer safely
[41m[1m FAIL [22m[49m tests/sync_indicator_and_toast.test.tsx[2m > [22mLogBook Background Sync & Error Toast 4-Tier Test Suite[2m > [22mTier 2: Boundary & Corner Cases[2m > [22mR3 Corner Cases: Auto-Dismissing Toast Timers & Dismissal[2m > [22mT2.16_R3: Handles empty string saveError and multiline messages gracefully
[41m[1m FAIL [22m[49m tests/sync_indicator_and_toast.test.tsx[2m > [22mLogBook Background Sync & Error Toast 4-Tier Test Suite[2m > [22mTier 3: Cross-Feature Combinations[2m > [22mT3.1_cross: User can interact with active workout while syncing is true without UI lock
[41m[1m FAIL [22m[49m tests/sync_indicator_and_toast.test.tsx[2m > [22mLogBook Background Sync & Error Toast 4-Tier Test Suite[2m > [22mTier 3: Cross-Feature Combinations[2m > [22mT3.2_cross: Tab navigation works instantly and preserves .sync-indicator across tab switches
[41m[1m FAIL [22m[49m tests/sync_indicator_and_toast.test.tsx[2m > [22mLogBook Background Sync & Error Toast 4-Tier Test Suite[2m > [22mTier 3: Cross-Feature Combinations[2m > [22mT3.3_cross: PWA ReloadPrompt banner and background sync indicator coexist seamlessly
[41m[1m FAIL [22m[49m tests/sync_indicator_and_toast.test.tsx[2m > [22mLogBook Background Sync & Error Toast 4-Tier Test Suite[2m > [22mTier 3: Cross-Feature Combinations[2m > [22mT3.4_cross: Guest mode banner, sync indicator, and error toast stack cleanly
[41m[1m FAIL [22m[49m tests/sync_indicator_and_toast.test.tsx[2m > [22mLogBook Background Sync & Error Toast 4-Tier Test Suite[2m > [22mTier 3: Cross-Feature Combinations[2m > [22mT3.5_cross: GlobalDialog modal and background sync operate independently
[41m[1m FAIL [22m[49m tests/sync_indicator_and_toast.test.tsx[2m > [22mLogBook Background Sync & Error Toast 4-Tier Test Suite[2m > [22mTier 3: Cross-Feature Combinations[2m > [22mT3.6_cross: Concurrent save error during active workout does not interrupt set input
[41m[1m FAIL [22m[49m tests/sync_indicator_and_toast.test.tsx[2m > [22mLogBook Background Sync & Error Toast 4-Tier Test Suite[2m > [22mTier 4: Real-World Application Workloads[2m > [22mT4.1_workload: Underground gym workout with spotty connection and auto-dismiss error recovery
[41m[1m FAIL [22m[49m tests/sync_indicator_and_toast.test.tsx[2m > [22mLogBook Background Sync & Error Toast 4-Tier Test Suite[2m > [22mTier 4: Real-World Application Workloads[2m > [22mT4.2_workload: Rapid nutrition multi-item logging with debounced batch sync
[41m[1m FAIL [22m[49m tests/sync_indicator_and_toast.test.tsx[2m > [22mLogBook Background Sync & Error Toast 4-Tier Test Suite[2m > [22mTier 4: Real-World Application Workloads[2m > [22mT4.3_workload: Workout completion while background sync runs with zero UI interruption
[41m[1m FAIL [22m[49m tests/sync_indicator_and_toast.test.tsx[2m > [22mLogBook Background Sync & Error Toast 4-Tier Test Suite[2m > [22mTier 4: Real-World Application Workloads[2m > [22mT4.4_workload: Multi-tab routine editor and manual error dismissal workflow
[41m[1m FAIL [22m[49m tests/sync_indicator_and_toast.test.tsx[2m > [22mLogBook Background Sync & Error Toast 4-Tier Test Suite[2m > [22mTier 4: Real-World Application Workloads[2m > [22mT4.5_workload: Offline draft survival and online auto-recovery workflow
[31m[1mTypeError[22m: window.matchMedia is not a function[39m
[36m [2m❯[22m src/components/UI/InstallPrompt.tsx:[2m10:33[22m[39m
    [90m  8|[39m     [35mconst[39m isIOS [33m=[39m [36m/iPad|iPhone|iPod/[39m[33m.[39m[34mtest[39m(navigator[33m.[39muserAgent)[33m;[39m
    [90m  9|[39m     [90m// Check se è già in modalità standalone (installata)[39m
    [90m 10|[39m     const isStandalone = window.matchMedia('(display-mode: standalone)…
    [90m   |[39m                                 [31m^[39m
    [90m 11|[39m
    [90m 12|[39m     // Check se abbiamo già mostrato il prompt (lo salviamo in localSt…
[90m [2m❯[22m Object.react_stack_bottom_frame node_modules/react-dom/cjs/react-dom-client.development.js:[2m25989:20[22m[39m
[90m [2m❯[22m runWithFiberInDEV node_modules/react-dom/cjs/react-dom-client.development.js:[2m874:13[22m[39m
[90m [2m❯[22m commitHookEffectListMount node_modules/react-dom/cjs/react-dom-client.development.js:[2m13249:29[22m[39m
[90m [2m❯[22m commitHookPassiveMountEffects node_modules/react-dom/cjs/react-dom-client.development.js:[2m13336:11[22m[39m
[90m [2m❯[22m commitPassiveMountOnFiber node_modules/react-dom/cjs/react-dom-client.development.js:[2m15484:13[22m[39m
[90m [2m❯[22m recursivelyTraversePassiveMountEffects node_modules/react-dom/cjs/react-dom-client.development.js:[2m15439:11[22m[39m
[90m [2m❯[22m commitPassiveMountOnFiber node_modules/react-dom/cjs/react-dom-client.development.js:[2m15476:11[22m[39m
[90m [2m❯[22m recursivelyTraversePassiveMountEffects node_modules/react-dom/cjs/react-dom-client.development.js:[2m15439:11[22m[39m
[90m [2m❯[22m commitPassiveMountOnFiber node_modules/react-dom/cjs/react-dom-client.development.js:[2m15718:11[22m[39m

[31m[2m⎯⎯⎯⎯⎯⎯⎯⎯⎯⎯⎯⎯⎯⎯⎯⎯⎯⎯⎯⎯⎯⎯[9/101]⎯[22m[39m

[41m[1m FAIL [22m[49m tests/challenger_m4_adversarial.test.ts[2m > [22mEmpirical Challenger: Architectural Hardening Stress Suite[2m > [22mScope 4: Security Rules Regex & Schema Whitelist Hardening[2m > [22mverifies firestore.rules whitelists all 11 root document keys and disallows wildcards
[31m[1mAssertionError[22m: expected [ 'activeCycleId', …(11) ] to deeply equal [ 'activeCycleId', …(10) ][39m

[32m- Expected[39m
[31m+ Received[39m

[33m@@ -2,10 +2,11 @@[39m
[2m    "activeCycleId",[22m
[2m    "activePains",[22m
[2m    "activeWorkout",[22m
[2m    "catalogOverrides",[22m
[2m    "customFoods",[22m
[31m+   "legalConsent",[39m
[2m    "library",[22m
[2m    "nutritionPlanning",[22m
[2m    "profile",[22m
[2m    "routines",[22m
[2m    "supplements",[22m

[36m [2m❯[22m tests/challenger_m4_adversarial.test.ts:[2m402:42[22m[39m
    [90m400|[39m                 [33m.[39m[34mfilter[39m(k [33m=>[39m k[33m.[39mlength [33m>[39m [34m0[39m)[33m;[39m
    [90m401|[39m
    [90m402|[39m             [34mexpect[39m(extractedKeys[33m.[39m[34msort[39m())[33m.[39m[34mtoEqual[39m(expectedKeys[33m.[39m[34msort[39m())[33m;[39m
    [90m   |[39m                                          [31m^[39m
    [90m403|[39m         })[33m;[39m
    [90m404|[39m

[31m[2m⎯⎯⎯⎯⎯⎯⎯⎯⎯⎯⎯⎯⎯⎯⎯⎯⎯⎯⎯⎯⎯[10/101]⎯[22m[39m

[41m[1m FAIL [22m[49m tests/challenger_m4_adversarial.test.ts[2m > [22mEmpirical Challenger: Architectural Hardening Stress Suite[2m > [22mScope 4: Security Rules Regex & Schema Whitelist Hardening[2m > [22mverifies DB.saveUserData writes strictly conforming userDocData with exactly the 11 whitelisted keys
[31m[1mAssertionError[22m: expected [ 'activeCycleId', …(11) ] to deeply equal [ 'activeCycleId', …(10) ][39m

[32m- Expected[39m
[31m+ Received[39m

[33m@@ -2,10 +2,11 @@[39m
[2m    "activeCycleId",[22m
[2m    "activePains",[22m
[2m    "activeWorkout",[22m
[2m    "catalogOverrides",[22m
[2m    "customFoods",[22m
[31m+   "legalConsent",[39m
[2m    "library",[22m
[2m    "nutritionPlanning",[22m
[2m    "profile",[22m
[2m    "routines",[22m
[2m    "supplements",[22m

[36m [2m❯[22m tests/challenger_m4_adversarial.test.ts:[2m443:40[22m[39m
    [90m441|[39m             ][33m;[39m
    [90m442|[39m
    [90m443|[39m             [34mexpect[39m(writtenKeys[33m.[39m[34msort[39m())[33m.[39m[34mtoEqual[39m(expectedKeys[33m.[39m[34msort[39m())[33m;[39m
    [90m   |[39m                                        [31m^[39m
    [90m444|[39m             // Ensure neither history nor nutrition leaked into the ro…
    [90m445|[39m             [34mexpect[39m(writtenKeys)[33m.[39mnot[33m.[39m[34mtoContain[39m([32m'history'[39m)[33m;[39m

[31m[2m⎯⎯⎯⎯⎯⎯⎯⎯⎯⎯⎯⎯⎯⎯⎯⎯⎯⎯⎯⎯⎯[11/101]⎯[22m[39m

[41m[1m FAIL [22m[49m tests/challenger_react_hooks_memo_stress.test.tsx[2m > [22mEmpirical Challenger: React Hooks, Memoization & Re-render Loop Stress Suite[2m > [22m2. TrainingSession & React.memo Render Isolation Stress[2m > [22m2.5 Full Live Workout Session Lifecycle (Start -> Update Sets -> Special Sets -> End)
[31m[1mTestingLibraryElementError[22m[39m: Unable to find an element with the text: 🏁 Termina sessione. This could be because the text is broken up by multiple elements. In this case, you can provide a function for your text matcher to make your matcher more flexible.

Ignored nodes: comments, script, style
[36m<body>[39m
  [36m<div>[39m
    [36m<div[39m
      [33mclass[39m=[32m"training-sub-view active"[39m
    [36m>[39m
      [36m<div[39m
        [33mstyle[39m=[32m"position: sticky; z-index: 100; background: var(--bg-color); padding: 10px 0px; border-bottom: 1px solid var(--glass-border); margin-bottom: 15px;"[39m
      [36m>[39m
        [36m<div[39m
          [33mstyle[39m=[32m"display: flex; justify-content: space-between; align-items: center; width: 100%; padding: 0px 10px;"[39m
        [36m>[39m
          [36m<span[39m
            [33mclass[39m=[32m"timer-display"[39m
            [33mstyle[39m=[32m"font-size: 1.6rem; font-family: monospace; font-weight: bold; color: rgb(255, 255, 255); letter-spacing: 2px;"[39m
          [36m>[39m
            [0m00:00[0m
          [36m</span>[39m
          [36m<div[39m
            [33mclass[39m=[32m"timer-controls"[39m
            [33mstyle[39m=[32m"display: flex; gap: 8px;"[39m
          [36m>[39m
            [36m<button[39m
              [33maria-label[39m=[32m"Avvia recupero"[39m
              [33mclass[39m=[32m"timer-btn play"[39m
              [33mstyle[39m=[32m"font-size: 1.2rem; padding: 10px 14px;"[39m
              [33mtitle[39m=[32m"Avvia recupero"[39m
              [33mtype[39m=[32m"button"[39m
            [36m>[39m
              [0m▶[0m
            [36m</button>[39m
            [36m<button[39m
              [33maria-label[39m=[32m"Riavvia recupero"[39m
              [33mclass[39m=[32m"timer-btn reset"[39m
              [33mstyle[39m=[32m"font-size: 1.2rem; padding: 10px 14px;"[39m
              [33mtitle[39m=[32m"Riavvia recupero"[39m
              [33mtype[39m=[32m"button"[39m
            [36m>[39m
              [0m🔄[0m
            [36m</button>[39m
            [36m<button[39m
              [33maria-label[39m=[32m"Ferma recupero"[39m
              [33mclass[39m=[32m"timer-btn stop"[39m
              [33mstyle[39m=[32m"font-size: 1.2rem; padding: 10px 14px;"[39m
              [33mtitle[39m=[32m"Ferma recupero"[39m
              [33mtype[39m=[32m"button"[39m
            [36m>[39m
              [0m⏹[0m
            [36m</button>[39m
          [36m</div>[39m
        [36m</div>[39m
      [36m</div>[39m
      [36m<div[39m
        [33mstyle[39m=[32m"padding: 0px; margin-bottom: 20px;"[39m
      [36m>[39m
        [36m<h1[39m
          [33mstyle[39m=[32m"margin-top: 0px; font-size: 1.15rem;"[39m
        [36m>[39m
          [0mPush Day[0m
        [36m</h1>[39m
        [36m<div[39m
          [33mclass[39m=[32m"section-divider"[39m
        [36m>[39m
          [36m<div[39m
            [33mstyle[39m=[32m"margin-bottom: 10px;"[39m
          [36m>[39m
            [36m<h2[39m
              [33mstyle[39m=[32m"color: var(--primary-color); margin: 0px; font-size: 1.15rem;"[39m
            [36m>[39m
              [0mPanca Piana[0m
            [36m</h2>[39m
          [36m</div>[39m
          [36m<div[39m
            [33mstyle[39m=[32m"display: flex; gap: 5px; margin-bottom: 15px;"[39m
          [36m>[39m
            [36m<div[39m
              [33mstyle[39m=[32m"position: relative;"[39m
            [36m>[39m
              [36m<button[39m
                [33maria-label[39m=[32m"Cambia posizione esercizio"[39m
                [33mclass[39m=[32m"btn-small"[39m
                [33mstyle[39m=[32m"border-radius: 8px; min-width: 44px; min-height: 36px; font-weight: bold; font-size: 0.85rem; letter-spacing: 0.03em; color: rgb(0, 0, 0);"[39m
                [33mtype[39m=[32m"button"[39m
              [36m>[39m
                [0m#[0m
                [0m1[0m
              [36m</button>[39m
            [36m</div>[39m
            [36m<button[39m
              [33maria-label[39m=[32m"Rimuovi esercizio dalla sessione"[39m
              [33mclass[39m=[32m"btn-small"[39m
              [33mstyle[39m=[32m"background: rgba(239, 68, 68, 0.1); border: 1px solid var(--danger-color); color: var(--danger-color); border-radius: 8px;"[39m
              [33mtype[39m=[32m"button"[39m
            [36m>[39m
              [0m🗑️[0m
            [36m</button>[39m
            [36m<button[39m
              [33mclass[39m=[32m"btn-small toggle-btn "[39m
              [33mtype[39m=[32m"button"[39m
            [36m>[39m
              [0m🕒 Storico[0m
            [36m</button>[39m
            [36m<button[39m
              [33mclass[39m=[32m"btn-small toggle-btn "[39m
              [33mtype[39m=[32m"button"[39m
            [36m>[39m
              [0m⚙️ Setup[0m
            [36m</button>[39m
          [36m</div>[39m
          [36m<div[39m
            [33mstyle[39m=[32m"margin-bottom: 15px;"[39m
          [36m/>[39m
          [36m<div[39m
            [33mstyle[39m=[32m"background: rgba(239, 68, 68, 0.1); padding: 10px; border-radius: 8px; border-left: 3px solid var(--danger-color); font-size: 0.85rem; margin-bottom: 15px; color: rgb(252, 165, 165);"[39m
          [36m>[39m
            [0m⚠️ [0m
            [36m<b>[39m
              [0mNote scorsa volta:[0m
            [36m</b>[39m
            [0m [0m
            [0mSpinta forte[0m
          [36m</div>[39m
          [36m<div[39m
            [33mclass[39m=[32m"set-row"[39m
            [33mstyle[39m=[32m"display: flex; align-items: center; margin-bottom: 8px; gap: 10px; border: 1px solid var(--primary-color);"[39m
          [36m>[39m
            [36m<div[39m
              [33mstyle[39m=[32m"display: flex; align-items: center; gap: 6px; min-width: 75px;"[39m
            [36m>[39m
              [36m<span[39m
                [33mstyle[39m=[32m"font-size: 0.8rem; font-weight: 600; color: var(--text-main);"[39m
              [36m>[39m
                [0mS[0m
                [0m1[0m
              [36m</span>[39m
              [36m<button[39m
                [33maria-label[39m=[32m"Rimuovi serie 1"[39m
                [33mclass[39m=[32m"btn-icon"[39m
                [33mstyle[39m=[32m"color: var(--danger-color); font-size: 0.9rem; display: inline-flex; align-items: center; justify-content: center; padding: 0px;"[39m
              [36m>[39m
                [0m🗑️[0m
              [36m</button>[39m
            [36m</div>[39m
            [36m<div[39m
              [33mstyle[39m=[32m"display: flex; align-items: center; gap: 5px; flex: 1 1 0%; position: relative; min-width: 0px;"[39m
            [36m>[39m
              [36m<input[39m
                [33mid[39m=[32m"kg-s_2fcc46b3-3852-4351-b7fc-a6052a5f2749"[39m
                [33mplaceholder[39m=[32m"Kg"[39m
                [33mstep[39m=[32m"0.25"[39m
                [33mstyle[39m=[32m"margin: 0px; flex: 1 1 0%; min-width: 0px;"[39m
                [33mtype[39m=[32m"number"[39m
             ...
[90m [2m❯[22m Object.getElementError node_modules/@testing-library/dom/dist/config.js:[2m37:19[22m[39m
[90m [2m❯[22m node_modules/@testing-library/dom/dist/query-helpers.js:[2m76:38[22m[39m
[90m [2m❯[22m node_modules/@testing-library/dom/dist/query-helpers.js:[2m52:17[22m[39m
[90m [2m❯[22m node_modules/@testing-library/dom/dist/query-helpers.js:[2m95:19[22m[39m
[36m [2m❯[22m tests/challenger_react_hooks_memo_stress.test.tsx:[2m520:35[22m[39m
    [90m518|[39m             vi[33m.[39m[34museFakeTimers[39m({ shouldAdvanceTime[33m:[39m [35mfalse[39m })[33m;[39m
    [90m519|[39m             vi.spyOn(useDialogStore.getState(), 'showConfirm').mockRes…
    [90m520|[39m             [35mconst[39m endBtn [33m=[39m screen[33m.[39m[34mgetByText[39m([32m'🏁 Termina sessione'[39m)[33m;[39m
    [90m   |[39m                                   [31m^[39m
    [90m521|[39m
    [90m522|[39m             [35mawait[39m [34mact[39m([35masync[39m () [33m=>[39m {

[31m[2m⎯⎯⎯⎯⎯⎯⎯⎯⎯⎯⎯⎯⎯⎯⎯⎯⎯⎯⎯⎯⎯[12/101]⎯[22m[39m

[41m[1m FAIL [22m[49m tests/challenger_state_resilience.test.tsx[2m > [22mChallenger 2: Adversarial State Management, Schemas, Guest Merge & UI Resilience[2m > [22m5. UI Rendering & Real-Time Interaction Resilience (R2, R3, R4, R5)[2m > [22m5.3 HomeView renders active DOMS card and displays active muscles without error
[31m[1mTestingLibraryElementError[22m[39m: Unable to find an element with the text: /dolori muscolari/i. This could be because the text is broken up by multiple elements. In this case, you can provide a function for your text matcher to make your matcher more flexible.

Ignored nodes: comments, script, style
[36m<body>[39m
  [36m<div>[39m
    [36m<div[39m
      [33mclass[39m=[32m"view-section active"[39m
      [33mid[39m=[32m"view-home"[39m
    [36m>[39m
      [36m<div[39m
        [33mclass[39m=[32m"home-bento-grid"[39m
      [36m>[39m
        [36m<div[39m
          [33mclass[39m=[32m"bento-full"[39m
        [36m>[39m
          [36m<div[39m
            [33mstyle[39m=[32m"display: flex; justify-content: space-between; align-items: center;"[39m
          [36m>[39m
            [36m<div>[39m
              [36m<h1[39m
                [33mstyle[39m=[32m"margin: 0px; font-size: 1.8rem; color: var(--text-main);"[39m
              [36m>[39m
                [0mLogBook[0m
              [36m</h1>[39m
              [36m<p[39m
                [33mstyle[39m=[32m"margin: 0px; font-size: 0.85rem; color: var(--text-muted);"[39m
              [36m>[39m
                [0m28/08/2026[0m
              [36m</p>[39m
            [36m</div>[39m
            [36m<div[39m
              [33mstyle[39m=[32m"display: flex; gap: 10px;"[39m
            [36m>[39m
              [36m<div[39m
                [33mstyle[39m=[32m"display: flex; align-items: center; gap: 6px; background: rgba(255, 255, 255, 0.05); padding: 6px 10px; border-radius: 12px; border: 1px solid rgba(255, 255, 255, 0.08);"[39m
              [36m>[39m
                [36m<svg[39m
                  [33maria-hidden[39m=[32m"true"[39m
                  [33mclass[39m=[32m"lucide lucide-flame"[39m
                  [33mfill[39m=[32m"none"[39m
                  [33mheight[39m=[32m"16"[39m
                  [33mstroke[39m=[32m"var(--text-muted)"[39m
                  [33mstroke-linecap[39m=[32m"round"[39m
                  [33mstroke-linejoin[39m=[32m"round"[39m
                  [33mstroke-width[39m=[32m"2"[39m
                  [33mviewBox[39m=[32m"0 0 24 24"[39m
                  [33mwidth[39m=[32m"16"[39m
                  [33mxmlns[39m=[32m"http://www.w3.org/2000/svg"[39m
                [36m>[39m
                  [36m<path[39m
                    [33md[39m=[32m"M12 3q1 4 4 6.5t3 5.5a1 1 0 0 1-14 0 5 5 0 0 1 1-3 1 1 0 0 0 5 0c0-2-1.5-3-1.5-5q0-2 2.5-4"[39m
                  [36m/>[39m
                [36m</svg>[39m
                [36m<span[39m
                  [33mstyle[39m=[32m"font-size: 0.9rem; font-weight: bold; color: var(--text-muted);"[39m
                [36m>[39m
                  [0m0[0m
                [36m</span>[39m
                [36m<span[39m
                  [33mstyle[39m=[32m"font-size: 0.7rem; color: var(--text-muted); margin-left: 2px;"[39m
                [36m>[39m
                  [0mStreak[0m
                [36m</span>[39m
              [36m</div>[39m
              [36m<div[39m
                [33mstyle[39m=[32m"display: flex; align-items: center; gap: 6px; background: rgba(255, 255, 255, 0.05); padding: 6px 10px; border-radius: 12px; border: 1px solid rgba(255, 255, 255, 0.08);"[39m
              [36m>[39m
                [36m<svg[39m
                  [33maria-hidden[39m=[32m"true"[39m
                  [33mclass[39m=[32m"lucide lucide-dumbbell"[39m
                  [33mfill[39m=[32m"none"[39m
                  [33mheight[39m=[32m"16"[39m
                  [33mstroke[39m=[32m"var(--primary-color)"[39m
                  [33mstroke-linecap[39m=[32m"round"[39m
                  [33mstroke-linejoin[39m=[32m"round"[39m
                  [33mstroke-width[39m=[32m"2"[39m
                  [33mviewBox[39m=[32m"0 0 24 24"[39m
                  [33mwidth[39m=[32m"16"[39m
                  [33mxmlns[39m=[32m"http://www.w3.org/2000/svg"[39m
                [36m>[39m
                  [36m<path[39m
                    [33md[39m=[32m"M17.596 12.768a2 2 0 1 0 2.829-2.829l-1.768-1.767a2 2 0 0 0 2.828-2.829l-2.828-2.828a2 2 0 0 0-2.829 2.828l-1.767-1.768a2 2 0 1 0-2.829 2.829z"[39m
                  [36m/>[39m
                  [36m<path[39m
                    [33md[39m=[32m"m2.5 21.5 1.4-1.4"[39m
                  [36m/>[39m
                  [36m<path[39m
                    [33md[39m=[32m"m20.1 3.9 1.4-1.4"[39m
                  [36m/>[39m
                  [36m<path[39m
                    [33md[39m=[32m"M5.343 21.485a2 2 0 1 0 2.829-2.828l1.767 1.768a2 2 0 1 0 2.829-2.829l-6.364-6.364a2 2 0 1 0-2.829 2.829l1.768 1.767a2 2 0 0 0-2.828 2.829z"[39m
                  [36m/>[39m
                  [36m<path[39m
                    [33md[39m=[32m"m9.6 14.4 4.8-4.8"[39m
                  [36m/>[39m
                [36m</svg>[39m
                [36m<span[39m
                  [33mstyle[39m=[32m"font-size: 0.9rem; font-weight: bold; color: var(--text-main);"[39m
                [36m>[39m
                  [0m1[0m
                [36m</span>[39m
                [36m<span[39m
                  [33mstyle[39m=[32m"font-size: 0.7rem; color: var(--text-muted); margin-left: 2px;"[39m
                [36m>[39m
                  [0mSessioni[0m
                [36m</span>[39m
              [36m</div>[39m
            [36m</div>[39m
          [36m</div>[39m
        [36m</div>[39m
        [36m<div[39m
          [33mclass[39m=[32m"card bento-full"[39m
          [33mstyle[39m=[32m"padding: 0px; margin: 0px;"[39m
        [36m>[39m
          [36m<div[39m
            [33mstyle[39m=[32m"padding: 20px; cursor: pointer;"[39m
          [36m>[39m
            [36m<div[39m
              [33mstyle[39m=[32m"display: flex; justify-content: space-between; align-items: center; margin-bottom: 20px;"[39m
            [36m>[39m
              [36m<h2[39m
                [33mstyle[39m=[32m"margin: 0px; font-size: 1.2rem; color: var(--text-main); display: flex; align-items: center; gap: 8px;"[39m
              [36m>[39m
                [36m<svg[39m
                  [33maria-hidden[39m=[32m"true"[39m
                  [33mclass[39m=[32m"lucide lucide-utensils"[39m
                  [33mfill[39m=[32m"none"[39m
                  [33mheight[39m=[32m"20"[39m
                  [33mstroke[39m=[32m"var(--primary-color)"[39m
                  [33mstroke-linecap[39m=[32m"round"[39m
                  [33mstroke-linejoin[39m=[32m"round"[39m
                  [33mstroke-width[39m=[32m"2"[39m
                  [33mviewBox[39m=[32m"0 0 24 24"[39m
                  [33mwidth[39m=[32m"20"[39m
                  [33mxmlns[39m=[32m"http://www.w3.org/2000/svg"[39m
                [36m>[39m
                  [36m<path[39m
                    [33md[39m=[32m"M3 2v7c0 1.1.9 2 2 2h4a2 2 0 0 0 2-2V2"[39m
                  [36m/>[39m
                  [36m<path[39m
                    [33md[39m=[32m"M7 2v20"[39m
                  [36m/>[39m
                  [36m<path[39m
                    [33md[...
[90m [2m❯[22m Object.getElementError node_modules/@testing-library/dom/dist/config.js:[2m37:19[22m[39m
[90m [2m❯[22m node_modules/@testing-library/dom/dist/query-helpers.js:[2m76:38[22m[39m
[90m [2m❯[22m node_modules/@testing-library/dom/dist/query-helpers.js:[2m52:17[22m[39m
[90m [2m❯[22m node_modules/@testing-library/dom/dist/query-helpers.js:[2m95:19[22m[39m
[36m [2m❯[22m tests/challenger_state_resilience.test.tsx:[2m511:40[22m[39m
    [90m509|[39m
    [90m510|[39m             [90m// Should display the Dolori / DOMS card[39m
    [90m511|[39m             [35mconst[39m painHeading [33m=[39m screen[33m.[39m[34mgetByText[39m([36m/dolori muscolari/i[39m)[33m;[39m
    [90m   |[39m                                        [31m^[39m
    [90m512|[39m             [34mexpect[39m(painHeading)[33m.[39m[34mtoBeDefined[39m()[33m;[39m
    [90m513|[39m

[31m[2m⎯⎯⎯⎯⎯⎯⎯⎯⎯⎯⎯⎯⎯⎯⎯⎯⎯⎯⎯⎯⎯[13/101]⎯[22m[39m

[41m[1m FAIL [22m[49m tests/challenger_stress_r1_r6.test.tsx[2m > [22mEMPIRICAL CHALLENGER: Adversarial Stress Test Suite (Requirements R1 - R6)[2m > [22mR5: DOMS Muscle Pain Tracking & Fuzzy Search Matrix[2m > [22mHomeView displays Panoramica di oggi with activePains without crash
[31m[1mTestingLibraryElementError[22m[39m: Unable to find an element with the text: Panoramica di oggi. This could be because the text is broken up by multiple elements. In this case, you can provide a function for your text matcher to make your matcher more flexible.

Ignored nodes: comments, script, style
[36m<body>[39m
  [36m<div>[39m
    [36m<div[39m
      [33mclass[39m=[32m"view-section active"[39m
      [33mid[39m=[32m"view-home"[39m
    [36m>[39m
      [36m<div[39m
        [33mclass[39m=[32m"home-bento-grid"[39m
      [36m>[39m
        [36m<div[39m
          [33mclass[39m=[32m"bento-full"[39m
        [36m>[39m
          [36m<div[39m
            [33mstyle[39m=[32m"display: flex; justify-content: space-between; align-items: center;"[39m
          [36m>[39m
            [36m<div>[39m
              [36m<h1[39m
                [33mstyle[39m=[32m"margin: 0px; font-size: 1.8rem; color: var(--text-main);"[39m
              [36m>[39m
                [0mLogBook[0m
              [36m</h1>[39m
              [36m<p[39m
                [33mstyle[39m=[32m"margin: 0px; font-size: 0.85rem; color: var(--text-muted);"[39m
              [36m>[39m
                [0m28/08/2026[0m
              [36m</p>[39m
            [36m</div>[39m
            [36m<div[39m
              [33mstyle[39m=[32m"display: flex; gap: 10px;"[39m
            [36m>[39m
              [36m<div[39m
                [33mstyle[39m=[32m"display: flex; align-items: center; gap: 6px; background: rgba(255, 255, 255, 0.05); padding: 6px 10px; border-radius: 12px; border: 1px solid rgba(255, 255, 255, 0.08);"[39m
              [36m>[39m
                [36m<svg[39m
                  [33maria-hidden[39m=[32m"true"[39m
                  [33mclass[39m=[32m"lucide lucide-flame"[39m
                  [33mfill[39m=[32m"none"[39m
                  [33mheight[39m=[32m"16"[39m
                  [33mstroke[39m=[32m"var(--text-muted)"[39m
                  [33mstroke-linecap[39m=[32m"round"[39m
                  [33mstroke-linejoin[39m=[32m"round"[39m
                  [33mstroke-width[39m=[32m"2"[39m
                  [33mviewBox[39m=[32m"0 0 24 24"[39m
                  [33mwidth[39m=[32m"16"[39m
                  [33mxmlns[39m=[32m"http://www.w3.org/2000/svg"[39m
                [36m>[39m
                  [36m<path[39m
                    [33md[39m=[32m"M12 3q1 4 4 6.5t3 5.5a1 1 0 0 1-14 0 5 5 0 0 1 1-3 1 1 0 0 0 5 0c0-2-1.5-3-1.5-5q0-2 2.5-4"[39m
                  [36m/>[39m
                [36m</svg>[39m
                [36m<span[39m
                  [33mstyle[39m=[32m"font-size: 0.9rem; font-weight: bold; color: var(--text-muted);"[39m
                [36m>[39m
                  [0m0[0m
                [36m</span>[39m
                [36m<span[39m
                  [33mstyle[39m=[32m"font-size: 0.7rem; color: var(--text-muted); margin-left: 2px;"[39m
                [36m>[39m
                  [0mStreak[0m
                [36m</span>[39m
              [36m</div>[39m
              [36m<div[39m
                [33mstyle[39m=[32m"display: flex; align-items: center; gap: 6px; background: rgba(255, 255, 255, 0.05); padding: 6px 10px; border-radius: 12px; border: 1px solid rgba(255, 255, 255, 0.08);"[39m
              [36m>[39m
                [36m<svg[39m
                  [33maria-hidden[39m=[32m"true"[39m
                  [33mclass[39m=[32m"lucide lucide-dumbbell"[39m
                  [33mfill[39m=[32m"none"[39m
                  [33mheight[39m=[32m"16"[39m
                  [33mstroke[39m=[32m"var(--primary-color)"[39m
                  [33mstroke-linecap[39m=[32m"round"[39m
                  [33mstroke-linejoin[39m=[32m"round"[39m
                  [33mstroke-width[39m=[32m"2"[39m
                  [33mviewBox[39m=[32m"0 0 24 24"[39m
                  [33mwidth[39m=[32m"16"[39m
                  [33mxmlns[39m=[32m"http://www.w3.org/2000/svg"[39m
                [36m>[39m
                  [36m<path[39m
                    [33md[39m=[32m"M17.596 12.768a2 2 0 1 0 2.829-2.829l-1.768-1.767a2 2 0 0 0 2.828-2.829l-2.828-2.828a2 2 0 0 0-2.829 2.828l-1.767-1.768a2 2 0 1 0-2.829 2.829z"[39m
                  [36m/>[39m
                  [36m<path[39m
                    [33md[39m=[32m"m2.5 21.5 1.4-1.4"[39m
                  [36m/>[39m
                  [36m<path[39m
                    [33md[39m=[32m"m20.1 3.9 1.4-1.4"[39m
                  [36m/>[39m
                  [36m<path[39m
                    [33md[39m=[32m"M5.343 21.485a2 2 0 1 0 2.829-2.828l1.767 1.768a2 2 0 1 0 2.829-2.829l-6.364-6.364a2 2 0 1 0-2.829 2.829l1.768 1.767a2 2 0 0 0-2.828 2.829z"[39m
                  [36m/>[39m
                  [36m<path[39m
                    [33md[39m=[32m"m9.6 14.4 4.8-4.8"[39m
                  [36m/>[39m
                [36m</svg>[39m
                [36m<span[39m
                  [33mstyle[39m=[32m"font-size: 0.9rem; font-weight: bold; color: var(--text-main);"[39m
                [36m>[39m
                  [0m1[0m
                [36m</span>[39m
                [36m<span[39m
                  [33mstyle[39m=[32m"font-size: 0.7rem; color: var(--text-muted); margin-left: 2px;"[39m
                [36m>[39m
                  [0mSessioni[0m
                [36m</span>[39m
              [36m</div>[39m
            [36m</div>[39m
          [36m</div>[39m
        [36m</div>[39m
        [36m<div[39m
          [33mclass[39m=[32m"card bento-full"[39m
          [33mstyle[39m=[32m"padding: 0px; margin: 0px;"[39m
        [36m>[39m
          [36m<div[39m
            [33mstyle[39m=[32m"padding: 20px; cursor: pointer;"[39m
          [36m>[39m
            [36m<div[39m
              [33mstyle[39m=[32m"display: flex; justify-content: space-between; align-items: center; margin-bottom: 20px;"[39m
            [36m>[39m
              [36m<h2[39m
                [33mstyle[39m=[32m"margin: 0px; font-size: 1.2rem; color: var(--text-main); display: flex; align-items: center; gap: 8px;"[39m
              [36m>[39m
                [36m<svg[39m
                  [33maria-hidden[39m=[32m"true"[39m
                  [33mclass[39m=[32m"lucide lucide-utensils"[39m
                  [33mfill[39m=[32m"none"[39m
                  [33mheight[39m=[32m"20"[39m
                  [33mstroke[39m=[32m"var(--primary-color)"[39m
                  [33mstroke-linecap[39m=[32m"round"[39m
                  [33mstroke-linejoin[39m=[32m"round"[39m
                  [33mstroke-width[39m=[32m"2"[39m
                  [33mviewBox[39m=[32m"0 0 24 24"[39m
                  [33mwidth[39m=[32m"20"[39m
                  [33mxmlns[39m=[32m"http://www.w3.org/2000/svg"[39m
                [36m>[39m
                  [36m<path[39m
                    [33md[39m=[32m"M3 2v7c0 1.1.9 2 2 2h4a2 2 0 0 0 2-2V2"[39m
                  [36m/>[39m
                  [36m<path[39m
                    [33md[39m=[32m"M7 2v20"[39m
                  [36m/>[39m
                  [36m<path[39m
                    [33md[...
[90m [2m❯[22m Object.getElementError node_modules/@testing-library/dom/dist/config.js:[2m37:19[22m[39m
[90m [2m❯[22m node_modules/@testing-library/dom/dist/query-helpers.js:[2m76:38[22m[39m
[90m [2m❯[22m node_modules/@testing-library/dom/dist/query-helpers.js:[2m52:17[22m[39m
[90m [2m❯[22m node_modules/@testing-library/dom/dist/query-helpers.js:[2m95:19[22m[39m
[36m [2m❯[22m tests/challenger_stress_r1_r6.test.tsx:[2m529:27[22m[39m
    [90m527|[39m             }[33m;[39m
    [90m528|[39m             renderWithProviders(<HomeView onNavigate={vi.fn()} />, { u…
    [90m529|[39m             expect(screen.getByText('Panoramica di oggi')).toBeDefined…
    [90m   |[39m                           [31m^[39m
    [90m530|[39m         })[33m;[39m
    [90m531|[39m     })[33m;[39m

[31m[2m⎯⎯⎯⎯⎯⎯⎯⎯⎯⎯⎯⎯⎯⎯⎯⎯⎯⎯⎯⎯⎯[14/101]⎯[22m[39m

[41m[1m FAIL [22m[49m tests/challenger_viewport_overflow_adversarial.test.tsx[2m > [22mEMPIRICAL CHALLENGER: Viewport & Overflow Adversarial Stress Suite (m23_1)[2m > [22m2. Multi-Item Flex Children minWidth: 0 Defense[2m > [22m2.3: HomeNutritionWidget macro boxes (CARBO, PRO, GRASSI) all have flex: 1 and minWidth: 0
[31m[1mAssertionError[22m: expected '' to be '0px' // Object.is equality[39m

[32m- Expected[39m
[31m+ Received[39m

[32m- 0px[39m

[36m [2m❯[22m tests/challenger_viewport_overflow_adversarial.test.tsx:[2m218:45[22m[39m
    [90m216|[39m             [35mconst[39m grassiBox [33m=[39m grassiLabel[33m.[39mparentElement[33m![39m[33m;[39m
    [90m217|[39m
    [90m218|[39m             [34mexpect[39m(carboBox[33m.[39mstyle[33m.[39mminWidth)[33m.[39m[34mtoBe[39m([32m'0px'[39m)[33m;[39m
    [90m   |[39m                                             [31m^[39m
    [90m219|[39m             [34mexpect[39m(carboBox[33m.[39mstyle[33m.[39mflex)[33m.[39m[34mtoMatch[39m([36m/^1/[39m)[33m;[39m
    [90m220|[39m             [34mexpect[39m(proBox[33m.[39mstyle[33m.[39mminWidth)[33m.[39m[34mtoBe[39m([32m'0px'[39m)[33m;[39m

[31m[2m⎯⎯⎯⎯⎯⎯⎯⎯⎯⎯⎯⎯⎯⎯⎯⎯⎯⎯⎯⎯⎯[15/101]⎯[22m[39m

[41m[1m FAIL [22m[49m tests/challenger_viewport_overflow_adversarial.test.tsx[2m > [22mEMPIRICAL CHALLENGER: Viewport & Overflow Adversarial Stress Suite (m23_1)[2m > [22m2. Multi-Item Flex Children minWidth: 0 Defense[2m > [22m2.4: HomeView stats cards (Massa grassa, Streak, Totale sessioni) all have flex: 1 and minWidth: 0
[31m[1mTestingLibraryElementError[22m[39m: Unable to find an element with the text: Massa grassa (stima). This could be because the text is broken up by multiple elements. In this case, you can provide a function for your text matcher to make your matcher more flexible.

Ignored nodes: comments, script, style
[36m<body>[39m
  [36m<div>[39m
    [36m<div[39m
      [33mclass[39m=[32m"view-section active"[39m
      [33mid[39m=[32m"view-home"[39m
    [36m>[39m
      [36m<div[39m
        [33mclass[39m=[32m"home-bento-grid"[39m
      [36m>[39m
        [36m<div[39m
          [33mclass[39m=[32m"bento-full"[39m
        [36m>[39m
          [36m<div[39m
            [33mstyle[39m=[32m"display: flex; justify-content: space-between; align-items: center;"[39m
          [36m>[39m
            [36m<div>[39m
              [36m<h1[39m
                [33mstyle[39m=[32m"margin: 0px; font-size: 1.8rem; color: var(--text-main);"[39m
              [36m>[39m
                [0mLogBook[0m
              [36m</h1>[39m
              [36m<p[39m
                [33mstyle[39m=[32m"margin: 0px; font-size: 0.85rem; color: var(--text-muted);"[39m
              [36m>[39m
                [0m28/08/2026[0m
              [36m</p>[39m
            [36m</div>[39m
            [36m<div[39m
              [33mstyle[39m=[32m"display: flex; gap: 10px;"[39m
            [36m>[39m
              [36m<div[39m
                [33mstyle[39m=[32m"display: flex; align-items: center; gap: 6px; background: rgba(255, 255, 255, 0.05); padding: 6px 10px; border-radius: 12px; border: 1px solid rgba(255, 255, 255, 0.08);"[39m
              [36m>[39m
                [36m<svg[39m
                  [33maria-hidden[39m=[32m"true"[39m
                  [33mclass[39m=[32m"lucide lucide-flame"[39m
                  [33mfill[39m=[32m"none"[39m
                  [33mheight[39m=[32m"16"[39m
                  [33mstroke[39m=[32m"var(--text-muted)"[39m
                  [33mstroke-linecap[39m=[32m"round"[39m
                  [33mstroke-linejoin[39m=[32m"round"[39m
                  [33mstroke-width[39m=[32m"2"[39m
                  [33mviewBox[39m=[32m"0 0 24 24"[39m
                  [33mwidth[39m=[32m"16"[39m
                  [33mxmlns[39m=[32m"http://www.w3.org/2000/svg"[39m
                [36m>[39m
                  [36m<path[39m
                    [33md[39m=[32m"M12 3q1 4 4 6.5t3 5.5a1 1 0 0 1-14 0 5 5 0 0 1 1-3 1 1 0 0 0 5 0c0-2-1.5-3-1.5-5q0-2 2.5-4"[39m
                  [36m/>[39m
                [36m</svg>[39m
                [36m<span[39m
                  [33mstyle[39m=[32m"font-size: 0.9rem; font-weight: bold; color: var(--text-muted);"[39m
                [36m>[39m
                  [0m0[0m
                [36m</span>[39m
                [36m<span[39m
                  [33mstyle[39m=[32m"font-size: 0.7rem; color: var(--text-muted); margin-left: 2px;"[39m
                [36m>[39m
                  [0mStreak[0m
                [36m</span>[39m
              [36m</div>[39m
              [36m<div[39m
                [33mstyle[39m=[32m"display: flex; align-items: center; gap: 6px; background: rgba(255, 255, 255, 0.05); padding: 6px 10px; border-radius: 12px; border: 1px solid rgba(255, 255, 255, 0.08);"[39m
              [36m>[39m
                [36m<svg[39m
                  [33maria-hidden[39m=[32m"true"[39m
                  [33mclass[39m=[32m"lucide lucide-dumbbell"[39m
                  [33mfill[39m=[32m"none"[39m
                  [33mheight[39m=[32m"16"[39m
                  [33mstroke[39m=[32m"var(--primary-color)"[39m
                  [33mstroke-linecap[39m=[32m"round"[39m
                  [33mstroke-linejoin[39m=[32m"round"[39m
                  [33mstroke-width[39m=[32m"2"[39m
                  [33mviewBox[39m=[32m"0 0 24 24"[39m
                  [33mwidth[39m=[32m"16"[39m
                  [33mxmlns[39m=[32m"http://www.w3.org/2000/svg"[39m
                [36m>[39m
                  [36m<path[39m
                    [33md[39m=[32m"M17.596 12.768a2 2 0 1 0 2.829-2.829l-1.768-1.767a2 2 0 0 0 2.828-2.829l-2.828-2.828a2 2 0 0 0-2.829 2.828l-1.767-1.768a2 2 0 1 0-2.829 2.829z"[39m
                  [36m/>[39m
                  [36m<path[39m
                    [33md[39m=[32m"m2.5 21.5 1.4-1.4"[39m
                  [36m/>[39m
                  [36m<path[39m
                    [33md[39m=[32m"m20.1 3.9 1.4-1.4"[39m
                  [36m/>[39m
                  [36m<path[39m
                    [33md[39m=[32m"M5.343 21.485a2 2 0 1 0 2.829-2.828l1.767 1.768a2 2 0 1 0 2.829-2.829l-6.364-6.364a2 2 0 1 0-2.829 2.829l1.768 1.767a2 2 0 0 0-2.828 2.829z"[39m
                  [36m/>[39m
                  [36m<path[39m
                    [33md[39m=[32m"m9.6 14.4 4.8-4.8"[39m
                  [36m/>[39m
                [36m</svg>[39m
                [36m<span[39m
                  [33mstyle[39m=[32m"font-size: 0.9rem; font-weight: bold; color: var(--text-main);"[39m
                [36m>[39m
                  [0m1[0m
                [36m</span>[39m
                [36m<span[39m
                  [33mstyle[39m=[32m"font-size: 0.7rem; color: var(--text-muted); margin-left: 2px;"[39m
                [36m>[39m
                  [0mSessioni[0m
                [36m</span>[39m
              [36m</div>[39m
            [36m</div>[39m
          [36m</div>[39m
        [36m</div>[39m
        [36m<div[39m
          [33mclass[39m=[32m"card bento-full"[39m
          [33mstyle[39m=[32m"padding: 0px; margin: 0px;"[39m
        [36m>[39m
          [36m<div[39m
            [33mstyle[39m=[32m"padding: 20px; cursor: pointer;"[39m
          [36m>[39m
            [36m<div[39m
              [33mstyle[39m=[32m"display: flex; justify-content: space-between; align-items: center; margin-bottom: 20px;"[39m
            [36m>[39m
              [36m<h2[39m
                [33mstyle[39m=[32m"margin: 0px; font-size: 1.2rem; color: var(--text-main); display: flex; align-items: center; gap: 8px;"[39m
              [36m>[39m
                [36m<svg[39m
                  [33maria-hidden[39m=[32m"true"[39m
                  [33mclass[39m=[32m"lucide lucide-utensils"[39m
                  [33mfill[39m=[32m"none"[39m
                  [33mheight[39m=[32m"20"[39m
                  [33mstroke[39m=[32m"var(--primary-color)"[39m
                  [33mstroke-linecap[39m=[32m"round"[39m
                  [33mstroke-linejoin[39m=[32m"round"[39m
                  [33mstroke-width[39m=[32m"2"[39m
                  [33mviewBox[39m=[32m"0 0 24 24"[39m
                  [33mwidth[39m=[32m"20"[39m
                  [33mxmlns[39m=[32m"http://www.w3.org/2000/svg"[39m
                [36m>[39m
                  [36m<path[39m
                    [33md[39m=[32m"M3 2v7c0 1.1.9 2 2 2h4a2 2 0 0 0 2-2V2"[39m
                  [36m/>[39m
                  [36m<path[39m
                    [33md[39m=[32m"M7 2v20"[39m
                  [36m/>[39m
                  [36m<path[39m
                    [33md[...
[90m [2m❯[22m Object.getElementError node_modules/@testing-library/dom/dist/config.js:[2m37:19[22m[39m
[90m [2m❯[22m node_modules/@testing-library/dom/dist/query-helpers.js:[2m76:38[22m[39m
[90m [2m❯[22m node_modules/@testing-library/dom/dist/query-helpers.js:[2m52:17[22m[39m
[90m [2m❯[22m node_modules/@testing-library/dom/dist/query-helpers.js:[2m95:19[22m[39m
[36m [2m❯[22m tests/challenger_viewport_overflow_adversarial.test.tsx:[2m229:35[22m[39m
    [90m227|[39m [34mrenderWithProviders[39m([33m<[39m[33mHomeView[39m [33monNavigate[39m[33m=[39m[33m{[39mvi[33m.[39m[34mfn[39m()[33m}[39m [33m/[39m[33m>[39m)[33m;[39m
    [90m228|[39m
    [90m229|[39m             const bfCard = screen.getByText('Massa grassa (stima)').cl…
    [90m   |[39m                                   [31m^[39m
    [90m230|[39m             const streakCard = screen.getByText('Streak attuale 🔥').c…
    [90m231|[39m             const sessionsCard = screen.getByText('Totale sessioni').c…

[31m[2m⎯⎯⎯⎯⎯⎯⎯⎯⎯⎯⎯⎯⎯⎯⎯⎯⎯⎯⎯⎯⎯[16/101]⎯[22m[39m

[41m[1m FAIL [22m[49m tests/challenger_viewport_overflow_adversarial.test.tsx[2m > [22mEMPIRICAL CHALLENGER: Viewport & Overflow Adversarial Stress Suite (m23_1)[2m > [22m2. Multi-Item Flex Children minWidth: 0 Defense[2m > [22m2.6: DataMeasurements and DataSleep multi-input rows enforce minWidth: 0
[31m[1mAssertionError[22m: expected '' to be '0px' // Object.is equality[39m

[32m- Expected[39m
[31m+ Received[39m

[32m- 0px[39m

[36m [2m❯[22m tests/challenger_viewport_overflow_adversarial.test.tsx:[2m359:61[22m[39m
    [90m357|[39m             const lightInput = sContainer.querySelector('#sleep-light'…
    [90m358|[39m
    [90m359|[39m             expect(deepInput.parentElement!.style.minWidth).toBe('0px'…
    [90m   |[39m                                                             [31m^[39m
    [90m360|[39m             expect(lightInput.parentElement!.style.minWidth).toBe('0px…
    [90m361|[39m         })[33m;[39m

[31m[2m⎯⎯⎯⎯⎯⎯⎯⎯⎯⎯⎯⎯⎯⎯⎯⎯⎯⎯⎯⎯⎯[17/101]⎯[22m[39m

[41m[1m FAIL [22m[49m tests/cycle_end_date.test.tsx[2m > [22mTraining Cycle End Date & Two-Way Binding (Milestone 2 - Requirement R5)[2m > [22m3. CycleEditor Component Two-Way Binding & UI Behavior[2m > [22msubmits cycle with both startDate and endDate on save
[31m[1mTestingLibraryElementError[22m[39m: Unable to find an element with the text: 💾 Salva modifiche. This could be because the text is broken up by multiple elements. In this case, you can provide a function for your text matcher to make your matcher more flexible.

Ignored nodes: comments, script, style
[36m<body>[39m
  [36m<div>[39m
    [36m<form[39m
      [33mclass[39m=[32m"card mb-20"[39m
      [33mstyle[39m=[32m"border: 1px solid var(--primary-color);"[39m
    [36m>[39m
      [36m<div[39m
        [33mclass[39m=[32m"flex-between mb-15 items-center"[39m
      [36m>[39m
        [36m<h2[39m
          [33mclass[39m=[32m"m-0"[39m
          [33mstyle[39m=[32m"color: var(--primary-color); font-size: 1.2rem;"[39m
        [36m>[39m
          [0m✏️ Modifica ciclo[0m
        [36m</h2>[39m
        [36m<button[39m
          [33mclass[39m=[32m"btn btn-secondary btn-small"[39m
          [33mstyle[39m=[32m"margin-bottom: 0px;"[39m
          [33mtype[39m=[32m"button"[39m
        [36m>[39m
          [0m✕ Chiudi[0m
        [36m</button>[39m
      [36m</div>[39m
      [36m<div[39m
        [33mclass[39m=[32m"mb-15"[39m
      [36m>[39m
        [36m<label[39m
          [33mclass[39m=[32m"text-xs text-muted font-bold block mb-4"[39m
          [33mfor[39m=[32m"cycle-name"[39m
        [36m>[39m
          [0mNome ciclo[0m
        [36m</label>[39m
        [36m<input[39m
          [33mid[39m=[32m"cycle-name"[39m
          [33mplaceholder[39m=[32m"Es. Mesociclo ipertrofia 4 giorni"[39m
          [33mrequired[39m=[32m""[39m
          [33mstyle[39m=[32m"width: 100%; font-size: 16px; box-sizing: border-box; max-width: 100%; display: block;"[39m
          [33mtype[39m=[32m"text"[39m
          [33mvalue[39m=[32m"Ciclo Salva"[39m
        [36m/>[39m
      [36m</div>[39m
      [36m<div[39m
        [33mclass[39m=[32m"grid-2 gap-15 mb-15"[39m
      [36m>[39m
        [36m<div>[39m
          [36m<label[39m
            [33mclass[39m=[32m"text-xs text-muted font-bold block mb-4"[39m
            [33mfor[39m=[32m"cycle-start-date"[39m
          [36m>[39m
            [0mData di inizio[0m
          [36m</label>[39m
          [36m<div[39m
            [33mstyle[39m=[32m"display: flex; align-items: stretch; gap: 8px; min-width: 0px;"[39m
          [36m>[39m
            [36m<input[39m
              [33mid[39m=[32m"cycle-start-date"[39m
              [33mplaceholder[39m=[32m"GG/MM/AAAA"[39m
              [33mrequired[39m=[32m""[39m
              [33mstyle[39m=[32m"flex: 1 1 0%; min-width: 0px; font-size: 16px; box-sizing: border-box; max-width: 100%; display: block;"[39m
              [33mtype[39m=[32m"text"[39m
              [33mvalue[39m=[32m"01/09/2026"[39m
            [36m/>[39m
            [36m<div[39m
              [33mstyle[39m=[32m"position: relative; flex-shrink: 0; width: 46px;"[39m
            [36m>[39m
              [36m<button[39m
                [33maria-label[39m=[32m"Scegli data di inizio dal calendario"[39m
                [33mclass[39m=[32m"btn btn-secondary"[39m
                [33mstyle[39m=[32m"width: 100%; height: 100%; padding: 0px; font-size: 1.2rem; display: flex; align-items: center; justify-content: center; margin-bottom: 0px; border-radius: 8px; border: 1px solid var(--glass-border); background: rgba(255, 255, 255, 0.08); cursor: pointer;"[39m
                [33mtitle[39m=[32m"Scegli data di inizio dal calendario"[39m
                [33mtype[39m=[32m"button"[39m
              [36m>[39m
                [0m📅[0m
              [36m</button>[39m
              [36m<input[39m
                [33maria-label[39m=[32m"Scegli data di inizio dal calendario"[39m
                [33mstyle[39m=[32m"position: absolute; top: 0px; left: 0px; width: 100%; height: 100%; opacity: 0; pointer-events: auto; cursor: pointer; font-size: 16px;"[39m
                [33mtabindex[39m=[32m"-1"[39m
                [33mtype[39m=[32m"date"[39m
                [33mvalue[39m=[32m"2026-09-01"[39m
              [36m/>[39m
            [36m</div>[39m
          [36m</div>[39m
        [36m</div>[39m
        [36m<div>[39m
          [36m<label[39m
            [33mclass[39m=[32m"text-xs text-muted font-bold block mb-4"[39m
            [33mfor[39m=[32m"cycle-end-date"[39m
          [36m>[39m
            [0mData di fine[0m
          [36m</label>[39m
          [36m<div[39m
            [33mstyle[39m=[32m"display: flex; align-items: stretch; gap: 8px; min-width: 0px;"[39m
          [36m>[39m
            [36m<input[39m
              [33mid[39m=[32m"cycle-end-date"[39m
              [33mplaceholder[39m=[32m"GG/MM/AAAA"[39m
              [33mrequired[39m=[32m""[39m
              [33mstyle[39m=[32m"flex: 1 1 0%; min-width: 0px; font-size: 16px; box-sizing: border-box; max-width: 100%; display: block;"[39m
              [33mtype[39m=[32m"text"[39m
              [33mvalue[39m=[32m"28/09/2026"[39m
            [36m/>[39m
            [36m<div[39m
              [33mstyle[39m=[32m"position: relative; flex-shrink: 0; width: 46px;"[39m
            [36m>[39m
              [36m<button[39m
                [33maria-label[39m=[32m"Scegli data di fine dal calendario"[39m
                [33mclass[39m=[32m"btn btn-secondary"[39m
                [33mstyle[39m=[32m"width: 100%; height: 100%; padding: 0px; font-size: 1.2rem; display: flex; align-items: center; justify-content: center; margin-bottom: 0px; border-radius: 8px; border: 1px solid var(--glass-border); background: rgba(255, 255, 255, 0.08); cursor: pointer;"[39m
                [33mtitle[39m=[32m"Scegli data di fine dal calendario"[39m
                [33mtype[39m=[32m"button"[39m
              [36m>[39m
                [0m📅[0m
              [36m</button>[39m
              [36m<input[39m
                [33maria-label[39m=[32m"Scegli data di fine dal calendario"[39m
                [33mstyle[39m=[32m"position: absolute; top: 0px; left: 0px; width: 100%; height: 100%; opacity: 0; pointer-events: auto; cursor: pointer; font-size: 16px;"[39m
                [33mtabindex[39m=[32m"-1"[39m
                [33mtype[39m=[32m"date"[39m
                [33mvalue[39m=[32m"2026-09-28"[39m
              [36m/>[39m
            [36m</div>[39m
          [36m</div>[39m
        [36m</div>[39m
      [36m</div>[39m
      [36m<div[39m
        [33mclass[39m=[32m"grid-2 gap-15 mb-15"[39m
      [36m>[39m
        [36m<div>[39m
          [36m<label[39m
            [33mclass[39m=[32m"text-xs text-muted font-bold block mb-4"[39m
            [33mfor[39m=[32m"cycle-duration-weeks"[39m
          [36m>[39m
            [0mDurata (settimane)[0m
          [36m</label>[39m
          [36m<input[39m
            [33mid[39m=[32m"cycle-duration-weeks"[39m
            [33mmax[39m=[32m"52"[39m
            [33mmin[39m=[32m"1"[39m
            [33mrequired[39m=[32m""[39m
            [33mstyle[39m=[32m"width: 100%; font-size: 16px; box-sizing: border-box; max-width: 100%; display: block;"[39m
            [33mtype[39m=[32m"number"[39...
[90m [2m❯[22m Object.getElementError node_modules/@testing-library/dom/dist/config.js:[2m37:19[22m[39m
[90m [2m❯[22m node_modules/@testing-library/dom/dist/query-helpers.js:[2m76:38[22m[39m
[90m [2m❯[22m node_modules/@testing-library/dom/dist/query-helpers.js:[2m52:17[22m[39m
[90m [2m❯[22m node_modules/@testing-library/dom/dist/query-helpers.js:[2m95:19[22m[39m
[36m [2m❯[22m tests/cycle_end_date.test.tsx:[2m285:36[22m[39m
    [90m283|[39m             )[33m;[39m
    [90m284|[39m
    [90m285|[39m             [35mconst[39m saveBtn [33m=[39m screen[33m.[39m[34mgetByText[39m([32m'💾 Salva modifiche'[39m)[33m;[39m
    [90m   |[39m                                    [31m^[39m
    [90m286|[39m             fireEvent[33m.[39m[34mclick[39m(saveBtn)[33m;[39m
    [90m287|[39m

[31m[2m⎯⎯⎯⎯⎯⎯⎯⎯⎯⎯⎯⎯⎯⎯⎯⎯⎯⎯⎯⎯⎯[18/101]⎯[22m[39m

[41m[1m FAIL [22m[49m tests/e2e_requirements_r1_r6.test.tsx[2m > [22mLogBook 4-Tier Automated Test Suite (Requirements R1 - R6)[2m > [22mTier 1: Feature Coverage[2m > [22mR3: Measurements Date Selector[2m > [22mT1.3.4: switching to edit mode changes title to "✏️ Modifica misurazione"
[31m[1mTestingLibraryElementError[22m[39m: Unable to find an element with the text: 💾 Salva modifiche. This could be because the text is broken up by multiple elements. In this case, you can provide a function for your text matcher to make your matcher more flexible.

Ignored nodes: comments, script, style
[36m<body>[39m
  [36m<div>[39m
    [36m<div>[39m
      [36m<div[39m
        [33mclass[39m=[32m"section-divider"[39m
        [33mid[39m=[32m"measurement-form-card"[39m
        [33mstyle[39m=[32m"border: 2px solid var(--primary-color); padding: 15px; border-radius: 12px;"[39m
      [36m>[39m
        [36m<h2[39m
          [33mstyle[39m=[32m"color: var(--primary-color); font-size: 1.2rem; margin-bottom: 10px; margin-top: 0px;"[39m
        [36m>[39m
          [0m✏️ Modifica misurazione[0m
        [36m</h2>[39m
        [36m<p[39m
          [33mstyle[39m=[32m"font-size: 0.85rem; color: var(--text-muted); margin-bottom: 20px;"[39m
        [36m>[39m
          [0mRegistra il tuo peso, la massa grassa e le circonferenze corporee.[0m
        [36m</p>[39m
        [36m<div[39m
          [33mstyle[39m=[32m"display: flex; gap: 15px; margin-bottom: 20px; justify-content: center;"[39m
        [36m>[39m
          [36m<div[39m
            [33mstyle[39m=[32m"flex: 1 1 0%; min-width: 0px; max-width: 200px;"[39m
          [36m>[39m
            [36m<label[39m
              [33mstyle[39m=[32m"font-size: 0.85rem; color: var(--text-muted); display: block; margin-bottom: 8px; text-align: center;"[39m
            [36m>[39m
              [0mOrario rilevazione[0m
            [36m</label>[39m
            [36m<div[39m
              [33mstyle[39m=[32m"position: relative;"[39m
            [36m>[39m
              [36m<input[39m
                [33mid[39m=[32m"measure-time"[39m
                [33mstyle[39m=[32m"width: 100%; box-sizing: border-box; text-align: center; font-weight: bold; font-size: 16px; padding: 10px 35px 10px 10px; margin: 0px;"[39m
                [33mtype[39m=[32m"time"[39m
                [33mvalue[39m=[32m"07:30"[39m
              [36m/>[39m
              [36m<button[39m
                [33maria-label[39m=[32m"Cancella orario"[39m
                [33mstyle[39m=[32m"position: absolute; right: 10px; top: 50%; transform: translateY(-50%); background: transparent; border: medium; color: var(--text-muted); cursor: pointer; display: flex; align-items: center; justify-content: center; padding: 4px;"[39m
                [33mtype[39m=[32m"button"[39m
              [36m>[39m
                [36m<svg[39m
                  [33maria-hidden[39m=[32m"true"[39m
                  [33mclass[39m=[32m"lucide lucide-x"[39m
                  [33mfill[39m=[32m"none"[39m
                  [33mheight[39m=[32m"18"[39m
                  [33mstroke[39m=[32m"currentColor"[39m
                  [33mstroke-linecap[39m=[32m"round"[39m
                  [33mstroke-linejoin[39m=[32m"round"[39m
                  [33mstroke-width[39m=[32m"2"[39m
                  [33mviewBox[39m=[32m"0 0 24 24"[39m
                  [33mwidth[39m=[32m"18"[39m
                  [33mxmlns[39m=[32m"http://www.w3.org/2000/svg"[39m
                [36m>[39m
                  [36m<path[39m
                    [33md[39m=[32m"M18 6 6 18"[39m
                  [36m/>[39m
                  [36m<path[39m
                    [33md[39m=[32m"m6 6 12 12"[39m
                  [36m/>[39m
                [36m</svg>[39m
              [36m</button>[39m
            [36m</div>[39m
          [36m</div>[39m
        [36m</div>[39m
        [36m<h3[39m
          [33mstyle[39m=[32m"font-size: 1rem; color: var(--text-main); margin: 0px 0px 10px; border-bottom: 1px solid var(--glass-border); padding-bottom: 5px;"[39m
        [36m>[39m
          [0mDati principali[0m
        [36m</h3>[39m
        [36m<div[39m
          [33mstyle[39m=[32m"display: flex; gap: 15px; margin-bottom: 25px;"[39m
        [36m>[39m
          [36m<div[39m
            [33mstyle[39m=[32m"flex: 1 1 0%; min-width: 0px;"[39m
          [36m>[39m
            [36m<label[39m
              [33mstyle[39m=[32m"font-size: 0.85rem; color: var(--text-muted); display: block; margin-bottom: 8px; text-align: center;"[39m
            [36m>[39m
              [0mPeso (kg)[0m
            [36m</label>[39m
            [36m<input[39m
              [33mid[39m=[32m"measure-weight"[39m
              [33minputmode[39m=[32m"decimal"[39m
              [33mplaceholder[39m=[32m"0.0"[39m
              [33mstep[39m=[32m"0.1"[39m
              [33mstyle[39m=[32m"width: 100%; box-sizing: border-box; text-align: center; font-weight: bold; font-size: 16px; padding: 10px; margin: 0px; line-height: 1;"[39m
              [33mtype[39m=[32m"number"[39m
              [33mvalue[39m=[32m"74.8"[39m
            [36m/>[39m
          [36m</div>[39m
          [36m<div[39m
            [33mstyle[39m=[32m"flex: 1 1 0%; min-width: 0px;"[39m
          [36m>[39m
            [36m<label[39m
              [33mstyle[39m=[32m"font-size: 0.85rem; color: var(--text-muted); display: block; margin-bottom: 8px; text-align: center;"[39m
            [36m>[39m
              [0mBF % (Bilancia)[0m
            [36m</label>[39m
            [36m<input[39m
              [33mid[39m=[32m"measure-bf"[39m
              [33minputmode[39m=[32m"decimal"[39m
              [33mplaceholder[39m=[32m"Opzionale"[39m
              [33mstep[39m=[32m"0.1"[39m
              [33mstyle[39m=[32m"width: 100%; box-sizing: border-box; text-align: center; font-weight: bold; font-size: 16px; padding: 10px; margin: 0px; line-height: 1;"[39m
              [33mtype[39m=[32m"number"[39m
              [33mvalue[39m=[32m""[39m
            [36m/>[39m
          [36m</div>[39m
        [36m</div>[39m
        [36m<h3[39m
          [33mstyle[39m=[32m"font-size: 1rem; color: var(--text-main); margin: 0px 0px 10px; border-bottom: 1px solid var(--glass-border); padding-bottom: 5px;"[39m
        [36m>[39m
          [0mMisure circonferenze (opzionali)[0m
        [36m</h3>[39m
        [36m<p[39m
          [33mstyle[39m=[32m"font-size: 0.75rem; color: var(--text-muted); margin-bottom: 15px;"[39m
        [36m>[39m
          [0mSe inserisci questi dati ma non la BF % dalla bilancia, la massa grassa verrà calcolata automaticamente (Metodo US Navy).[0m
        [36m</p>[39m
        [36m<div[39m
          [33mclass[39m=[32m"input-row"[39m
          [33mstyle[39m=[32m"margin-bottom: 15px; display: flex; gap: 12px;"[39m
        [36m>[39m
          [36m<div[39m
            [33mstyle[39m=[32m"flex: 1 1 0%; min-width: 0px;"[39m
          [36m>[39m
            [36m<label[39m
              [33mstyle[39m=[32m"font-size: 0.8rem; color: var(--text-muted); display: block; margin-bottom: 4px; text-align: center;"[39m
            [36m>[39m
              [0mVita (cm)[0m
            [36m</label>[39m
            [36m<input[39m
              [33mid[39m=[32m"measure-waist"[39m
              [33minputmode[39m=[32m"decimal"[39m
              [33mstep[39m=[32m"0.1"[39m
              [33mstyle[39m=[32m"width: 100%; box-sizing: border-box; text-align: center; margin: 0px auto; font-size: 16px;"[39m
              [33mtype[39m=[32m"number"[39m
              [33mvalue[39m=[32m""[39m
            [36m/>[39m
          [36m</div>[39m
          [36m<div[39m
            [33mstyle[39m=[32m"flex: 1 1 0%; min-width: 0px;"[39m
          [36m>[39m
            [36m<label[39m
              [33mstyle[39m=[32m"font-size: 0.8rem; color: var(--text-muted); display: block; margin-bottom: 4px; text-align: center;"[39m
            [36m>[39m
              [0mCollo (cm)[0m
            [36m</label>[39m
            [36m<input[39m
              [33mid[39m=[32m"measure-neck"[39m
              [33minputmode[39m=[32m"decimal"[39m
              [33mstep[39m=[32m"0.1"[39m
              [33mstyle[39m=[32m"width: 100%; box-sizing: border-box; text-align: center; margin: 0px auto; font-size: 16px;"[39m
              [33mtype[39m=[32m"number"[39m
              [33mvalue[39m=[32m""[39m
            [36m/>[39m
          [36m</div>[39m
        [36m</div>[39m
        [36m<div[39m
          [33mstyle[39m=[32m"width: 100%; height: 1px; background: var(--glass-border); margin: 20px 0px;"[39m
        [36m/>[39m
        [36m<h3[39m
          [33mstyle[39m=[32m"font-size: 1rem; color: var(--text-muted); margin-bottom: 15px;"[39m
        [36m>[39m
          [0mAltre misure (Bodybuilding)[0m
        [36m</h3>[39m
        [36m<div[39m
          [33mclass[39m=[32m"input-row"[39m
          [33mstyle[39m=[32m"margin-bottom: 15px; display: flex; gap: 12px;"[39m
        [36m>[39m
          [36m<div[39m
            [33mstyle[39m=[32m"flex: 1 1 0%; min-width: 0px;"[39m
          [36m>[39m
            [36m<label[39m
              [33mstyle[39m=[32m"font-size: 0.8rem; color: var(--text-muted); display: block; margin-bottom: 4px; text-align: center;"[39m
            [36m>[39m
              [0mTorace (cm)[0m
            [36m</label>[39m
            [36m<input[39m
              [33mid[39m=[32m"measure-chest"[39m
              [33minputmode[39m=[32m"decimal"[39m
              [33mstep[39m=[32m"0.1"[39m
              [33mstyle[39m=[32m"width: 100%; box-sizing: border-box; text-align: center; margin: 0px auto; font-size: 16px;"[39m
              [33mtype[39m=[32m"number"[39m
              [33mvalue[39m=[32m""[39m
            [36m/>[39m
          [36m</div>[39m
          [36m<div[39m
            [33mstyle[39m=[32m"flex: 1 1 0%; min-width: 0px;"[39m
          [36m>[39m
            [36m<label[39m
              [33mstyle[39m=[32m"font-size: 0.8rem; color: var(--text-muted); display: block; margin-bottom: 4px; text-align: center;"[39m
            [36m>[39m
              [0mSpalle (cm)[0m
            [36m</label>[39m
            [36m<input[39m
              [33mid[39m=[32m"measure-shoulders"[39m
              [33minputmode[39m=[32m"decimal"[39m
              [33mstep[39m=[32m"0.1"[39m
              [33mstyle[39m=[32m"width: 100%; box-sizing: border-box; text-align: center; margin: 0px auto; font-size: 16px;"[39m
              [33mtype[39m=[32m"number"[39m
              [33mvalue[39m=[32m""[39m
            [36m/>[39m
          [36m</div>[39m
        [36m</div>[39m
        [36m<div[39m
          [33mclass[39m=[32m"input-row"[39m
          [33mstyle[39m=[32m"margin-bottom: 15px; display: flex; gap: 12px;"[39m
        [36m>[39m
          [36m<div[39m
            [33mstyle[39m=[32m"flex: 1 1 0%; min-width: 0px;"[39m
          [36m>[39m
            [36m<label[39m
              [33mstyle[39m=[32m"font-size: 0.8rem; color: var(--text-muted); display: block; margin-bottom: 4px; text-align: center;"[39m
            [36m>[39m
              [0mBraccia (cm)[0m
            [36m</label>[39m
            [36m<input[39m
              [33mid[39m=[32m"measure-biceps"[39m
              [33minputmode[39m=[32m"decimal"[39m
              [33mstep[39m=[32m"0.1"[39m
              [33mstyle[39m=[32m"width: 100%; box-sizing: border-box; text-align: center; margin: 0px auto; font-size: 16px;"[39m
              [33mtype[39m=[32m"number"[39m
              [33mvalue[39m=[32m""[39m
            [36m/>[39m
          [36m</div>[39m
          [36m<div[39m
            [33mstyle[39m=[32m"flex: 1 1 0%; min-width: 0px;"[39m
          [36m>[39m
            [36m<label[39m
              [33mstyle[39m=[32m"font-size: 0.8rem; color: var(--text-muted); display: block; margin-bottom: 4px; text-align: center;"[39m
            [36m>[39m
              [0mCosce (cm)[0m
            [36m</label>[39m
            [36m<input[39m
              [33mid[39m=[32m"measure-thighs"[39m
              [33minputmode[39m=[32m"decimal"[39m
              [33mstep[39m=[32m"0.1"[39m
              [33mstyle[39m=[32m"width: 100%; box-sizing: border-box; text-align: center; margin: 0px auto; font-size: 16px;"[39m
              [33mtype[39m=[32m"number"[39m
              [33mvalue[39m=[32m""[39m
            [36m/>[39m
          [36m</div>[39m
        [36m</div>[39m
        [36m<div[39m
          [33mclass[39m=[32m"input-row"[39m
          [33mstyle[39m=[32m"margin-bottom: 15px; display: flex; gap: 12px; justify-content: center;"[39m
        [36m>[39m
          [36m<div[39m
            [33mstyle[39m=[32m"width: 50%; min-width: 0px;"[39m
          [36m>[39m
            [36m<label[39m
              [33mstyle[39m=[32m"font-size: 0.8rem; color: var(--text-muted); display: block; margin-bottom: 4px; text-align: center;"[39m
            [36m>[39m
              [0mPolpacci (cm)[0m
            [36m</label>[39m
            [36m<input[39m
              [33mid[39m=[32m"measure-calves"[39m
              [33minputmode[39m=[32m"decimal"[39m
              [33mstep[39m=[32m"0.1"[39m
              [33mstyle[39m=[32m"width: 100%; box-sizing: border-box; text-align: center; margin: 0px auto; font-size: 16px;"[39m
              [33mtype[39m=[32m"number"[39m
              [33mvalue[39m=[32m""[39m
            [36m/>[39m
          [36m</div>[39m
        [36m</div>[39m
        [36m<div[39m
          [33mstyle[39m=[32m"display: flex; gap: 10px; margin-top: 25px;"[39m
        [36m>[39m
          [36m<button[39m
            [33mclass[39m=[32m"btn"[39m
            [33mstyle[39m=[32m"flex: 1 1 0%; background: rgba(255, 255, 255, 0.1);"[39m
          [36m>[39m
            [0mAnnulla[0m
          [36m</button>[39m
          [36m<button[39m
            [33mclass[39m=[32m"btn btn-primary"[39m
            [33mstyle[39m=[32m"flex: 2 1 0%;"[39m
          [36m>[39m
            [36m<span[39m
              [33maria-hidden[39m=[32m"true"[39m
            [36m>[39m
              [0m💾[0m
            [36m</span>[39m
            [0m Salva modifiche[0m
          [36m</button>[39m
        [36m</div>[39m
      [36m</div>[39m
    [36m</div>[39m
  [36m</div>[39m
[36m</body>[39m
[90m [2m❯[22m Object.getElementError node_modules/@testing-library/dom/dist/config.js:[2m37:19[22m[39m
[90m [2m❯[22m node_modules/@testing-library/dom/dist/query-helpers.js:[2m76:38[22m[39m
[90m [2m❯[22m node_modules/@testing-library/dom/dist/query-helpers.js:[2m52:17[22m[39m
[90m [2m❯[22m node_modules/@testing-library/dom/dist/query-helpers.js:[2m95:19[22m[39m
[36m [2m❯[22m tests/e2e_requirements_r1_r6.test.tsx:[2m433:31[22m[39m
    [90m431|[39m                 expect(screen.getByText('✏️ Modifica misurazione')).to…
    [90m432|[39m                 [34mexpect[39m(screen[33m.[39m[34mgetByText[39m([32m'Annulla'[39m))[33m.[39m[34mtoBeDefined[39m()[33m;[39m
    [90m433|[39m                 expect(screen.getByText('💾 Salva modifiche')).toBeDef…
    [90m   |[39m                               [31m^[39m
    [90m434|[39m             })[33m;[39m
    [90m435|[39m

[31m[2m⎯⎯⎯⎯⎯⎯⎯⎯⎯⎯⎯⎯⎯⎯⎯⎯⎯⎯⎯⎯⎯[19/101]⎯[22m[39m

[41m[1m FAIL [22m[49m tests/e2e_requirements_r1_r6.test.tsx[2m > [22mLogBook 4-Tier Automated Test Suite (Requirements R1 - R6)[2m > [22mTier 1: Feature Coverage[2m > [22mR5: DOMS Muscle Pain Tracking UI[2m > [22mT1.5.6: HomeView renders without crash when activePains are present in store
[31m[1mTestingLibraryElementError[22m[39m: Unable to find an element with the text: Panoramica di oggi. This could be because the text is broken up by multiple elements. In this case, you can provide a function for your text matcher to make your matcher more flexible.

Ignored nodes: comments, script, style
[36m<body>[39m
  [36m<div>[39m
    [36m<div[39m
      [33mclass[39m=[32m"view-section active"[39m
      [33mid[39m=[32m"view-home"[39m
    [36m>[39m
      [36m<div[39m
        [33mclass[39m=[32m"home-bento-grid"[39m
      [36m>[39m
        [36m<div[39m
          [33mclass[39m=[32m"bento-full"[39m
        [36m>[39m
          [36m<div[39m
            [33mstyle[39m=[32m"display: flex; justify-content: space-between; align-items: center;"[39m
          [36m>[39m
            [36m<div>[39m
              [36m<h1[39m
                [33mstyle[39m=[32m"margin: 0px; font-size: 1.8rem; color: var(--text-main);"[39m
              [36m>[39m
                [0mLogBook[0m
              [36m</h1>[39m
              [36m<p[39m
                [33mstyle[39m=[32m"margin: 0px; font-size: 0.85rem; color: var(--text-muted);"[39m
              [36m>[39m
                [0m28/08/2026[0m
              [36m</p>[39m
            [36m</div>[39m
            [36m<div[39m
              [33mstyle[39m=[32m"display: flex; gap: 10px;"[39m
            [36m>[39m
              [36m<div[39m
                [33mstyle[39m=[32m"display: flex; align-items: center; gap: 6px; background: rgba(255, 255, 255, 0.05); padding: 6px 10px; border-radius: 12px; border: 1px solid rgba(255, 255, 255, 0.08);"[39m
              [36m>[39m
                [36m<svg[39m
                  [33maria-hidden[39m=[32m"true"[39m
                  [33mclass[39m=[32m"lucide lucide-flame"[39m
                  [33mfill[39m=[32m"none"[39m
                  [33mheight[39m=[32m"16"[39m
                  [33mstroke[39m=[32m"var(--text-muted)"[39m
                  [33mstroke-linecap[39m=[32m"round"[39m
                  [33mstroke-linejoin[39m=[32m"round"[39m
                  [33mstroke-width[39m=[32m"2"[39m
                  [33mviewBox[39m=[32m"0 0 24 24"[39m
                  [33mwidth[39m=[32m"16"[39m
                  [33mxmlns[39m=[32m"http://www.w3.org/2000/svg"[39m
                [36m>[39m
                  [36m<path[39m
                    [33md[39m=[32m"M12 3q1 4 4 6.5t3 5.5a1 1 0 0 1-14 0 5 5 0 0 1 1-3 1 1 0 0 0 5 0c0-2-1.5-3-1.5-5q0-2 2.5-4"[39m
                  [36m/>[39m
                [36m</svg>[39m
                [36m<span[39m
                  [33mstyle[39m=[32m"font-size: 0.9rem; font-weight: bold; color: var(--text-muted);"[39m
                [36m>[39m
                  [0m0[0m
                [36m</span>[39m
                [36m<span[39m
                  [33mstyle[39m=[32m"font-size: 0.7rem; color: var(--text-muted); margin-left: 2px;"[39m
                [36m>[39m
                  [0mStreak[0m
                [36m</span>[39m
              [36m</div>[39m
              [36m<div[39m
                [33mstyle[39m=[32m"display: flex; align-items: center; gap: 6px; background: rgba(255, 255, 255, 0.05); padding: 6px 10px; border-radius: 12px; border: 1px solid rgba(255, 255, 255, 0.08);"[39m
              [36m>[39m
                [36m<svg[39m
                  [33maria-hidden[39m=[32m"true"[39m
                  [33mclass[39m=[32m"lucide lucide-dumbbell"[39m
                  [33mfill[39m=[32m"none"[39m
                  [33mheight[39m=[32m"16"[39m
                  [33mstroke[39m=[32m"var(--primary-color)"[39m
                  [33mstroke-linecap[39m=[32m"round"[39m
                  [33mstroke-linejoin[39m=[32m"round"[39m
                  [33mstroke-width[39m=[32m"2"[39m
                  [33mviewBox[39m=[32m"0 0 24 24"[39m
                  [33mwidth[39m=[32m"16"[39m
                  [33mxmlns[39m=[32m"http://www.w3.org/2000/svg"[39m
                [36m>[39m
                  [36m<path[39m
                    [33md[39m=[32m"M17.596 12.768a2 2 0 1 0 2.829-2.829l-1.768-1.767a2 2 0 0 0 2.828-2.829l-2.828-2.828a2 2 0 0 0-2.829 2.828l-1.767-1.768a2 2 0 1 0-2.829 2.829z"[39m
                  [36m/>[39m
                  [36m<path[39m
                    [33md[39m=[32m"m2.5 21.5 1.4-1.4"[39m
                  [36m/>[39m
                  [36m<path[39m
                    [33md[39m=[32m"m20.1 3.9 1.4-1.4"[39m
                  [36m/>[39m
                  [36m<path[39m
                    [33md[39m=[32m"M5.343 21.485a2 2 0 1 0 2.829-2.828l1.767 1.768a2 2 0 1 0 2.829-2.829l-6.364-6.364a2 2 0 1 0-2.829 2.829l1.768 1.767a2 2 0 0 0-2.828 2.829z"[39m
                  [36m/>[39m
                  [36m<path[39m
                    [33md[39m=[32m"m9.6 14.4 4.8-4.8"[39m
                  [36m/>[39m
                [36m</svg>[39m
                [36m<span[39m
                  [33mstyle[39m=[32m"font-size: 0.9rem; font-weight: bold; color: var(--text-main);"[39m
                [36m>[39m
                  [0m1[0m
                [36m</span>[39m
                [36m<span[39m
                  [33mstyle[39m=[32m"font-size: 0.7rem; color: var(--text-muted); margin-left: 2px;"[39m
                [36m>[39m
                  [0mSessioni[0m
                [36m</span>[39m
              [36m</div>[39m
            [36m</div>[39m
          [36m</div>[39m
        [36m</div>[39m
        [36m<div[39m
          [33mclass[39m=[32m"card bento-full"[39m
          [33mstyle[39m=[32m"padding: 0px; margin: 0px;"[39m
        [36m>[39m
          [36m<div[39m
            [33mstyle[39m=[32m"padding: 20px; cursor: pointer;"[39m
          [36m>[39m
            [36m<div[39m
              [33mstyle[39m=[32m"display: flex; justify-content: space-between; align-items: center; margin-bottom: 20px;"[39m
            [36m>[39m
              [36m<h2[39m
                [33mstyle[39m=[32m"margin: 0px; font-size: 1.2rem; color: var(--text-main); display: flex; align-items: center; gap: 8px;"[39m
              [36m>[39m
                [36m<svg[39m
                  [33maria-hidden[39m=[32m"true"[39m
                  [33mclass[39m=[32m"lucide lucide-utensils"[39m
                  [33mfill[39m=[32m"none"[39m
                  [33mheight[39m=[32m"20"[39m
                  [33mstroke[39m=[32m"var(--primary-color)"[39m
                  [33mstroke-linecap[39m=[32m"round"[39m
                  [33mstroke-linejoin[39m=[32m"round"[39m
                  [33mstroke-width[39m=[32m"2"[39m
                  [33mviewBox[39m=[32m"0 0 24 24"[39m
                  [33mwidth[39m=[32m"20"[39m
                  [33mxmlns[39m=[32m"http://www.w3.org/2000/svg"[39m
                [36m>[39m
                  [36m<path[39m
                    [33md[39m=[32m"M3 2v7c0 1.1.9 2 2 2h4a2 2 0 0 0 2-2V2"[39m
                  [36m/>[39m
                  [36m<path[39m
                    [33md[39m=[32m"M7 2v20"[39m
                  [36m/>[39m
                  [36m<path[39m
                    [33md[...
[90m [2m❯[22m Object.getElementError node_modules/@testing-library/dom/dist/config.js:[2m37:19[22m[39m
[90m [2m❯[22m node_modules/@testing-library/dom/dist/query-helpers.js:[2m76:38[22m[39m
[90m [2m❯[22m node_modules/@testing-library/dom/dist/query-helpers.js:[2m52:17[22m[39m
[90m [2m❯[22m node_modules/@testing-library/dom/dist/query-helpers.js:[2m95:19[22m[39m
[36m [2m❯[22m tests/e2e_requirements_r1_r6.test.tsx:[2m782:31[22m[39m
    [90m780|[39m                 }[33m;[39m
    [90m781|[39m                 renderWithProviders(<HomeView onNavigate={vi.fn()} />,…
    [90m782|[39m                 expect(screen.getByText('Panoramica di oggi')).toBeDef…
    [90m   |[39m                               [31m^[39m
    [90m783|[39m             })[33m;[39m
    [90m784|[39m

[31m[2m⎯⎯⎯⎯⎯⎯⎯⎯⎯⎯⎯⎯⎯⎯⎯⎯⎯⎯⎯⎯⎯[20/101]⎯[22m[39m

[41m[1m FAIL [22m[49m tests/error_boundary.test.tsx[2m > [22mR2: ErrorBoundary & Dialog Hardening Suite[2m > [22mrenders fallback error UI when a child throws
[31m[1mTestingLibraryElementError[22m: Unable to find an element with the text: 🔄 Ricarica pagina. This could be because the text is broken up by multiple elements. In this case, you can provide a function for your text matcher to make your matcher more flexible.

Ignored nodes: comments, script, style
[36m<body>[31m
  [36m<div>[31m
    [36m<div[31m
      [33mstyle[31m=[32m"display: flex; flex-direction: column; align-items: center; justify-content: center; height: 100vh; padding: 20px; background: var(--bg-color); color: var(--text-main); text-align: center;"[31m
    [36m>[31m
      [36m<h1[31m
        [33mstyle[31m=[32m"color: var(--danger-color); margin-bottom: 10px;"[31m
      [36m>[31m
        [0mOps, qualcosa è andato storto![0m
      [36m</h1>[31m
      [36m<p[31m
        [33mstyle[31m=[32m"color: var(--text-muted); margin-bottom: 20px; max-width: 300px;"[31m
      [36m>[31m
        [0mSi è verificato un errore imprevisto. Prova a ricaricare la pagina.[0m
      [36m</p>[31m
      [36m<div[31m
        [33mstyle[31m=[32m"display: flex; flex-direction: column; gap: 15px; align-items: center;"[31m
      [36m>[31m
        [36m<button[31m
          [33mclass[31m=[32m"btn btn-primary"[31m
        [36m>[31m
          [36m<span[31m
            [33maria-hidden[31m=[32m"true"[31m
          [36m>[31m
            [0m🔄[0m
          [36m</span>[31m
          [0m Ricarica pagina[0m
        [36m</button>[31m
        [36m<button[31m
          [33mclass[31m=[32m"btn"[31m
          [33mstyle[31m=[32m"background: transparent; border: 1px solid var(--danger-color); color: var(--danger-color); font-size: 0.85rem;"[31m
        [36m>[31m
          [36m<span[31m
            [33maria-hidden[31m=[32m"true"[31m
          [36m>[31m
            [0m⚠️[0m
          [36m</span>[31m
          [0m Hard reset (dati corrotti)[0m
        [36m</button>[31m
      [36m</div>[31m
    [36m</div>[31m
  [36m</div>[31m
[36m</body>[31m[39m
[90m [2m❯[22m Object.getElementError node_modules/@testing-library/dom/dist/config.js:[2m37:19[22m[39m
[90m [2m❯[22m node_modules/@testing-library/dom/dist/query-helpers.js:[2m76:38[22m[39m
[90m [2m❯[22m node_modules/@testing-library/dom/dist/query-helpers.js:[2m52:17[22m[39m
[90m [2m❯[22m node_modules/@testing-library/dom/dist/query-helpers.js:[2m95:19[22m[39m
[36m [2m❯[22m tests/error_boundary.test.tsx:[2m59:23[22m[39m
    [90m 57|[39m
    [90m 58|[39m         expect(screen.getByText('Ops, qualcosa è andato storto!')).toB…
    [90m 59|[39m         [34mexpect[39m(screen[33m.[39m[34mgetByText[39m([32m'🔄 Ricarica pagina'[39m))[33m.[39m[34mtoBeDefined[39m()[33m;[39m
    [90m   |[39m                       [31m^[39m
    [90m 60|[39m         expect(screen.getByText('⚠️ Hard reset (dati corrotti)')).toBe…
    [90m 61|[39m

[31m[2m⎯⎯⎯⎯⎯⎯⎯⎯⎯⎯⎯⎯⎯⎯⎯⎯⎯⎯⎯⎯⎯[21/101]⎯[22m[39m

[41m[1m FAIL [22m[49m tests/error_boundary.test.tsx[2m > [22mR2: ErrorBoundary & Dialog Hardening Suite[2m > [22mreloads page when "Ricarica pagina" button is clicked
[31m[1mTestingLibraryElementError[22m: Unable to find an element with the text: 🔄 Ricarica pagina. This could be because the text is broken up by multiple elements. In this case, you can provide a function for your text matcher to make your matcher more flexible.

Ignored nodes: comments, script, style
[36m<body>[31m
  [36m<div>[31m
    [36m<div[31m
      [33mstyle[31m=[32m"display: flex; flex-direction: column; align-items: center; justify-content: center; height: 100vh; padding: 20px; background: var(--bg-color); color: var(--text-main); text-align: center;"[31m
    [36m>[31m
      [36m<h1[31m
        [33mstyle[31m=[32m"color: var(--danger-color); margin-bottom: 10px;"[31m
      [36m>[31m
        [0mOps, qualcosa è andato storto![0m
      [36m</h1>[31m
      [36m<p[31m
        [33mstyle[31m=[32m"color: var(--text-muted); margin-bottom: 20px; max-width: 300px;"[31m
      [36m>[31m
        [0mSi è verificato un errore imprevisto. Prova a ricaricare la pagina.[0m
      [36m</p>[31m
      [36m<div[31m
        [33mstyle[31m=[32m"display: flex; flex-direction: column; gap: 15px; align-items: center;"[31m
      [36m>[31m
        [36m<button[31m
          [33mclass[31m=[32m"btn btn-primary"[31m
        [36m>[31m
          [36m<span[31m
            [33maria-hidden[31m=[32m"true"[31m
          [36m>[31m
            [0m🔄[0m
          [36m</span>[31m
          [0m Ricarica pagina[0m
        [36m</button>[31m
        [36m<button[31m
          [33mclass[31m=[32m"btn"[31m
          [33mstyle[31m=[32m"background: transparent; border: 1px solid var(--danger-color); color: var(--danger-color); font-size: 0.85rem;"[31m
        [36m>[31m
          [36m<span[31m
            [33maria-hidden[31m=[32m"true"[31m
          [36m>[31m
            [0m⚠️[0m
          [36m</span>[31m
          [0m Hard reset (dati corrotti)[0m
        [36m</button>[31m
      [36m</div>[31m
    [36m</div>[31m
  [36m</div>[31m
[36m</body>[31m[39m
[90m [2m❯[22m Object.getElementError node_modules/@testing-library/dom/dist/config.js:[2m37:19[22m[39m
[90m [2m❯[22m node_modules/@testing-library/dom/dist/query-helpers.js:[2m76:38[22m[39m
[90m [2m❯[22m node_modules/@testing-library/dom/dist/query-helpers.js:[2m52:17[22m[39m
[90m [2m❯[22m node_modules/@testing-library/dom/dist/query-helpers.js:[2m95:19[22m[39m
[36m [2m❯[22m tests/error_boundary.test.tsx:[2m74:32[22m[39m
    [90m 72|[39m         )[33m;[39m
    [90m 73|[39m
    [90m 74|[39m         fireEvent[33m.[39m[34mclick[39m(screen[33m.[39m[34mgetByText[39m([32m'🔄 Ricarica pagina'[39m))[33m;[39m
    [90m   |[39m                                [31m^[39m
    [90m 75|[39m         [34mexpect[39m(window[33m.[39mlocation[33m.[39mreload)[33m.[39m[34mtoHaveBeenCalledTimes[39m([34m1[39m)[33m;[39m
    [90m 76|[39m

[31m[2m⎯⎯⎯⎯⎯⎯⎯⎯⎯⎯⎯⎯⎯⎯⎯⎯⎯⎯⎯⎯⎯[22/101]⎯[22m[39m

[41m[1m FAIL [22m[49m tests/error_boundary.test.tsx[2m > [22mR2: ErrorBoundary & Dialog Hardening Suite[2m > [22mtriggers useDialogStore.getState().showConfirm when "Hard reset" button is clicked
[31m[1mTestingLibraryElementError[22m: Unable to find an element with the text: ⚠️ Hard reset (dati corrotti). This could be because the text is broken up by multiple elements. In this case, you can provide a function for your text matcher to make your matcher more flexible.

Ignored nodes: comments, script, style
[36m<body>[31m
  [36m<div>[31m
    [36m<div[31m
      [33mstyle[31m=[32m"display: flex; flex-direction: column; align-items: center; justify-content: center; height: 100vh; padding: 20px; background: var(--bg-color); color: var(--text-main); text-align: center;"[31m
    [36m>[31m
      [36m<h1[31m
        [33mstyle[31m=[32m"color: var(--danger-color); margin-bottom: 10px;"[31m
      [36m>[31m
        [0mOps, qualcosa è andato storto![0m
      [36m</h1>[31m
      [36m<p[31m
        [33mstyle[31m=[32m"color: var(--text-muted); margin-bottom: 20px; max-width: 300px;"[31m
      [36m>[31m
        [0mSi è verificato un errore imprevisto. Prova a ricaricare la pagina.[0m
      [36m</p>[31m
      [36m<div[31m
        [33mstyle[31m=[32m"display: flex; flex-direction: column; gap: 15px; align-items: center;"[31m
      [36m>[31m
        [36m<button[31m
          [33mclass[31m=[32m"btn btn-primary"[31m
        [36m>[31m
          [36m<span[31m
            [33maria-hidden[31m=[32m"true"[31m
          [36m>[31m
            [0m🔄[0m
          [36m</span>[31m
          [0m Ricarica pagina[0m
        [36m</button>[31m
        [36m<button[31m
          [33mclass[31m=[32m"btn"[31m
          [33mstyle[31m=[32m"background: transparent; border: 1px solid var(--danger-color); color: var(--danger-color); font-size: 0.85rem;"[31m
        [36m>[31m
          [36m<span[31m
            [33maria-hidden[31m=[32m"true"[31m
          [36m>[31m
            [0m⚠️[0m
          [36m</span>[31m
          [0m Hard reset (dati corrotti)[0m
        [36m</button>[31m
      [36m</div>[31m
    [36m</div>[31m
  [36m</div>[31m
[36m</body>[31m[39m
[90m [2m❯[22m Object.getElementError node_modules/@testing-library/dom/dist/config.js:[2m37:19[22m[39m
[90m [2m❯[22m node_modules/@testing-library/dom/dist/query-helpers.js:[2m76:38[22m[39m
[90m [2m❯[22m node_modules/@testing-library/dom/dist/query-helpers.js:[2m52:17[22m[39m
[90m [2m❯[22m node_modules/@testing-library/dom/dist/query-helpers.js:[2m95:19[22m[39m
[36m [2m❯[22m tests/error_boundary.test.tsx:[2m92:36[22m[39m
    [90m 90|[39m         [90m// Click Hard Reset button[39m
    [90m 91|[39m         [35mawait[39m [34mact[39m([35masync[39m () [33m=>[39m {
    [90m 92|[39m             fireEvent.click(screen.getByText('⚠️ Hard reset (dati corr…
    [90m   |[39m                                    [31m^[39m
    [90m 93|[39m         })[33m;[39m
    [90m 94|[39m
[90m [2m❯[22m node_modules/@testing-library/react/dist/act-compat.js:[2m47:24[22m[39m
[90m [2m❯[22m process.env.NODE_ENV.exports.act node_modules/react/cjs/react.development.js:[2m814:22[22m[39m
[90m [2m❯[22m node_modules/@testing-library/react/dist/act-compat.js:[2m46:25[22m[39m
[90m [2m❯[22m tests/error_boundary.test.tsx:[2m91:15[22m[39m

[31m[2m⎯⎯⎯⎯⎯⎯⎯⎯⎯⎯⎯⎯⎯⎯⎯⎯⎯⎯⎯⎯⎯[23/101]⎯[22m[39m

[41m[1m FAIL [22m[49m tests/error_boundary.test.tsx[2m > [22mR2: ErrorBoundary & Dialog Hardening Suite[2m > [22mclears localStorage and reloads when user confirms hard reset dialog
[31m[1mTestingLibraryElementError[22m: Unable to find an element with the text: ⚠️ Hard reset (dati corrotti). This could be because the text is broken up by multiple elements. In this case, you can provide a function for your text matcher to make your matcher more flexible.

Ignored nodes: comments, script, style
[36m<body>[31m
  [36m<div>[31m
    [36m<div[31m
      [33mstyle[31m=[32m"display: flex; flex-direction: column; align-items: center; justify-content: center; height: 100vh; padding: 20px; background: var(--bg-color); color: var(--text-main); text-align: center;"[31m
    [36m>[31m
      [36m<h1[31m
        [33mstyle[31m=[32m"color: var(--danger-color); margin-bottom: 10px;"[31m
      [36m>[31m
        [0mOps, qualcosa è andato storto![0m
      [36m</h1>[31m
      [36m<p[31m
        [33mstyle[31m=[32m"color: var(--text-muted); margin-bottom: 20px; max-width: 300px;"[31m
      [36m>[31m
        [0mSi è verificato un errore imprevisto. Prova a ricaricare la pagina.[0m
      [36m</p>[31m
      [36m<div[31m
        [33mstyle[31m=[32m"display: flex; flex-direction: column; gap: 15px; align-items: center;"[31m
      [36m>[31m
        [36m<button[31m
          [33mclass[31m=[32m"btn btn-primary"[31m
        [36m>[31m
          [36m<span[31m
            [33maria-hidden[31m=[32m"true"[31m
          [36m>[31m
            [0m🔄[0m
          [36m</span>[31m
          [0m Ricarica pagina[0m
        [36m</button>[31m
        [36m<button[31m
          [33mclass[31m=[32m"btn"[31m
          [33mstyle[31m=[32m"background: transparent; border: 1px solid var(--danger-color); color: var(--danger-color); font-size: 0.85rem;"[31m
        [36m>[31m
          [36m<span[31m
            [33maria-hidden[31m=[32m"true"[31m
          [36m>[31m
            [0m⚠️[0m
          [36m</span>[31m
          [0m Hard reset (dati corrotti)[0m
        [36m</button>[31m
      [36m</div>[31m
    [36m</div>[31m
  [36m</div>[31m
[36m</body>[31m[39m
[90m [2m❯[22m Object.getElementError node_modules/@testing-library/dom/dist/config.js:[2m37:19[22m[39m
[90m [2m❯[22m node_modules/@testing-library/dom/dist/query-helpers.js:[2m76:38[22m[39m
[90m [2m❯[22m node_modules/@testing-library/dom/dist/query-helpers.js:[2m52:17[22m[39m
[90m [2m❯[22m node_modules/@testing-library/dom/dist/query-helpers.js:[2m95:19[22m[39m
[36m [2m❯[22m tests/error_boundary.test.tsx:[2m117:36[22m[39m
    [90m115|[39m
    [90m116|[39m         [35mawait[39m [34mact[39m([35masync[39m () [33m=>[39m {
    [90m117|[39m             fireEvent.click(screen.getByText('⚠️ Hard reset (dati corr…
    [90m   |[39m                                    [31m^[39m
    [90m118|[39m         })[33m;[39m
    [90m119|[39m
[90m [2m❯[22m node_modules/@testing-library/react/dist/act-compat.js:[2m47:24[22m[39m
[90m [2m❯[22m process.env.NODE_ENV.exports.act node_modules/react/cjs/react.development.js:[2m814:22[22m[39m
[90m [2m❯[22m node_modules/@testing-library/react/dist/act-compat.js:[2m46:25[22m[39m
[90m [2m❯[22m tests/error_boundary.test.tsx:[2m116:15[22m[39m

[31m[2m⎯⎯⎯⎯⎯⎯⎯⎯⎯⎯⎯⎯⎯⎯⎯⎯⎯⎯⎯⎯⎯[24/101]⎯[22m[39m

[41m[1m FAIL [22m[49m tests/error_boundary.test.tsx[2m > [22mR2: ErrorBoundary & Dialog Hardening Suite[2m > [22mdoes NOT clear localStorage or reload when user cancels hard reset dialog
[31m[1mTestingLibraryElementError[22m: Unable to find an element with the text: ⚠️ Hard reset (dati corrotti). This could be because the text is broken up by multiple elements. In this case, you can provide a function for your text matcher to make your matcher more flexible.

Ignored nodes: comments, script, style
[36m<body>[31m
  [36m<div>[31m
    [36m<div[31m
      [33mstyle[31m=[32m"display: flex; flex-direction: column; align-items: center; justify-content: center; height: 100vh; padding: 20px; background: var(--bg-color); color: var(--text-main); text-align: center;"[31m
    [36m>[31m
      [36m<h1[31m
        [33mstyle[31m=[32m"color: var(--danger-color); margin-bottom: 10px;"[31m
      [36m>[31m
        [0mOps, qualcosa è andato storto![0m
      [36m</h1>[31m
      [36m<p[31m
        [33mstyle[31m=[32m"color: var(--text-muted); margin-bottom: 20px; max-width: 300px;"[31m
      [36m>[31m
        [0mSi è verificato un errore imprevisto. Prova a ricaricare la pagina.[0m
      [36m</p>[31m
      [36m<div[31m
        [33mstyle[31m=[32m"display: flex; flex-direction: column; gap: 15px; align-items: center;"[31m
      [36m>[31m
        [36m<button[31m
          [33mclass[31m=[32m"btn btn-primary"[31m
        [36m>[31m
          [36m<span[31m
            [33maria-hidden[31m=[32m"true"[31m
          [36m>[31m
            [0m🔄[0m
          [36m</span>[31m
          [0m Ricarica pagina[0m
        [36m</button>[31m
        [36m<button[31m
          [33mclass[31m=[32m"btn"[31m
          [33mstyle[31m=[32m"background: transparent; border: 1px solid var(--danger-color); color: var(--danger-color); font-size: 0.85rem;"[31m
        [36m>[31m
          [36m<span[31m
            [33maria-hidden[31m=[32m"true"[31m
          [36m>[31m
            [0m⚠️[0m
          [36m</span>[31m
          [0m Hard reset (dati corrotti)[0m
        [36m</button>[31m
      [36m</div>[31m
    [36m</div>[31m
  [36m</div>[31m
[36m</body>[31m[39m
[90m [2m❯[22m Object.getElementError node_modules/@testing-library/dom/dist/config.js:[2m37:19[22m[39m
[90m [2m❯[22m node_modules/@testing-library/dom/dist/query-helpers.js:[2m76:38[22m[39m
[90m [2m❯[22m node_modules/@testing-library/dom/dist/query-helpers.js:[2m52:17[22m[39m
[90m [2m❯[22m node_modules/@testing-library/dom/dist/query-helpers.js:[2m95:19[22m[39m
[36m [2m❯[22m tests/error_boundary.test.tsx:[2m140:36[22m[39m
    [90m138|[39m
    [90m139|[39m         [35mawait[39m [34mact[39m([35masync[39m () [33m=>[39m {
    [90m140|[39m             fireEvent.click(screen.getByText('⚠️ Hard reset (dati corr…
    [90m   |[39m                                    [31m^[39m
    [90m141|[39m         })[33m;[39m
    [90m142|[39m
[90m [2m❯[22m node_modules/@testing-library/react/dist/act-compat.js:[2m47:24[22m[39m
[90m [2m❯[22m process.env.NODE_ENV.exports.act node_modules/react/cjs/react.development.js:[2m814:22[22m[39m
[90m [2m❯[22m node_modules/@testing-library/react/dist/act-compat.js:[2m46:25[22m[39m
[90m [2m❯[22m tests/error_boundary.test.tsx:[2m139:15[22m[39m

[31m[2m⎯⎯⎯⎯⎯⎯⎯⎯⎯⎯⎯⎯⎯⎯⎯⎯⎯⎯⎯⎯⎯[25/101]⎯[22m[39m

[41m[1m FAIL [22m[49m tests/firestore_security_rules.test.ts[2m > [22mFirestore Security Rules Whitelist & Parity Verification[2m > [22musers/{userId} whitelist contains all root UserData payload keys including catalogOverrides
[31m[1mAssertionError[22m: expected 12 to be 11 // Object.is equality[39m

[32m- Expected[39m
[31m+ Received[39m

[32m- 11[39m
[31m+ 12[39m

[36m [2m❯[22m tests/firestore_security_rules.test.ts:[2m61:34[22m[39m
    [90m 59|[39m
    [90m 60|[39m     expect(extractedKeys).toEqual(expect.arrayContaining(expectedRootK…
    [90m 61|[39m     [34mexpect[39m(extractedKeys)[33m.[39m[34mtoContain[39m([32m'catalogOverrides'[39m)[33m;[39m
    [90m   |[39m                                  [31m^[39m
    [90m 62|[39m     [34mexpect[39m(extractedKeys[33m.[39mlength)[33m.[39m[34mtoBe[39m(expectedRootKeys[33m.[39mlength)[33m;[39m
    [90m 63|[39m   })[33m;[39m

[31m[2m⎯⎯⎯⎯⎯⎯⎯⎯⎯⎯⎯⎯⎯⎯⎯⎯⎯⎯⎯⎯⎯[26/101]⎯[22m[39m

[41m[1m FAIL [22m[49m tests/nutrition_style_refactor.test.tsx[2m > [22mNutrition Section Style & Color Refactoring Suite[2m > [22mHomeNutritionWidget alignment[2m > [22mrenders heading and macro labels in var(--text-muted) and target in var(--text-main)
[31m[1mTestingLibraryElementError[22m[39m: Unable to find an accessible element with the role "heading" and name `/Nutrizione odierna/i`

Here are the accessible roles:

  heading:

  Name "Nutrizione":
  [36m<h2[39m
    [33mstyle[39m=[32m"margin: 0px; font-size: 1.2rem; color: var(--text-main); display: flex; align-items: center; gap: 8px;"[39m
  [36m/>[39m

  --------------------------------------------------
  progressbar:

  Name "Calorie: 68% completato":
  [36m<div[39m
    [33maria-label[39m=[32m"Calorie: 68% completato"[39m
    [33maria-valuemax[39m=[32m"100"[39m
    [33maria-valuemin[39m=[32m"0"[39m
    [33maria-valuenow[39m=[32m"68"[39m
    [33mclass[39m=[32m"progress-ring"[39m
    [33mrole[39m=[32m"progressbar"[39m
    [33mstyle[39m=[32m"--progress: 68.18181818181817;"[39m
  [36m/>[39m

  --------------------------------------------------

Ignored nodes: comments, script, style
[36m<body>[39m
  [36m<div>[39m
    [36m<div[39m
      [33mstyle[39m=[32m"padding: 20px; cursor: pointer;"[39m
    [36m>[39m
      [36m<div[39m
        [33mstyle[39m=[32m"display: flex; justify-content: space-between; align-items: center; margin-bottom: 20px;"[39m
      [36m>[39m
        [36m<h2[39m
          [33mstyle[39m=[32m"margin: 0px; font-size: 1.2rem; color: var(--text-main); display: flex; align-items: center; gap: 8px;"[39m
        [36m>[39m
          [36m<svg[39m
            [33maria-hidden[39m=[32m"true"[39m
            [33mclass[39m=[32m"lucide lucide-utensils"[39m
            [33mfill[39m=[32m"none"[39m
            [33mheight[39m=[32m"20"[39m
            [33mstroke[39m=[32m"var(--primary-color)"[39m
            [33mstroke-linecap[39m=[32m"round"[39m
            [33mstroke-linejoin[39m=[32m"round"[39m
            [33mstroke-width[39m=[32m"2"[39m
            [33mviewBox[39m=[32m"0 0 24 24"[39m
            [33mwidth[39m=[32m"20"[39m
            [33mxmlns[39m=[32m"http://www.w3.org/2000/svg"[39m
          [36m>[39m
            [36m<path[39m
              [33md[39m=[32m"M3 2v7c0 1.1.9 2 2 2h4a2 2 0 0 0 2-2V2"[39m
            [36m/>[39m
            [36m<path[39m
              [33md[39m=[32m"M7 2v20"[39m
            [36m/>[39m
            [36m<path[39m
              [33md[39m=[32m"M21 15V2a5 5 0 0 0-5 5v6c0 1.1.9 2 2 2h3Zm0 0v7"[39m
            [36m/>[39m
          [36m</svg>[39m
          [0mNutrizione[0m
        [36m</h2>[39m
        [36m<div[39m
          [33mstyle[39m=[32m"font-size: 0.85rem; color: var(--text-muted);"[39m
        [36m>[39m
          [0mTarget: [0m
          [0m2200[0m
          [0m kcal[0m
        [36m</div>[39m
      [36m</div>[39m
      [36m<div[39m
        [33mstyle[39m=[32m"display: flex; align-items: center; gap: 20px;"[39m
      [36m>[39m
        [36m<div[39m
          [33maria-label[39m=[32m"Calorie: 68% completato"[39m
          [33maria-valuemax[39m=[32m"100"[39m
          [33maria-valuemin[39m=[32m"0"[39m
          [33maria-valuenow[39m=[32m"68"[39m
          [33mclass[39m=[32m"progress-ring"[39m
          [33mrole[39m=[32m"progressbar"[39m
          [33mstyle[39m=[32m"--progress: 68.18181818181817;"[39m
        [36m>[39m
          [36m<div[39m
            [33mclass[39m=[32m"progress-ring-content"[39m
          [36m>[39m
            [36m<span[39m
              [33mstyle[39m=[32m"font-size: 1.4rem; font-weight: bold; color: var(--text-main); line-height: 1;"[39m
            [36m>[39m
              [0m1500[0m
            [36m</span>[39m
            [36m<span[39m
              [33mstyle[39m=[32m"font-size: 0.75rem; color: var(--text-muted); margin-top: 2px;"[39m
            [36m>[39m
              [0mkcal[0m
            [36m</span>[39m
          [36m</div>[39m
        [36m</div>[39m
        [36m<div[39m
          [33mstyle[39m=[32m"flex: 1 1 0%; display: flex; flex-direction: column; gap: 12px;"[39m
        [36m>[39m
          [36m<div>[39m
            [36m<div[39m
              [33mstyle[39m=[32m"display: flex; justify-content: space-between; font-size: 0.8rem; margin-bottom: 4px;"[39m
            [36m>[39m
              [36m<span[39m
                [33mstyle[39m=[32m"color: var(--text-muted); font-weight: bold;"[39m
              [36m>[39m
                [0mCARBO[0m
              [36m</span>[39m
              [36m<span[39m
                [33mstyle[39m=[32m"color: var(--text-main); font-weight: bold;"[39m
              [36m>[39m
                [0m180[0m
                [0mg[0m
              [36m</span>[39m
            [36m</div>[39m
            [36m<div[39m
              [33mclass[39m=[32m"progress-bg"[39m
              [33mstyle[39m=[32m"height: 6px;"[39m
            [36m>[39m
              [36m<div[39m
                [33mclass[39m=[32m"progress-fill"[39m
                [33mstyle[39m=[32m"width: 60%; background: rgb(59, 130, 246);"[39m
              [36m/>[39m
            [36m</div>[39m
          [36m</div>[39m
          [36m<div>[39m
            [36m<div[39m
              [33mstyle[39m=[32m"display: flex; justify-content: space-between; font-size: 0.8rem; margin-bottom: 4px;"[39m
            [36m>[39m
              [36m<span[39m
                [33mstyle[39m=[32m"color: var(--text-muted); font-weight: bold;"[39m
              [36m>[39m
                [0mPRO[0m
              [36m</span>[39m
              [36m<span[39m
                [33mstyle[39m=[32m"color: var(--text-main); font-weight: bold;"[39m
              [36m>[39m
                [0m130[0m
                [0mg[0m
              [36m</span>[39m
            [36m</div>[39m
            [36m<div[39m
              [33mclass[39m=[32m"progress-bg"[39m
              [33mstyle[39m=[32m"height: 6px;"[39m
            [36m>[39m
              [36m<div[39m
                [33mclass[39m=[32m"progress-fill"[39m
                [33mstyle[39m=[32m"width: 86.66666666666667%; background: rgb(239, 68, 68);"[39m
              [36m/>[39m
            [36m</div>[39m
          [36m</div>[39m
          [36m<div>[39m
            [36m<div[39m
              [33mstyle[39m=[32m"display: flex; justify-content: space-between; font-size: 0.8rem; margin-bottom: 4px;"[39m
            [36m>[39m
              [36m<span[39m
                [33mstyle[39m=[32m"color: var(--text-muted); font-weight: bold;"[39m
              [36m>[39m
                [0mGRASSI[0m
              [36m</span>[39m
              [36m<span[39m
                [33mstyle[39m=[32m"color: var(--text-main); font-weight: bold;"[39m
              [36m>[39m
                [0m45[0m
                [0mg[0m
              [36m</span>[39m
            [36m</div>[39m
            [36m<div[39m
              [33mclass[39m=[32m"progress-bg"[39m
              [33mstyle[39m=[32m"height: 6px;"[39m
            [36m>[39m
              [36m<div[39m
                [33mclass[39m=[32m"progress-fill"[39m
                [33mstyle[39m=[32m"width: 56.25%; background: rgb(234, 179, 8);"[39m
              [36m/>[39m
            [36m</div>[39m
          [36m</div>[39m
        [36m</div>[39m
      [36m</div>[39m
    [36m</div>[39m
  [36m</div>[39m
[36m</body>[39m
[90m [2m❯[22m Object.getElementError node_modules/@testing-library/dom/dist/config.js:[2m37:19[22m[39m
[90m [2m❯[22m node_modules/@testing-library/dom/dist/query-helpers.js:[2m76:38[22m[39m
[90m [2m❯[22m node_modules/@testing-library/dom/dist/query-helpers.js:[2m52:17[22m[39m
[90m [2m❯[22m node_modules/@testing-library/dom/dist/query-helpers.js:[2m95:19[22m[39m
[36m [2m❯[22m tests/nutrition_style_refactor.test.tsx:[2m293:36[22m[39m
    [90m291|[39m             )[33m;[39m
    [90m292|[39m
    [90m293|[39m             const heading = screen.getByRole('heading', { level: 2, na…
    [90m   |[39m                                    [31m^[39m
    [90m294|[39m             [34mexpect[39m(heading[33m.[39mstyle[33m.[39mcolor)[33m.[39m[34mtoBe[39m([32m'var(--text-main)'[39m)[33m;[39m
    [90m295|[39m

[31m[2m⎯⎯⎯⎯⎯⎯⎯⎯⎯⎯⎯⎯⎯⎯⎯⎯⎯⎯⎯⎯⎯[27/101]⎯[22m[39m

[41m[1m FAIL [22m[49m tests/render.test.tsx[2m > [22mRender Test Suite - Zero Crash Verification[2m > [22mrenders HomeView without crashing
[31m[1mTestingLibraryElementError[22m[39m: Unable to find an element with the text: /Panoramica di Oggi/i. This could be because the text is broken up by multiple elements. In this case, you can provide a function for your text matcher to make your matcher more flexible.

Ignored nodes: comments, script, style
[36m<body[39m
  [33mstyle[39m=[32m""[39m
[36m>[39m
  [36m<div>[39m
    [36m<div[39m
      [33mclass[39m=[32m"view-section active"[39m
      [33mid[39m=[32m"view-home"[39m
    [36m>[39m
      [36m<div[39m
        [33mclass[39m=[32m"home-bento-grid"[39m
      [36m>[39m
        [36m<div[39m
          [33mclass[39m=[32m"bento-full"[39m
        [36m>[39m
          [36m<div[39m
            [33mstyle[39m=[32m"display: flex; justify-content: space-between; align-items: center;"[39m
          [36m>[39m
            [36m<div>[39m
              [36m<h1[39m
                [33mstyle[39m=[32m"margin: 0px; font-size: 1.8rem; color: var(--text-main);"[39m
              [36m>[39m
                [0mLogBook[0m
              [36m</h1>[39m
              [36m<p[39m
                [33mstyle[39m=[32m"margin: 0px; font-size: 0.85rem; color: var(--text-muted);"[39m
              [36m>[39m
                [0m28/08/2026[0m
              [36m</p>[39m
            [36m</div>[39m
            [36m<div[39m
              [33mstyle[39m=[32m"display: flex; gap: 10px;"[39m
            [36m>[39m
              [36m<div[39m
                [33mstyle[39m=[32m"display: flex; align-items: center; gap: 6px; background: rgba(255, 255, 255, 0.05); padding: 6px 10px; border-radius: 12px; border: 1px solid rgba(255, 255, 255, 0.08);"[39m
              [36m>[39m
                [36m<svg[39m
                  [33maria-hidden[39m=[32m"true"[39m
                  [33mclass[39m=[32m"lucide lucide-flame"[39m
                  [33mfill[39m=[32m"none"[39m
                  [33mheight[39m=[32m"16"[39m
                  [33mstroke[39m=[32m"var(--text-muted)"[39m
                  [33mstroke-linecap[39m=[32m"round"[39m
                  [33mstroke-linejoin[39m=[32m"round"[39m
                  [33mstroke-width[39m=[32m"2"[39m
                  [33mviewBox[39m=[32m"0 0 24 24"[39m
                  [33mwidth[39m=[32m"16"[39m
                  [33mxmlns[39m=[32m"http://www.w3.org/2000/svg"[39m
                [36m>[39m
                  [36m<path[39m
                    [33md[39m=[32m"M12 3q1 4 4 6.5t3 5.5a1 1 0 0 1-14 0 5 5 0 0 1 1-3 1 1 0 0 0 5 0c0-2-1.5-3-1.5-5q0-2 2.5-4"[39m
                  [36m/>[39m
                [36m</svg>[39m
                [36m<span[39m
                  [33mstyle[39m=[32m"font-size: 0.9rem; font-weight: bold; color: var(--text-muted);"[39m
                [36m>[39m
                  [0m0[0m
                [36m</span>[39m
                [36m<span[39m
                  [33mstyle[39m=[32m"font-size: 0.7rem; color: var(--text-muted); margin-left: 2px;"[39m
                [36m>[39m
                  [0mStreak[0m
                [36m</span>[39m
              [36m</div>[39m
              [36m<div[39m
                [33mstyle[39m=[32m"display: flex; align-items: center; gap: 6px; background: rgba(255, 255, 255, 0.05); padding: 6px 10px; border-radius: 12px; border: 1px solid rgba(255, 255, 255, 0.08);"[39m
              [36m>[39m
                [36m<svg[39m
                  [33maria-hidden[39m=[32m"true"[39m
                  [33mclass[39m=[32m"lucide lucide-dumbbell"[39m
                  [33mfill[39m=[32m"none"[39m
                  [33mheight[39m=[32m"16"[39m
                  [33mstroke[39m=[32m"var(--primary-color)"[39m
                  [33mstroke-linecap[39m=[32m"round"[39m
                  [33mstroke-linejoin[39m=[32m"round"[39m
                  [33mstroke-width[39m=[32m"2"[39m
                  [33mviewBox[39m=[32m"0 0 24 24"[39m
                  [33mwidth[39m=[32m"16"[39m
                  [33mxmlns[39m=[32m"http://www.w3.org/2000/svg"[39m
                [36m>[39m
                  [36m<path[39m
                    [33md[39m=[32m"M17.596 12.768a2 2 0 1 0 2.829-2.829l-1.768-1.767a2 2 0 0 0 2.828-2.829l-2.828-2.828a2 2 0 0 0-2.829 2.828l-1.767-1.768a2 2 0 1 0-2.829 2.829z"[39m
                  [36m/>[39m
                  [36m<path[39m
                    [33md[39m=[32m"m2.5 21.5 1.4-1.4"[39m
                  [36m/>[39m
                  [36m<path[39m
                    [33md[39m=[32m"m20.1 3.9 1.4-1.4"[39m
                  [36m/>[39m
                  [36m<path[39m
                    [33md[39m=[32m"M5.343 21.485a2 2 0 1 0 2.829-2.828l1.767 1.768a2 2 0 1 0 2.829-2.829l-6.364-6.364a2 2 0 1 0-2.829 2.829l1.768 1.767a2 2 0 0 0-2.828 2.829z"[39m
                  [36m/>[39m
                  [36m<path[39m
                    [33md[39m=[32m"m9.6 14.4 4.8-4.8"[39m
                  [36m/>[39m
                [36m</svg>[39m
                [36m<span[39m
                  [33mstyle[39m=[32m"font-size: 0.9rem; font-weight: bold; color: var(--text-main);"[39m
                [36m>[39m
                  [0m1[0m
                [36m</span>[39m
                [36m<span[39m
                  [33mstyle[39m=[32m"font-size: 0.7rem; color: var(--text-muted); margin-left: 2px;"[39m
                [36m>[39m
                  [0mSessioni[0m
                [36m</span>[39m
              [36m</div>[39m
            [36m</div>[39m
          [36m</div>[39m
        [36m</div>[39m
        [36m<div[39m
          [33mclass[39m=[32m"card bento-full"[39m
          [33mstyle[39m=[32m"padding: 0px; margin: 0px;"[39m
        [36m>[39m
          [36m<div[39m
            [33mstyle[39m=[32m"padding: 20px; cursor: pointer;"[39m
          [36m>[39m
            [36m<div[39m
              [33mstyle[39m=[32m"display: flex; justify-content: space-between; align-items: center; margin-bottom: 20px;"[39m
            [36m>[39m
              [36m<h2[39m
                [33mstyle[39m=[32m"margin: 0px; font-size: 1.2rem; color: var(--text-main); display: flex; align-items: center; gap: 8px;"[39m
              [36m>[39m
                [36m<svg[39m
                  [33maria-hidden[39m=[32m"true"[39m
                  [33mclass[39m=[32m"lucide lucide-utensils"[39m
                  [33mfill[39m=[32m"none"[39m
                  [33mheight[39m=[32m"20"[39m
                  [33mstroke[39m=[32m"var(--primary-color)"[39m
                  [33mstroke-linecap[39m=[32m"round"[39m
                  [33mstroke-linejoin[39m=[32m"round"[39m
                  [33mstroke-width[39m=[32m"2"[39m
                  [33mviewBox[39m=[32m"0 0 24 24"[39m
                  [33mwidth[39m=[32m"20"[39m
                  [33mxmlns[39m=[32m"http://www.w3.org/2000/svg"[39m
                [36m>[39m
                  [36m<path[39m
                    [33md[39m=[32m"M3 2v7c0 1.1.9 2 2 2h4a2 2 0 0 0 2-2V2"[39m
                  [36m/>[39m
                  [36m<path[39m
                    [33md[39m=[32m"M7 2v20"[39m
                  [36m/>[39m
                  [...
[90m [2m❯[22m Object.getElementError node_modules/@testing-library/dom/dist/config.js:[2m37:19[22m[39m
[90m [2m❯[22m node_modules/@testing-library/dom/dist/query-helpers.js:[2m76:38[22m[39m
[90m [2m❯[22m node_modules/@testing-library/dom/dist/query-helpers.js:[2m52:17[22m[39m
[90m [2m❯[22m node_modules/@testing-library/dom/dist/query-helpers.js:[2m95:19[22m[39m
[36m [2m❯[22m tests/render.test.tsx:[2m36:19[22m[39m
    [90m 34|[39m     const { container } = renderWithProviders(<HomeView onNavigate={on…
    [90m 35|[39m     [34mexpect[39m(container[33m.[39m[34mquerySelector[39m([32m'#view-home'[39m))[33m.[39mnot[33m.[39m[34mtoBeNull[39m()[33m;[39m
    [90m 36|[39m     [34mexpect[39m(screen[33m.[39m[34mgetByText[39m([36m/Panoramica di Oggi/i[39m))[33m.[39m[34mtoBeDefined[39m()[33m;[39m
    [90m   |[39m                   [31m^[39m
    [90m 37|[39m   })[33m;[39m
    [90m 38|[39m

[31m[2m⎯⎯⎯⎯⎯⎯⎯⎯⎯⎯⎯⎯⎯⎯⎯⎯⎯⎯⎯⎯⎯[28/101]⎯[22m[39m

[41m[1m FAIL [22m[49m tests/training_planning.test.tsx[2m > [22mTraining Planning & Volume Calculations[2m > [22mTrainingPlanning UI Component[2m > [22mallows opening cycle editor and creating a new cycle
[31m[1mTestingLibraryElementError[22m[39m: Unable to find an element with the text: ➕ Nuovo ciclo. This could be because the text is broken up by multiple elements. In this case, you can provide a function for your text matcher to make your matcher more flexible.

Ignored nodes: comments, script, style
[36m<body>[39m
  [36m<div>[39m
    [36m<div>[39m
      [36m<div[39m
        [33mclass[39m=[32m"section-divider"[39m
      [36m>[39m
        [36m<div[39m
          [33mclass[39m=[32m"flex-between items-center"[39m
        [36m>[39m
          [36m<div>[39m
            [36m<h1[39m
              [33mclass[39m=[32m"m-0"[39m
              [33mstyle[39m=[32m"color: var(--primary-color); font-size: 1.4rem;"[39m
            [36m>[39m
              [0m🎯 Pianificazione[0m
            [36m</h1>[39m
            [36m<p[39m
              [33mclass[39m=[32m"text-muted text-sm m-0 mt-4"[39m
            [36m>[39m
              [0mPeriodizzazione, split settimanale e volume muscolare[0m
            [36m</p>[39m
          [36m</div>[39m
          [36m<button[39m
            [33mclass[39m=[32m"btn btn-primary"[39m
            [33mstyle[39m=[32m"margin-bottom: 0px; padding: 8px 16px; font-size: 0.9rem;"[39m
            [33mtype[39m=[32m"button"[39m
          [36m>[39m
            [36m<span[39m
              [33maria-hidden[39m=[32m"true"[39m
            [36m>[39m
              [0m➕[0m
            [36m</span>[39m
            [0m Nuovo ciclo[0m
          [36m</button>[39m
        [36m</div>[39m
      [36m</div>[39m
      [36m<div[39m
        [33mclass[39m=[32m"section-divider"[39m
      [36m>[39m
        [36m<div[39m
          [33mclass[39m=[32m"flex-between items-start mb-15 pb-15 border-b"[39m
        [36m>[39m
          [36m<div>[39m
            [36m<h2[39m
              [33mclass[39m=[32m"m-0 text-white"[39m
              [33mstyle[39m=[32m"font-size: 1.4rem;"[39m
            [36m>[39m
              [0mMesociclo Massa[0m
            [36m</h2>[39m
            [36m<div[39m
              [33mstyle[39m=[32m"display: flex; flex-direction: column; gap: 4px; margin-top: 10px;"[39m
            [36m>[39m
              [36m<span[39m
                [33mstyle[39m=[32m"font-size: 0.9rem; color: var(--primary-color); font-weight: bold;"[39m
              [36m>[39m
                [0m8[0m
                [0m settimane[0m
              [36m</span>[39m
              [36m<div[39m
                [33mstyle[39m=[32m"font-size: 0.85rem; color: var(--text-muted);"[39m
              [36m>[39m
                [0m3[0m
                [0m sessioni • [0m
                [0m21[0m
                [0m serie / sett.[0m
              [36m</div>[39m
            [36m</div>[39m
          [36m</div>[39m
          [36m<div[39m
            [33mstyle[39m=[32m"display: flex; flex-direction: column; align-items: flex-end; gap: 8px;"[39m
          [36m>[39m
            [36m<span[39m
              [33mclass[39m=[32m"text-sm text-muted font-bold uppercase tracking-wider block"[39m
            [36m>[39m
              [0mCiclo attivo[0m
            [36m</span>[39m
            [36m<button[39m
              [33mclass[39m=[32m"btn btn-secondary"[39m
              [33mstyle[39m=[32m"padding: 6px 12px; font-size: 0.85rem; margin-bottom: 0px; color: var(--text-main); border: 1px solid var(--glass-border);"[39m
              [33mtitle[39m=[32m"Disattiva ciclo attivo"[39m
              [33mtype[39m=[32m"button"[39m
            [36m>[39m
              [36m<span[39m
                [33maria-hidden[39m=[32m"true"[39m
              [36m>[39m
                [0m⏸️[0m
              [36m</span>[39m
              [0m Disattiva[0m
            [36m</button>[39m
          [36m</div>[39m
        [36m</div>[39m
        [36m<p[39m
          [33mclass[39m=[32m"text-xs text-muted mb-15"[39m
          [33mstyle[39m=[32m"font-style: italic;"[39m
        [36m>[39m
          [0m"[0m
          [0mFocus petto e spalle[0m
          [0m"[0m
        [36m</p>[39m
        [36m<div[39m
          [33mclass[39m=[32m"mb-15 flex-center w-full flex-col"[39m
        [36m>[39m
          [36m<div[39m
            [33mstyle[39m=[32m"font-size: 0.8rem; color: var(--text-muted); margin-bottom: 8px; font-weight: bold;"[39m
          [36m>[39m
            [0mMappa muscolare del ciclo settimanale[0m
          [36m</div>[39m
          [36m<div[39m
            [33mstyle[39m=[32m"width: 100%; max-width: 400px; display: flex; justify-content: center;"[39m
          [36m>[39m
            [36m<div[39m
              [33mclass[39m=[32m"muscle-map-container "[39m
              [33mstyle[39m=[32m"position: relative; width: 100%; padding: 30px 0px 10px; margin: 0px auto; overflow: hidden; text-align: center;"[39m
            [36m>[39m
              [36m<svg[39m
                [33mstyle[39m=[32m"width: 100%; height: auto; background-color: transparent; border-radius: 0px; overflow: visible;"[39m
                [33mviewBox[39m=[32m"0 5 70 89"[39m
              [36m>[39m
                [36m<defs>[39m
                  [36m<pattern[39m
                    [33mheight[39m=[32m"10"[39m
                    [33mid[39m=[32m"textured_black_pattern"[39m
                    [33mpatternUnits[39m=[32m"userSpaceOnUse"[39m
                    [33mwidth[39m=[32m"10"[39m
                  [36m>[39m
                    [36m<rect[39m
                      [33mfill[39m=[32m"#222"[39m
                      [33mheight[39m=[32m"10"[39m
                      [33mwidth[39m=[32m"10"[39m
                    [36m/>[39m
                    [36m<circle[39m
                      [33mcx[39m=[32m"5"[39m
                      [33mcy[39m=[32m"5"[39m
                      [33mfill[39m=[32m"#444"[39m
                      [33mr[39m=[32m"1"[39m
                    [36m/>[39m
                  [36m</pattern>[39m
                [36m</defs>[39m
                [36m<g[39m
                  [33mfill[39m=[32m"transparent"[39m
                  [33mid[39m=[32m"figures"[39m
                  [33mstroke[39m=[32m"#CCCCCC"[39m
                  [33mstroke-width[39m=[32m"0.3"[39m
                [36m>[39m
                  [36m<path[39m
                    [33md[39m=[32m"m 11.671635,6.3585449 -0.0482,-2.59085 4.20648,-2.46806 4.42769,2.95361 -0.0405,1.94408 0.24197,-3.34467 -2.03129,-2.31103004 -2.84508,-0.51629 -2.20423,0.52915 -1.9363,2.63077004 z"[39m
                    [33mid[39m=[32m"head"[39m
                    [33mstyle[39m=[32m"fill: transparent; transition: all 0.3s ease; cursor: default;"[39m
                  [36m/>[39m
                  [36m<path[39m
                    [33md[39m=[32m"m 19.748825,6.7034949 0.0203,-2.20747 -3.96689,-2.7637 -3.74099,2.23559 -0.006,2.63528 -0.60741,0.0403 0.27408,1.82447 0.97635,0.33932 0.44244,2.1802901 1.82222,2.06556 2.03518,-0.0607 1.79223,-1.94408 0.35957,-2.2406601 0.97616,-0.33932 0.25159,-1.78416 z"[39m
                    [33mid[39m=[32m"face"[39m
                    [33mstyle[39m=[...
[90m [2m❯[22m Object.getElementError node_modules/@testing-library/dom/dist/config.js:[2m37:19[22m[39m
[90m [2m❯[22m node_modules/@testing-library/dom/dist/query-helpers.js:[2m76:38[22m[39m
[90m [2m❯[22m node_modules/@testing-library/dom/dist/query-helpers.js:[2m52:17[22m[39m
[90m [2m❯[22m node_modules/@testing-library/dom/dist/query-helpers.js:[2m95:19[22m[39m
[36m [2m❯[22m tests/training_planning.test.tsx:[2m206:35[22m[39m
    [90m204|[39m             [34mrender[39m([33m<[39m[33mTrainingPlanning[39m [33m/[39m[33m>[39m)[33m;[39m
    [90m205|[39m
    [90m206|[39m             [35mconst[39m newBtn [33m=[39m screen[33m.[39m[34mgetByText[39m([32m'➕ Nuovo ciclo'[39m)[33m;[39m
    [90m   |[39m                                   [31m^[39m
    [90m207|[39m             fireEvent[33m.[39m[34mclick[39m(newBtn)[33m;[39m
    [90m208|[39m

[31m[2m⎯⎯⎯⎯⎯⎯⎯⎯⎯⎯⎯⎯⎯⎯⎯⎯⎯⎯⎯⎯⎯[29/101]⎯[22m[39m

[41m[1m FAIL [22m[49m tests/training_planning.test.tsx[2m > [22mTraining Planning & Volume Calculations[2m > [22mTrainingPlanning UI Component[2m > [22mscrolls to top and opens editor when clicking Modifica on a cycle
[31m[1mTestingLibraryElementError[22m[39m: Unable to find an element with the text: ✏️ Modifica. This could be because the text is broken up by multiple elements. In this case, you can provide a function for your text matcher to make your matcher more flexible.

Ignored nodes: comments, script, style
[36m<body>[39m
  [36m<div>[39m
    [36m<div>[39m
      [36m<div[39m
        [33mclass[39m=[32m"section-divider"[39m
      [36m>[39m
        [36m<div[39m
          [33mclass[39m=[32m"flex-between items-center"[39m
        [36m>[39m
          [36m<div>[39m
            [36m<h1[39m
              [33mclass[39m=[32m"m-0"[39m
              [33mstyle[39m=[32m"color: var(--primary-color); font-size: 1.4rem;"[39m
            [36m>[39m
              [0m🎯 Pianificazione[0m
            [36m</h1>[39m
            [36m<p[39m
              [33mclass[39m=[32m"text-muted text-sm m-0 mt-4"[39m
            [36m>[39m
              [0mPeriodizzazione, split settimanale e volume muscolare[0m
            [36m</p>[39m
          [36m</div>[39m
          [36m<button[39m
            [33mclass[39m=[32m"btn btn-primary"[39m
            [33mstyle[39m=[32m"margin-bottom: 0px; padding: 8px 16px; font-size: 0.9rem;"[39m
            [33mtype[39m=[32m"button"[39m
          [36m>[39m
            [36m<span[39m
              [33maria-hidden[39m=[32m"true"[39m
            [36m>[39m
              [0m➕[0m
            [36m</span>[39m
            [0m Nuovo ciclo[0m
          [36m</button>[39m
        [36m</div>[39m
      [36m</div>[39m
      [36m<div[39m
        [33mclass[39m=[32m"section-divider"[39m
      [36m>[39m
        [36m<div[39m
          [33mclass[39m=[32m"flex-between items-start mb-15 pb-15 border-b"[39m
        [36m>[39m
          [36m<div>[39m
            [36m<h2[39m
              [33mclass[39m=[32m"m-0 text-white"[39m
              [33mstyle[39m=[32m"font-size: 1.4rem;"[39m
            [36m>[39m
              [0mMesociclo Massa[0m
            [36m</h2>[39m
            [36m<div[39m
              [33mstyle[39m=[32m"display: flex; flex-direction: column; gap: 4px; margin-top: 10px;"[39m
            [36m>[39m
              [36m<span[39m
                [33mstyle[39m=[32m"font-size: 0.9rem; color: var(--primary-color); font-weight: bold;"[39m
              [36m>[39m
                [0m8[0m
                [0m settimane[0m
              [36m</span>[39m
              [36m<div[39m
                [33mstyle[39m=[32m"font-size: 0.85rem; color: var(--text-muted);"[39m
              [36m>[39m
                [0m3[0m
                [0m sessioni • [0m
                [0m21[0m
                [0m serie / sett.[0m
              [36m</div>[39m
            [36m</div>[39m
          [36m</div>[39m
          [36m<div[39m
            [33mstyle[39m=[32m"display: flex; flex-direction: column; align-items: flex-end; gap: 8px;"[39m
          [36m>[39m
            [36m<span[39m
              [33mclass[39m=[32m"text-sm text-muted font-bold uppercase tracking-wider block"[39m
            [36m>[39m
              [0mCiclo attivo[0m
            [36m</span>[39m
            [36m<button[39m
              [33mclass[39m=[32m"btn btn-secondary"[39m
              [33mstyle[39m=[32m"padding: 6px 12px; font-size: 0.85rem; margin-bottom: 0px; color: var(--text-main); border: 1px solid var(--glass-border);"[39m
              [33mtitle[39m=[32m"Disattiva ciclo attivo"[39m
              [33mtype[39m=[32m"button"[39m
            [36m>[39m
              [36m<span[39m
                [33maria-hidden[39m=[32m"true"[39m
              [36m>[39m
                [0m⏸️[0m
              [36m</span>[39m
              [0m Disattiva[0m
            [36m</button>[39m
          [36m</div>[39m
        [36m</div>[39m
        [36m<p[39m
          [33mclass[39m=[32m"text-xs text-muted mb-15"[39m
          [33mstyle[39m=[32m"font-style: italic;"[39m
        [36m>[39m
          [0m"[0m
          [0mFocus petto e spalle[0m
          [0m"[0m
        [36m</p>[39m
        [36m<div[39m
          [33mclass[39m=[32m"mb-15 flex-center w-full flex-col"[39m
        [36m>[39m
          [36m<div[39m
            [33mstyle[39m=[32m"font-size: 0.8rem; color: var(--text-muted); margin-bottom: 8px; font-weight: bold;"[39m
          [36m>[39m
            [0mMappa muscolare del ciclo settimanale[0m
          [36m</div>[39m
          [36m<div[39m
            [33mstyle[39m=[32m"width: 100%; max-width: 400px; display: flex; justify-content: center;"[39m
          [36m>[39m
            [36m<div[39m
              [33mclass[39m=[32m"muscle-map-container "[39m
              [33mstyle[39m=[32m"position: relative; width: 100%; padding: 30px 0px 10px; margin: 0px auto; overflow: hidden; text-align: center;"[39m
            [36m>[39m
              [36m<svg[39m
                [33mstyle[39m=[32m"width: 100%; height: auto; background-color: transparent; border-radius: 0px; overflow: visible;"[39m
                [33mviewBox[39m=[32m"0 5 70 89"[39m
              [36m>[39m
                [36m<defs>[39m
                  [36m<pattern[39m
                    [33mheight[39m=[32m"10"[39m
                    [33mid[39m=[32m"textured_black_pattern"[39m
                    [33mpatternUnits[39m=[32m"userSpaceOnUse"[39m
                    [33mwidth[39m=[32m"10"[39m
                  [36m>[39m
                    [36m<rect[39m
                      [33mfill[39m=[32m"#222"[39m
                      [33mheight[39m=[32m"10"[39m
                      [33mwidth[39m=[32m"10"[39m
                    [36m/>[39m
                    [36m<circle[39m
                      [33mcx[39m=[32m"5"[39m
                      [33mcy[39m=[32m"5"[39m
                      [33mfill[39m=[32m"#444"[39m
                      [33mr[39m=[32m"1"[39m
                    [36m/>[39m
                  [36m</pattern>[39m
                [36m</defs>[39m
                [36m<g[39m
                  [33mfill[39m=[32m"transparent"[39m
                  [33mid[39m=[32m"figures"[39m
                  [33mstroke[39m=[32m"#CCCCCC"[39m
                  [33mstroke-width[39m=[32m"0.3"[39m
                [36m>[39m
                  [36m<path[39m
                    [33md[39m=[32m"m 11.671635,6.3585449 -0.0482,-2.59085 4.20648,-2.46806 4.42769,2.95361 -0.0405,1.94408 0.24197,-3.34467 -2.03129,-2.31103004 -2.84508,-0.51629 -2.20423,0.52915 -1.9363,2.63077004 z"[39m
                    [33mid[39m=[32m"head"[39m
                    [33mstyle[39m=[32m"fill: transparent; transition: all 0.3s ease; cursor: default;"[39m
                  [36m/>[39m
                  [36m<path[39m
                    [33md[39m=[32m"m 19.748825,6.7034949 0.0203,-2.20747 -3.96689,-2.7637 -3.74099,2.23559 -0.006,2.63528 -0.60741,0.0403 0.27408,1.82447 0.97635,0.33932 0.44244,2.1802901 1.82222,2.06556 2.03518,-0.0607 1.79223,-1.94408 0.35957,-2.2406601 0.97616,-0.33932 0.25159,-1.78416 z"[39m
                    [33mid[39m=[32m"face"[39m
                    [33mstyle[39m=[...
[90m [2m❯[22m Object.getElementError node_modules/@testing-library/dom/dist/config.js:[2m37:19[22m[39m
[90m [2m❯[22m node_modules/@testing-library/dom/dist/query-helpers.js:[2m76:38[22m[39m
[90m [2m❯[22m node_modules/@testing-library/dom/dist/query-helpers.js:[2m109:15[22m[39m
[36m [2m❯[22m tests/training_planning.test.tsx:[2m243:37[22m[39m
    [90m241|[39m             [34mrender[39m([33m<[39m[33mTrainingPlanning[39m [33m/[39m[33m>[39m)[33m;[39m
    [90m242|[39m
    [90m243|[39m             [35mconst[39m editBtns [33m=[39m screen[33m.[39m[34mgetAllByText[39m([32m'✏️ Modifica'[39m)[33m;[39m
    [90m   |[39m                                     [31m^[39m
    [90m244|[39m             fireEvent[33m.[39m[34mclick[39m(editBtns[[34m0[39m])[33m;[39m
    [90m245|[39m

[31m[2m⎯⎯⎯⎯⎯⎯⎯⎯⎯⎯⎯⎯⎯⎯⎯⎯⎯⎯⎯⎯⎯[30/101]⎯[22m[39m

[41m[1m FAIL [22m[49m tests/training_planning.test.tsx[2m > [22mTraining Planning & Volume Calculations[2m > [22mTrainingPlanning UI Component[2m > [22msupports activating and deactivating a training cycle
[31m[1mTestingLibraryElementError[22m[39m: Unable to find an element with the text: ⏸️ Disattiva ciclo. This could be because the text is broken up by multiple elements. In this case, you can provide a function for your text matcher to make your matcher more flexible.

Ignored nodes: comments, script, style
[36m<body>[39m
  [36m<div>[39m
    [36m<div>[39m
      [36m<div[39m
        [33mclass[39m=[32m"section-divider"[39m
      [36m>[39m
        [36m<div[39m
          [33mclass[39m=[32m"flex-between items-center"[39m
        [36m>[39m
          [36m<div>[39m
            [36m<h1[39m
              [33mclass[39m=[32m"m-0"[39m
              [33mstyle[39m=[32m"color: var(--primary-color); font-size: 1.4rem;"[39m
            [36m>[39m
              [0m🎯 Pianificazione[0m
            [36m</h1>[39m
            [36m<p[39m
              [33mclass[39m=[32m"text-muted text-sm m-0 mt-4"[39m
            [36m>[39m
              [0mPeriodizzazione, split settimanale e volume muscolare[0m
            [36m</p>[39m
          [36m</div>[39m
          [36m<button[39m
            [33mclass[39m=[32m"btn btn-primary"[39m
            [33mstyle[39m=[32m"margin-bottom: 0px; padding: 8px 16px; font-size: 0.9rem;"[39m
            [33mtype[39m=[32m"button"[39m
          [36m>[39m
            [36m<span[39m
              [33maria-hidden[39m=[32m"true"[39m
            [36m>[39m
              [0m➕[0m
            [36m</span>[39m
            [0m Nuovo ciclo[0m
          [36m</button>[39m
        [36m</div>[39m
      [36m</div>[39m
      [36m<div[39m
        [33mclass[39m=[32m"section-divider"[39m
      [36m>[39m
        [36m<div[39m
          [33mclass[39m=[32m"flex-between items-start mb-15 pb-15 border-b"[39m
        [36m>[39m
          [36m<div>[39m
            [36m<h2[39m
              [33mclass[39m=[32m"m-0 text-white"[39m
              [33mstyle[39m=[32m"font-size: 1.4rem;"[39m
            [36m>[39m
              [0mMesociclo Massa[0m
            [36m</h2>[39m
            [36m<div[39m
              [33mstyle[39m=[32m"display: flex; flex-direction: column; gap: 4px; margin-top: 10px;"[39m
            [36m>[39m
              [36m<span[39m
                [33mstyle[39m=[32m"font-size: 0.9rem; color: var(--primary-color); font-weight: bold;"[39m
              [36m>[39m
                [0m8[0m
                [0m settimane[0m
              [36m</span>[39m
              [36m<div[39m
                [33mstyle[39m=[32m"font-size: 0.85rem; color: var(--text-muted);"[39m
              [36m>[39m
                [0m3[0m
                [0m sessioni • [0m
                [0m21[0m
                [0m serie / sett.[0m
              [36m</div>[39m
            [36m</div>[39m
          [36m</div>[39m
          [36m<div[39m
            [33mstyle[39m=[32m"display: flex; flex-direction: column; align-items: flex-end; gap: 8px;"[39m
          [36m>[39m
            [36m<span[39m
              [33mclass[39m=[32m"text-sm text-muted font-bold uppercase tracking-wider block"[39m
            [36m>[39m
              [0mCiclo attivo[0m
            [36m</span>[39m
            [36m<button[39m
              [33mclass[39m=[32m"btn btn-secondary"[39m
              [33mstyle[39m=[32m"padding: 6px 12px; font-size: 0.85rem; margin-bottom: 0px; color: var(--text-main); border: 1px solid var(--glass-border);"[39m
              [33mtitle[39m=[32m"Disattiva ciclo attivo"[39m
              [33mtype[39m=[32m"button"[39m
            [36m>[39m
              [36m<span[39m
                [33maria-hidden[39m=[32m"true"[39m
              [36m>[39m
                [0m⏸️[0m
              [36m</span>[39m
              [0m Disattiva[0m
            [36m</button>[39m
          [36m</div>[39m
        [36m</div>[39m
        [36m<p[39m
          [33mclass[39m=[32m"text-xs text-muted mb-15"[39m
          [33mstyle[39m=[32m"font-style: italic;"[39m
        [36m>[39m
          [0m"[0m
          [0mFocus petto e spalle[0m
          [0m"[0m
        [36m</p>[39m
        [36m<div[39m
          [33mclass[39m=[32m"mb-15 flex-center w-full flex-col"[39m
        [36m>[39m
          [36m<div[39m
            [33mstyle[39m=[32m"font-size: 0.8rem; color: var(--text-muted); margin-bottom: 8px; font-weight: bold;"[39m
          [36m>[39m
            [0mMappa muscolare del ciclo settimanale[0m
          [36m</div>[39m
          [36m<div[39m
            [33mstyle[39m=[32m"width: 100%; max-width: 400px; display: flex; justify-content: center;"[39m
          [36m>[39m
            [36m<div[39m
              [33mclass[39m=[32m"muscle-map-container "[39m
              [33mstyle[39m=[32m"position: relative; width: 100%; padding: 30px 0px 10px; margin: 0px auto; overflow: hidden; text-align: center;"[39m
            [36m>[39m
              [36m<svg[39m
                [33mstyle[39m=[32m"width: 100%; height: auto; background-color: transparent; border-radius: 0px; overflow: visible;"[39m
                [33mviewBox[39m=[32m"0 5 70 89"[39m
              [36m>[39m
                [36m<defs>[39m
                  [36m<pattern[39m
                    [33mheight[39m=[32m"10"[39m
                    [33mid[39m=[32m"textured_black_pattern"[39m
                    [33mpatternUnits[39m=[32m"userSpaceOnUse"[39m
                    [33mwidth[39m=[32m"10"[39m
                  [36m>[39m
                    [36m<rect[39m
                      [33mfill[39m=[32m"#222"[39m
                      [33mheight[39m=[32m"10"[39m
                      [33mwidth[39m=[32m"10"[39m
                    [36m/>[39m
                    [36m<circle[39m
                      [33mcx[39m=[32m"5"[39m
                      [33mcy[39m=[32m"5"[39m
                      [33mfill[39m=[32m"#444"[39m
                      [33mr[39m=[32m"1"[39m
                    [36m/>[39m
                  [36m</pattern>[39m
                [36m</defs>[39m
                [36m<g[39m
                  [33mfill[39m=[32m"transparent"[39m
                  [33mid[39m=[32m"figures"[39m
                  [33mstroke[39m=[32m"#CCCCCC"[39m
                  [33mstroke-width[39m=[32m"0.3"[39m
                [36m>[39m
                  [36m<path[39m
                    [33md[39m=[32m"m 11.671635,6.3585449 -0.0482,-2.59085 4.20648,-2.46806 4.42769,2.95361 -0.0405,1.94408 0.24197,-3.34467 -2.03129,-2.31103004 -2.84508,-0.51629 -2.20423,0.52915 -1.9363,2.63077004 z"[39m
                    [33mid[39m=[32m"head"[39m
                    [33mstyle[39m=[32m"fill: transparent; transition: all 0.3s ease; cursor: default;"[39m
                  [36m/>[39m
                  [36m<path[39m
                    [33md[39m=[32m"m 19.748825,6.7034949 0.0203,-2.20747 -3.96689,-2.7637 -3.74099,2.23559 -0.006,2.63528 -0.60741,0.0403 0.27408,1.82447 0.97635,0.33932 0.44244,2.1802901 1.82222,2.06556 2.03518,-0.0607 1.79223,-1.94408 0.35957,-2.2406601 0.97616,-0.33932 0.25159,-1.78416 z"[39m
                    [33mid[39m=[32m"face"[39m
                    [33mstyle[39m=[...
[90m [2m❯[22m Object.getElementError node_modules/@testing-library/dom/dist/config.js:[2m37:19[22m[39m
[90m [2m❯[22m node_modules/@testing-library/dom/dist/query-helpers.js:[2m76:38[22m[39m
[90m [2m❯[22m node_modules/@testing-library/dom/dist/query-helpers.js:[2m52:17[22m[39m
[90m [2m❯[22m node_modules/@testing-library/dom/dist/query-helpers.js:[2m95:19[22m[39m
[36m [2m❯[22m tests/training_planning.test.tsx:[2m255:42[22m[39m
    [90m253|[39m
    [90m254|[39m             [90m// Check deactivation button[39m
    [90m255|[39m             const deactivateBtn = screen.getByText('⏸️ Disattiva ciclo…
    [90m   |[39m                                          [31m^[39m
    [90m256|[39m             fireEvent[33m.[39m[34mclick[39m(deactivateBtn)[33m;[39m
    [90m257|[39m

[31m[2m⎯⎯⎯⎯⎯⎯⎯⎯⎯⎯⎯⎯⎯⎯⎯⎯⎯⎯⎯⎯⎯[31/101]⎯[22m[39m

[41m[1m FAIL [22m[49m tests/training_planning.test.tsx[2m > [22mTraining Planning & Volume Calculations[2m > [22mTrainingPlanning UI Component[2m > [22mrenders "Avvia sessione pianificata" in TrainingSession and starts planned routine
[31m[1mTestingLibraryElementError[22m[39m: Unable to find an element with the text: /🏋️ Avvia Spinta \(Push\) \(Seduta #/i. This could be because the text is broken up by multiple elements. In this case, you can provide a function for your text matcher to make your matcher more flexible.

Ignored nodes: comments, script, style
[36m<body>[39m
  [36m<div>[39m
    [36m<div[39m
      [33mclass[39m=[32m"tab-pane active fade-in"[39m
      [33mid[39m=[32m"train-session"[39m
    [36m>[39m
      [36m<div[39m
        [33mclass[39m=[32m"section-divider"[39m
      [36m>[39m
        [36m<div[39m
          [33mclass[39m=[32m"flex-between items-center mb-10 pb-8 border-b"[39m
        [36m>[39m
          [36m<div>[39m
            [36m<span[39m
              [33mclass[39m=[32m"text-xs text-primary font-bold uppercase tracking-wider block"[39m
            [36m>[39m
              [0mProgrammazione[0m
            [36m</span>[39m
            [36m<h2[39m
              [33mclass[39m=[32m"m-0 text-white"[39m
              [33mstyle[39m=[32m"font-size: 1.15rem;"[39m
            [36m>[39m
              [0m🎯 Avvia sessione pianificata[0m
            [36m</h2>[39m
          [36m</div>[39m
          [36m<span[39m
            [33mstyle[39m=[32m"font-size: 0.75rem; font-weight: bold; padding: 3px 10px; border-radius: 12px; background: var(--primary-color); color: rgb(0, 0, 0);"[39m
          [36m>[39m
            [0mMesociclo Massa[0m
          [36m</span>[39m
        [36m</div>[39m
        [36m<div>[39m
          [36m<div[39m
            [33mstyle[39m=[32m"padding: 12px; background: rgba(14, 165, 233, 0.1); border: 1px solid rgba(14, 165, 233, 0.3); border-radius: 8px; margin-bottom: 15px;"[39m
          [36m>[39m
            [36m<div[39m
              [33mclass[39m=[32m"flex-between items-center mb-6"[39m
            [36m>[39m
              [36m<span[39m
                [33mstyle[39m=[32m"font-size: 0.75rem; color: var(--primary-color); font-weight: bold; text-transform: uppercase; letter-spacing: 0.5px;"[39m
              [36m>[39m
                [0mProssima in programma[0m
              [36m</span>[39m
              [36m<span[39m
                [33mstyle[39m=[32m"font-size: 0.75rem; color: var(--text-muted);"[39m
              [36m>[39m
                [0mSeduta #[0m
                [0m1[0m
                [0m di [0m
                [0m24[0m
              [36m</span>[39m
            [36m</div>[39m
            [36m<div[39m
              [33mclass[39m=[32m"flex-between items-center mb-10"[39m
            [36m>[39m
              [36m<div>[39m
                [36m<div[39m
                  [33mstyle[39m=[32m"font-size: 1.2rem; font-weight: bold; color: rgb(255, 255, 255);"[39m
                [36m>[39m
                  [0mSpinta (Push)[0m
                [36m</div>[39m
                [36m<div[39m
                  [33mstyle[39m=[32m"font-size: 0.8rem; color: var(--text-muted);"[39m
                [36m>[39m
                  [0mRotazione [0m
                  [0m1[0m
                  [0m • Scheda [0m
                  [0m1[0m
                  [0m di [0m
                  [0m2[0m
                  [0m • [0m
                  [0m2[0m
                  [0m esercizi[0m
                [36m</div>[39m
              [36m</div>[39m
            [36m</div>[39m
            [36m<button[39m
              [33mclass[39m=[32m"btn btn-primary"[39m
              [33mstyle[39m=[32m"width: 100%; margin-bottom: 0px; font-weight: bold;"[39m
              [33mtype[39m=[32m"button"[39m
            [36m>[39m
              [36m<span[39m
                [33maria-hidden[39m=[32m"true"[39m
              [36m>[39m
                [0m🏋️[0m
              [36m</span>[39m
              [0m Avvia [0m
              [0mSpinta (Push)[0m
              [0m (Seduta #[0m
              [0m1[0m
              [0m)[0m
            [36m</button>[39m
          [36m</div>[39m
          [36m<div[39m
            [33mclass[39m=[32m"border-t pt-10"[39m
          [36m>[39m
            [36m<label[39m
              [33mclass[39m=[32m"text-xs text-muted font-bold block mb-6"[39m
              [33mfor[39m=[32m"rotation-routine-select"[39m
            [36m>[39m
              [0mOppure scegli un'altra scheda della rotazione:[0m
            [36m</label>[39m
            [36m<div[39m
              [33mclass[39m=[32m"form-group mb-10"[39m
            [36m>[39m
              [36m<select[39m
                [33maria-label[39m=[32m"Seleziona scheda della rotazione"[39m
                [33mclass[39m=[32m"w-full p-10 bg-surface text-white border-b rounded-8"[39m
                [33mid[39m=[32m"rotation-routine-select"[39m
                [33mstyle[39m=[32m"font-size: 16px; box-sizing: border-box; max-width: 100%; display: block; appearance: none;"[39m
              [36m>[39m
                [36m<option[39m
                  [33mvalue[39m=[32m""[39m
                [36m>[39m
                  [0m+ Seleziona scheda della rotazione[0m
                [36m</option>[39m
                [36m<option[39m
                  [33mvalue[39m=[32m"r_push"[39m
                [36m>[39m
                  [0mA[0m
                  [0m. [0m
                  [0mSpinta (Push)[0m
                  [0m (Posizione [0m
                  [0m1[0m
                  [0m/[0m
                  [0m2[0m
                  [0m • [0m
                  [0m2[0m
                  [0m es.)[0m
                [36m</option>[39m
                [36m<option[39m
                  [33mvalue[39m=[32m"r_pull"[39m
                [36m>[39m
                  [0mB[0m
                  [0m. [0m
                  [0mTrazione (Pull)[0m
                  [0m (Posizione [0m
                  [0m2[0m
                  [0m/[0m
                  [0m2[0m
                  [0m • [0m
                  [0m2[0m
                  [0m es.)[0m
                [36m</option>[39m
              [36m</select>[39m
            [36m</div>[39m
            [36m<button[39m
              [33mclass[39m=[32m"btn btn-secondary"[39m
              [33mstyle[39m=[32m"width: 100%; margin-bottom: 0px;"[39m
              [33mtype[39m=[32m"button"[39m
            [36m>[39m
              [36m<span[39m
                [33maria-hidden[39m=[32m"true"[39m
              [36m>[39m
                [0m🏋️[0m
              [36m</span>[39m
              [0m Avvia [0m
              [0mSpinta (Push)[0m
            [36m</button>[39m
          [36m</div>[39m
        [36m</div>[39m
      [36m</div>[39m
      [36m<div[39m
        [33mclass[39m=[32m"section-divider-last"[39m
      [36m>[39m
        [36m<div[39m
          [33mclass[39m=[32m"flex-between items-center mb-10 pb-8 border-b"[39m
        [36m>[39m
          [36m<div>[39m
            [36m<h2[39m
              [33mclass[39m=[32m"m-0"[39m
              [33mstyle[39m=[32m"font-size: 1.1rem;"[39m
            [36m>[39m
              [0mAvvia nuova sessione[0m
            [36m</h2>[39m
            [36m<label[39m
              [33mclass[39m=[32m"text-muted text-xs m-0 mt-4 block"[39m
              [33mfor[39m=[32m"archive-routine-select"[39m
            [36m>[39m
              [0mSeleziona liberamente qualsiasi scheda dal tuo archivio[0m
            [36m</label>[39m
          [36m</div>[39m
        [36m</div>[39m
        [36m<div>[39m
          [36m<div[39m
            [33mclass[39m=[32m"form-group mb-12"[39m
          [36m>[39m
            [36m<select[39m
              [33maria-label[39m=[32m"Seleziona scheda dall'archivio"[39m
              [33mclass[39m=[32m"w-full p-10 bg-surface text-white border-b rounded-8"[39m
              [33mid[39m=[32m"archive-routine-select"[39m
              [33mstyle[39m=[32m"font-size: 16px; box-sizing: border-box; max-width: 100%; display: block; appearance: none;"[39m
            [36m>[39m
              [36m<option[39m
                [33mvalue[39m=[32m""[39m
              [36m>[39m
                [0m+ Seleziona scheda[0m
              [36m</option>[39m
              [36m<option[39m
                [33mvalue[39m=[32m"r_push"[39m
              [36m>[39m
                [0mSpinta (Push)[0m
                [0m ([0m
                [0m2[0m
                [0m es.)[0m
              [36m</option>[39m
              [36m<option[39m
                [33mvalue[39m=[32m"r_pull"[39m
              [36m>[39m
                [0mTrazione (Pull)[0m
                [0m ([0m
                [0m2[0m
                [0m es.)[0m
              [36m</option>[39m
              [36m<option[39m
                [33mvalue[39m=[32m"r_legs"[39m
              [36m>[39m
                [0mGambe (Legs)[0m
                [0m ([0m
                [0m1[0m
                [0m es.)[0m
              [36m</option>[39m
            [36m</select>[39m
          [36m</div>[39m
          [36m<button[39m
            [33mclass[39m=[32m"btn btn-secondary"[39m
            [33mstyle[39m=[32m"width: 100%; margin-bottom: 0px;"[39m
            [33mtype[39m=[32m"button"[39m
          [36m>[39m
            [36m<span[39m
              [33maria-hidden[39m=[32m"true"[39m
            [36m>[39m
              [0m🏋️[0m
            [36m</span>[39m
            [0m Inizia allenamento[0m
          [36m</button>[39m
        [36m</div>[39m
      [36m</div>[39m
    [36m</div>[39m
  [36m</div>[39m
[36m</body>[39m
[90m [2m❯[22m Object.getElementError node_modules/@testing-library/dom/dist/config.js:[2m37:19[22m[39m
[90m [2m❯[22m node_modules/@testing-library/dom/dist/query-helpers.js:[2m76:38[22m[39m
[90m [2m❯[22m node_modules/@testing-library/dom/dist/query-helpers.js:[2m52:17[22m[39m
[90m [2m❯[22m node_modules/@testing-library/dom/dist/query-helpers.js:[2m95:19[22m[39m
[36m [2m❯[22m tests/training_planning.test.tsx:[2m278:44[22m[39m
    [90m276|[39m
    [90m277|[39m             [90m// Check next scheduled routine button[39m
    [90m278|[39m             const startPlannedBtn = screen.getByText(/🏋️ Avvia Spinta…
    [90m   |[39m                                            [31m^[39m
    [90m279|[39m             fireEvent[33m.[39m[34mclick[39m(startPlannedBtn)[33m;[39m
    [90m280|[39m

[31m[2m⎯⎯⎯⎯⎯⎯⎯⎯⎯⎯⎯⎯⎯⎯⎯⎯⎯⎯⎯⎯⎯[32/101]⎯[22m[39m

[41m[1m FAIL [22m[49m tests/training_planning.test.tsx[2m > [22mTraining Planning & Volume Calculations[2m > [22mTrainingPlanning UI Component[2m > [22mallows selecting another routine from the rotation dropdown and starting it
[31m[1mTestingLibraryElementError[22m[39m: Unable to find an element with the text: /🏋️ Avvia Trazione \(Pull\)/i. This could be because the text is broken up by multiple elements. In this case, you can provide a function for your text matcher to make your matcher more flexible.

Ignored nodes: comments, script, style
[36m<body>[39m
  [36m<div>[39m
    [36m<div[39m
      [33mclass[39m=[32m"tab-pane active fade-in"[39m
      [33mid[39m=[32m"train-session"[39m
    [36m>[39m
      [36m<div[39m
        [33mclass[39m=[32m"section-divider"[39m
      [36m>[39m
        [36m<div[39m
          [33mclass[39m=[32m"flex-between items-center mb-10 pb-8 border-b"[39m
        [36m>[39m
          [36m<div>[39m
            [36m<span[39m
              [33mclass[39m=[32m"text-xs text-primary font-bold uppercase tracking-wider block"[39m
            [36m>[39m
              [0mProgrammazione[0m
            [36m</span>[39m
            [36m<h2[39m
              [33mclass[39m=[32m"m-0 text-white"[39m
              [33mstyle[39m=[32m"font-size: 1.15rem;"[39m
            [36m>[39m
              [0m🎯 Avvia sessione pianificata[0m
            [36m</h2>[39m
          [36m</div>[39m
          [36m<span[39m
            [33mstyle[39m=[32m"font-size: 0.75rem; font-weight: bold; padding: 3px 10px; border-radius: 12px; background: var(--primary-color); color: rgb(0, 0, 0);"[39m
          [36m>[39m
            [0mMesociclo Massa[0m
          [36m</span>[39m
        [36m</div>[39m
        [36m<div>[39m
          [36m<div[39m
            [33mstyle[39m=[32m"padding: 12px; background: rgba(14, 165, 233, 0.1); border: 1px solid rgba(14, 165, 233, 0.3); border-radius: 8px; margin-bottom: 15px;"[39m
          [36m>[39m
            [36m<div[39m
              [33mclass[39m=[32m"flex-between items-center mb-6"[39m
            [36m>[39m
              [36m<span[39m
                [33mstyle[39m=[32m"font-size: 0.75rem; color: var(--primary-color); font-weight: bold; text-transform: uppercase; letter-spacing: 0.5px;"[39m
              [36m>[39m
                [0mProssima in programma[0m
              [36m</span>[39m
              [36m<span[39m
                [33mstyle[39m=[32m"font-size: 0.75rem; color: var(--text-muted);"[39m
              [36m>[39m
                [0mSeduta #[0m
                [0m1[0m
                [0m di [0m
                [0m24[0m
              [36m</span>[39m
            [36m</div>[39m
            [36m<div[39m
              [33mclass[39m=[32m"flex-between items-center mb-10"[39m
            [36m>[39m
              [36m<div>[39m
                [36m<div[39m
                  [33mstyle[39m=[32m"font-size: 1.2rem; font-weight: bold; color: rgb(255, 255, 255);"[39m
                [36m>[39m
                  [0mSpinta (Push)[0m
                [36m</div>[39m
                [36m<div[39m
                  [33mstyle[39m=[32m"font-size: 0.8rem; color: var(--text-muted);"[39m
                [36m>[39m
                  [0mRotazione [0m
                  [0m1[0m
                  [0m • Scheda [0m
                  [0m1[0m
                  [0m di [0m
                  [0m2[0m
                  [0m • [0m
                  [0m2[0m
                  [0m esercizi[0m
                [36m</div>[39m
              [36m</div>[39m
            [36m</div>[39m
            [36m<button[39m
              [33mclass[39m=[32m"btn btn-primary"[39m
              [33mstyle[39m=[32m"width: 100%; margin-bottom: 0px; font-weight: bold;"[39m
              [33mtype[39m=[32m"button"[39m
            [36m>[39m
              [36m<span[39m
                [33maria-hidden[39m=[32m"true"[39m
              [36m>[39m
                [0m🏋️[0m
              [36m</span>[39m
              [0m Avvia [0m
              [0mSpinta (Push)[0m
              [0m (Seduta #[0m
              [0m1[0m
              [0m)[0m
            [36m</button>[39m
          [36m</div>[39m
          [36m<div[39m
            [33mclass[39m=[32m"border-t pt-10"[39m
          [36m>[39m
            [36m<label[39m
              [33mclass[39m=[32m"text-xs text-muted font-bold block mb-6"[39m
              [33mfor[39m=[32m"rotation-routine-select"[39m
            [36m>[39m
              [0mOppure scegli un'altra scheda della rotazione:[0m
            [36m</label>[39m
            [36m<div[39m
              [33mclass[39m=[32m"form-group mb-10"[39m
            [36m>[39m
              [36m<select[39m
                [33maria-label[39m=[32m"Seleziona scheda della rotazione"[39m
                [33mclass[39m=[32m"w-full p-10 bg-surface text-white border-b rounded-8"[39m
                [33mid[39m=[32m"rotation-routine-select"[39m
                [33mstyle[39m=[32m"font-size: 16px; box-sizing: border-box; max-width: 100%; display: block; appearance: none;"[39m
              [36m>[39m
                [36m<option[39m
                  [33mvalue[39m=[32m""[39m
                [36m>[39m
                  [0m+ Seleziona scheda della rotazione[0m
                [36m</option>[39m
                [36m<option[39m
                  [33mvalue[39m=[32m"r_push"[39m
                [36m>[39m
                  [0mA[0m
                  [0m. [0m
                  [0mSpinta (Push)[0m
                  [0m (Posizione [0m
                  [0m1[0m
                  [0m/[0m
                  [0m2[0m
                  [0m • [0m
                  [0m2[0m
                  [0m es.)[0m
                [36m</option>[39m
                [36m<option[39m
                  [33mvalue[39m=[32m"r_pull"[39m
                [36m>[39m
                  [0mB[0m
                  [0m. [0m
                  [0mTrazione (Pull)[0m
                  [0m (Posizione [0m
                  [0m2[0m
                  [0m/[0m
                  [0m2[0m
                  [0m • [0m
                  [0m2[0m
                  [0m es.)[0m
                [36m</option>[39m
              [36m</select>[39m
            [36m</div>[39m
            [36m<button[39m
              [33mclass[39m=[32m"btn btn-secondary"[39m
              [33mstyle[39m=[32m"width: 100%; margin-bottom: 0px;"[39m
              [33mtype[39m=[32m"button"[39m
            [36m>[39m
              [36m<span[39m
                [33maria-hidden[39m=[32m"true"[39m
              [36m>[39m
                [0m🏋️[0m
              [36m</span>[39m
              [0m Avvia [0m
              [0mTrazione (Pull)[0m
            [36m</button>[39m
          [36m</div>[39m
        [36m</div>[39m
      [36m</div>[39m
      [36m<div[39m
        [33mclass[39m=[32m"section-divider-last"[39m
      [36m>[39m
        [36m<div[39m
          [33mclass[39m=[32m"flex-between items-center mb-10 pb-8 border-b"[39m
        [36m>[39m
          [36m<div>[39m
            [36m<h2[39m
              [33mclass[39m=[32m"m-0"[39m
              [33mstyle[39m=[32m"font-size: 1.1rem;"[39m
            [36m>[39m
              [0mAvvia nuova sessione[0m
            [36m</h2>[39m
            [36m<label[39m
              [33mclass[39m=[32m"text-muted text-xs m-0 mt-4 block"[39m
              [33mfor[39m=[32m"archive-routine-select"[39m
            [36m>[39m
              [0mSeleziona liberamente qualsiasi scheda dal tuo archivio[0m
            [36m</label>[39m
          [36m</div>[39m
        [36m</div>[39m
        [36m<div>[39m
          [36m<div[39m
            [33mclass[39m=[32m"form-group mb-12"[39m
          [36m>[39m
            [36m<select[39m
              [33maria-label[39m=[32m"Seleziona scheda dall'archivio"[39m
              [33mclass[39m=[32m"w-full p-10 bg-surface text-white border-b rounded-8"[39m
              [33mid[39m=[32m"archive-routine-select"[39m
              [33mstyle[39m=[32m"font-size: 16px; box-sizing: border-box; max-width: 100%; display: block; appearance: none;"[39m
            [36m>[39m
              [36m<option[39m
                [33mvalue[39m=[32m""[39m
              [36m>[39m
                [0m+ Seleziona scheda[0m
              [36m</option>[39m
              [36m<option[39m
                [33mvalue[39m=[32m"r_push"[39m
              [36m>[39m
                [0mSpinta (Push)[0m
                [0m ([0m
                [0m2[0m
                [0m es.)[0m
              [36m</option>[39m
              [36m<option[39m
                [33mvalue[39m=[32m"r_pull"[39m
              [36m>[39m
                [0mTrazione (Pull)[0m
                [0m ([0m
                [0m2[0m
                [0m es.)[0m
              [36m</option>[39m
              [36m<option[39m
                [33mvalue[39m=[32m"r_legs"[39m
              [36m>[39m
                [0mGambe (Legs)[0m
                [0m ([0m
                [0m1[0m
                [0m es.)[0m
              [36m</option>[39m
            [36m</select>[39m
          [36m</div>[39m
          [36m<button[39m
            [33mclass[39m=[32m"btn btn-secondary"[39m
            [33mstyle[39m=[32m"width: 100%; margin-bottom: 0px;"[39m
            [33mtype[39m=[32m"button"[39m
          [36m>[39m
            [36m<span[39m
              [33maria-hidden[39m=[32m"true"[39m
            [36m>[39m
              [0m🏋️[0m
            [36m</span>[39m
            [0m Inizia allenamento[0m
          [36m</button>[39m
        [36m</div>[39m
      [36m</div>[39m
    [36m</div>[39m
  [36m</div>[39m
[36m</body>[39m
[90m [2m❯[22m Object.getElementError node_modules/@testing-library/dom/dist/config.js:[2m37:19[22m[39m
[90m [2m❯[22m node_modules/@testing-library/dom/dist/query-helpers.js:[2m76:38[22m[39m
[90m [2m❯[22m node_modules/@testing-library/dom/dist/query-helpers.js:[2m52:17[22m[39m
[90m [2m❯[22m node_modules/@testing-library/dom/dist/query-helpers.js:[2m95:19[22m[39m
[36m [2m❯[22m tests/training_planning.test.tsx:[2m297:45[22m[39m
    [90m295|[39m
    [90m296|[39m             [90m// Button should display and allow starting Trazione (Pull)[39m
    [90m297|[39m             const startSelectedBtn = screen.getByText(/🏋️ Avvia Trazi…
    [90m   |[39m                                             [31m^[39m
    [90m298|[39m             [34mexpect[39m(startSelectedBtn)[33m.[39m[34mtoBeDefined[39m()[33m;[39m
    [90m299|[39m

[31m[2m⎯⎯⎯⎯⎯⎯⎯⎯⎯⎯⎯⎯⎯⎯⎯⎯⎯⎯⎯⎯⎯[33/101]⎯[22m[39m

[41m[1m FAIL [22m[49m tests/training_planning.test.tsx[2m > [22mTraining Planning & Volume Calculations[2m > [22mTrainingPlanning UI Component[2m > [22mshows message and navigation to planning when no active cycle is set
[31m[1mTestingLibraryElementError[22m[39m: Unable to find an element with the text: 🎯 Vai a Pianificazione. This could be because the text is broken up by multiple elements. In this case, you can provide a function for your text matcher to make your matcher more flexible.

Ignored nodes: comments, script, style
[36m<body>[39m
  [36m<div>[39m
    [36m<div[39m
      [33mclass[39m=[32m"tab-pane active fade-in"[39m
      [33mid[39m=[32m"train-session"[39m
    [36m>[39m
      [36m<div[39m
        [33mclass[39m=[32m"section-divider"[39m
      [36m>[39m
        [36m<div[39m
          [33mclass[39m=[32m"flex-between items-center mb-10 pb-8 border-b"[39m
        [36m>[39m
          [36m<div>[39m
            [36m<span[39m
              [33mclass[39m=[32m"text-xs text-primary font-bold uppercase tracking-wider block"[39m
            [36m>[39m
              [0mProgrammazione[0m
            [36m</span>[39m
            [36m<h2[39m
              [33mclass[39m=[32m"m-0 text-white"[39m
              [33mstyle[39m=[32m"font-size: 1.15rem;"[39m
            [36m>[39m
              [0m🎯 Avvia sessione pianificata[0m
            [36m</h2>[39m
          [36m</div>[39m
        [36m</div>[39m
        [36m<div[39m
          [33mstyle[39m=[32m"padding: 8px 0px; color: var(--text-muted);"[39m
        [36m>[39m
          [36m<p[39m
            [33mclass[39m=[32m"text-xs m-0 mb-10"[39m
          [36m>[39m
            [0mNessun ciclo di allenamento attivo al momento.[0m
          [36m</p>[39m
          [36m<button[39m
            [33mclass[39m=[32m"btn btn-secondary btn-small"[39m
            [33mstyle[39m=[32m"font-size: 0.8rem; margin-bottom: 0px;"[39m
            [33mtype[39m=[32m"button"[39m
          [36m>[39m
            [36m<span[39m
              [33maria-hidden[39m=[32m"true"[39m
            [36m>[39m
              [0m🎯[0m
            [36m</span>[39m
            [0m Vai a Pianificazione[0m
          [36m</button>[39m
        [36m</div>[39m
      [36m</div>[39m
      [36m<div[39m
        [33mclass[39m=[32m"section-divider-last"[39m
      [36m>[39m
        [36m<div[39m
          [33mclass[39m=[32m"flex-between items-center mb-10 pb-8 border-b"[39m
        [36m>[39m
          [36m<div>[39m
            [36m<h2[39m
              [33mclass[39m=[32m"m-0"[39m
              [33mstyle[39m=[32m"font-size: 1.1rem;"[39m
            [36m>[39m
              [0mAvvia nuova sessione[0m
            [36m</h2>[39m
            [36m<label[39m
              [33mclass[39m=[32m"text-muted text-xs m-0 mt-4 block"[39m
              [33mfor[39m=[32m"archive-routine-select"[39m
            [36m>[39m
              [0mSeleziona liberamente qualsiasi scheda dal tuo archivio[0m
            [36m</label>[39m
          [36m</div>[39m
        [36m</div>[39m
        [36m<div>[39m
          [36m<div[39m
            [33mclass[39m=[32m"form-group mb-12"[39m
          [36m>[39m
            [36m<select[39m
              [33maria-label[39m=[32m"Seleziona scheda dall'archivio"[39m
              [33mclass[39m=[32m"w-full p-10 bg-surface text-white border-b rounded-8"[39m
              [33mid[39m=[32m"archive-routine-select"[39m
              [33mstyle[39m=[32m"font-size: 16px; box-sizing: border-box; max-width: 100%; display: block; appearance: none;"[39m
            [36m>[39m
              [36m<option[39m
                [33mvalue[39m=[32m""[39m
              [36m>[39m
                [0m+ Seleziona scheda[0m
              [36m</option>[39m
              [36m<option[39m
                [33mvalue[39m=[32m"r_push"[39m
              [36m>[39m
                [0mSpinta (Push)[0m
                [0m ([0m
                [0m2[0m
                [0m es.)[0m
              [36m</option>[39m
              [36m<option[39m
                [33mvalue[39m=[32m"r_pull"[39m
              [36m>[39m
                [0mTrazione (Pull)[0m
                [0m ([0m
                [0m2[0m
                [0m es.)[0m
              [36m</option>[39m
              [36m<option[39m
                [33mvalue[39m=[32m"r_legs"[39m
              [36m>[39m
                [0mGambe (Legs)[0m
                [0m ([0m
                [0m1[0m
                [0m es.)[0m
              [36m</option>[39m
            [36m</select>[39m
          [36m</div>[39m
          [36m<button[39m
            [33mclass[39m=[32m"btn btn-secondary"[39m
            [33mstyle[39m=[32m"width: 100%; margin-bottom: 0px;"[39m
            [33mtype[39m=[32m"button"[39m
          [36m>[39m
            [36m<span[39m
              [33maria-hidden[39m=[32m"true"[39m
            [36m>[39m
              [0m🏋️[0m
            [36m</span>[39m
            [0m Inizia allenamento[0m
          [36m</button>[39m
        [36m</div>[39m
      [36m</div>[39m
    [36m</div>[39m
  [36m</div>[39m
[36m</body>[39m
[90m [2m❯[22m Object.getElementError node_modules/@testing-library/dom/dist/config.js:[2m37:19[22m[39m
[90m [2m❯[22m node_modules/@testing-library/dom/dist/query-helpers.js:[2m76:38[22m[39m
[90m [2m❯[22m node_modules/@testing-library/dom/dist/query-helpers.js:[2m52:17[22m[39m
[90m [2m❯[22m node_modules/@testing-library/dom/dist/query-helpers.js:[2m95:19[22m[39m
[36m [2m❯[22m tests/training_planning.test.tsx:[2m322:35[22m[39m
    [90m320|[39m
    [90m321|[39m             expect(screen.getByText(/Nessun ciclo di allenamento attiv…
    [90m322|[39m             [35mconst[39m navBtn [33m=[39m screen[33m.[39m[34mgetByText[39m([32m'🎯 Vai a Pianificazione'[39m)[33m;[39m
    [90m   |[39m                                   [31m^[39m
    [90m323|[39m             fireEvent[33m.[39m[34mclick[39m(navBtn)[33m;[39m
    [90m324|[39m             [34mexpect[39m(onNavPlanning)[33m.[39m[34mtoHaveBeenCalled[39m()[33m;[39m

[31m[2m⎯⎯⎯⎯⎯⎯⎯⎯⎯⎯⎯⎯⎯⎯⎯⎯⎯⎯⎯⎯⎯[34/101]⎯[22m[39m

[41m[1m FAIL [22m[49m tests/ui_alignments_r3_r4.test.tsx[2m > [22mUI Alignments - R3 & R4[2m > [22mR3: DataMeasurements Date Navigator[2m > [22mallows navigating forward when viewing a past date and shows "Modifica misurazione" when existing data is present
[31m[1mTestingLibraryElementError[22m[39m: Unable to find an element with the text: 💾 Salva modifiche. This could be because the text is broken up by multiple elements. In this case, you can provide a function for your text matcher to make your matcher more flexible.

Ignored nodes: comments, script, style
[36m<body>[39m
  [36m<div>[39m
    [36m<div>[39m
      [36m<div[39m
        [33mstyle[39m=[32m"display: flex; justify-content: space-between; align-items: center; margin-bottom: 15px;"[39m
      [36m>[39m
        [36m<button[39m
          [33mclass[39m=[32m"btn btn-small"[39m
          [33mstyle[39m=[32m"background: rgba(255, 255, 255, 0.05); color: var(--text-main);"[39m
        [36m>[39m
          [0m◀ Prec.[0m
        [36m</button>[39m
        [36m<div[39m
          [33mstyle[39m=[32m"text-align: center; flex: 1 1 0%; margin: 0px 10px; cursor: pointer;"[39m
          [33mtitle[39m=[32m"Torna a oggi"[39m
        [36m>[39m
          [36m<div[39m
            [33mstyle[39m=[32m"font-weight: bold; font-size: 1.1rem;"[39m
          [36m>[39m
            [0m10/08/2026[0m
          [36m</div>[39m
        [36m</div>[39m
        [36m<button[39m
          [33mclass[39m=[32m"btn btn-small"[39m
          [33mstyle[39m=[32m"background: rgba(255, 255, 255, 0.05); color: var(--text-main); opacity: 1;"[39m
        [36m>[39m
          [0mSucc. ▶[0m
        [36m</button>[39m
      [36m</div>[39m
      [36m<div[39m
        [33mclass[39m=[32m"section-divider"[39m
        [33mid[39m=[32m"measurement-form-card"[39m
        [33mstyle[39m=[32m"border: 2px solid var(--primary-color); padding: 15px; border-radius: 12px;"[39m
      [36m>[39m
        [36m<h2[39m
          [33mstyle[39m=[32m"color: var(--primary-color); font-size: 1.2rem; margin-bottom: 10px; margin-top: 0px;"[39m
        [36m>[39m
          [0m✏️ Modifica misurazione[0m
        [36m</h2>[39m
        [36m<p[39m
          [33mstyle[39m=[32m"font-size: 0.85rem; color: var(--text-muted); margin-bottom: 20px;"[39m
        [36m>[39m
          [0mRegistra il tuo peso, la massa grassa e le circonferenze corporee.[0m
        [36m</p>[39m
        [36m<div[39m
          [33mstyle[39m=[32m"display: flex; gap: 15px; margin-bottom: 20px; justify-content: center;"[39m
        [36m>[39m
          [36m<div[39m
            [33mstyle[39m=[32m"flex: 1 1 0%; min-width: 0px; max-width: 200px;"[39m
          [36m>[39m
            [36m<label[39m
              [33mstyle[39m=[32m"font-size: 0.85rem; color: var(--text-muted); display: block; margin-bottom: 8px; text-align: center;"[39m
            [36m>[39m
              [0mOrario rilevazione[0m
            [36m</label>[39m
            [36m<div[39m
              [33mstyle[39m=[32m"position: relative;"[39m
            [36m>[39m
              [36m<input[39m
                [33mid[39m=[32m"measure-time"[39m
                [33mstyle[39m=[32m"width: 100%; box-sizing: border-box; text-align: center; font-weight: bold; font-size: 16px; padding: 10px 35px 10px 10px; margin: 0px;"[39m
                [33mtype[39m=[32m"time"[39m
                [33mvalue[39m=[32m"08:00"[39m
              [36m/>[39m
              [36m<button[39m
                [33maria-label[39m=[32m"Cancella orario"[39m
                [33mstyle[39m=[32m"position: absolute; right: 10px; top: 50%; transform: translateY(-50%); background: transparent; border: medium; color: var(--text-muted); cursor: pointer; display: flex; align-items: center; justify-content: center; padding: 4px;"[39m
                [33mtype[39m=[32m"button"[39m
              [36m>[39m
                [36m<svg[39m
                  [33maria-hidden[39m=[32m"true"[39m
                  [33mclass[39m=[32m"lucide lucide-x"[39m
                  [33mfill[39m=[32m"none"[39m
                  [33mheight[39m=[32m"18"[39m
                  [33mstroke[39m=[32m"currentColor"[39m
                  [33mstroke-linecap[39m=[32m"round"[39m
                  [33mstroke-linejoin[39m=[32m"round"[39m
                  [33mstroke-width[39m=[32m"2"[39m
                  [33mviewBox[39m=[32m"0 0 24 24"[39m
                  [33mwidth[39m=[32m"18"[39m
                  [33mxmlns[39m=[32m"http://www.w3.org/2000/svg"[39m
                [36m>[39m
                  [36m<path[39m
                    [33md[39m=[32m"M18 6 6 18"[39m
                  [36m/>[39m
                  [36m<path[39m
                    [33md[39m=[32m"m6 6 12 12"[39m
                  [36m/>[39m
                [36m</svg>[39m
              [36m</button>[39m
            [36m</div>[39m
          [36m</div>[39m
        [36m</div>[39m
        [36m<h3[39m
          [33mstyle[39m=[32m"font-size: 1rem; color: var(--text-main); margin: 0px 0px 10px; border-bottom: 1px solid var(--glass-border); padding-bottom: 5px;"[39m
        [36m>[39m
          [0mDati principali[0m
        [36m</h3>[39m
        [36m<div[39m
          [33mstyle[39m=[32m"display: flex; gap: 15px; margin-bottom: 25px;"[39m
        [36m>[39m
          [36m<div[39m
            [33mstyle[39m=[32m"flex: 1 1 0%; min-width: 0px;"[39m
          [36m>[39m
            [36m<label[39m
              [33mstyle[39m=[32m"font-size: 0.85rem; color: var(--text-muted); display: block; margin-bottom: 8px; text-align: center;"[39m
            [36m>[39m
              [0mPeso (kg)[0m
            [36m</label>[39m
            [36m<input[39m
              [33mid[39m=[32m"measure-weight"[39m
              [33minputmode[39m=[32m"decimal"[39m
              [33mplaceholder[39m=[32m"0.0"[39m
              [33mstep[39m=[32m"0.1"[39m
              [33mstyle[39m=[32m"width: 100%; box-sizing: border-box; text-align: center; font-weight: bold; font-size: 16px; padding: 10px; margin: 0px; line-height: 1;"[39m
              [33mtype[39m=[32m"number"[39m
              [33mvalue[39m=[32m"80.5"[39m
            [36m/>[39m
          [36m</div>[39m
          [36m<div[39m
            [33mstyle[39m=[32m"flex: 1 1 0%; min-width: 0px;"[39m
          [36m>[39m
            [36m<label[39m
              [33mstyle[39m=[32m"font-size: 0.85rem; color: var(--text-muted); display: block; margin-bottom: 8px; text-align: center;"[39m
            [36m>[39m
              [0mBF % (Bilancia)[0m
            [36m</label>[39m
            [36m<input[39m
              [33mid[39m=[32m"measure-bf"[39m
              [33minputmode[39m=[32m"decimal"[39m
              [33mplaceholder[39m=[32m"Opzionale"[39m
              [33mstep[39m=[32m"0.1"[39m
              [33mstyle[39m=[32m"width: 100%; box-sizing: border-box; text-align: center; font-weight: bold; font-size: 16px; padding: 10px; margin: 0px; line-height: 1;"[39m
              [33mtype[39m=[32m"number"[39m
              [33mvalue[39m=[32m""[39m
            [36m/>[39m
          [36m</div>[39m
        [36m</div>[39m
        [36m<h3[39m
          [33mstyle[39m=[32m"font-size: 1rem; color: var(--text-main); margin: 0px 0px 10px; border-bottom: 1px solid var(--glass-border); padding-bottom: 5px;"[39m
        [36m>[39m
          [0mMisure circonferenze (opzionali)[0m
        [36m</h3>[39m
        [36m<p[39m
          [33mstyle[39m=[32m"font-size: 0.75rem; color: var(--text-muted); margin-bottom: 15px;"[39m
        [36m>[39m
          [0mSe inserisci questi dati ma non la BF % dalla bilancia, la massa grassa verrà calcolata automaticamente (Metodo US Navy).[0m
        [36m</p>[39m
        [36m<div[39m
          [33mclass[39m=[32m"input-row"[39m
          [33mstyle[39m=[32m"margin-bottom: 15px; display: flex; gap: 12px;"[39m
        [36m>[39m
          [36m<div[39m
            [33mstyle[39m=[32m"flex: 1 1 0%; min-width: 0px;"[39m
          [36m>[39m
            [36m<label[39m
              [33mstyle[39m=[32m"font-size: 0.8rem; color: var(--text-muted); display: block; margin-bottom: 4px; text-align: center;"[39m
            [36m>[39m
              [0mVita (cm)[0m
            [36m</label>[39m
            [36m<input[39m
              [33mid[39m=[32m"measure-waist"[39m
              [33minputmode[39m=[32m"decimal"[39m
              [33mstep[39m=[32m"0.1"[39m
              [33mstyle[39m=[32m"width: 100%; box-sizing: border-box; text-align: center; margin: 0px auto; font-size: 16px;"[39m
              [33mtype[39m=[32m"number"[39m
              [33mvalue[39m=[32m"85"[39m
            [36m/>[39m
          [36m</div>[39m
          [36m<div[39m
            [33mstyle[39m=[32m"flex: 1 1 0%; min-width: 0px;"[39m
          [36m>[39m
            [36m<label[39m
              [33mstyle[39m=[32m"font-size: 0.8rem; color: var(--text-muted); display: block; margin-bottom: 4px; text-align: center;"[39m
            [36m>[39m
              [0mCollo (cm)[0m
            [36m</label>[39m
            [36m<input[39m
              [33mid[39m=[32m"measure-neck"[39m
              [33minputmode[39m=[32m"decimal"[39m
              [33mstep[39m=[32m"0.1"[39m
              [33mstyle[39m=[32m"width: 100%; box-sizing: border-box; text-align: center; margin: 0px auto; font-size: 16px;"[39m
              [33mtype[39m=[32m"number"[39m
              [33mvalue[39m=[32m"38"[39m
            [36m/>[39m
          [36m</div>[39m
        [36m</div>[39m
        [36m<div[39m
          [33mstyle[39m=[32m"width: 100%; height: 1px; background: var(--glass-border); margin: 20px 0px;"[39m
        [36m/>[39m
        [36m<h3[39m
          [33mstyle[39m=[32m"font-size: 1rem; color: var(--text-muted); margin-bottom: 15px;"[39m
        [36m>[39m
          [0mAltre misure (Bodybuilding)[0m
        [36m</h3>[39m
        [36m<div[39m
          [33mclass[39m=[32m"input-row"[39m
          [33mstyle[39m=[32m"margin-bottom: 15px; display: flex; gap: 12px;"[39m
        [36m>[39m
          [36m<div[39m
            [33mstyle[39m=[32m"flex: 1 1 0%; min-width: 0px;"[39m
          [36m>[39m
            [36m<label[39m
              [33mstyle[39m=[32m"font-size: 0.8rem; color: var(--text-muted); display: block; margin-bottom: 4px; text-align: center;"[39m
            [36m>[39m
              [0mTorace (cm)[0m
            [36m</label>[39m
            [36m<input[39m
              [33mid[39m=[32m"measure-chest"[39m
              [33minputmode[39m=[32m"decimal"[39m
              [33mstep[39m=[32m"0.1"[39m
              [33mstyle[39m=[32m"width: 100%; box-sizing: border-box; text-align: center; margin: 0px auto; font-size: 16px;"[39m
              [33mtype[39m=[32m"number"[39m
              [33mvalue[39m=[32m""[39m
            [36m/>[39m
          [36m</div>[39m
          [36m<div[39m
            [33mstyle[39m=[32m"flex: 1 1 0%; min-width: 0px;"[39m
          [36m>[39m
            [36m<label[39m
              [33mstyle[39m=[32m"font-size: 0.8rem; color: var(--text-muted); display: block; margin-bottom: 4px; text-align: center;"[39m
            [36m>[39m
              [0mSpalle (cm)[0m
            [36m</label>[39m
            [36m<input[39m
              [33mid[39m=[32m"measure-shoulders"[39m
              [33minputmode[39m=[32m"decimal"[39m
              [33mstep[39m=[32m"0.1"[39m
              [33mstyle[39m=[32m"width: 100%; box-sizing: border-box; text-align: center; margin: 0px auto; font-size: 16px;"[39m
              [33mtype[39m=[32m"number"[39m
              [33mvalue[39m=[32m""[39m
            [36m/>[39m
          [36m</div>[39m
        [36m</div>[39m
        [36m<div[39m
          [33mclass[39m=[32m"input-row"[39m
          [33mstyle[39m=[32m"margin-bottom: 15px; display: flex; gap: 12px;"[39m
        [36m>[39m
          [36m<div[39m
            [33mstyle[39m=[32m"flex: 1 1 0%; min-width: 0px;"[39m
          [36m>[39m
            [36m<label[39m
              [33mstyle[39m=[32m"font-size: 0.8rem; color: var(--text-muted); display: block; margin-bottom: 4px; text-align: center;"[39m
            [36m>[39m
              [0mBraccia (cm)[0m
            [36m</label>[39m
            [36m<input[39m
              [33mid[39m=[32m"measure-biceps"[39m
              [33minputmode[39m=[32m"decimal"[39m
              [33mstep[39m=[32m"0.1"[39m
              [33mstyle[39m=[32m"width: 100%; box-sizing: border-box; text-align: center; margin: 0px auto; font-size: 16px;"[39m
              [33mtype[39m=[32m"number"[39m
              [33mvalue[39m=[32m""[39m
            [36m/>[39m
          [36m</div>[39m
          [36m<div[39m
            [33mstyle[39m=[32m"flex: 1 1 0%; min-width: 0px;"[39m
          [36m>[39m
            [36m<label[39m
              [33mstyle[39m=[32m"font-size: 0.8rem; color: var(--text-muted); display: block; margin-bottom: 4px; text-align: center;"[39m
            [36m>[39m
              [0mCosce (cm)[0m
            [36m</label>[39m
            [36m<input[39m
              [33mid[39m=[32m"measure-thighs"[39m
              [33minputmode[39m=[32m"decimal"[39m
              [33mstep[39m=[32m"0.1"[39m
              [33mstyle[39m=[32m"width: 100%; box-sizing: border-box; text-align: center; margin: 0px auto; font-size: 16px;"[39m
              [33mtype[39m=[32m"number"[39m
              [33mvalue[39m=[32m""[39m
            [36m/>[39m
          [36m</div>[39m
        [36m</div>[39m
        [36m<div[39m
          [33mclass[39m=[32m"input-row"[39m
          [33mstyle[39m=[32m"margin-bottom: 15px; display: flex; gap: 12px; justify-content: center;"[39m
        [36m>[39m
          [36m<div[39m
            [33mstyle[39m=[32m"width: 50%; min-width: 0px;"[39m
          [36m>[39m
            [36m<label[39m
              [33mstyle[39m=[32m"font-size: 0.8rem; color: var(--text-muted); display: block; margin-bottom: 4px; text-align: center;"[39m
            [36m>[39m
              [0mPolpacci (cm)[0m
            [36m</label>[39m
            [36m<input[39m
              [33mid[39m=[32m"measure-calves"[39m
              [33minputmode[39m=[32m"decimal"[39m
              [33mstep[39m=[32m"0.1"[39m
              [33mstyle[39m=[32m"width: 100%; box-sizing: border-box; text-align: center; margin: 0px auto; font-size: 16px;"[39m
              [33mtype[39m=[32m"number"[39m
              [33mvalue[39m=[32m""[39m
            [36m/>[39m
          [36m</div>[39m
        [36m</div>[39m
        [36m<div[39m
          [33mstyle[39m=[32m"display: flex; gap: 10px; margin-top: 25px;"[39m
        [36m>[39m
          [36m<button[39m
            [33mclass[39m=[32m"btn"[39m
            [33mstyle[39m=[32m"flex: 1 1 0%; background: rgba(255, 255, 255, 0.1);"[39m
          [36m>[39m
            [0mAnnulla[0m
          [36m</button>[39m
          [36m<button[39m
            [33mclass[39m=[32m"btn btn-primary"[39m
            [33mstyle[39m=[32m"flex: 2 1 0%;"[39m
          [36m>[39m
            [36m<span[39m
              [33maria-hidden[39m=[32m"true"[39m
            [36m>[39m
              [0m💾[0m
            [36m</span>[39m
            [0m Salva modifiche[0m
          [36m</button>[39m
        [36m</div>[39m
      [36m</div>[39m
    [36m</div>[39m
  [36m</div>[39m
[36m</body>[39m
[90m [2m❯[22m Object.getElementError node_modules/@testing-library/dom/dist/config.js:[2m37:19[22m[39m
[90m [2m❯[22m node_modules/@testing-library/dom/dist/query-helpers.js:[2m76:38[22m[39m
[90m [2m❯[22m node_modules/@testing-library/dom/dist/query-helpers.js:[2m52:17[22m[39m
[90m [2m❯[22m node_modules/@testing-library/dom/dist/query-helpers.js:[2m95:19[22m[39m
[36m [2m❯[22m tests/ui_alignments_r3_r4.test.tsx:[2m138:27[22m[39m
    [90m136|[39m
    [90m137|[39m             expect(screen.getByText('✏️ Modifica misurazione')).toBeDe…
    [90m138|[39m             expect(screen.getByText('💾 Salva modifiche')).toBeDefined…
    [90m   |[39m                           [31m^[39m
    [90m139|[39m
    [90m140|[39m             const nextBtn = screen.getByText('Succ. ▶') as HTMLButtonE…

[31m[2m⎯⎯⎯⎯⎯⎯⎯⎯⎯⎯⎯⎯⎯⎯⎯⎯⎯⎯⎯⎯⎯[35/101]⎯[22m[39m

[41m[1m FAIL [22m[49m src/views/HomeView.analytics.test.tsx[2m > [22mHomeView Analytics Dashboard Integration Suite (src/views/HomeView.analytics.test.tsx)[2m > [22mmaintains non-interference with existing HomeView widgets and dashboard cards
[31m[1mError[22m: Test timed out in 10000ms.
If this is a long-running test, pass a timeout value as the last argument or configure it globally with "testTimeout".[39m
[36m [2m❯[22m src/views/HomeView.analytics.test.tsx:[2m173:5[22m[39m
    [90m171|[39m     })[33m;[39m
    [90m172|[39m
    [90m173|[39m     it('maintains non-interference with existing HomeView widgets and …
    [90m   |[39m     [31m^[39m
    [90m174|[39m         [34mrenderWithProviders[39m([33m<[39m[33mHomeView[39m [33monNavigate[39m[33m=[39m[33m{[39m() [33m=>[39m {}[33m}[39m [33m/[39m[33m>[39m[33m,[39m {
    [90m175|[39m             userData[33m:[39m mockUserData

[31m[2m⎯⎯⎯⎯⎯⎯⎯⎯⎯⎯⎯⎯⎯⎯⎯⎯⎯⎯⎯⎯⎯[36/101]⎯[22m[39m


[2m Test Files [22m [1m[31m23 failed[39m[22m[2m | [22m[1m[32m77 passed[39m[22m[90m (100)[39m
[2m      Tests [22m [1m[31m100 failed[39m[22m[2m | [22m[1m[32m1768 passed[39m[22m[90m (1868)[39m
[2m   Start at [22m 16:13:49
[2m   Duration [22m 142.85s[2m (transform 67.26s, setup 639.50s, import 116.61s, tests 221.31s, environment 409.15s)[22m

